###############################################################################
#                                                                             #
# IAR ELF Linker V5.30.0.51174/W32 for ARM              26/Nov/2015  15:28:16 #
# Copyright 2007-2009 IAR Systems AB.                                         #
#                                                                             #
#    Output file  =  E:\BT Printer\FW\src\Project\EWARMv5\Debug\Exe\T6.out    #
#    Map file     =  E:\BT Printer\FW\src\Project\EWARMv5\Debug\List\T6.map   #
#    Command line =  "E:\BT Printer\FW\src\Project\EWARMv5\Debug\Obj\BT816.o" #
#                     "E:\BT Printer\FW\src\Project\EWARMv5\Debug\Obj\DotFill #
#                    .o" "E:\BT Printer\FW\src\Project\EWARMv5\Debug\Obj\Even #
#                    t.o" "E:\BT Printer\FW\src\Project\EWARMv5\Debug\Obj\JMe #
#                    mory.o" "E:\BT Printer\FW\src\Project\EWARMv5\Debug\Obj\ #
#                    KeyScan.o" "E:\BT Printer\FW\src\Project\EWARMv5\Debug\O #
#                    bj\PaperDetect.o" "E:\BT Printer\FW\src\Project\EWARMv5\ #
#                    Debug\Obj\TP.o" "E:\BT Printer\FW\src\Project\EWARMv5\De #
#                    bug\Obj\Terminal_Para_m.o" "E:\BT                        #
#                    Printer\FW\src\Project\EWARMv5\Debug\Obj\ThermalDetect.o #
#                    " "E:\BT Printer\FW\src\Project\EWARMv5\Debug\Obj\TimeBa #
#                    se.o" "E:\BT Printer\FW\src\Project\EWARMv5\Debug\Obj\ba #
#                    sic_fun.o" "E:\BT Printer\FW\src\Project\EWARMv5\Debug\O #
#                    bj\cortexm3_macro.o" "E:\BT                              #
#                    Printer\FW\src\Project\EWARMv5\Debug\Obj\crc32.o"        #
#                    "E:\BT Printer\FW\src\Project\EWARMv5\Debug\Obj\data_uar #
#                    t.o" "E:\BT Printer\FW\src\Project\EWARMv5\Debug\Obj\dis #
#                    kio.o" "E:\BT Printer\FW\src\Project\EWARMv5\Debug\Obj\e #
#                    sc_p.o" "E:\BT Printer\FW\src\Project\EWARMv5\Debug\Obj\ #
#                    ff.o" "E:\BT Printer\FW\src\Project\EWARMv5\Debug\Obj\fo #
#                    nt.o" "E:\BT Printer\FW\src\Project\EWARMv5\Debug\Obj\ha #
#                    rdfault_isr_handle_a.o" "E:\BT                           #
#                    Printer\FW\src\Project\EWARMv5\Debug\Obj\hw_config.o"    #
#                    "E:\BT Printer\FW\src\Project\EWARMv5\Debug\Obj\main.o"  #
#                    "E:\BT Printer\FW\src\Project\EWARMv5\Debug\Obj\mass_mal #
#                    .o" "E:\BT Printer\FW\src\Project\EWARMv5\Debug\Obj\memo #
#                    ry.o" "E:\BT Printer\FW\src\Project\EWARMv5\Debug\Obj\pr #
#                    int_head.o" "E:\BT Printer\FW\src\Project\EWARMv5\Debug\ #
#                    Obj\rec_ecc.o" "E:\BT Printer\FW\src\Project\EWARMv5\Deb #
#                    ug\Obj\record_mod.o" "E:\BT                              #
#                    Printer\FW\src\Project\EWARMv5\Debug\Obj\res_spi.o"      #
#                    "E:\BT Printer\FW\src\Project\EWARMv5\Debug\Obj\ringbuff #
#                    er.o" "E:\BT Printer\FW\src\Project\EWARMv5\Debug\Obj\sc #
#                    si_data.o" "E:\BT Printer\FW\src\Project\EWARMv5\Debug\O #
#                    bj\spi_flash.o" "E:\BT Printer\FW\src\Project\EWARMv5\De #
#                    bug\Obj\stm32f10x_adc.o" "E:\BT                          #
#                    Printer\FW\src\Project\EWARMv5\Debug\Obj\stm32f10x_bkp.o #
#                    " "E:\BT Printer\FW\src\Project\EWARMv5\Debug\Obj\stm32f #
#                    10x_crc.o" "E:\BT Printer\FW\src\Project\EWARMv5\Debug\O #
#                    bj\stm32f10x_dbgmcu.o" "E:\BT                            #
#                    Printer\FW\src\Project\EWARMv5\Debug\Obj\stm32f10x_dma.o #
#                    " "E:\BT Printer\FW\src\Project\EWARMv5\Debug\Obj\stm32f #
#                    10x_exti.o" "E:\BT Printer\FW\src\Project\EWARMv5\Debug\ #
#                    Obj\stm32f10x_flash.o" "E:\BT                            #
#                    Printer\FW\src\Project\EWARMv5\Debug\Obj\stm32f10x_fsmc. #
#                    o" "E:\BT Printer\FW\src\Project\EWARMv5\Debug\Obj\stm32 #
#                    f10x_gpio.o" "E:\BT Printer\FW\src\Project\EWARMv5\Debug #
#                    \Obj\stm32f10x_i2c.o" "E:\BT                             #
#                    Printer\FW\src\Project\EWARMv5\Debug\Obj\stm32f10x_it.o" #
#                     "E:\BT Printer\FW\src\Project\EWARMv5\Debug\Obj\stm32f1 #
#                    0x_iwdg.o" "E:\BT Printer\FW\src\Project\EWARMv5\Debug\O #
#                    bj\stm32f10x_lib.o" "E:\BT Printer\FW\src\Project\EWARMv #
#                    5\Debug\Obj\stm32f10x_nvic.o" "E:\BT                     #
#                    Printer\FW\src\Project\EWARMv5\Debug\Obj\stm32f10x_pwr.o #
#                    " "E:\BT Printer\FW\src\Project\EWARMv5\Debug\Obj\stm32f #
#                    10x_rcc.o" "E:\BT Printer\FW\src\Project\EWARMv5\Debug\O #
#                    bj\stm32f10x_rtc.o" "E:\BT Printer\FW\src\Project\EWARMv #
#                    5\Debug\Obj\stm32f10x_spi.o" "E:\BT                      #
#                    Printer\FW\src\Project\EWARMv5\Debug\Obj\stm32f10x_systi #
#                    ck.o" "E:\BT Printer\FW\src\Project\EWARMv5\Debug\Obj\st #
#                    m32f10x_tim.o" "E:\BT Printer\FW\src\Project\EWARMv5\Deb #
#                    ug\Obj\stm32f10x_usart.o" "E:\BT                         #
#                    Printer\FW\src\Project\EWARMv5\Debug\Obj\stm32f10x_vecto #
#                    r.o" "E:\BT Printer\FW\src\Project\EWARMv5\Debug\Obj\uar #
#                    t.o" "E:\BT Printer\FW\src\Project\EWARMv5\Debug\Obj\usb #
#                    _app_config.o" "E:\BT Printer\FW\src\Project\EWARMv5\Deb #
#                    ug\Obj\usb_bot.o" "E:\BT Printer\FW\src\Project\EWARMv5\ #
#                    Debug\Obj\usb_core.o" "E:\BT                             #
#                    Printer\FW\src\Project\EWARMv5\Debug\Obj\usb_desc.o"     #
#                    "E:\BT Printer\FW\src\Project\EWARMv5\Debug\Obj\usb_endp #
#                    .o" "E:\BT Printer\FW\src\Project\EWARMv5\Debug\Obj\usb_ #
#                    init.o" "E:\BT Printer\FW\src\Project\EWARMv5\Debug\Obj\ #
#                    usb_int.o" "E:\BT Printer\FW\src\Project\EWARMv5\Debug\O #
#                    bj\usb_istr.o" "E:\BT Printer\FW\src\Project\EWARMv5\Deb #
#                    ug\Obj\usb_mem.o" "E:\BT Printer\FW\src\Project\EWARMv5\ #
#                    Debug\Obj\usb_prop.o" "E:\BT                             #
#                    Printer\FW\src\Project\EWARMv5\Debug\Obj\usb_pwr.o"      #
#                    "E:\BT Printer\FW\src\Project\EWARMv5\Debug\Obj\usb_regs #
#                    .o" "E:\BT Printer\FW\src\Project\EWARMv5\Debug\Obj\usb_ #
#                    scsi.o" "E:\BT Printer\FW\src\Project\EWARMv5\Debug\Obj\ #
#                    usb_sil.o" -o "E:\BT Printer\FW\src\Project\EWARMv5\Debu #
#                    g\Exe\T6.out" --map "E:\BT Printer\FW\src\Project\EWARMv #
#                    5\Debug\List\T6.map" --config "E:\BT                     #
#                    Printer\FW\src\Project\EWARMv5\stm32f10x_debug.icf"      #
#                    --semihosting --entry __iar_program_start                #
#                                                                             #
#                                                                             #
###############################################################################

*******************************************************************************
*** RUNTIME MODEL ATTRIBUTES
***

__endian      = little
__thumb_aware = enabled


*******************************************************************************
*** PLACEMENT SUMMARY
***

"A1":  place at mem:0x8000000 { ro section .intvec };
"P1":  place in [from mem:0x8000000 to mem:0x807ffff] { ro };
"P3":  place in [from mem:0x20000010 to mem:0x2000ffff] {
          rw, block CSTACK, block HEAP };

  Section            Kind        Address    Size  Object
  -------            ----        -------    ----  ------
"A1":                                      0x140
  .intvec            const    0x08000000   0x140  stm32f10x_vector.o [1]
                            - 0x08000140   0x140

"P1":                                     0xf817
  .text              ro code  0x08000140  0x1ab4  ff.o [1]
  .text              ro code  0x08001bf4  0x13d4  BT816.o [1]
  .text              ro code  0x08002fc8  0x104e  xprintffull.o [3]
  .text              ro code  0x08004018   0xfe4  TP.o [1]
  .rodata            const    0x08004ffc   0xd80  res_spi.o [1]
  .text              ro code  0x08005d7c   0xc92  record_mod.o [1]
  .text              ro code  0x08006a10   0xbde  usb_core.o [1]
  .text              ro code  0x080075f0   0xa40  font.o [1]
  .text              ro code  0x08008030   0x7f0  DotFill.o [1]
  .text              ro code  0x08008820   0x778  spi_flash.o [1]
  .rodata            const    0x08008f98   0x600  res_spi.o [1]
  .text              ro code  0x08009598   0x4f4  PaperDetect.o [1]
  .text              ro code  0x08009a8c   0x440  usb_scsi.o [1]
  .text              ro code  0x08009ecc   0x43c  usb_bot.o [1]
  .rodata            const    0x0800a308   0x400  crc32.o [1]
  .text              ro code  0x0800a708   0x3e4  stm32f10x_it.o [1]
  .text              ro code  0x0800aaec   0x32c  stm32f10x_rcc.o [1]
  .text              ro code  0x0800ae18   0x30e  esc_p.o [1]
  .text              ro code  0x0800b128   0x2f8  res_spi.o [1]
  .text              ro code  0x0800b420   0x2e0  usb_int.o [1]
  .text              ro code  0x0800b700   0x2bc  usb_prop.o [1]
  .text              ro code  0x0800b9bc   0x2bc  DblDiv.o [4]
  .text              ro code  0x0800bc78   0x282  ringbuffer.o [1]
  .text              ro code  0x0800befc   0x260  usb_regs.o [1]
  .text              ro code  0x0800c15c   0x24c  main.o [1]
  .text              ro code  0x0800c3a8   0x23c  memory.o [1]
  .text              ro code  0x0800c5e4   0x1c4  stm32f10x_dma.o [1]
  .text              ro code  0x0800c7a8   0x1bc  stm32f10x_adc.o [1]
  .text              ro code  0x0800c964   0x1ac  stm32f10x_usart.o [1]
  .text              ro code  0x0800cb10   0x1a2  DblMul.o [4]
  .text              ro code  0x0800ccb4   0x17e  DblSub.o [4]
  .text              ro code  0x0800ce34   0x15c  stm32f10x_nvic.o [1]
  .text              ro code  0x0800cf90   0x15c  stm32f10x_tim.o [1]
  .rodata            const    0x0800d0ec   0x150  TP.o [1]
  .text              ro code  0x0800d23c   0x130  I64DivMod.o [4]
  .text              ro code  0x0800d36c   0x128  TimeBase.o [1]
  .text              ro code  0x0800d494   0x124  mass_mal.o [1]
  .text              ro code  0x0800d5b8   0x120  Event.o [1]
  .text              ro code  0x0800d6d8   0x110  xdscale.o [3]
  .text              ro code  0x0800d7e8   0x10c  ThermalDetect.o [1]
  .rodata            const    0x0800d8f4   0x100  TP.o [1]
  .text              ro code  0x0800d9f4   0x100  Terminal_Para_m.o [1]
  .text              ro code  0x0800daf4    0xf8  usb_app_config.o [1]
  .text              ro code  0x0800dbec    0xf2  stm32f10x_gpio.o [1]
  .text              ro code  0x0800dce0    0xe8  diskio.o [1]
  .text              ro code  0x0800ddc8    0xe8  uart.o [1]
  .text              ro code  0x0800deb0    0xe6  DblAdd.o [4]
  .text              ro code  0x0800df98    0xd4  print_head.o [1]
  .text              ro code  0x0800e06c    0xbc  xxmemxmalloc.o [3]
  .text              ro code  0x0800e128    0xb4  xdnorm.o [3]
  .text              ro code  0x0800e1dc    0xb0  KeyScan.o [1]
  .text              ro code  0x0800e28c    0xb0  fflush.o [3]
  .text              ro code  0x0800e33c    0xac  data_uart.o [1]
  .text              ro code  0x0800e3e8    0x9c  usb_istr.o [1]
  .text              ro code  0x0800e484    0x8e  packbits_init2.o [4]
  .text              ro code  0x0800e514    0x8c  stm32f10x_systick.o [1]
  .text              ro code  0x0800e5a0    0x8c  xsyslock.o [3]
  .text              ro code  0x0800e62c    0x88  xxmemxfree.o [3]
  .text              ro code  0x0800e6b4    0x84  xreportassert.o [3]
  .text              ro code  0x0800e738    0x7a  cortexm3_macro.o [1]
  .text              ro code  0x0800e7b4    0x7a  stm32f10x_spi.o [1]
  .text              ro code  0x0800e830    0x70  ABImemcpy.o [4]
  .text              ro code  0x0800e8a0    0x70  cppinit.o [3]
  .rodata            const    0x0800e910    0x6c  TP.o [1]
  .text              ro code  0x0800e97c    0x66  ABImemset.o [4]
  .text              ro code  0x0800e9e4    0x62  memcmp.o [4]
  .text              ro code  0x0800ea48    0x5c  xencoding_sb.o [3]
  .text              ro code  0x0800eaa4    0x5a  usb_sil.o [1]
  .text              ro code  0x0800eb00    0x58  memchr.o [4]
  .text              ro code  0x0800eb58    0x56  DblToI32.o [4]
  .text              ro code  0x0800ebb0    0x54  usb_mem.o [1]
  .text              ro code  0x0800ec04    0x54  iarwstd.o [5]
  .rodata            const    0x0800ec58    0x48  xlocale_c.o [3]
  .text              ro code  0x0800eca0    0x44  stm32f10x_flash.o [1]
  .text              ro code  0x0800ece4    0x44  xassert.o [3]
  .rodata            const    0x0800ed28    0x40  spi_flash.o [1]
  .text              ro code  0x0800ed68    0x40  usb_init.o [1]
  .text              ro code  0x0800eda8    0x40  snprintf.o [3]
  .rodata            const    0x0800ede8    0x3c  res_spi.o [1]
  .text              ro code  0x0800ee24    0x3c  usb_pwr.o [1]
  .text              ro code  0x0800ee60    0x36  strlen.o [4]
  .rodata            const    0x0800ee98    0x34  ThermalDetect.o [1]
  .text              ro code  0x0800eecc    0x34  usb_endp.o [1]
  .rodata            const    0x0800ef00    0x30  xreportassert.o [3]
  .text              ro code  0x0800ef30    0x30  MtxWrapper.o [3]
  .text              ro code  0x0800ef60    0x2e  DblCmpLe.o [4]
  .text              ro code  0x0800ef90    0x2e  DblCmpGe.o [4]
  .text              ro code  0x0800efc0    0x2e  I32ToDbl.o [4]
  .rodata            const    0x0800eff0    0x2c  ff.o [1]
  .rodata            const    0x0800f01c    0x2c  ringbuffer.o [1]
  .text              ro code  0x0800f048    0x2c  JMemory.o [1]
  .rodata            const    0x0800f074    0x28  BT816.o [1]
  .rodata            const    0x0800f09c    0x28  usb_desc.o [1]
  .text              ro code  0x0800f0c4    0x28  crc32.o [1]
  .text              ro code  0x0800f0ec    0x28  xgetmemchunk.o [3]
  .rodata            const    0x0800f114    0x24  TP.o [1]
  .rodata            const    0x0800f138    0x24  res_spi.o [1]
  .iar.init_table    const    0x0800f15c    0x2c  - Linker created -
  .rodata            const    0x0800f188    0x20  TP.o [1]
  .rodata            const    0x0800f1a8    0x20  usb_desc.o [1]
  .rodata            const    0x0800f1c8    0x20  usb_desc.o [1]
  .text              ro code  0x0800f1e8    0x20  printf.o [3]
  .text              ro code  0x0800f208    0x20  xmbtowc.o [3]
  .text              ro code  0x0800f228    0x20  iarwrite.o [5]
  .text              ro code  0x0800f248    0x1e  dwrite.o [5]
  .text              ro code  0x0800f268    0x1c  data_init2.o [4]
  .text              ro code  0x0800f284    0x1a  xsnprout.o [3]
  .text              ro code  0x0800f29e    0x1a  xwctomb.o [3]
  .text              ro code  0x0800f2b8    0x1a  zero_init2.o [4]
  .rodata            const    0x0800f2d4    0x18  TP.o [1]
  .rodata            const    0x0800f2ec    0x18  ff.o [1]
  .rodata            const    0x0800f304    0x18  main.o [1]
  .rodata            const    0x0800f31c    0x18  stm32f10x_it.o [1]
  .text              ro code  0x0800f334    0x18  cmain.o [4]
  .text              ro code  0x0800f34c    0x16  strchr.o [4]
  .text              ro code  0x0800f362    0x16  xprout.o [3]
  .rodata            const    0x0800f378    0x14  TP.o [1]
  .rodata            const    0x0800f38c    0x14  TP.o [1]
  .rodata            const    0x0800f3a0    0x14  TP.o [1]
  .rodata            const    0x0800f3b4    0x14  TP.o [1]
  .rodata            const    0x0800f3c8    0x14  TP.o [1]
  .rodata            const    0x0800f3dc    0x14  TP.o [1]
  .rodata            const    0x0800f3f0    0x14  TP.o [1]
  .rodata            const    0x0800f404    0x14  ff.o [1]
  .rodata            const    0x0800f418    0x14  ff.o [1]
  .rodata            const    0x0800f42c    0x14  usb_desc.o [1]
  .text              ro code  0x0800f440    0x14  exit.o [5]
  .text              ro code  0x0800f454    0x14  localeconv.o [3]
  .text              ro code  0x0800f468    0x14  setlocale.o [3]
  .text              ro code  0x0800f47c    0x14  DotFill.o [1]
  CODE               ro code  0x0800f490    0x12  hardfault_isr_handle_a.o [1]
  .rodata            const    0x0800f4a4    0x10  TP.o [1]
  .rodata            const    0x0800f4b4    0x10  TP.o [1]
  .rodata            const    0x0800f4c4    0x10  TP.o [1]
  .rodata            const    0x0800f4d4    0x10  TP.o [1]
  .rodata            const    0x0800f4e4    0x10  TP.o [1]
  .rodata            const    0x0800f4f4    0x10  TP.o [1]
  .rodata            const    0x0800f504    0x10  main.o [1]
  .rodata            const    0x0800f514    0x10  res_spi.o [1]
  .rodata            const    0x0800f524    0x10  stm32f10x_rcc.o [1]
  .rodata            const    0x0800f534    0x10  xprintffull.o [3]
  .text              ro code  0x0800f544    0x10  write.o [5]
  .text              ro code  0x0800f554     0xe  cexit.o [4]
  .text              ro code  0x0800f562     0xe  BT816.o [1]
  .text              ro code  0x0800f570     0xe  div.o [3]
  .rodata            const    0x0800f580     0xc  BT816.o [1]
  .rodata            const    0x0800f58c     0xc  BT816.o [1]
  .rodata            const    0x0800f598     0xc  BT816.o [1]
  .rodata            const    0x0800f5a4     0xc  BT816.o [1]
  .rodata            const    0x0800f5b0     0xc  BT816.o [1]
  .rodata            const    0x0800f5bc     0xc  BT816.o [1]
  .rodata            const    0x0800f5c8     0xc  BT816.o [1]
  .rodata            const    0x0800f5d4     0xc  TP.o [1]
  .rodata            const    0x0800f5e0     0xc  TP.o [1]
  .rodata            const    0x0800f5ec     0xc  ff.o [1]
  .rodata            const    0x0800f5f8     0xc  main.o [1]
  .rodata            const    0x0800f604     0xc  ringbuffer.o [1]
  .rodata            const    0x0800f610     0xc  ringbuffer.o [1]
  .rodata            const    0x0800f61c     0xc  stm32f10x_it.o [1]
  .rodata            const    0x0800f628     0xc  stm32f10x_it.o [1]
  .rodata            const    0x0800f634     0xc  stm32f10x_it.o [1]
  .rodata            const    0x0800f640     0xc  stm32f10x_it.o [1]
  .rodata            const    0x0800f64c     0xc  stm32f10x_it.o [1]
  .rodata            const    0x0800f658     0xc  stm32f10x_it.o [1]
  .rodata            const    0x0800f664     0xc  stm32f10x_it.o [1]
  .rodata            const    0x0800f670     0xc  stm32f10x_it.o [1]
  .rodata            const    0x0800f67c     0xc  stm32f10x_it.o [1]
  .rodata            const    0x0800f688     0xc  stm32f10x_it.o [1]
  .rodata            const    0x0800f694     0xc  stm32f10x_it.o [1]
  .rodata            const    0x0800f6a0     0xc  stm32f10x_it.o [1]
  .rodata            const    0x0800f6ac     0xc  stm32f10x_it.o [1]
  .text              ro code  0x0800f6b8     0xc  putchar.o [3]
  .text              ro code  0x0800f6c4     0xa  xmbcurmax.o [3]
  .rodata            const    0x0800f6d0     0x8  BT816.o [1]
  .rodata            const    0x0800f6d8     0x8  BT816.o [1]
  .rodata            const    0x0800f6e0     0x8  TP.o [1]
  .rodata            const    0x0800f6e8     0x8  xprintffull.o [3]
  .rodata            const    0x0800f6f0     0x8  localeconv.o [3]
  .rodata            const    0x0800f6f8     0x8  localeconv.o [3]
  .rodata            const    0x0800f700     0x8  xencoding_sb.o [3]
  .rodata            const    0x0800f708     0x8  xencoding_sb.o [3]
  .rodata            const    0x0800f710     0x8  xlocale_c.o [3]
  .rodata            const    0x0800f718     0x8  xlocale_c.o [3]
  .text              ro code  0x0800f720     0x8  abort.o [3]
  .text              ro code  0x0800f728     0x6  exit.o [3]
  .rodata            const    0x0800f730     0x4  stm32f10x_rcc.o [1]
  .rodata            const    0x0800f734     0x4  usb_desc.o [1]
  .text              ro code  0x0800f738     0x2  I64DivZer.o [4]
  .text              ro code  0x0800f73a     0x4  low_level_init.o [3]
  .rodata            const    0x0800f73e     0x2  localeconv.o [3]
  .rodata            const    0x0800f740     0x2  xlocale_c.o [3]
  .rodata            const    0x0800f742     0x1  localeconv.o [3]
  .rodata            const    0x0800f743     0x1  setlocale.o [3]
  .rodata            const    0x0800f744     0x1  xlocale_c.o [3]
  Initializer bytes  ro data  0x0800f745   0x212  <for P3 s0>
                            - 0x0800f957  0xf817

"P3", part 1 of 3:                         0xde0
  CSTACK                      0x20000010   0x800  <Block>
    CSTACK           uninit   0x20000010   0x800  <Block tail>
  HEAP                        0x20000810   0x400  <Block>
    HEAP             uninit   0x20000810   0x400  <Block tail>
  .iar.dynexit                0x20000c10   0x1e0  <Block>
    .iar.dynexit     uninit   0x20000c10     0xc  cppinit.o [3]
    .iar.dynexit     uninit   0x20000c1c   0x1d4  <Block tail>
                            - 0x20000df0   0xde0

"P3", part 2 of 3:                        0x7334
  .bss               zero     0x20000df0  0x36c8  esc_p.o [1]
  .bss               zero     0x200044b8  0x1000  BT816.o [1]
  .bss               zero     0x200054b8  0x1000  spi_flash.o [1]
  .bss               zero     0x200064b8   0x800  memory.o [1]
  .bss               zero     0x20006cb8   0x400  BT816.o [1]
  .bss               zero     0x200070b8   0x310  TP.o [1]
  .bss               zero     0x200073c8   0x230  res_spi.o [1]
  .bss               zero     0x200075f8   0x224  res_spi.o [1]
  .bss               zero     0x2000781c   0x200  res_spi.o [1]
  .bss               zero     0x20007a1c   0x190  JMemory.o [1]
  .bss               zero     0x20007bac   0x188  TP.o [1]
  .bss               zero     0x20007d34    0x80  BT816.o [1]
  .bss               zero     0x20007db4    0x50  xfiles.o [3]
  .bss               zero     0x20007e04    0x50  xfiles.o [3]
  .bss               zero     0x20007e54    0x40  BT816.o [1]
  .bss               zero     0x20007e94    0x40  Event.o [1]
  .bss               zero     0x20007ed4    0x40  Terminal_Para_m.o [1]
  .bss               zero     0x20007f14    0x40  usb_bot.o [1]
  .bss               zero     0x20007f54    0x30  BT816.o [1]
  .bss               zero     0x20007f84    0x2c  record_mod.o [1]
  .bss               zero     0x20007fb0    0x28  PaperDetect.o [1]
  .bss               zero     0x20007fd8    0x20  usb_bot.o [1]
  .bss               zero     0x20007ff8    0x1c  usb_init.o [1]
  .bss               zero     0x20008014    0x14  xsyslock.o [3]
  .bss               zero     0x20008028    0x10  record_mod.o [1]
  .bss               zero     0x20008038    0x10  usb_bot.o [1]
  .bss               zero     0x20008048     0x8  TimeBase.o [1]
  .bss               zero     0x20008050     0x8  ff.o [1]
  .bss               zero     0x20008058     0x8  mass_mal.o [1]
  .bss               zero     0x20008060     0x8  mass_mal.o [1]
  .bss               zero     0x20008068     0x8  mass_mal.o [1]
  .bss               zero     0x20008070     0x8  scsi_data.o [1]
  .bss               zero     0x20008078     0x8  scsi_data.o [1]
  .bss               zero     0x20008080     0x8  xxmemxmalloc.o [3]
  .bss               zero     0x20008088     0x4  mass_mal.o [1]
  .bss               zero     0x2000808c     0x4  memory.o [1]
  .bss               zero     0x20008090     0x4  memory.o [1]
  .bss               zero     0x20008094     0x4  memory.o [1]
  .bss               zero     0x20008098     0x4  memory.o [1]
  .bss               zero     0x2000809c     0x4  memory.o [1]
  .bss               zero     0x200080a0     0x4  memory.o [1]
  .bss               zero     0x200080a4     0x4  memory.o [1]
  .bss               zero     0x200080a8     0x4  memory.o [1]
  .bss               zero     0x200080ac     0x4  res_spi.o [1]
  .bss               zero     0x200080b0     0x4  spi_flash.o [1]
  .bss               zero     0x200080b4     0x4  spi_flash.o [1]
  .bss               zero     0x200080b8     0x4  spi_flash.o [1]
  .bss               zero     0x200080bc     0x4  spi_flash.o [1]
  .bss               zero     0x200080c0     0x4  uart.o [1]
  .bss               zero     0x200080c4     0x4  usb_bot.o [1]
  .bss               zero     0x200080c8     0x4  usb_bot.o [1]
  .bss               zero     0x200080cc     0x4  usb_core.o [1]
  .bss               zero     0x200080d0     0x4  usb_endp.o [1]
  .bss               zero     0x200080d4     0x4  usb_init.o [1]
  .bss               zero     0x200080d8     0x4  usb_init.o [1]
  .bss               zero     0x200080dc     0x4  usb_init.o [1]
  .bss               zero     0x200080e0     0x4  usb_prop.o [1]
  .bss               zero     0x200080e4     0x4  usb_pwr.o [1]
  .bss               zero     0x200080e8     0x4  xgetmemchunk.o [3]
  .bss               zero     0x200080ec     0x4  MtxWrapper.o [3]
  .bss               zero     0x200080f0     0x4  MtxWrapper.o [3]
  .bss               zero     0x200080f4     0x4  MtxWrapper.o [3]
  .bss               zero     0x200080f8     0x4  MtxWrapper.o [3]
  .bss               zero     0x200080fc     0x4  iarwstd.o [5]
  .bss               zero     0x20008100     0x2  DotFill.o [1]
  .bss               zero     0x20008102     0x2  ff.o [1]
  .bss               zero     0x20008104     0x2  usb_bot.o [1]
  .bss               zero     0x20008106     0x2  usb_init.o [1]
  .bss               zero     0x20008108     0x2  usb_int.o [1]
  .bss               zero     0x2000810a     0x2  usb_int.o [1]
  .bss               zero     0x2000810c     0x2  usb_istr.o [1]
  .bss               zero     0x2000810e     0x1  BT816.o [1]
  .bss               zero     0x2000810f     0x1  Event.o [1]
  .bss               zero     0x20008110     0x1  Event.o [1]
  .bss               zero     0x20008111     0x1  KeyScan.o [1]
  .bss               zero     0x20008112     0x1  PaperDetect.o [1]
  .bss               zero     0x20008113     0x1  PaperDetect.o [1]
  .bss               zero     0x20008114     0x1  PaperDetect.o [1]
  .bss               zero     0x20008115     0x1  TP.o [1]
  .bss               zero     0x20008116     0x1  Terminal_Para_m.o [1]
  .bss               zero     0x20008117     0x1  esc_p.o [1]
  .bss               zero     0x20008118     0x1  main.o [1]
  .bss               zero     0x20008119     0x1  memory.o [1]
  .bss               zero     0x2000811a     0x1  spi_flash.o [1]
  .bss               zero     0x2000811b     0x1  usb_app_config.o [1]
  .bss               zero     0x2000811c     0x1  usb_app_config.o [1]
  .bss               zero     0x2000811d     0x1  usb_bot.o [1]
  .bss               zero     0x2000811e     0x1  usb_core.o [1]
  .bss               zero     0x2000811f     0x1  usb_init.o [1]
  .bss               zero     0x20008120     0x1  usb_istr.o [1]
                            - 0x20008121  0x7331

"P3", part 3 of 3:                         0x324
  P3 s0                       0x20008124   0x324  <Init block>
    .data            inited   0x20008124    0x84  setlocale.o [3]
    .data            inited   0x200081a8    0x4c  localeconv.o [3]
    .data            inited   0x200081f4    0x40  xfiles.o [3]
    .data            inited   0x20008234    0x40  xfiles.o [3]
    .data            inited   0x20008274    0x40  xfiles.o [3]
    .data            inited   0x200082b4    0x30  usb_prop.o [1]
    .data            inited   0x200082e4    0x24  scsi_data.o [1]
    .data            inited   0x20008308    0x24  scsi_data.o [1]
    .data            inited   0x2000832c    0x24  usb_prop.o [1]
    .data            inited   0x20008350    0x20  res_spi.o [1]
    .data            inited   0x20008370    0x20  usb_prop.o [1]
    .data            inited   0x20008390    0x20  xfiles.o [3]
    .data            inited   0x200083b0    0x1c  usb_desc.o [1]
    .data            inited   0x200083cc    0x1c  usb_istr.o [1]
    .data            inited   0x200083e8    0x1c  usb_istr.o [1]
    .data            inited   0x20008404    0x14  scsi_data.o [1]
    .data            inited   0x20008418     0xc  scsi_data.o [1]
    .data            inited   0x20008424     0x8  scsi_data.o [1]
    .data            inited   0x2000842c     0x8  usb_prop.o [1]
    .data            inited   0x20008434     0x8  usb_prop.o [1]
    .data            inited   0x2000843c     0x4  scsi_data.o [1]
    .data            inited   0x20008440     0x4  usb_prop.o [1]
    .data            inited   0x20008444     0x4  cppinit.o [3]
                            - 0x20008448   0x324


*******************************************************************************
*** INIT TABLE
***

          Address     Size
          -------     ----
Zero (__iar_zero_init2)
    1 destination range, total size 0x7331:
          0x20000df0  0x7331

Copy/packbits (__iar_packbits_init2)
    1 source range, total size 0x212 (65% of destination):
           0x800f745   0x212
    1 destination range, total size 0x324:
          0x20008124   0x324


*******************************************************************************
*** MODULE SUMMARY
***

    Module                    ro code  ro data  rw data
    ------                    -------  -------  -------
E:\BT Printer\FW\src\Project\EWARMv5\Debug\Obj: [1]
    BT816.o                     5 090      140    5 361
    DotFill.o                   2 052                 2
    Event.o                       288                66
    JMemory.o                      44               400
    KeyScan.o                     176                 1
    PaperDetect.o               1 268                43
    TP.o                        4 068    1 060    1 177
    Terminal_Para_m.o             256                65
    ThermalDetect.o               268       52
    TimeBase.o                    296                 8
    cortexm3_macro.o              122
    crc32.o                        40    1 024
    data_uart.o                   172
    diskio.o                      232
    esc_p.o                       782            14 025
    ff.o                        6 836      120       10
    font.o                      2 624
    hardfault_isr_handle_a.o       18
    main.o                        588       52        1
    mass_mal.o                    292                28
    memory.o                      572             2 081
    print_head.o                  212
    record_mod.o                3 218                60
    res_spi.o                     760    5 125    1 656
    ringbuffer.o                  642       68
    scsi_data.o                             75      132
    spi_flash.o                 1 912       64    4 113
    stm32f10x_adc.o               444
    stm32f10x_dma.o               452
    stm32f10x_flash.o              68
    stm32f10x_gpio.o              242
    stm32f10x_it.o                996      180
    stm32f10x_nvic.o              348
    stm32f10x_rcc.o               812       20
    stm32f10x_spi.o               122
    stm32f10x_systick.o           140
    stm32f10x_tim.o               348
    stm32f10x_usart.o             428
    stm32f10x_vector.o                     320
    uart.o                        232                 4
    usb_app_config.o              248                 2
    usb_bot.o                   1 084               123
    usb_core.o                  3 038                 5
    usb_desc.o                             147       28
    usb_endp.o                     52                 4
    usb_init.o                     64                43
    usb_int.o                     736                 4
    usb_istr.o                    156       37       59
    usb_mem.o                      84
    usb_prop.o                    700       91      140
    usb_pwr.o                      60                 4
    usb_regs.o                    608
    usb_scsi.o                  1 088
    usb_sil.o                      90
    ---------------------------------------------------
    Total:                     45 468    8 575   29 645

command line: [2]
    ---------------------------------------------------
    Total:

dl7M_tl_if.a: [3]
    MtxWrapper.o                   48                16
    abort.o                         8
    cppinit.o                     112        3       16
    div.o                          14
    exit.o                          6
    fflush.o                      176
    localeconv.o                   20       69       76
    low_level_init.o                4
    printf.o                       32
    putchar.o                      12
    setlocale.o                    20       88      132
    snprintf.o                     64
    xassert.o                      68
    xdnorm.o                      180
    xdscale.o                     272
    xencoding_sb.o                 92       16
    xfiles.o                               147      384
    xgetmemchunk.o                 40                 4
    xlocale_c.o                             91
    xmbcurmax.o                    10
    xmbtowc.o                      32
    xprintffull.o               4 174       24
    xprout.o                       22
    xreportassert.o               132       48
    xsnprout.o                     26
    xsyslock.o                    140                20
    xwctomb.o                      26
    xxmemxfree.o                  136
    xxmemxmalloc.o                188                 8
    ---------------------------------------------------
    Total:                      6 054      486      656

rt7M_tl.a: [4]
    ABImemcpy.o                   112
    ABImemset.o                   102
    DblAdd.o                      230
    DblCmpGe.o                     46
    DblCmpLe.o                     46
    DblDiv.o                      700
    DblMul.o                      418
    DblSub.o                      382
    DblToI32.o                     86
    I32ToDbl.o                     46
    I64DivMod.o                   304
    I64DivZer.o                     2
    cexit.o                        14
    cmain.o                        24
    data_init2.o                   28
    memchr.o                       88
    memcmp.o                       98
    packbits_init2.o              142
    strchr.o                       22
    strlen.o                       54
    zero_init2.o                   26
    ---------------------------------------------------
    Total:                      2 970

shb_l.a: [5]
    dwrite.o                       30
    exit.o                         20
    iarwrite.o                     32
    iarwstd.o                      84                 4
    write.o                        16
    ---------------------------------------------------
    Total:                        182                 4

    Gaps                           38       14
    Linker created                          44    3 540
-------------------------------------------------------
    Grand Total:               54 712    9 119   33 845


*******************************************************************************
*** ENTRY LIST
***

Entry                      Address    Size  Type      Object
-----                      -------    ----  ----      ------
.iar.dynexit$$Base      0x20000c10           --   Gb  - Linker created -
.iar.dynexit$$Limit     0x20000df0           --   Gb  - Linker created -
ADC1_2_IRQHandler       0x0800a895     0x2  Code  Gb  stm32f10x_it.o [1]
ADC3_IRQHandler         0x0800aa43     0x2  Code  Gb  stm32f10x_it.o [1]
ADCPrescTable           0x0800f730     0x4  Data  Lc  stm32f10x_rcc.o [1]
ADC_Cmd                 0x0800c7f9    0x1a  Code  Gb  stm32f10x_adc.o [1]
ADC_DMACmd              0x0800c813    0x1a  Code  Gb  stm32f10x_adc.o [1]
ADC_GetCalibrationStatus
                        0x0800c859    0x18  Code  Gb  stm32f10x_adc.o [1]
ADC_GetResetCalibrationStatus
                        0x0800c837    0x18  Code  Gb  stm32f10x_adc.o [1]
ADC_Init                0x0800c7a9    0x50  Code  Gb  stm32f10x_adc.o [1]
ADC_RegularChannelConfig
                        0x0800c88b    0xda  Code  Gb  stm32f10x_adc.o [1]
ADC_ResetCalibration    0x0800c82d     0xa  Code  Gb  stm32f10x_adc.o [1]
ADC_SoftwareStartConvCmd
                        0x0800c871    0x1a  Code  Gb  stm32f10x_adc.o [1]
ADC_StartCalibration    0x0800c84f     0xa  Code  Gb  stm32f10x_adc.o [1]
AD_Value                0x20007fb0    0x28  Data  Gb  PaperDetect.o [1]
APBAHBPrescTable        0x0800f524    0x10  Data  Lc  stm32f10x_rcc.o [1]
BT816_Channel1_RxISRHandler
                        0x080026c5    0xc2  Code  Gb  BT816.o [1]
BT816_Channel2_RxISRHandler
                        0x08002799    0xcc  Code  Gb  BT816.o [1]
BT816_Channel3_RxISRHandler
                        0x08002869    0xd8  Code  Gb  BT816.o [1]
BT816_Channel4_RxISRHandler
                        0x08002941    0xdc  Code  Gb  BT816.o [1]
BT816_GPIO_config       0x08001c61   0x600  Code  Lc  BT816.o [1]
BT816_NVIC_config       0x08002281   0x1d0  Code  Lc  BT816.o [1]
BT816_Reset             0x08002a89    0x98  Code  Gb  BT816.o [1]
BT816_connect_status    0x08002c75   0x17c  Code  Gb  BT816.o [1]
BT816_init              0x08002df1   0x1d8  Code  Gb  BT816.o [1]
BT816_query_name        0x08002b21    0xd0  Code  Gb  BT816.o [1]
BT816_recbuffer         0x20006cb8   0x400  Data  Gb  BT816.o [1]
BT816_res               0x20007f54    0x30  Data  Gb  BT816.o [1]
BT816_reset_resVar      0x080025c5    0xf2  Code  Lc  BT816.o [1]
BT816_send_buff         0x20007d34    0x80  Data  Lc  BT816.o [1]
BT816_set_name          0x08002bf1    0x84  Code  Gb  BT816.o [1]
BT816_write_cmd         0x08002a1d    0x6c  Code  Lc  BT816.o [1]
Block_Read_count        0x2000808c     0x4  Data  Gb  memory.o [1]
Block_offset            0x20008090     0x4  Data  Gb  memory.o [1]
Bot_Abort               0x0800a2cd    0x3c  Code  Gb  usb_bot.o [1]
Bot_State               0x2000811d     0x1  Data  Gb  usb_bot.o [1]
BufFillToPrn            0x0800824f    0xdc  Code  Gb  DotFill.o [1]
Bulk_Data_Buff          0x20007f14    0x40  Data  Gb  usb_bot.o [1]
BusFaultException       0x0800a7fb     0x2  Code  Gb  stm32f10x_it.o [1]
ByteSwap                0x0800c14d    0x10  Code  Gb  usb_regs.o [1]
CAN_RX1_IRQHandler      0x0800a8a7     0x2  Code  Gb  stm32f10x_it.o [1]
CAN_SCE_IRQHandler      0x0800a8a9     0x2  Code  Gb  stm32f10x_it.o [1]
CBW                     0x20007fd8    0x20  Data  Gb  usb_bot.o [1]
CBW_Decode              0x08009fad   0x298  Code  Gb  usb_bot.o [1]
CSTACK$$Base            0x20000010           --   Gb  - Linker created -
CSTACK$$Limit           0x20000810           --   Gb  - Linker created -
CSW                     0x20008038    0x10  Data  Gb  usb_bot.o [1]
CTR_HP                  0x0800b64d    0x9c  Code  Gb  usb_int.o [1]
CTR_LP                  0x0800b421   0x22c  Code  Gb  usb_int.o [1]
ClearDTOG_RX            0x0800bfed    0x32  Code  Gb  usb_regs.o [1]
ClearDTOG_TX            0x0800c01f    0x32  Code  Gb  usb_regs.o [1]
Clear_Status_Out        0x0800bfc9    0x24  Code  Gb  usb_regs.o [1]
Config_Descriptor       0x20008434     0x8  Data  Gb  usb_prop.o [1]
Counter                 0x20008094     0x4  Data  Gb  memory.o [1]
DMA1_Channel1_IRQHandler
                        0x0800a823     0x2  Code  Gb  stm32f10x_it.o [1]
DMA1_Channel2_IRQHandler
                        0x0800a825    0x20  Code  Gb  stm32f10x_it.o [1]
DMA1_Channel3_IRQHandler
                        0x0800a845     0x2  Code  Gb  stm32f10x_it.o [1]
DMA1_Channel4_IRQHandler
                        0x0800a849    0x24  Code  Gb  stm32f10x_it.o [1]
DMA1_Channel5_IRQHandler
                        0x0800a86d     0x2  Code  Gb  stm32f10x_it.o [1]
DMA1_Channel6_IRQHandler
                        0x0800a86f     0x2  Code  Gb  stm32f10x_it.o [1]
DMA1_Channel7_IRQHandler
                        0x0800a871    0x24  Code  Gb  stm32f10x_it.o [1]
DMA2_Channel1_IRQHandler
                        0x0800aabf     0x2  Code  Gb  stm32f10x_it.o [1]
DMA2_Channel2_IRQHandler
                        0x0800aac1     0x2  Code  Gb  stm32f10x_it.o [1]
DMA2_Channel3_IRQHandler
                        0x0800aac3     0x2  Code  Gb  stm32f10x_it.o [1]
DMA2_Channel4_5_IRQHandler
                        0x0800aac5    0x28  Code  Gb  stm32f10x_it.o [1]
DMA_ClearFlag           0x0800c761    0x12  Code  Gb  stm32f10x_dma.o [1]
DMA_Cmd                 0x0800c729    0x1a  Code  Gb  stm32f10x_dma.o [1]
DMA_DeInit              0x0800c5e5   0x100  Code  Gb  stm32f10x_dma.o [1]
DMA_GetCurrDataCounter  0x0800c75b     0x6  Code  Gb  stm32f10x_dma.o [1]
DMA_GetITStatus         0x0800c773    0x26  Code  Gb  stm32f10x_dma.o [1]
DMA_ITConfig            0x0800c743    0x18  Code  Gb  stm32f10x_dma.o [1]
DMA_Init                0x0800c6e5    0x44  Code  Gb  stm32f10x_dma.o [1]
DataStageIn             0x08006f4b    0xb6  Code  Lc  usb_core.o [1]
DataStageOut            0x08006e93    0xb8  Code  Lc  usb_core.o [1]
Data_Buffer             0x200064b8   0x800  Data  Gb  memory.o [1]
Data_Len                0x20008104     0x2  Data  Gb  usb_bot.o [1]
Data_Mul_MaxPacketSize  0x2000811e     0x1  Data  Gb  usb_core.o [1]
Data_Setup0             0x0800715d   0x294  Code  Lc  usb_core.o [1]
DebugMonitor            0x0800a7ff     0x2  Code  Gb  stm32f10x_it.o [1]
DefaultTerminalPara     0x0800daad    0x44  Code  Gb  Terminal_Para_m.o [1]
Device_Descriptor       0x2000842c     0x8  Data  Gb  usb_prop.o [1]
Device_Info             0x20007ff8    0x1c  Data  Gb  usb_init.o [1]
Device_Property         0x200082b4    0x30  Data  Gb  usb_prop.o [1]
Device_Table            0x20008440     0x4  Data  Gb  usb_prop.o [1]
DotBufFillToPrn         0x08008031   0x21e  Code  Gb  DotFill.o [1]
DotFillToBuf            0x080083b3   0x45e  Code  Gb  DotFill.o [1]
DtorRecArray            0x20000c10     0xc  Data  Lc  cppinit.o [3]
EP1_IN_Callback         0x0800eee1    0x1c  Code  Gb  usb_endp.o [1]
EP2_OUT_Callback        0x0800eecf    0x10  Code  Gb  usb_endp.o [1]
EP3_OUT_Callback        0x0800eecd     0x2  Code  Gb  usb_endp.o [1]
EPindex                 0x2000811f     0x1  Data  Gb  usb_init.o [1]
EXTI0_IRQHandler        0x0800a819     0x2  Code  Gb  stm32f10x_it.o [1]
EXTI15_10_IRQHandler    0x0800aa35     0x2  Code  Gb  stm32f10x_it.o [1]
EXTI1_IRQHandler        0x0800a81b     0x2  Code  Gb  stm32f10x_it.o [1]
EXTI2_IRQHandler        0x0800a81d     0x2  Code  Gb  stm32f10x_it.o [1]
EXTI3_IRQHandler        0x0800a81f     0x2  Code  Gb  stm32f10x_it.o [1]
EXTI4_IRQHandler        0x0800a821     0x2  Code  Gb  stm32f10x_it.o [1]
EXTI9_5_IRQHandler      0x0800a8ab     0x2  Code  Gb  stm32f10x_it.o [1]
FLASH_IRQHandler        0x0800a815     0x2  Code  Gb  stm32f10x_it.o [1]
FLASH_PrefetchBufferCmd
                        0x0800ecc1    0x20  Code  Gb  stm32f10x_flash.o [1]
FLASH_SetLatency        0x0800eca1    0x20  Code  Gb  stm32f10x_flash.o [1]
FSMC_IRQHandler         0x0800aa45     0x2  Code  Gb  stm32f10x_it.o [1]
FatFs                   0x20008050     0x8  Data  Lc  ff.o [1]
FontBold                0x080075f1   0x27c  Code  Lc  font.o [1]
FontCircumvolve         0x08007ab7   0x202  Code  Gb  font.o [1]
FontEnlarge             0x0800786d    0xc0  Code  Gb  font.o [1]
FontList                0x20008350    0x20  Data  Gb  res_spi.o [1]
FontRevert              0x08007a0f    0xa8  Code  Lc  font.o [1]
FontRevertProc          0x080079eb    0x24  Code  Lc  font.o [1]
FontSmoothing           0x0800792d     0x2  Code  Lc  font.o [1]
FontUnderline           0x0800792f    0xbc  Code  Gb  font.o [1]
Fsid                    0x20008102     0x2  Data  Lc  ff.o [1]
GPIO_AllAinConfig       0x0800c321    0x50  Code  Lc  main.o [1]
GPIO_Init               0x0800dbed    0xcc  Code  Gb  stm32f10x_gpio.o [1]
GPIO_ReadInputDataBit   0x0800dcb9    0x1a  Code  Gb  stm32f10x_gpio.o [1]
GPIO_ResetBits          0x0800dcd9     0x6  Code  Gb  stm32f10x_gpio.o [1]
GPIO_SetBits            0x0800dcd3     0x6  Code  Gb  stm32f10x_gpio.o [1]
GetChineseFont          0x08007e8d   0x196  Code  Gb  font.o [1]
GetEPRxAddr             0x0800c0a5    0x18  Code  Gb  usb_regs.o [1]
GetEPRxCount            0x0800c11b    0x18  Code  Gb  usb_regs.o [1]
GetEPTxAddr             0x0800c08d    0x18  Code  Gb  usb_regs.o [1]
GetEnglishFont          0x08007cb9   0x1d4  Code  Gb  font.o [1]
Get_Max_Lun             0x0800b99d    0x1c  Code  Gb  usb_prop.o [1]
Getchar                 0x0800ddc9    0x9c  Code  Gb  uart.o [1]
HARDFAULT_ISR_HANDLE_d  0x0800f491          Code  Gb  hardfault_isr_handle_a.o [1]
HEAP$$Base              0x20000810           --   Gb  - Linker created -
HEAP$$Limit             0x20000c10           --   Gb  - Linker created -
HSEStartUpStatus        0x20008118     0x1  Data  Gb  main.o [1]
HardFaultException      0x0800a7f1     0x8  Code  Gb  stm32f10x_it.o [1]
I2C1_ER_IRQHandler      0x0800a8e5     0x2  Code  Gb  stm32f10x_it.o [1]
I2C1_EV_IRQHandler      0x0800a8e3     0x2  Code  Gb  stm32f10x_it.o [1]
I2C2_ER_IRQHandler      0x0800a8e9     0x2  Code  Gb  stm32f10x_it.o [1]
I2C2_EV_IRQHandler      0x0800a8e7     0x2  Code  Gb  stm32f10x_it.o [1]
Idx                     0x20008098     0x4  Data  Gb  memory.o [1]
In0_Process             0x08007495    0x68  Code  Gb  usb_core.o [1]
Jfree                   0x0800f049    0x26  Code  Gb  JMemory.o [1]
KeyScanInit             0x0800e257    0x2c  Code  Gb  KeyScan.o [1]
KeyScanProc             0x0800e1dd    0x7a  Code  Gb  KeyScan.o [1]
MAL_GetStatus           0x0800d55d    0x58  Code  Gb  mass_mal.o [1]
MAL_Read                0x0800d4ed    0x66  Code  Gb  mass_mal.o [1]
MAL_Write               0x0800d495    0x58  Code  Gb  mass_mal.o [1]
MASS_ConfigDescriptor   0x0800f1a8    0x20  Data  Gb  usb_desc.o [1]
MASS_DeviceDescriptor   0x0800f42c    0x14  Data  Gb  usb_desc.o [1]
Mass_Block_Count        0x20008068     0x8  Data  Gb  mass_mal.o [1]
Mass_Block_Size         0x20008060     0x8  Data  Gb  mass_mal.o [1]
Mass_Memory_Size        0x20008058     0x8  Data  Gb  mass_mal.o [1]
Mass_Storage_In         0x08009ecd    0x62  Code  Gb  usb_bot.o [1]
Mass_Storage_Out        0x08009f2f    0x7e  Code  Gb  usb_bot.o [1]
MaxHeatDotsAdj          0x08004551    0x22  Code  Gb  TP.o [1]
Max_Lun                 0x200080e0     0x4  Data  Gb  usb_prop.o [1]
MemManageException      0x0800a7f9     0x2  Code  Gb  stm32f10x_it.o [1]
Mode_Sense10_data       0x20008424     0x8  Data  Gb  scsi_data.o [1]
Mode_Sense6_data        0x2000843c     0x4  Data  Gb  scsi_data.o [1]
NMIException            0x0800a709     0x2  Code  Gb  stm32f10x_it.o [1]
NOP_Process             0x080075ed     0x2  Code  Gb  usb_core.o [1]
NVIC_DisableIRQ         0x0800c375    0x14  Code  Gb  main.o [1]
NVIC_EnableIRQ          0x0800c389    0x20  Code  Gb  main.o [1]
NVIC_GenerateSystemReset
                        0x0800cf09     0xc  Code  Gb  stm32f10x_nvic.o [1]
NVIC_Init               0x0800ce45    0xa0  Code  Gb  stm32f10x_nvic.o [1]
NVIC_PriorityGroupConfig
                        0x0800ce35     0xa  Code  Gb  stm32f10x_nvic.o [1]
NVIC_SETFAULTMASK       0x0800ceed     0x8  Code  Gb  stm32f10x_nvic.o [1]
NVIC_SetVectorTable     0x0800cef5    0x10  Code  Gb  stm32f10x_nvic.o [1]
NVIC_SystemHandlerPriorityConfig
                        0x0800cf15    0x72  Code  Gb  stm32f10x_nvic.o [1]
NoData_Setup0           0x08007001   0x152  Code  Lc  usb_core.o [1]
Out0_Process            0x08007505    0x4c  Code  Gb  usb_core.o [1]
PMAToUserBufferCopy     0x0800ebdf    0x22  Code  Gb  usb_mem.o [1]
PVD_IRQHandler          0x0800a80f     0x2  Code  Gb  stm32f10x_it.o [1]
Page00_Inquiry_Data     0x20008070     0x8  Data  Gb  scsi_data.o [1]
PaperStartSns           0x08009711    0xe6  Code  Gb  PaperDetect.o [1]
PendSVC                 0x0800a803     0x2  Code  Gb  stm32f10x_it.o [1]
Post0_Process           0x08007551    0x4c  Code  Gb  usb_core.o [1]
PrintBufPushBytes       0x0800de65    0x18  Code  Gb  uart.o [1]
PrintBufPushLine        0x0800de7d    0x18  Code  Gb  uart.o [1]
PrintBufToZero          0x0800de95    0x14  Code  Gb  uart.o [1]
PrintCurrentBuffer      0x08008331    0x82  Code  Gb  DotFill.o [1]
RCC_ADCCLKConfig        0x0800ac61    0x14  Code  Gb  stm32f10x_rcc.o [1]
RCC_AHBPeriphClockCmd   0x0800ad59    0x24  Code  Gb  stm32f10x_rcc.o [1]
RCC_APB1PeriphClockCmd  0x0800ada1    0x24  Code  Gb  stm32f10x_rcc.o [1]
RCC_APB2PeriphClockCmd  0x0800ad7d    0x24  Code  Gb  stm32f10x_rcc.o [1]
RCC_Configuration       0x0800c275    0x88  Code  Gb  main.o [1]
RCC_DeInit              0x0800aaed    0x5c  Code  Gb  stm32f10x_rcc.o [1]
RCC_GetClocksFreq       0x0800ac75    0xe0  Code  Gb  stm32f10x_rcc.o [1]
RCC_GetFlagStatus       0x0800adc5    0x44  Code  Gb  stm32f10x_rcc.o [1]
RCC_GetSYSCLKSource     0x0800ac0d     0xa  Code  Gb  stm32f10x_rcc.o [1]
RCC_HCLKConfig          0x0800ac17    0x14  Code  Gb  stm32f10x_rcc.o [1]
RCC_HSEConfig           0x0800ab49    0x54  Code  Gb  stm32f10x_rcc.o [1]
RCC_IRQHandler          0x0800a817     0x2  Code  Gb  stm32f10x_it.o [1]
RCC_PCLK1Config         0x0800ac2b    0x14  Code  Gb  stm32f10x_rcc.o [1]
RCC_PCLK2Config         0x0800ac3f    0x16  Code  Gb  stm32f10x_rcc.o [1]
RCC_PLLCmd              0x0800abed     0xc  Code  Gb  stm32f10x_rcc.o [1]
RCC_PLLConfig           0x0800abd5    0x16  Code  Gb  stm32f10x_rcc.o [1]
RCC_SYSCLKConfig        0x0800abf9    0x14  Code  Gb  stm32f10x_rcc.o [1]
RCC_USBCLKConfig        0x0800ac55     0xc  Code  Gb  stm32f10x_rcc.o [1]
RCC_WaitForHSEStartUp   0x0800ab9d    0x38  Code  Gb  stm32f10x_rcc.o [1]
RTCAlarm_IRQHandler     0x0800aa37     0x2  Code  Gb  stm32f10x_it.o [1]
RTC_IRQHandler          0x0800a813     0x2  Code  Gb  stm32f10x_it.o [1]
ReadCapacity10_Data     0x20008078     0x8  Data  Gb  scsi_data.o [1]
ReadFormatCapacity_Data
                        0x20008418     0xc  Data  Gb  scsi_data.o [1]
ReadTerminalPara        0x0800d9f5    0x98  Code  Gb  Terminal_Para_m.o [1]
Read_Memory             0x0800c3a9   0x108  Code  Gb  memory.o [1]
Region$$Table$$Base     0x0800f15c           --   Gb  - Linker created -
Region$$Table$$Limit    0x0800f188           --   Gb  - Linker created -
SCSI_Address_Management
                        0x08009e43    0x7e  Code  Gb  usb_scsi.o [1]
SCSI_BlkLen             0x200080c8     0x4  Data  Gb  usb_bot.o [1]
SCSI_Format_Cmd         0x08009dd9    0x2a  Code  Gb  usb_scsi.o [1]
SCSI_Inquiry_Cmd        0x08009a8d    0x48  Code  Gb  usb_scsi.o [1]
SCSI_Invalid_Cmd        0x08009e03    0x40  Code  Gb  usb_scsi.o [1]
SCSI_LBA                0x200080c4     0x4  Data  Gb  usb_bot.o [1]
SCSI_ModeSense10_Cmd    0x08009c41    0x10  Code  Gb  usb_scsi.o [1]
SCSI_ModeSense6_Cmd     0x08009c31    0x10  Code  Gb  usb_scsi.o [1]
SCSI_Read10_Cmd         0x08009c89    0x7c  Code  Gb  usb_scsi.o [1]
SCSI_ReadCapacity10_Cmd
                        0x08009b7d    0xb4  Code  Gb  usb_scsi.o [1]
SCSI_ReadFormatCapacity_Cmd
                        0x08009ad5    0xa8  Code  Gb  usb_scsi.o [1]
SCSI_RequestSense_Cmd   0x08009c51    0x1e  Code  Gb  usb_scsi.o [1]
SCSI_Start_Stop_Unit_Cmd
                        0x08009c7d     0xc  Code  Gb  usb_scsi.o [1]
SCSI_TestUnitReady_Cmd  0x08009da7    0x32  Code  Gb  usb_scsi.o [1]
SCSI_Verify10_Cmd       0x08009d6d    0x3a  Code  Gb  usb_scsi.o [1]
SCSI_Write10_Cmd        0x08009d05    0x64  Code  Gb  usb_scsi.o [1]
SDIO_IRQHandler         0x0800aa47     0x2  Code  Gb  stm32f10x_it.o [1]
SPI1_IRQHandler         0x0800a8eb     0x2  Code  Gb  stm32f10x_it.o [1]
SPI2_IRQHandler         0x0800a8ed     0x2  Code  Gb  stm32f10x_it.o [1]
SPI3_IRQHandler         0x0800aa4b     0x2  Code  Gb  stm32f10x_it.o [1]
SPI_Cmd                 0x0800e7f3    0x1a  Code  Gb  stm32f10x_spi.o [1]
SPI_I2S_GetFlagStatus   0x0800e815    0x1a  Code  Gb  stm32f10x_spi.o [1]
SPI_I2S_ReceiveData     0x0800e811     0x4  Code  Gb  stm32f10x_spi.o [1]
SPI_I2S_SendData        0x0800e80d     0x4  Code  Gb  stm32f10x_spi.o [1]
SPI_Init                0x0800e7b5    0x3e  Code  Gb  stm32f10x_spi.o [1]
SVCHandler              0x0800a801     0x2  Code  Gb  stm32f10x_it.o [1]
SaveRState              0x20008108     0x2  Data  Gb  usb_int.o [1]
SaveTState              0x2000810a     0x2  Data  Gb  usb_int.o [1]
SaveTerminalPara        0x0800da8d    0x1a  Code  Gb  Terminal_Para_m.o [1]
Scsi_Sense_Data         0x20008404    0x14  Data  Gb  scsi_data.o [1]
SetBTABLE               0x0800befd     0xe  Code  Gb  usb_regs.o [1]
SetDesity               0x08004c85     0xa  Code  Gb  TP.o [1]
SetDeviceAddress        0x0800759d    0x50  Code  Gb  usb_core.o [1]
SetEPRxAddr             0x0800c06f    0x1e  Code  Gb  usb_regs.o [1]
SetEPRxCount            0x0800c0d7    0x44  Code  Gb  usb_regs.o [1]
SetEPRxStatus           0x0800bf65    0x38  Code  Gb  usb_regs.o [1]
SetEPRxValid            0x0800bf9d    0x2c  Code  Gb  usb_regs.o [1]
SetEPTxAddr             0x0800c051    0x1e  Code  Gb  usb_regs.o [1]
SetEPTxCount            0x0800c0bd    0x1a  Code  Gb  usb_regs.o [1]
SetEPTxStatus           0x0800bf2b    0x3a  Code  Gb  usb_regs.o [1]
SetEPType               0x0800bf0b    0x20  Code  Gb  usb_regs.o [1]
Set_CSW                 0x0800a28d    0x38  Code  Gb  usb_bot.o [1]
Set_Scsi_Sense_Data     0x08009c6f     0xa  Code  Gb  usb_scsi.o [1]
Setup0_Process          0x08007401    0x8c  Code  Gb  usb_core.o [1]
Standard_ClearFeature   0x08006c35   0x158  Code  Gb  usb_core.o [1]
Standard_GetConfiguration
                        0x08006a11    0x2a  Code  Gb  usb_core.o [1]
Standard_GetDescriptorData
                        0x08006e6f    0x24  Code  Gb  usb_core.o [1]
Standard_GetInterface   0x08006a89    0x2a  Code  Gb  usb_core.o [1]
Standard_GetStatus      0x08006b35   0x100  Code  Gb  usb_core.o [1]
Standard_Inquiry_Data   0x200082e4    0x24  Data  Gb  scsi_data.o [1]
Standard_Inquiry_Data2  0x20008308    0x24  Data  Gb  scsi_data.o [1]
Standard_SetConfiguration
                        0x08006a3b    0x4e  Code  Gb  usb_core.o [1]
Standard_SetDeviceFeature
                        0x08006e4b    0x24  Code  Gb  usb_core.o [1]
Standard_SetEndPointFeature
                        0x08006d91    0xba  Code  Gb  usb_core.o [1]
Standard_SetInterface   0x08006ab3    0x82  Code  Gb  usb_core.o [1]
Status                  0x20008088     0x4  Data  Gb  mass_mal.o [1]
StatusInfo              0x200080cc     0x4  Data  Gb  usb_core.o [1]
String_Descriptor       0x20008370    0x20  Data  Gb  usb_prop.o [1]
SysTickHandler          0x0800a805     0x8  Code  Gb  stm32f10x_it.o [1]
SysTick_CLKSourceConfig
                        0x0800e515    0x20  Code  Gb  stm32f10x_systick.o [1]
SysTick_CounterCmd      0x0800e541    0x30  Code  Gb  stm32f10x_systick.o [1]
SysTick_GetCounter      0x0800e593     0x6  Code  Gb  stm32f10x_systick.o [1]
SysTick_IRQ_Handle      0x08009a21    0x68  Code  Gb  PaperDetect.o [1]
SysTick_ITConfig        0x0800e571    0x22  Code  Gb  stm32f10x_systick.o [1]
SysTick_SetReload       0x0800e535     0xc  Code  Gb  stm32f10x_systick.o [1]
TAMPER_IRQHandler       0x0800a811     0x2  Code  Gb  stm32f10x_it.o [1]
TIM1_BRK_IRQHandler     0x0800a8ad     0x2  Code  Gb  stm32f10x_it.o [1]
TIM1_CC_IRQHandler      0x0800a8b3     0x2  Code  Gb  stm32f10x_it.o [1]
TIM1_TRG_COM_IRQHandler
                        0x0800a8b1     0x2  Code  Gb  stm32f10x_it.o [1]
TIM1_UP_IRQHandler      0x0800a8af     0x2  Code  Gb  stm32f10x_it.o [1]
TIM2_IRQHandler         0x0800a8b5     0x8  Code  Gb  stm32f10x_it.o [1]
TIM2_UpdateISRHandler   0x0800d3f5    0x9a  Code  Gb  TimeBase.o [1]
TIM3_IRQHandler         0x0800a8bd    0x24  Code  Gb  stm32f10x_it.o [1]
TIM3_IRQ_Handle         0x08004c39    0x1c  Code  Gb  TP.o [1]
TIM4_IRQHandler         0x0800a8e1     0x2  Code  Gb  stm32f10x_it.o [1]
TIM5_IRQHandler         0x0800aa49     0x2  Code  Gb  stm32f10x_it.o [1]
TIM6_IRQHandler         0x0800aabb     0x2  Code  Gb  stm32f10x_it.o [1]
TIM7_IRQHandler         0x0800aabd     0x2  Code  Gb  stm32f10x_it.o [1]
TIM8_BRK_IRQHandler     0x0800aa3b     0x2  Code  Gb  stm32f10x_it.o [1]
TIM8_CC_IRQHandler      0x0800aa41     0x2  Code  Gb  stm32f10x_it.o [1]
TIM8_TRG_COM_IRQHandler
                        0x0800aa3f     0x2  Code  Gb  stm32f10x_it.o [1]
TIM8_UP_IRQHandler      0x0800aa3d     0x2  Code  Gb  stm32f10x_it.o [1]
TIM_ClearITPendingBit   0x0800d0e5     0x8  Code  Gb  stm32f10x_tim.o [1]
TIM_Cmd                 0x0800d07f    0x1c  Code  Gb  stm32f10x_tim.o [1]
TIM_GetITStatus         0x0800d0b3    0x32  Code  Gb  stm32f10x_tim.o [1]
TIM_ITConfig            0x0800d09b    0x18  Code  Gb  stm32f10x_tim.o [1]
TIM_OC1Init             0x0800cfc7    0x76  Code  Gb  stm32f10x_tim.o [1]
TIM_OCStructInit        0x0800d05d    0x22  Code  Gb  stm32f10x_tim.o [1]
TIM_TimeBaseInit        0x0800cf91    0x36  Code  Gb  stm32f10x_tim.o [1]
TIM_TimeBaseStructInit  0x0800d045    0x18  Code  Gb  stm32f10x_tim.o [1]
TPAdjustStepTime        0x08004369   0x110  Code  Lc  TP.o [1]
TPBMSNSDetect           0x080097fd   0x144  Code  Gb  PaperDetect.o [1]
TPCheckBuf              0x0800472f   0x17e  Code  Lc  TP.o [1]
TPDataDMAShiftToPrn     0x08004715    0x1a  Code  Lc  TP.o [1]
TPDataShiftCntProc      0x08004575   0x184  Code  Lc  TP.o [1]
TPDataShiftOut          0x080046f9    0x1c  Code  Lc  TP.o [1]
TPFeedLine              0x08004dd7    0x18  Code  Gb  TP.o [1]
TPFeedStep              0x080044b9    0x48  Code  Lc  TP.o [1]
TPForwardStep           0x08004149   0x180  Code  Lc  TP.o [1]
TPGetStepTime           0x08004479    0x30  Code  Lc  TP.o [1]
TPHTemperature          0x0800d899    0x5c  Code  Gb  ThermalDetect.o [1]
TPHeatDotsAdj           0x08004325    0x44  Code  Lc  TP.o [1]
TPHeatPreLineAdj        0x08004321     0x2  Code  Lc  TP.o [1]
TPHeatThermalAdj        0x080042d5    0x4c  Code  Lc  TP.o [1]
TPHeatVoltageAdj        0x080042d1     0x2  Code  Lc  TP.o [1]
TPISRProc               0x080048bd   0x37c  Code  Gb  TP.o [1]
TPInit                  0x08004019   0x130  Code  Gb  TP.o [1]
TPIntSetIdle            0x08004523    0x28  Code  Lc  TP.o [1]
TPIntSetPreIdle         0x08004501    0x22  Code  Lc  TP.o [1]
TPPaperSNSDetect        0x08009941    0xb4  Code  Gb  PaperDetect.o [1]
TPPaperSNSInit          0x08009599   0x178  Code  Gb  PaperDetect.o [1]
TPPrintAsciiLine        0x08004def     0x8  Code  Lc  TP.o [1]
TPPrintCmdToBuf         0x08004d49    0x80  Code  Lc  TP.o [1]
TPPrintLine             0x08004dc9     0xe  Code  Gb  TP.o [1]
TPPrintTestPage         0x08004df9   0x204  Code  Gb  TP.o [1]
TPPrinterMark           0x080099f5    0x12  Code  Gb  PaperDetect.o [1]
TPPrinterReady          0x08009a07    0x14  Code  Gb  PaperDetect.o [1]
TPSetSpeed              0x08004c55    0x30  Code  Gb  TP.o [1]
TPSetTimeCnt            0x080044ad     0x6  Code  Lc  TP.o [1]
TPStart                 0x08004cd5    0x74  Code  Lc  TP.o [1]
TP_dot                  0x200070b8   0x310  Data  Lc  TP.o [1]
TimeBase_Init           0x0800d387    0x6e  Code  Gb  TimeBase.o [1]
TpAccelerationSteps     0x0800d0ec   0x150  Data  Lc  TP.o [1]
TranRtoDegree           0x0800d815    0x84  Code  Gb  ThermalDetect.o [1]
TranVtoR                0x0800d7e9    0x2a  Code  Gb  ThermalDetect.o [1]
TransferState           0x20008119     0x1  Data  Gb  memory.o [1]
Transfer_Data_Request   0x0800a259    0x32  Code  Gb  usb_bot.o [1]
UART4_IRQHandler        0x0800aa4d    0x6c  Code  Gb  stm32f10x_it.o [1]
UART5_IRQHandler        0x0800aab9     0x2  Code  Gb  stm32f10x_it.o [1]
USART1_IRQHandler       0x0800a8f1    0x6c  Code  Gb  stm32f10x_it.o [1]
USART2_IRQHandler       0x0800a95d    0x6c  Code  Gb  stm32f10x_it.o [1]
USART3_IRQHandler       0x0800a9c9    0x6c  Code  Gb  stm32f10x_it.o [1]
USART_Cmd               0x0800ca01    0x1a  Code  Gb  stm32f10x_usart.o [1]
USART_DMACmd            0x0800ca6b    0x18  Code  Gb  stm32f10x_usart.o [1]
USART_GetFlagStatus     0x0800ca93    0x1a  Code  Gb  stm32f10x_usart.o [1]
USART_GetITStatus       0x0800caad    0x64  Code  Gb  stm32f10x_usart.o [1]
USART_ITConfig          0x0800ca1b    0x50  Code  Gb  stm32f10x_usart.o [1]
USART_Init              0x0800c965    0x9c  Code  Gb  stm32f10x_usart.o [1]
USART_ReceiveData       0x0800ca8b     0x8  Code  Gb  stm32f10x_usart.o [1]
USART_SendData          0x0800ca83     0x8  Code  Gb  stm32f10x_usart.o [1]
USBWakeUp_IRQHandler    0x0800aa39     0x2  Code  Gb  stm32f10x_it.o [1]
USB_APP_ClearFeature    0x0800b84d    0x1c  Code  Gb  usb_prop.o [1]
USB_APP_Data_Setup      0x0800b87d    0x60  Code  Gb  usb_prop.o [1]
USB_APP_GetConfigDescriptor
                        0x0800b94d     0xc  Code  Gb  usb_prop.o [1]
USB_APP_GetDeviceDescriptor
                        0x0800b93d     0xc  Code  Gb  usb_prop.o [1]
USB_APP_GetStringDescriptor
                        0x0800b95d    0x28  Code  Gb  usb_prop.o [1]
USB_APP_Get_Interface_Setting
                        0x0800b985    0x18  Code  Gb  usb_prop.o [1]
USB_APP_NoData_Setup    0x0800b8dd    0x54  Code  Gb  usb_prop.o [1]
USB_APP_Reset           0x0800b73d    0xdc  Code  Gb  usb_prop.o [1]
USB_APP_SetConfiguration
                        0x0800b81d    0x30  Code  Gb  usb_prop.o [1]
USB_APP_SetDeviceAddress
                        0x0800b86d     0x8  Code  Gb  usb_prop.o [1]
USB_APP_Status_In       0x0800b879     0x2  Code  Gb  usb_prop.o [1]
USB_APP_Status_Out      0x0800b87b     0x2  Code  Gb  usb_prop.o [1]
USB_APP_StringLangID    0x0800f734     0x4  Data  Gb  usb_desc.o [1]
USB_APP_StringProduct   0x0800f1c8    0x20  Data  Gb  usb_desc.o [1]
USB_APP_StringSerial    0x200083b0    0x1c  Data  Gb  usb_desc.o [1]
USB_APP_StringVendor    0x0800f09c    0x28  Data  Gb  usb_desc.o [1]
USB_APP_init            0x0800b701    0x3c  Code  Gb  usb_prop.o [1]
USB_HP_CAN_TX_IRQHandler
                        0x0800a897     0x8  Code  Gb  stm32f10x_it.o [1]
USB_Init                0x0800ed69    0x40  Code  Gb  usb_init.o [1]
USB_Istr                0x0800e3e9    0x9c  Code  Gb  usb_istr.o [1]
USB_LP_CAN_RX0_IRQHandler
                        0x0800a89f     0x8  Code  Gb  stm32f10x_it.o [1]
USB_PowerOn             0x0800ee25    0x34  Code  Gb  usb_pwr.o [1]
USB_SIL_Read            0x0800ead3    0x2c  Code  Gb  usb_sil.o [1]
USB_SIL_Write           0x0800eaa5    0x2e  Code  Gb  usb_sil.o [1]
Unconfigure_All         0x0800c301    0x20  Code  Lc  main.o [1]
UsageFaultException     0x0800a7fd     0x2  Code  Gb  stm32f10x_it.o [1]
UserToPMABufferCopy     0x0800ebb1    0x2e  Code  Gb  usb_mem.o [1]
User_Standard_Requests  0x2000832c    0x24  Data  Gb  usb_prop.o [1]
WWDG_IRQHandler         0x0800a80d     0x2  Code  Gb  stm32f10x_it.o [1]
Wake_up                 0x08004c91    0x44  Code  Gb  TP.o [1]
Write_Memory            0x0800c4b1   0x120  Code  Gb  memory.o [1]
_EncodingSb_Mbtowc      0x0800ea6d    0x38  Code  Gb  xencoding_sb.o [3]
_EncodingSb_Wctomb      0x0800ea49    0x1c  Code  Gb  xencoding_sb.o [3]
_Files                  0x20008390    0x20  Data  Gb  xfiles.o [3]
_GenldDefault           0x08003d8d   0x258  Code  Lc  xprintffull.o [3]
_IsdstStr               0x20008148     0x4  Data  Gb  setlocale.o [3]
_LdtobDefault           0x08003969   0x404  Code  Lc  xprintffull.o [3]
_LitobDefault           0x08003851   0x110  Code  Lc  xprintffull.o [3]
_LocaleC_lconv          0x0800ec58    0x48  Data  Gb  xlocale_c.o [3]
_LocaleEncoding         0x0800f469    0x10  Code  Gb  setlocale.o [3]
_LocaleReturnString     0x20008158    0x50  Data  Lc  setlocale.o [3]
_Locale_LconvArray      0x20008154     0x4  Data  Gb  setlocale.o [3]
_Locale_Profile         0x20008124    0x1c  Data  Gb  setlocale.o [3]
_Locale_lconv           0x200081ac    0x48  Data  Gb  localeconv.o [3]
_Mbtowc                 0x0800f209    0x20  Code  Gb  xmbtowc.o [3]
_Printf                 0x08002fc9   0x5a8  Code  Gb  xprintffull.o [3]
_Prout                  0x0800f363    0x16  Code  Gb  xprout.o [3]
_PutcharsDefault        0x08003fe5    0x32  Code  Lc  xprintffull.o [3]
_PutstrDefault          0x08003579   0x2cc  Code  Lc  xprintffull.o [3]
_SNProut                0x0800f285    0x1a  Code  Gb  xsnprout.o [3]
_TzoneStr               0x20008140     0x4  Data  Gb  setlocale.o [3]
_Wctomb                 0x0800f29f    0x1a  Code  Gb  xwctomb.o [3]
__BASEPRICONFIG         0x0800e79f          Code  Gb  cortexm3_macro.o [1]
__DMB                   0x0800e751          Code  Gb  cortexm3_macro.o [1]
__DSB                   0x0800e74b          Code  Gb  cortexm3_macro.o [1]
__GetBASEPRI            0x0800e7a5          Code  Gb  cortexm3_macro.o [1]
__ISB                   0x0800e745          Code  Gb  cortexm3_macro.o [1]
__MRS_CONTROL           0x0800e75b          Code  Gb  cortexm3_macro.o [1]
__MRS_MSP               0x0800e777          Code  Gb  cortexm3_macro.o [1]
__MRS_PSP               0x0800e76b          Code  Gb  cortexm3_macro.o [1]
__MSR_CONTROL           0x0800e761          Code  Gb  cortexm3_macro.o [1]
__MSR_MSP               0x0800e77d          Code  Gb  cortexm3_macro.o [1]
__MSR_PSP               0x0800e771          Code  Gb  cortexm3_macro.o [1]
__READ_FAULTMASK        0x0800e799          Code  Gb  cortexm3_macro.o [1]
__READ_PRIMASK          0x0800e78b          Code  Gb  cortexm3_macro.o [1]
__RESETFAULTMASK        0x0800e791          Code  Gb  cortexm3_macro.o [1]
__RESETPRIMASK          0x0800e783          Code  Gb  cortexm3_macro.o [1]
__REV_HalfWord          0x0800e7ab          Code  Gb  cortexm3_macro.o [1]
__REV_Word              0x0800e7af          Code  Gb  cortexm3_macro.o [1]
__SETFAULTMASK          0x0800e795          Code  Gb  cortexm3_macro.o [1]
__SETPRIMASK            0x0800e787          Code  Gb  cortexm3_macro.o [1]
__SEV                   0x0800e741          Code  Gb  cortexm3_macro.o [1]
__SVC                   0x0800e757          Code  Gb  cortexm3_macro.o [1]
__WFE                   0x0800e73d          Code  Gb  cortexm3_macro.o [1]
__WFI                   0x0800e739          Code  Gb  cortexm3_macro.o [1]
__aeabi_assert          0x0800ece7    0x42  Code  Gb  xassert.o [3]
__aeabi_cdcmple         0x0800ef61          Code  Gb  DblCmpLe.o [4]
__aeabi_cdrcmple        0x0800ef91          Code  Gb  DblCmpGe.o [4]
__aeabi_d2iz            0x0800eb59          Code  Gb  DblToI32.o [4]
__aeabi_d2uiz           0x0800eb85          Code  Gb  DblToI32.o [4]
__aeabi_dadd            0x0800deb1          Code  Gb  DblAdd.o [4]
__aeabi_ddiv            0x0800b9bd          Code  Gb  DblDiv.o [4]
__aeabi_dmul            0x0800cb11          Code  Gb  DblMul.o [4]
__aeabi_dsub            0x0800ccb5          Code  Gb  DblSub.o [4]
__aeabi_i2d             0x0800efc1          Code  Gb  I32ToDbl.o [4]
__aeabi_ldiv0           0x0800f739          Code  Gb  I64DivZer.o [4]
__aeabi_ldivmod         0x0800d23d          Code  Gb  I64DivMod.o [4]
__aeabi_memcpy          0x0800e831          Code  Gb  ABImemcpy.o [4]
__aeabi_memcpy4         0x0800e84b          Code  Gb  ABImemcpy.o [4]
__aeabi_memcpy8         0x0800e84b          Code  Gb  ABImemcpy.o [4]
__aeabi_memset          0x0800e97d          Code  Gb  ABImemset.o [4]
__aeabi_ui2d            0x0800efd5          Code  Gb  I32ToDbl.o [4]
__aeabi_uldivmod        0x0800d251          Code  Gb  I64DivMod.o [4]
__call_dtors            0x0800e8cd     0x4  Code  Gb  cppinit.o [3]
__cstart_call_dtors     0x0800f557          Code  Gb  cexit.o [4]
__cxa_atexit            0x0800e8a1    0x2c  Code  Gb  cppinit.o [3]
__cxa_finalize          0x0800e8d1    0x3c  Code  Gb  cppinit.o [3]
__data_Aldata           0x20008080     0x8  Data  Gb  xxmemxmalloc.o [3]
__data_GetMemChunk      0x0800f0ed    0x28  Code  Gb  xgetmemchunk.o [3]
__dwrite                0x0800f249    0x1e  Code  Gb  dwrite.o [5]
__exit                  0x0800f441    0x14  Code  Gb  exit.o [5]
__iar_Dnorm             0x0800e129    0xb4  Code  Gb  xdnorm.o [3]
__iar_Dscale            0x0800d6d9   0x110  Code  Gb  xdscale.o [3]
__iar_EmptyStepPoint    0x0800ece5     0x2  Code  Gb  xassert.o [3]
__iar_Locksyslock       0x0800e5c9    0x4c  Code  Gb  xsyslock.o [3]
__iar_Mbcurmax          0x0800f6c5     0xa  Code  Gb  xmbcurmax.o [3]
__iar_Memchr            0x0800eb01          Code  Gb  memchr.o [4]
__iar_Memset            0x0800e97d          Code  Gb  ABImemset.o [4]
__iar_Memset_word       0x0800e985          Code  Gb  ABImemset.o [4]
__iar_Mtxdst            0x0800ef37     0x6  Code  Gb  MtxWrapper.o [3]
__iar_Mtxinit           0x0800ef31     0x6  Code  Gb  MtxWrapper.o [3]
__iar_Mtxlock           0x0800ef3d     0x4  Code  Gb  MtxWrapper.o [3]
__iar_Mtxunlock         0x0800ef4b     0x6  Code  Gb  MtxWrapper.o [3]
__iar_ReportAssert      0x0800e6d5    0x64  Code  Gb  xreportassert.o [3]
__iar_Stderr            0x20008274    0x40  Data  Gb  xfiles.o [3]
__iar_Stdin             0x200081f4    0x40  Data  Gb  xfiles.o [3]
__iar_Stdout            0x20008234    0x40  Data  Gb  xfiles.o [3]
__iar_Strchr            0x0800f34d          Code  Gb  strchr.o [4]
__iar_Tls_setup__IsdstStr
                        0x2000814c     0x4  Data  Gb  setlocale.o [3]
__iar_Tls_setup__Locale_Profile
                        0x20008150     0x4  Data  Gb  setlocale.o [3]
__iar_Tls_setup__Locale_lconv
                        0x200081a8     0x4  Data  Gb  localeconv.o [3]
__iar_Tls_setup__TzoneStr
                        0x20008144     0x4  Data  Gb  setlocale.o [3]
__iar_Unlocksyslock     0x0800e615    0x14  Code  Gb  xsyslock.o [3]
__iar_d2uiz             0x0800eb8f          Code  Gb  DblToI32.o [4]
__iar_dadd              0x0800dec3          Code  Gb  DblAdd.o [4]
__iar_data_init2        0x0800f269    0x1c  Code  Gb  data_init2.o [4]
__iar_dsub              0x0800ccc7          Code  Gb  DblSub.o [4]
__iar_dsubStart         0x0800ccd9          Code  Gb  DblSub.o [4]
__iar_packbits_init2    0x0800e485    0x8e  Code  Gb  packbits_init2.o [4]
__iar_program_start     0x0800f335          Code  Gb  cmain.o [4]
__iar_sh_stdout         0x0800ec19    0x3c  Code  Gb  iarwstd.o [5]
__iar_sh_stdout_close   0x0800ec05    0x14  Code  Gb  iarwstd.o [5]
__iar_sh_stdout_handle  0x200080fc     0x4  Data  Lc  iarwstd.o [5]
__iar_sh_write          0x0800f229    0x20  Code  Gb  iarwrite.o [5]
__iar_ui2d              0x0800efd7          Code  Gb  I32ToDbl.o [4]
__iar_zero_init2        0x0800f2b9    0x1a  Code  Gb  zero_init2.o [4]
__low_level_init        0x0800f73b     0x4  Code  Gb  low_level_init.o [3]
__vector_table          0x08000000   0x140  Data  Gb  stm32f10x_vector.o [1]
__write                 0x0800f545    0x10  Code  Gb  write.o [5]
_exit                   0x0800f555          Code  Gb  cexit.o [4]
_main                   0x0800f347          Code  Gb  cmain.o [4]
abort                   0x0800f721     0x8  Code  Gb  abort.o [3]
bDeviceState            0x200080e4     0x4  Data  Gb  usb_pwr.o [1]
bIntPackSOF             0x20008120     0x1  Data  Gb  usb_istr.o [1]
bm_cnt                  0x20008114     0x1  Data  Gb  PaperDetect.o [1]
bt_connect_status       0x2000810e     0x1  Data  Lc  BT816.o [1]
buffer                  0x200054b8  0x1000  Data  Lc  spi_flash.o [1]
check_fs                0x08000b3d    0x78  Code  Lc  ff.o [1]
chk_chr                 0x08000185    0x14  Code  Lc  ff.o [1]
chk_mounted             0x08000bb5   0x2dc  Code  Gb  ff.o [1]
clearlocks              0x0800e5a1    0x26  Code  Lc  xsyslock.o [3]
clr_all_dot             0x20008115     0x1  Data  Gb  TP.o [1]
clust2sect              0x08000629    0x18  Code  Gb  ff.o [1]
count_in                0x200080d0     0x4  Data  Gb  usb_endp.o [1]
crc32                   0x0800f0c5    0x28  Code  Gb  crc32.o [1]
crc32_tab               0x0800a308   0x400  Data  Lc  crc32.o [1]
create_chain            0x08000575    0xb4  Code  Lc  ff.o [1]
create_name             0x08000911   0x180  Code  Lc  ff.o [1]
current_cache_block     0x200080b4     0x4  Data  Lc  spi_flash.o [1]
current_channel         0x20008117     0x1  Data  Gb  esc_p.o [1]
data_uart_init          0x0800e33d    0x88  Code  Gb  data_uart.o [1]
delay_ms                0x0800d36d    0x1a  Code  Gb  TimeBase.o [1]
dir_find                0x08000827    0x62  Code  Lc  ff.o [1]
dir_next                0x080006f1   0x136  Code  Lc  ff.o [1]
dir_register            0x08000889    0x88  Code  Lc  ff.o [1]
dir_seek                0x08000641    0xb0  Code  Lc  ff.o [1]
disk_initialize         0x0800dce1    0x12  Code  Gb  diskio.o [1]
disk_ioctl              0x0800dd8d    0x3c  Code  Gb  diskio.o [1]
disk_read               0x0800dd09    0x44  Code  Gb  diskio.o [1]
disk_status             0x0800dcf7    0x12  Code  Gb  diskio.o [1]
disk_write              0x0800dd4d    0x38  Code  Gb  diskio.o [1]
div                     0x0800f571     0xe  Code  Gb  div.o [3]
dwPictureLBA            0x200080ac     0x4  Data  Gb  res_spi.o [1]
ebuf                    0x20007db4    0x50  Data  Lc  xfiles.o [3]
enter_u_disk_mode       0x0800c161    0x48  Code  Gb  main.o [1]
esc_init                0x0800b08d     0x8  Code  Gb  esc_p.o [1]
esc_p                   0x0800b095    0x92  Code  Gb  esc_p.o [1]
esc_p_init              0x0800ae19   0x274  Code  Gb  esc_p.o [1]
esc_sts                 0x20000df0  0x36c8  Data  Gb  esc_p.o [1]
event_pend              0x0800d5d3    0x2a  Code  Gb  Event.o [1]
event_post              0x0800d5b9    0x1a  Code  Gb  Event.o [1]
event_proc              0x0800d609    0xd0  Code  Gb  Event.o [1]
evtHead                 0x2000810f     0x1  Data  Lc  Event.o [1]
evtQueue                0x20007e94    0x40  Data  Lc  Event.o [1]
evtTail                 0x20008110     0x1  Data  Lc  Event.o [1]
exit                    0x0800f729     0x6  Code  Gb  exit.o [3]
f_close                 0x08001347    0x18  Code  Gb  ff.o [1]
f_lseek                 0x0800135f   0x1de  Code  Gb  ff.o [1]
f_mkfs                  0x0800153d   0x6b8  Code  Gb  ff.o [1]
f_mount                 0x08000ebd    0x34  Code  Gb  ff.o [1]
f_open                  0x08000ef1   0x1b0  Code  Gb  ff.o [1]
f_read                  0x080010a1   0x1ea  Code  Gb  ff.o [1]
f_sync                  0x0800128b    0xbc  Code  Gb  ff.o [1]
fatfs_sector_offset     0x200080bc     0x4  Data  Gb  spi_flash.o [1]
fflush                  0x0800e301    0x3c  Code  Gb  fflush.o [3]
fflushOne               0x0800e28d    0x74  Code  Lc  fflush.o [3]
flash_state             0x2000811a     0x1  Data  Lc  spi_flash.o [1]
flasize                 0x200080b0     0x4  Data  Gb  spi_flash.o [1]
follow_path             0x08000a91    0xa8  Code  Lc  ff.o [1]
font_data_read          0x0800b355    0xc8  Code  Gb  res_spi.o [1]
fonta_en                0x08004ffc   0xd80  Data  Gb  res_spi.o [1]
fontb_en                0x08008f98   0x600  Data  Gb  res_spi.o [1]
fputc                   0x0800e3c5    0x20  Code  Gb  data_uart.o [1]
free                    0x0800e62d    0x88  Code  Gb  xxmemxfree.o [3]
fs                      0x200073c8   0x230  Data  Gb  res_spi.o [1]
g_mass_storage_device_type
                        0x2000811b     0x1  Data  Gb  usb_app_config.o [1]
g_param                 0x20007ed4    0x40  Data  Gb  Terminal_Para_m.o [1]
g_usb_type              0x2000811c     0x1  Data  Gb  usb_app_config.o [1]
get_fat                 0x080002e3    0xfe  Code  Gb  ff.o [1]
get_fattime             0x0800dcf3     0x4  Code  Gb  diskio.o [1]
get_spi_flash_capacity  0x08008dcd     0x6  Code  Gb  spi_flash.o [1]
hard_fault_handler_c    0x0800a70d    0xe4  Code  Gb  stm32f10x_it.o [1]
id_array                0x0800ed28    0x40  Data  Gb  spi_flash.o [1]
keyStatus               0x20008111     0x1  Data  Lc  KeyScan.o [1]
localeconv              0x0800f455    0x14  Code  Gb  localeconv.o [3]
main                    0x0800c1a9    0xcc  Code  Gb  main.o [1]
malloc                  0x0800e06d    0xbc  Code  Gb  xxmemxmalloc.o [3]
max_start_col           0x20008100     0x2  Data  Gb  DotFill.o [1]
mem_cmp                 0x08000165    0x20  Code  Lc  ff.o [1]
mem_cpy                 0x08000141    0x14  Code  Lc  ff.o [1]
mem_set                 0x08000155    0x10  Code  Lc  ff.o [1]
memchr                  0x0800eb01          Code  Gb  memchr.o [4]
memcmp                  0x0800e9e5          Code  Gb  memcmp.o [4]
memcpy                  0x0800f563     0xe  Code  Wk  BT816.o [1]
memset                  0x0800f47d    0x14  Code  Wk  DotFill.o [1]
move_window             0x08000199    0x74  Code  Lc  ff.o [1]
mtx                     0x20008018    0x10  Data  Lc  xsyslock.o [3]
mtxdst                  0x200080f0     0x4  Data  Lc  MtxWrapper.o [3]
mtxinit                 0x200080ec     0x4  Data  Lc  MtxWrapper.o [3]
mtxlock                 0x200080f4     0x4  Data  Lc  MtxWrapper.o [3]
mtxunlock               0x200080f8     0x4  Data  Lc  MtxWrapper.o [3]
next_abi_dtor_rec       0x20008444     0x4  Data  Lc  cppinit.o [3]
obuf                    0x20007e04    0x50  Data  Lc  xfiles.o [3]
out                     0x0800e6b5    0x20  Code  Lc  xreportassert.o [3]
pEpInt_IN               0x200083cc    0x1c  Data  Gb  usb_istr.o [1]
pEpInt_OUT              0x200083e8    0x1c  Data  Gb  usb_istr.o [1]
pInformation            0x200080d4     0x4  Data  Gb  usb_init.o [1]
pProperty               0x200080d8     0x4  Data  Gb  usb_init.o [1]
pUser_Standard_Requests
                        0x200080dc     0x4  Data  Gb  usb_init.o [1]
p_allocate_addr         0x20007a1c   0x190  Data  Lc  JMemory.o [1]
papercnt                0x20008113     0x1  Data  Gb  PaperDetect.o [1]
param_format            0x080066b5     0xe  Code  Gb  record_mod.o [1]
param_init              0x08006a01     0xe  Code  Gb  record_mod.o [1]
param_mod_state         0x20008116     0x1  Data  Lc  Terminal_Para_m.o [1]
param_read              0x080066c5   0x108  Code  Gb  record_mod.o [1]
param_write             0x080067cd   0x234  Code  Gb  record_mod.o [1]
print_head_SPI_init     0x0800df99    0x7c  Code  Lc  print_head.o [1]
print_head_init         0x0800e015    0x14  Code  Gb  print_head.o [1]
print_head_spi_send_byte
                        0x0800e029    0x40  Code  Gb  print_head.o [1]
printersts              0x20008112     0x1  Data  Gb  PaperDetect.o [1]
printf                  0x0800f1e9    0x20  Code  Gb  printf.o [3]
put_fat                 0x080003e1   0x124  Code  Gb  ff.o [1]
putchar                 0x0800f6b9     0xc  Code  Gb  putchar.o [3]
read_resdata            0x0800b2bd    0x88  Code  Gb  res_spi.o [1]
rec_copy4kblk           0x08005e5d    0x62  Code  Lc  record_mod.o [1]
rec_getindex            0x08005ebf    0x18  Code  Lc  record_mod.o [1]
rec_getrecspc           0x08005db5    0x3a  Code  Lc  record_mod.o [1]
rec_readsimprit         0x08005d7d    0x38  Code  Lc  record_mod.o [1]
rec_writesimprit        0x08005def    0x62  Code  Lc  record_mod.o [1]
recinfo                 0x20007f84    0x2c  Data  Lc  record_mod.o [1]
recmod_flasize          0x200080b8     0x4  Data  Gb  spi_flash.o [1]
record_count            0x08006619    0x96  Code  Gb  record_mod.o [1]
record_format           0x08005ed9   0x2bc  Code  Gb  record_mod.o [1]
record_init             0x08006195   0x47c  Code  Gb  record_mod.o [1]
remove_chain            0x08000505    0x70  Code  Lc  ff.o [1]
res_buffer              0x2000781c   0x200  Data  Lc  res_spi.o [1]
res_init                0x0800b1ad   0x10c  Code  Gb  res_spi.o [1]
res_loadres             0x0800b129    0x64  Code  Lc  res_spi.o [1]
resource_file           0x200075f8   0x224  Data  Lc  res_spi.o [1]
restbl                  0x0800ee98    0x34  Data  Gb  ThermalDetect.o [1]
ringbuffer_data_len     0x08001c1d    0x44  Code  Lc  BT816.o [1]
ringbuffer_data_len     0x0800bca1    0x44  Code  Lc  ringbuffer.o [1]
ringbuffer_getchar      0x0800be6b    0x64  Code  Gb  ringbuffer.o [1]
ringbuffer_init         0x0800bce5    0x60  Code  Gb  ringbuffer.o [1]
ringbuffer_put          0x0800bd45    0xc2  Code  Gb  ringbuffer.o [1]
ringbuffer_putchar      0x0800be07    0x64  Code  Gb  ringbuffer.o [1]
ringbuffer_reset        0x0800bed9    0x22  Code  Gb  ringbuffer.o [1]
ringbuffer_status       0x08001bf5    0x28  Code  Lc  BT816.o [1]
ringbuffer_status       0x0800bc79    0x28  Code  Lc  ringbuffer.o [1]
send_data_to_BT         0x08002451   0x154  Code  Lc  BT816.o [1]
setup_font              0x0800b18d    0x1a  Code  Gb  res_spi.o [1]
setup_picture           0x0800b1a7     0x6  Code  Gb  res_spi.o [1]
simprit                 0x20008028    0x10  Data  Lc  record_mod.o [1]
snprintf                0x0800eda9    0x40  Code  Gb  snprintf.o [3]
spi_flash_erasesector   0x080089d5    0x44  Code  Gb  spi_flash.o [1]
spi_flash_init          0x08008821   0x18c  Code  Gb  spi_flash.o [1]
spi_flash_page_write    0x08008a91    0x5c  Code  Gb  spi_flash.o [1]
spi_flash_post_write    0x08008dd3    0x6c  Code  Gb  spi_flash.o [1]
spi_flash_raddr         0x08008cb3    0x50  Code  Gb  spi_flash.o [1]
spi_flash_read          0x08008f03    0x88  Code  Gb  spi_flash.o [1]
spi_flash_rpage         0x08008a19    0x78  Code  Gb  spi_flash.o [1]
spi_flash_send_byte     0x08008d03    0x48  Code  Gb  spi_flash.o [1]
spi_flash_valid         0x080089ad    0x22  Code  Gb  spi_flash.o [1]
spi_flash_waddr         0x08008aed   0x1c6  Code  Gb  spi_flash.o [1]
spi_flash_wait_for_write_end
                        0x08008d6f    0x58  Code  Gb  spi_flash.o [1]
spi_flash_write         0x08008e3f    0xc4  Code  Gb  spi_flash.o [1]
spi_flash_write_enable  0x08008d51    0x1e  Code  Gb  spi_flash.o [1]
spp_rec_buffer          0x200044b8  0x1000  Data  Gb  BT816.o [1]
spp_ringbuf             0x20007e54    0x40  Data  Gb  BT816.o [1]
strchr                  0x0800f34d          Code  Gb  strchr.o [4]
strlen                  0x0800ee61          Code  Gb  strlen.o [4]
sync                    0x0800020d    0xd6  Code  Lc  ff.o [1]
syslock_o               0x20008014     0x4  Data  Lc  xsyslock.o [3]
system_error_tip        0x0800c15d     0x2  Code  Gb  main.o [1]
tp                      0x20007bac   0x188  Data  Lc  TP.o [1]
usb_Cable_Config        0x0800db59     0x2  Code  Gb  usb_app_config.o [1]
usb_Get_SerialNum       0x0800db85    0x68  Code  Gb  usb_app_config.o [1]
usb_Interrupts_Config   0x0800db11    0x48  Code  Lc  usb_app_config.o [1]
usb_SetClock            0x0800daf5    0x1c  Code  Lc  usb_app_config.o [1]
usb_device_init         0x0800db5d    0x28  Code  Gb  usb_app_config.o [1]
v_timer_list            0x20008048     0x8  Data  Gb  TimeBase.o [1]
validate                0x08000e91    0x2c  Code  Lc  ff.o [1]
wInterrupt_Mask         0x20008106     0x2  Data  Gb  usb_init.o [1]
wIstr                   0x2000810c     0x2  Data  Gb  usb_istr.o [1]


[1] = E:\BT Printer\FW\src\Project\EWARMv5\Debug\Obj
[2] = command line
[3] = dl7M_tl_if.a
[4] = rt7M_tl.a
[5] = shb_l.a

  54 712 bytes of readonly  code memory
   9 119 bytes of readonly  data memory
  33 845 bytes of readwrite data memory

Errors: none
Warnings: none
