###############################################################################
#                                                                             #
# IAR ELF Linker V5.30.0.51174/W32 for ARM              08/Dec/2015  18:37:55 #
# Copyright 2007-2009 IAR Systems AB.                                         #
#                                                                             #
#    Output file  =  E:\BT Printer\FW\src\Project\EWARMv5\Debug\Exe\T6.out    #
#    Map file     =  E:\BT Printer\FW\src\Project\EWARMv5\Debug\List\T6.map   #
#    Command line =  "E:\BT Printer\FW\src\Project\EWARMv5\Debug\Obj\BT816.o" #
#                     "E:\BT Printer\FW\src\Project\EWARMv5\Debug\Obj\DotFill #
#                    .o" "E:\BT Printer\FW\src\Project\EWARMv5\Debug\Obj\ESC_ #
#                    POS_test.o" "E:\BT Printer\FW\src\Project\EWARMv5\Debug\ #
#                    Obj\Event.o" "E:\BT Printer\FW\src\Project\EWARMv5\Debug #
#                    \Obj\JMemory.o" "E:\BT Printer\FW\src\Project\EWARMv5\De #
#                    bug\Obj\KeyScan.o" "E:\BT Printer\FW\src\Project\EWARMv5 #
#                    \Debug\Obj\PaperDetect.o" "E:\BT                         #
#                    Printer\FW\src\Project\EWARMv5\Debug\Obj\TP.o" "E:\BT    #
#                    Printer\FW\src\Project\EWARMv5\Debug\Obj\Terminal_Para_m #
#                    .o" "E:\BT Printer\FW\src\Project\EWARMv5\Debug\Obj\Ther #
#                    malDetect.o" "E:\BT Printer\FW\src\Project\EWARMv5\Debug #
#                    \Obj\TimeBase.o" "E:\BT Printer\FW\src\Project\EWARMv5\D #
#                    ebug\Obj\basic_fun.o" "E:\BT                             #
#                    Printer\FW\src\Project\EWARMv5\Debug\Obj\cortexm3_macro. #
#                    o" "E:\BT Printer\FW\src\Project\EWARMv5\Debug\Obj\crc32 #
#                    .o" "E:\BT Printer\FW\src\Project\EWARMv5\Debug\Obj\data #
#                    _uart.o" "E:\BT Printer\FW\src\Project\EWARMv5\Debug\Obj #
#                    \diskio.o" "E:\BT Printer\FW\src\Project\EWARMv5\Debug\O #
#                    bj\esc_p.o" "E:\BT Printer\FW\src\Project\EWARMv5\Debug\ #
#                    Obj\ff.o" "E:\BT Printer\FW\src\Project\EWARMv5\Debug\Ob #
#                    j\font.o" "E:\BT Printer\FW\src\Project\EWARMv5\Debug\Ob #
#                    j\hardfault_isr_handle_a.o" "E:\BT                       #
#                    Printer\FW\src\Project\EWARMv5\Debug\Obj\hw_config.o"    #
#                    "E:\BT Printer\FW\src\Project\EWARMv5\Debug\Obj\main.o"  #
#                    "E:\BT Printer\FW\src\Project\EWARMv5\Debug\Obj\mass_mal #
#                    .o" "E:\BT Printer\FW\src\Project\EWARMv5\Debug\Obj\memo #
#                    ry.o" "E:\BT Printer\FW\src\Project\EWARMv5\Debug\Obj\pr #
#                    int_head.o" "E:\BT Printer\FW\src\Project\EWARMv5\Debug\ #
#                    Obj\rec_ecc.o" "E:\BT Printer\FW\src\Project\EWARMv5\Deb #
#                    ug\Obj\record_mod.o" "E:\BT                              #
#                    Printer\FW\src\Project\EWARMv5\Debug\Obj\res_spi_new.o"  #
#                    "E:\BT Printer\FW\src\Project\EWARMv5\Debug\Obj\ringbuff #
#                    er.o" "E:\BT Printer\FW\src\Project\EWARMv5\Debug\Obj\sc #
#                    si_data.o" "E:\BT Printer\FW\src\Project\EWARMv5\Debug\O #
#                    bj\spi_flash.o" "E:\BT Printer\FW\src\Project\EWARMv5\De #
#                    bug\Obj\stm32f10x_adc.o" "E:\BT                          #
#                    Printer\FW\src\Project\EWARMv5\Debug\Obj\stm32f10x_bkp.o #
#                    " "E:\BT Printer\FW\src\Project\EWARMv5\Debug\Obj\stm32f #
#                    10x_crc.o" "E:\BT Printer\FW\src\Project\EWARMv5\Debug\O #
#                    bj\stm32f10x_dbgmcu.o" "E:\BT                            #
#                    Printer\FW\src\Project\EWARMv5\Debug\Obj\stm32f10x_dma.o #
#                    " "E:\BT Printer\FW\src\Project\EWARMv5\Debug\Obj\stm32f #
#                    10x_exti.o" "E:\BT Printer\FW\src\Project\EWARMv5\Debug\ #
#                    Obj\stm32f10x_flash.o" "E:\BT                            #
#                    Printer\FW\src\Project\EWARMv5\Debug\Obj\stm32f10x_fsmc. #
#                    o" "E:\BT Printer\FW\src\Project\EWARMv5\Debug\Obj\stm32 #
#                    f10x_gpio.o" "E:\BT Printer\FW\src\Project\EWARMv5\Debug #
#                    \Obj\stm32f10x_i2c.o" "E:\BT                             #
#                    Printer\FW\src\Project\EWARMv5\Debug\Obj\stm32f10x_it.o" #
#                     "E:\BT Printer\FW\src\Project\EWARMv5\Debug\Obj\stm32f1 #
#                    0x_iwdg.o" "E:\BT Printer\FW\src\Project\EWARMv5\Debug\O #
#                    bj\stm32f10x_lib.o" "E:\BT Printer\FW\src\Project\EWARMv #
#                    5\Debug\Obj\stm32f10x_nvic.o" "E:\BT                     #
#                    Printer\FW\src\Project\EWARMv5\Debug\Obj\stm32f10x_pwr.o #
#                    " "E:\BT Printer\FW\src\Project\EWARMv5\Debug\Obj\stm32f #
#                    10x_rcc.o" "E:\BT Printer\FW\src\Project\EWARMv5\Debug\O #
#                    bj\stm32f10x_rtc.o" "E:\BT Printer\FW\src\Project\EWARMv #
#                    5\Debug\Obj\stm32f10x_spi.o" "E:\BT                      #
#                    Printer\FW\src\Project\EWARMv5\Debug\Obj\stm32f10x_systi #
#                    ck.o" "E:\BT Printer\FW\src\Project\EWARMv5\Debug\Obj\st #
#                    m32f10x_tim.o" "E:\BT Printer\FW\src\Project\EWARMv5\Deb #
#                    ug\Obj\stm32f10x_usart.o" "E:\BT                         #
#                    Printer\FW\src\Project\EWARMv5\Debug\Obj\stm32f10x_vecto #
#                    r.o" "E:\BT Printer\FW\src\Project\EWARMv5\Debug\Obj\uar #
#                    t.o" "E:\BT Printer\FW\src\Project\EWARMv5\Debug\Obj\usb #
#                    _app_config.o" "E:\BT Printer\FW\src\Project\EWARMv5\Deb #
#                    ug\Obj\usb_bot.o" "E:\BT Printer\FW\src\Project\EWARMv5\ #
#                    Debug\Obj\usb_core.o" "E:\BT                             #
#                    Printer\FW\src\Project\EWARMv5\Debug\Obj\usb_desc.o"     #
#                    "E:\BT Printer\FW\src\Project\EWARMv5\Debug\Obj\usb_endp #
#                    .o" "E:\BT Printer\FW\src\Project\EWARMv5\Debug\Obj\usb_ #
#                    init.o" "E:\BT Printer\FW\src\Project\EWARMv5\Debug\Obj\ #
#                    usb_int.o" "E:\BT Printer\FW\src\Project\EWARMv5\Debug\O #
#                    bj\usb_istr.o" "E:\BT Printer\FW\src\Project\EWARMv5\Deb #
#                    ug\Obj\usb_mem.o" "E:\BT Printer\FW\src\Project\EWARMv5\ #
#                    Debug\Obj\usb_prop.o" "E:\BT                             #
#                    Printer\FW\src\Project\EWARMv5\Debug\Obj\usb_pwr.o"      #
#                    "E:\BT Printer\FW\src\Project\EWARMv5\Debug\Obj\usb_regs #
#                    .o" "E:\BT Printer\FW\src\Project\EWARMv5\Debug\Obj\usb_ #
#                    scsi.o" "E:\BT Printer\FW\src\Project\EWARMv5\Debug\Obj\ #
#                    usb_sil.o" -o "E:\BT Printer\FW\src\Project\EWARMv5\Debu #
#                    g\Exe\T6.out" --map "E:\BT Printer\FW\src\Project\EWARMv #
#                    5\Debug\List\T6.map" --config "E:\BT                     #
#                    Printer\FW\src\Project\EWARMv5\stm32f10x_debug.icf"      #
#                    --semihosting --entry __iar_program_start                #
#                                                                             #
#                                                                             #
###############################################################################

*******************************************************************************
*** RUNTIME MODEL ATTRIBUTES
***

__endian      = little
__thumb_aware = enabled


*******************************************************************************
*** PLACEMENT SUMMARY
***

"A1":  place at mem:0x8000000 { ro section .intvec };
"P1":  place in [from mem:0x8000000 to mem:0x807ffff] { ro };
"P3":  place in [from mem:0x20000010 to mem:0x2000ffff] {
          rw, block CSTACK, block HEAP };

  Section            Kind        Address     Size  Object
  -------            ----        -------     ----  ------
"A1":                                       0x140
  .intvec            const    0x08000000    0x140  stm32f10x_vector.o [1]
                            - 0x08000140    0x140

"P1":                                     0x11553
  .text              ro code  0x08000140   0x1e10  ff.o [1]
  .text              ro code  0x08001f50   0x1514  BT816.o [1]
  .text              ro code  0x08003464   0x1250  esc_p.o [1]
  .text              ro code  0x080046b4   0x108c  TP.o [1]
  .text              ro code  0x08005740   0x104e  xprintffull.o [3]
  .rodata            const    0x08006790    0xd80  res_spi_new.o [1]
  .text              ro code  0x08007510    0xc92  record_mod.o [1]
  .text              ro code  0x080081a4    0xbde  usb_core.o [1]
  .text              ro code  0x08008d84    0xa40  font.o [1]
  .text              ro code  0x080097c4    0x8ec  DotFill.o [1]
  .text              ro code  0x0800a0b0    0x810  spi_flash.o [1]
  .rodata            const    0x0800a8c0    0x600  res_spi_new.o [1]
  .text              ro code  0x0800aec0    0x500  PaperDetect.o [1]
  .text              ro code  0x0800b3c0    0x46c  usb_prop.o [1]
  .text              ro code  0x0800b82c    0x440  usb_scsi.o [1]
  .text              ro code  0x0800bc6c    0x43c  usb_bot.o [1]
  .text              ro code  0x0800c0a8    0x40c  res_spi_new.o [1]
  .rodata            const    0x0800c4b4    0x400  crc32.o [1]
  .text              ro code  0x0800c8b4    0x3e4  stm32f10x_it.o [1]
  .text              ro code  0x0800cc98    0x32c  stm32f10x_rcc.o [1]
  .text              ro code  0x0800cfc4    0x2e0  usb_int.o [1]
  .text              ro code  0x0800d2a4    0x2bc  DblDiv.o [4]
  .text              ro code  0x0800d560    0x288  main.o [1]
  .text              ro code  0x0800d7e8    0x282  ringbuffer.o [1]
  .text              ro code  0x0800da6c    0x260  usb_regs.o [1]
  .text              ro code  0x0800dccc    0x23c  memory.o [1]
  .text              ro code  0x0800df08    0x238  uart.o [1]
  .text              ro code  0x0800e140    0x1c4  stm32f10x_dma.o [1]
  .text              ro code  0x0800e304    0x1bc  stm32f10x_adc.o [1]
  .text              ro code  0x0800e4c0    0x1ac  stm32f10x_usart.o [1]
  .text              ro code  0x0800e66c    0x1a2  DblMul.o [4]
  .text              ro code  0x0800e810    0x17e  DblSub.o [4]
  .text              ro code  0x0800e990    0x178  stm32f10x_tim.o [1]
  .text              ro code  0x0800eb08    0x170  stm32f10x_gpio.o [1]
  .text              ro code  0x0800ec78    0x15c  stm32f10x_nvic.o [1]
  .rodata            const    0x0800edd4    0x150  TP.o [1]
  .text              ro code  0x0800ef24    0x130  Event.o [1]
  .text              ro code  0x0800f054    0x130  I64DivMod.o [4]
  .text              ro code  0x0800f184    0x12c  TimeBase.o [1]
  .text              ro code  0x0800f2b0    0x128  ThermalDetect.o [1]
  .text              ro code  0x0800f3d8    0x124  mass_mal.o [1]
  .text              ro code  0x0800f4fc    0x114  usb_app_config.o [1]
  .text              ro code  0x0800f610    0x110  xdscale.o [3]
  .rodata            const    0x0800f720    0x100  TP.o [1]
  .text              ro code  0x0800f820    0x100  Terminal_Para_m.o [1]
  .text              ro code  0x0800f920     0xec  usb_endp.o [1]
  .text              ro code  0x0800fa0c     0xe8  diskio.o [1]
  .text              ro code  0x0800faf4     0xe6  DblAdd.o [4]
  .text              ro code  0x0800fbdc     0xd4  print_head.o [1]
  .text              ro code  0x0800fcb0     0xbc  xxmemxmalloc.o [3]
  .text              ro code  0x0800fd6c     0xb4  xdnorm.o [3]
  .text              ro code  0x0800fe20     0xb0  KeyScan.o [1]
  .text              ro code  0x0800fed0     0xb0  fflush.o [3]
  .text              ro code  0x0800ff80     0xac  data_uart.o [1]
  .text              ro code  0x0801002c     0x9c  usb_istr.o [1]
  .text              ro code  0x080100c8     0x8e  packbits_init2.o [4]
  .text              ro code  0x08010158     0x8c  stm32f10x_systick.o [1]
  .text              ro code  0x080101e4     0x8c  xsyslock.o [3]
  .text              ro code  0x08010270     0x88  xxmemxfree.o [3]
  .text              ro code  0x080102f8     0x84  xreportassert.o [3]
  .text              ro code  0x0801037c     0x7a  cortexm3_macro.o [1]
  .text              ro code  0x080103f8     0x7a  stm32f10x_spi.o [1]
  .text              ro code  0x08010474     0x70  ABImemcpy.o [4]
  .text              ro code  0x080104e4     0x70  cppinit.o [3]
  .rodata            const    0x08010554     0x6c  TP.o [1]
  .text              ro code  0x080105c0     0x66  ABImemset.o [4]
  .text              ro code  0x08010628     0x62  memcmp.o [4]
  .text              ro code  0x0801068c     0x5c  xencoding_sb.o [3]
  .text              ro code  0x080106e8     0x5a  usb_sil.o [1]
  .text              ro code  0x08010744     0x58  memchr.o [4]
  .text              ro code  0x0801079c     0x56  DblToI32.o [4]
  .text              ro code  0x080107f4     0x54  usb_mem.o [1]
  .text              ro code  0x08010848     0x54  iarwstd.o [5]
  .rodata            const    0x0801089c     0x48  xlocale_c.o [3]
  .text              ro code  0x080108e4     0x44  stm32f10x_flash.o [1]
  .text              ro code  0x08010928     0x44  strcpy.o [4]
  .text              ro code  0x0801096c     0x44  xassert.o [3]
  .rodata            const    0x080109b0     0x40  spi_flash.o [1]
  .text              ro code  0x080109f0     0x40  usb_init.o [1]
  .text              ro code  0x08010a30     0x40  snprintf.o [3]
  .rodata            const    0x08010a70     0x3c  res_spi_new.o [1]
  .text              ro code  0x08010aac     0x3c  usb_pwr.o [1]
  .text              ro code  0x08010ae8     0x36  strlen.o [4]
  .rodata            const    0x08010b20     0x34  ThermalDetect.o [1]
  .rodata            const    0x08010b54     0x30  xreportassert.o [3]
  .text              ro code  0x08010b84     0x30  MtxWrapper.o [3]
  .text              ro code  0x08010bb4     0x2e  DblCmpLe.o [4]
  .text              ro code  0x08010be4     0x2e  DblCmpGe.o [4]
  .text              ro code  0x08010c14     0x2e  I32ToDbl.o [4]
  .rodata            const    0x08010c44     0x2c  ringbuffer.o [1]
  .text              ro code  0x08010c70     0x2c  JMemory.o [1]
  .rodata            const    0x08010c9c     0x28  BT816.o [1]
  .rodata            const    0x08010cc4     0x28  res_spi_new.o [1]
  .rodata            const    0x08010cec     0x28  usb_desc.o [1]
  .text              ro code  0x08010d14     0x28  crc32.o [1]
  .text              ro code  0x08010d3c     0x28  xgetmemchunk.o [3]
  .rodata            const    0x08010d64     0x24  TP.o [1]
  .rodata            const    0x08010d88     0x24  TP.o [1]
  .rodata            const    0x08010dac     0x24  TP.o [1]
  .iar.init_table    const    0x08010dd0     0x2c  - Linker created -
  .rodata            const    0x08010dfc     0x20  TP.o [1]
  .rodata            const    0x08010e1c     0x20  usb_desc.o [1]
  .rodata            const    0x08010e3c     0x20  usb_desc.o [1]
  .rodata            const    0x08010e5c     0x20  usb_desc.o [1]
  .text              ro code  0x08010e7c     0x20  printf.o [3]
  .text              ro code  0x08010e9c     0x20  xmbtowc.o [3]
  .text              ro code  0x08010ebc     0x20  iarwrite.o [5]
  .text              ro code  0x08010edc     0x1e  dwrite.o [5]
  .text              ro code  0x08010efc     0x1c  data_init2.o [4]
  .text              ro code  0x08010f18     0x1a  xsnprout.o [3]
  .text              ro code  0x08010f32     0x1a  xwctomb.o [3]
  .text              ro code  0x08010f4c     0x1a  zero_init2.o [4]
  .rodata            const    0x08010f68     0x18  TP.o [1]
  .rodata            const    0x08010f80     0x18  TP.o [1]
  .rodata            const    0x08010f98     0x18  TP.o [1]
  .rodata            const    0x08010fb0     0x18  ff.o [1]
  .rodata            const    0x08010fc8     0x18  ff.o [1]
  .rodata            const    0x08010fe0     0x18  main.o [1]
  .rodata            const    0x08010ff8     0x18  stm32f10x_it.o [1]
  .text              ro code  0x08011010     0x18  cmain.o [4]
  .text              ro code  0x08011028     0x16  strchr.o [4]
  .text              ro code  0x0801103e     0x16  xprout.o [3]
  .rodata            const    0x08011054     0x14  TP.o [1]
  .rodata            const    0x08011068     0x14  TP.o [1]
  .rodata            const    0x0801107c     0x14  TP.o [1]
  .rodata            const    0x08011090     0x14  TP.o [1]
  .rodata            const    0x080110a4     0x14  TP.o [1]
  .rodata            const    0x080110b8     0x14  TP.o [1]
  .rodata            const    0x080110cc     0x14  ff.o [1]
  .rodata            const    0x080110e0     0x14  ff.o [1]
  .rodata            const    0x080110f4     0x14  usb_desc.o [1]
  .rodata            const    0x08011108     0x14  usb_desc.o [1]
  .text              ro code  0x0801111c     0x14  exit.o [5]
  .text              ro code  0x08011130     0x14  localeconv.o [3]
  .text              ro code  0x08011144     0x14  setlocale.o [3]
  .text              ro code  0x08011158     0x14  BT816.o [1]
  CODE               ro code  0x0801116c     0x12  hardfault_isr_handle_a.o [1]
  .rodata            const    0x08011180     0x10  TP.o [1]
  .rodata            const    0x08011190     0x10  TP.o [1]
  .rodata            const    0x080111a0     0x10  TP.o [1]
  .rodata            const    0x080111b0     0x10  TP.o [1]
  .rodata            const    0x080111c0     0x10  TP.o [1]
  .rodata            const    0x080111d0     0x10  TP.o [1]
  .rodata            const    0x080111e0     0x10  TP.o [1]
  .rodata            const    0x080111f0     0x10  ff.o [1]
  .rodata            const    0x08011200     0x10  main.o [1]
  .rodata            const    0x08011210     0x10  res_spi_new.o [1]
  .rodata            const    0x08011220     0x10  stm32f10x_rcc.o [1]
  .rodata            const    0x08011230     0x10  xprintffull.o [3]
  .text              ro code  0x08011240     0x10  write.o [5]
  .text              ro code  0x08011250      0xe  cexit.o [4]
  .text              ro code  0x0801125e      0xe  BT816.o [1]
  .text              ro code  0x0801126c      0xe  div.o [3]
  .rodata            const    0x0801127c      0xc  BT816.o [1]
  .rodata            const    0x08011288      0xc  BT816.o [1]
  .rodata            const    0x08011294      0xc  BT816.o [1]
  .rodata            const    0x080112a0      0xc  BT816.o [1]
  .rodata            const    0x080112ac      0xc  BT816.o [1]
  .rodata            const    0x080112b8      0xc  BT816.o [1]
  .rodata            const    0x080112c4      0xc  BT816.o [1]
  .rodata            const    0x080112d0      0xc  BT816.o [1]
  .rodata            const    0x080112dc      0xc  TP.o [1]
  .rodata            const    0x080112e8      0xc  TP.o [1]
  .rodata            const    0x080112f4      0xc  esc_p.o [1]
  .rodata            const    0x08011300      0xc  ff.o [1]
  .rodata            const    0x0801130c      0xc  main.o [1]
  .rodata            const    0x08011318      0xc  ringbuffer.o [1]
  .rodata            const    0x08011324      0xc  ringbuffer.o [1]
  .rodata            const    0x08011330      0xc  stm32f10x_it.o [1]
  .rodata            const    0x0801133c      0xc  stm32f10x_it.o [1]
  .rodata            const    0x08011348      0xc  stm32f10x_it.o [1]
  .rodata            const    0x08011354      0xc  stm32f10x_it.o [1]
  .rodata            const    0x08011360      0xc  stm32f10x_it.o [1]
  .rodata            const    0x0801136c      0xc  stm32f10x_it.o [1]
  .rodata            const    0x08011378      0xc  stm32f10x_it.o [1]
  .rodata            const    0x08011384      0xc  stm32f10x_it.o [1]
  .rodata            const    0x08011390      0xc  stm32f10x_it.o [1]
  .rodata            const    0x0801139c      0xc  stm32f10x_it.o [1]
  .rodata            const    0x080113a8      0xc  stm32f10x_it.o [1]
  .rodata            const    0x080113b4      0xc  stm32f10x_it.o [1]
  .rodata            const    0x080113c0      0xc  stm32f10x_it.o [1]
  .text              ro code  0x080113cc      0xc  putchar.o [3]
  .text              ro code  0x080113d8      0xa  xmbcurmax.o [3]
  .rodata            const    0x080113e4      0x8  BT816.o [1]
  .rodata            const    0x080113ec      0x8  BT816.o [1]
  .rodata            const    0x080113f4      0x8  BT816.o [1]
  .rodata            const    0x080113fc      0x8  TP.o [1]
  .rodata            const    0x08011404      0x8  esc_p.o [1]
  .rodata            const    0x0801140c      0x8  esc_p.o [1]
  .rodata            const    0x08011414      0x8  xprintffull.o [3]
  .rodata            const    0x0801141c      0x8  localeconv.o [3]
  .rodata            const    0x08011424      0x8  localeconv.o [3]
  .rodata            const    0x0801142c      0x8  xencoding_sb.o [3]
  .rodata            const    0x08011434      0x8  xencoding_sb.o [3]
  .rodata            const    0x0801143c      0x8  xlocale_c.o [3]
  .rodata            const    0x08011444      0x8  xlocale_c.o [3]
  .text              ro code  0x0801144c      0x8  abort.o [3]
  .text              ro code  0x08011454      0x6  exit.o [3]
  .rodata            const    0x0801145c      0x4  stm32f10x_rcc.o [1]
  .rodata            const    0x08011460      0x4  usb_desc.o [1]
  .text              ro code  0x08011464      0x2  I64DivZer.o [4]
  .text              ro code  0x08011466      0x4  low_level_init.o [3]
  .rodata            const    0x0801146a      0x2  localeconv.o [3]
  .rodata            const    0x0801146c      0x2  xlocale_c.o [3]
  .rodata            const    0x0801146e      0x1  localeconv.o [3]
  .rodata            const    0x0801146f      0x1  setlocale.o [3]
  .rodata            const    0x08011470      0x1  xlocale_c.o [3]
  Initializer bytes  ro data  0x08011471    0x222  <for P3 s0>
                            - 0x08011693  0x11553

"P3", part 1 of 3:                          0xde0
  CSTACK                      0x20000010    0x800  <Block>
    CSTACK           uninit   0x20000010    0x800  <Block tail>
  HEAP                        0x20000810    0x400  <Block>
    HEAP             uninit   0x20000810    0x400  <Block tail>
  .iar.dynexit                0x20000c10    0x1e0  <Block>
    .iar.dynexit     uninit   0x20000c10      0xc  cppinit.o [3]
    .iar.dynexit     uninit   0x20000c1c    0x1d4  <Block tail>
                            - 0x20000df0    0xde0

"P3", part 2 of 3:                         0xc3c4
  .bss               zero     0x20000df0   0x4484  esc_p.o [1]
  .bss               zero     0x20005274   0x3e80  main.o [1]
  .bss               zero     0x200090f4   0x1400  uart.o [1]
  .bss               zero     0x2000a4f4   0x1000  spi_flash.o [1]
  .bss               zero     0x2000b4f4    0x800  memory.o [1]
  .bss               zero     0x2000bcf4    0x400  BT816.o [1]
  .bss               zero     0x2000c0f4    0x310  TP.o [1]
  .bss               zero     0x2000c404    0x230  res_spi_new.o [1]
  .bss               zero     0x2000c634    0x228  res_spi_new.o [1]
  .bss               zero     0x2000c85c    0x200  res_spi_new.o [1]
  .bss               zero     0x2000ca5c    0x190  JMemory.o [1]
  .bss               zero     0x2000cbec    0x188  TP.o [1]
  .bss               zero     0x2000cd74     0x80  BT816.o [1]
  .bss               zero     0x2000cdf4     0x50  uart.o [1]
  .bss               zero     0x2000ce44     0x50  xfiles.o [3]
  .bss               zero     0x2000ce94     0x50  xfiles.o [3]
  .bss               zero     0x2000cee4     0x40  Event.o [1]
  .bss               zero     0x2000cf24     0x40  Terminal_Para_m.o [1]
  .bss               zero     0x2000cf64     0x40  usb_bot.o [1]
  .bss               zero     0x2000cfa4     0x40  usb_endp.o [1]
  .bss               zero     0x2000cfe4     0x30  BT816.o [1]
  .bss               zero     0x2000d014     0x2c  record_mod.o [1]
  .bss               zero     0x2000d040     0x28  PaperDetect.o [1]
  .bss               zero     0x2000d068     0x20  usb_bot.o [1]
  .bss               zero     0x2000d088     0x1c  usb_init.o [1]
  .bss               zero     0x2000d0a4     0x14  xsyslock.o [3]
  .bss               zero     0x2000d0b8     0x10  record_mod.o [1]
  .bss               zero     0x2000d0c8     0x10  usb_bot.o [1]
  .bss               zero     0x2000d0d8      0x8  TimeBase.o [1]
  .bss               zero     0x2000d0e0      0x8  mass_mal.o [1]
  .bss               zero     0x2000d0e8      0x8  mass_mal.o [1]
  .bss               zero     0x2000d0f0      0x8  mass_mal.o [1]
  .bss               zero     0x2000d0f8      0x8  scsi_data.o [1]
  .bss               zero     0x2000d100      0x8  scsi_data.o [1]
  .bss               zero     0x2000d108      0x8  xxmemxmalloc.o [3]
  .bss               zero     0x2000d110      0x4  ff.o [1]
  .bss               zero     0x2000d114      0x4  main.o [1]
  .bss               zero     0x2000d118      0x4  mass_mal.o [1]
  .bss               zero     0x2000d11c      0x4  memory.o [1]
  .bss               zero     0x2000d120      0x4  memory.o [1]
  .bss               zero     0x2000d124      0x4  memory.o [1]
  .bss               zero     0x2000d128      0x4  memory.o [1]
  .bss               zero     0x2000d12c      0x4  memory.o [1]
  .bss               zero     0x2000d130      0x4  memory.o [1]
  .bss               zero     0x2000d134      0x4  memory.o [1]
  .bss               zero     0x2000d138      0x4  memory.o [1]
  .bss               zero     0x2000d13c      0x4  res_spi_new.o [1]
  .bss               zero     0x2000d140      0x4  spi_flash.o [1]
  .bss               zero     0x2000d144      0x4  spi_flash.o [1]
  .bss               zero     0x2000d148      0x4  spi_flash.o [1]
  .bss               zero     0x2000d14c      0x4  spi_flash.o [1]
  .bss               zero     0x2000d150      0x4  uart.o [1]
  .bss               zero     0x2000d154      0x4  usb_bot.o [1]
  .bss               zero     0x2000d158      0x4  usb_bot.o [1]
  .bss               zero     0x2000d15c      0x4  usb_core.o [1]
  .bss               zero     0x2000d160      0x4  usb_endp.o [1]
  .bss               zero     0x2000d164      0x4  usb_init.o [1]
  .bss               zero     0x2000d168      0x4  usb_init.o [1]
  .bss               zero     0x2000d16c      0x4  usb_init.o [1]
  .bss               zero     0x2000d170      0x4  usb_prop.o [1]
  .bss               zero     0x2000d174      0x4  usb_pwr.o [1]
  .bss               zero     0x2000d178      0x4  xgetmemchunk.o [3]
  .bss               zero     0x2000d17c      0x4  MtxWrapper.o [3]
  .bss               zero     0x2000d180      0x4  MtxWrapper.o [3]
  .bss               zero     0x2000d184      0x4  MtxWrapper.o [3]
  .bss               zero     0x2000d188      0x4  MtxWrapper.o [3]
  .bss               zero     0x2000d18c      0x4  iarwstd.o [5]
  .bss               zero     0x2000d190      0x2  DotFill.o [1]
  .bss               zero     0x2000d192      0x2  ff.o [1]
  .bss               zero     0x2000d194      0x2  usb_bot.o [1]
  .bss               zero     0x2000d196      0x2  usb_init.o [1]
  .bss               zero     0x2000d198      0x2  usb_int.o [1]
  .bss               zero     0x2000d19a      0x2  usb_int.o [1]
  .bss               zero     0x2000d19c      0x2  usb_istr.o [1]
  .bss               zero     0x2000d19e      0x1  BT816.o [1]
  .bss               zero     0x2000d19f      0x1  Event.o [1]
  .bss               zero     0x2000d1a0      0x1  Event.o [1]
  .bss               zero     0x2000d1a1      0x1  KeyScan.o [1]
  .bss               zero     0x2000d1a2      0x1  PaperDetect.o [1]
  .bss               zero     0x2000d1a3      0x1  PaperDetect.o [1]
  .bss               zero     0x2000d1a4      0x1  PaperDetect.o [1]
  .bss               zero     0x2000d1a5      0x1  TP.o [1]
  .bss               zero     0x2000d1a6      0x1  Terminal_Para_m.o [1]
  .bss               zero     0x2000d1a7      0x1  esc_p.o [1]
  .bss               zero     0x2000d1a8      0x1  main.o [1]
  .bss               zero     0x2000d1a9      0x1  memory.o [1]
  .bss               zero     0x2000d1aa      0x1  spi_flash.o [1]
  .bss               zero     0x2000d1ab      0x1  usb_app_config.o [1]
  .bss               zero     0x2000d1ac      0x1  usb_app_config.o [1]
  .bss               zero     0x2000d1ad      0x1  usb_bot.o [1]
  .bss               zero     0x2000d1ae      0x1  usb_core.o [1]
  .bss               zero     0x2000d1af      0x1  usb_init.o [1]
  .bss               zero     0x2000d1b0      0x1  usb_istr.o [1]
  .bss               zero     0x2000d1b1      0x1  usb_prop.o [1]
                            - 0x2000d1b2   0xc3c2

"P3", part 3 of 3:                          0x334
  P3 s0                       0x2000d1b4    0x334  <Init block>
    .data            inited   0x2000d1b4     0x84  setlocale.o [3]
    .data            inited   0x2000d238     0x4c  localeconv.o [3]
    .data            inited   0x2000d284     0x40  xfiles.o [3]
    .data            inited   0x2000d2c4     0x40  xfiles.o [3]
    .data            inited   0x2000d304     0x40  xfiles.o [3]
    .data            inited   0x2000d344     0x30  usb_prop.o [1]
    .data            inited   0x2000d374     0x24  scsi_data.o [1]
    .data            inited   0x2000d398     0x24  scsi_data.o [1]
    .data            inited   0x2000d3bc     0x24  usb_prop.o [1]
    .data            inited   0x2000d3e0     0x20  res_spi_new.o [1]
    .data            inited   0x2000d400     0x20  usb_prop.o [1]
    .data            inited   0x2000d420     0x20  xfiles.o [3]
    .data            inited   0x2000d440     0x1c  usb_desc.o [1]
    .data            inited   0x2000d45c     0x1c  usb_istr.o [1]
    .data            inited   0x2000d478     0x1c  usb_istr.o [1]
    .data            inited   0x2000d494     0x14  scsi_data.o [1]
    .data            inited   0x2000d4a8     0x10  usb_prop.o [1]
    .data            inited   0x2000d4b8     0x10  usb_prop.o [1]
    .data            inited   0x2000d4c8      0xc  scsi_data.o [1]
    .data            inited   0x2000d4d4      0x8  scsi_data.o [1]
    .data            inited   0x2000d4dc      0x4  scsi_data.o [1]
    .data            inited   0x2000d4e0      0x4  usb_prop.o [1]
    .data            inited   0x2000d4e4      0x4  cppinit.o [3]
                            - 0x2000d4e8    0x334


*******************************************************************************
*** INIT TABLE
***

          Address     Size
          -------     ----
Zero (__iar_zero_init2)
    1 destination range, total size 0xc3c2:
          0x20000df0  0xc3c2

Copy/packbits (__iar_packbits_init2)
    1 source range, total size 0x222 (66% of destination):
           0x8011471   0x222
    1 destination range, total size 0x334:
          0x2000d1b4   0x334


*******************************************************************************
*** MODULE SUMMARY
***

    Module                    ro code  ro data  rw data
    ------                    -------  -------  -------
E:\BT Printer\FW\src\Project\EWARMv5\Debug\Obj: [1]
    BT816.o                     5 430      160    1 201
    DotFill.o                   2 284                 2
    Event.o                       304                66
    JMemory.o                      44               400
    KeyScan.o                     176                 1
    PaperDetect.o               1 280                43
    TP.o                        4 236    1 176    1 177
    Terminal_Para_m.o             256                65
    ThermalDetect.o               296       52
    TimeBase.o                    300                 8
    cortexm3_macro.o              122
    crc32.o                        40    1 024
    data_uart.o                   172
    diskio.o                      232
    esc_p.o                     4 688       28   17 541
    ff.o                        7 696      116        6
    font.o                      2 624
    hardfault_isr_handle_a.o       18
    main.o                        648       52   16 005
    mass_mal.o                    292                28
    memory.o                      572             2 081
    print_head.o                  212
    record_mod.o                3 218                60
    res_spi_new.o               1 036    5 129    1 660
    ringbuffer.o                  642       68
    scsi_data.o                             77      132
    spi_flash.o                 2 064       64    4 113
    stm32f10x_adc.o               444
    stm32f10x_dma.o               452
    stm32f10x_flash.o              68
    stm32f10x_gpio.o              368
    stm32f10x_it.o                996      180
    stm32f10x_nvic.o              348
    stm32f10x_rcc.o               812       20
    stm32f10x_spi.o               122
    stm32f10x_systick.o           140
    stm32f10x_tim.o               376
    stm32f10x_usart.o             428
    stm32f10x_vector.o                     320
    uart.o                        568             5 204
    usb_app_config.o              276                 2
    usb_bot.o                   1 084               123
    usb_core.o                  3 038                 5
    usb_desc.o                             198       28
    usb_endp.o                    236                68
    usb_init.o                     64                43
    usb_int.o                     736                 4
    usb_istr.o                    156       38       59
    usb_mem.o                      84
    usb_prop.o                  1 132      101      157
    usb_pwr.o                      60                 4
    usb_regs.o                    608
    usb_scsi.o                  1 088
    usb_sil.o                      90
    ---------------------------------------------------
    Total:                     52 656    8 803   50 286

command line: [2]
    ---------------------------------------------------
    Total:

dl7M_tl_if.a: [3]
    MtxWrapper.o                   48                16
    abort.o                         8
    cppinit.o                     112        3       16
    div.o                          14
    exit.o                          6
    fflush.o                      176
    localeconv.o                   20       70       76
    low_level_init.o                4
    printf.o                       32
    putchar.o                      12
    setlocale.o                    20       88      132
    snprintf.o                     64
    xassert.o                      68
    xdnorm.o                      180
    xdscale.o                     272
    xencoding_sb.o                 92       16
    xfiles.o                               150      384
    xgetmemchunk.o                 40                 4
    xlocale_c.o                             91
    xmbcurmax.o                    10
    xmbtowc.o                      32
    xprintffull.o               4 174       24
    xprout.o                       22
    xreportassert.o               132       48
    xsnprout.o                     26
    xsyslock.o                    140                20
    xwctomb.o                      26
    xxmemxfree.o                  136
    xxmemxmalloc.o                188                 8
    ---------------------------------------------------
    Total:                      6 054      490      656

rt7M_tl.a: [4]
    ABImemcpy.o                   112
    ABImemset.o                   102
    DblAdd.o                      230
    DblCmpGe.o                     46
    DblCmpLe.o                     46
    DblDiv.o                      700
    DblMul.o                      418
    DblSub.o                      382
    DblToI32.o                     86
    I32ToDbl.o                     46
    I64DivMod.o                   304
    I64DivZer.o                     2
    cexit.o                        14
    cmain.o                        24
    data_init2.o                   28
    memchr.o                       88
    memcmp.o                       98
    packbits_init2.o              142
    strchr.o                       22
    strcpy.o                       68
    strlen.o                       54
    zero_init2.o                   26
    ---------------------------------------------------
    Total:                      3 038

shb_l.a: [5]
    dwrite.o                       30
    exit.o                         20
    iarwrite.o                     32
    iarwstd.o                      84                 4
    write.o                        16
    ---------------------------------------------------
    Total:                        182                 4

    Gaps                           32       16
    Linker created                          44    3 540
-------------------------------------------------------
    Grand Total:               61 962    9 353   54 486


*******************************************************************************
*** ENTRY LIST
***

Entry                      Address    Size  Type      Object
-----                      -------    ----  ----      ------
.iar.dynexit$$Base      0x20000c10           --   Gb  - Linker created -
.iar.dynexit$$Limit     0x20000df0           --   Gb  - Linker created -
ADC1_2_IRQHandler       0x0800ca41     0x2  Code  Gb  stm32f10x_it.o [1]
ADC3_IRQHandler         0x0800cbef     0x2  Code  Gb  stm32f10x_it.o [1]
ADCPrescTable           0x0801145c     0x4  Data  Lc  stm32f10x_rcc.o [1]
ADC_Cmd                 0x0800e355    0x1a  Code  Gb  stm32f10x_adc.o [1]
ADC_DMACmd              0x0800e36f    0x1a  Code  Gb  stm32f10x_adc.o [1]
ADC_GetCalibrationStatus
                        0x0800e3b5    0x18  Code  Gb  stm32f10x_adc.o [1]
ADC_GetResetCalibrationStatus
                        0x0800e393    0x18  Code  Gb  stm32f10x_adc.o [1]
ADC_Init                0x0800e305    0x50  Code  Gb  stm32f10x_adc.o [1]
ADC_RegularChannelConfig
                        0x0800e3e7    0xda  Code  Gb  stm32f10x_adc.o [1]
ADC_ResetCalibration    0x0800e389     0xa  Code  Gb  stm32f10x_adc.o [1]
ADC_SoftwareStartConvCmd
                        0x0800e3cd    0x1a  Code  Gb  stm32f10x_adc.o [1]
ADC_StartCalibration    0x0800e3ab     0xa  Code  Gb  stm32f10x_adc.o [1]
AD_Value                0x2000d040    0x28  Data  Gb  PaperDetect.o [1]
APBAHBPrescTable        0x08011220    0x10  Data  Lc  stm32f10x_rcc.o [1]
BT816_Channel1_RxISRHandler
                        0x08002a89    0xec  Code  Gb  BT816.o [1]
BT816_Channel2_RxISRHandler
                        0x08002b89    0xd0  Code  Gb  BT816.o [1]
BT816_Channel3_RxISRHandler
                        0x08002c59    0xd8  Code  Gb  BT816.o [1]
BT816_Channel4_RxISRHandler
                        0x08002d31    0xdc  Code  Gb  BT816.o [1]
BT816_GPIO_config       0x08001fbd   0x658  Code  Lc  BT816.o [1]
BT816_NVIC_config       0x08002635   0x1e0  Code  Lc  BT816.o [1]
BT816_Reset             0x08002e79    0x98  Code  Gb  BT816.o [1]
BT816_connect_status    0x080030ed   0x17c  Code  Gb  BT816.o [1]
BT816_init              0x08003281   0x1e4  Code  Gb  BT816.o [1]
BT816_query_name        0x08002f11    0xd0  Code  Gb  BT816.o [1]
BT816_recbuffer         0x2000bcf4   0x400  Data  Gb  BT816.o [1]
BT816_res               0x2000cfe4    0x30  Data  Gb  BT816.o [1]
BT816_reset_resVar      0x08002989    0xf2  Code  Lc  BT816.o [1]
BT816_send_buff         0x2000cd74    0x80  Data  Lc  BT816.o [1]
BT816_send_data         0x08003269    0x18  Code  Gb  BT816.o [1]
BT816_set_name          0x08002fe1    0x84  Code  Gb  BT816.o [1]
BT816_set_pin           0x08003065    0x88  Code  Gb  BT816.o [1]
BT816_write_cmd         0x08002e0d    0x6c  Code  Lc  BT816.o [1]
Block_Read_count        0x2000d11c     0x4  Data  Gb  memory.o [1]
Block_offset            0x2000d120     0x4  Data  Gb  memory.o [1]
Bot_Abort               0x0800c06d    0x3c  Code  Gb  usb_bot.o [1]
Bot_State               0x2000d1ad     0x1  Data  Gb  usb_bot.o [1]
BufFillToPrn            0x080099e3    0xdc  Code  Gb  DotFill.o [1]
BufFillToPrn_0          0x08009abf    0x86  Code  Gb  DotFill.o [1]
Bulk_Data_Buff          0x2000cf64    0x40  Data  Gb  usb_bot.o [1]
BusFaultException       0x0800c9a7     0x2  Code  Gb  stm32f10x_it.o [1]
Byte2DotNumTbl          0x0800f720   0x100  Data  Gb  TP.o [1]
ByteSwap                0x0800dcbd    0x10  Code  Gb  usb_regs.o [1]
CAN_RX1_IRQHandler      0x0800ca53     0x2  Code  Gb  stm32f10x_it.o [1]
CAN_SCE_IRQHandler      0x0800ca55     0x2  Code  Gb  stm32f10x_it.o [1]
CBW                     0x2000d068    0x20  Data  Gb  usb_bot.o [1]
CBW_Decode              0x0800bd4d   0x298  Code  Gb  usb_bot.o [1]
CSTACK$$Base            0x20000010           --   Gb  - Linker created -
CSTACK$$Limit           0x20000810           --   Gb  - Linker created -
CSW                     0x2000d0c8    0x10  Data  Gb  usb_bot.o [1]
CTR_HP                  0x0800d1f1    0x9c  Code  Gb  usb_int.o [1]
CTR_LP                  0x0800cfc5   0x22c  Code  Gb  usb_int.o [1]
ClearDTOG_RX            0x0800db5d    0x32  Code  Gb  usb_regs.o [1]
ClearDTOG_TX            0x0800db8f    0x32  Code  Gb  usb_regs.o [1]
Clear_Status_Out        0x0800db39    0x24  Code  Gb  usb_regs.o [1]
Config_Descriptor       0x2000d4b8    0x10  Data  Gb  usb_prop.o [1]
Counter                 0x2000d124     0x4  Data  Gb  memory.o [1]
DMA1_Channel1_IRQHandler
                        0x0800c9cf     0x2  Code  Gb  stm32f10x_it.o [1]
DMA1_Channel2_IRQHandler
                        0x0800c9d1    0x20  Code  Gb  stm32f10x_it.o [1]
DMA1_Channel3_IRQHandler
                        0x0800c9f1     0x2  Code  Gb  stm32f10x_it.o [1]
DMA1_Channel4_IRQHandler
                        0x0800c9f5    0x24  Code  Gb  stm32f10x_it.o [1]
DMA1_Channel5_IRQHandler
                        0x0800ca19     0x2  Code  Gb  stm32f10x_it.o [1]
DMA1_Channel6_IRQHandler
                        0x0800ca1b     0x2  Code  Gb  stm32f10x_it.o [1]
DMA1_Channel7_IRQHandler
                        0x0800ca1d    0x24  Code  Gb  stm32f10x_it.o [1]
DMA2_Channel1_IRQHandler
                        0x0800cc6b     0x2  Code  Gb  stm32f10x_it.o [1]
DMA2_Channel2_IRQHandler
                        0x0800cc6d     0x2  Code  Gb  stm32f10x_it.o [1]
DMA2_Channel3_IRQHandler
                        0x0800cc6f     0x2  Code  Gb  stm32f10x_it.o [1]
DMA2_Channel4_5_IRQHandler
                        0x0800cc71    0x28  Code  Gb  stm32f10x_it.o [1]
DMA_ClearFlag           0x0800e2bd    0x12  Code  Gb  stm32f10x_dma.o [1]
DMA_Cmd                 0x0800e285    0x1a  Code  Gb  stm32f10x_dma.o [1]
DMA_DeInit              0x0800e141   0x100  Code  Gb  stm32f10x_dma.o [1]
DMA_GetCurrDataCounter  0x0800e2b7     0x6  Code  Gb  stm32f10x_dma.o [1]
DMA_GetITStatus         0x0800e2cf    0x26  Code  Gb  stm32f10x_dma.o [1]
DMA_ITConfig            0x0800e29f    0x18  Code  Gb  stm32f10x_dma.o [1]
DMA_Init                0x0800e241    0x44  Code  Gb  stm32f10x_dma.o [1]
DataStageIn             0x080086df    0xb6  Code  Lc  usb_core.o [1]
DataStageOut            0x08008627    0xb8  Code  Lc  usb_core.o [1]
Data_Buffer             0x2000b4f4   0x800  Data  Gb  memory.o [1]
Data_Len                0x2000d194     0x2  Data  Gb  usb_bot.o [1]
Data_Mul_MaxPacketSize  0x2000d1ae     0x1  Data  Gb  usb_core.o [1]
Data_Setup0             0x080088f1   0x294  Code  Lc  usb_core.o [1]
DebugMonitor            0x0800c9ab     0x2  Code  Gb  stm32f10x_it.o [1]
DefaultTerminalPara     0x0800f8d9    0x44  Code  Gb  Terminal_Para_m.o [1]
Device_Descriptor       0x2000d4a8    0x10  Data  Gb  usb_prop.o [1]
Device_Info             0x2000d088    0x1c  Data  Gb  usb_init.o [1]
Device_Property         0x2000d344    0x30  Data  Gb  usb_prop.o [1]
Device_Table            0x2000d4e0     0x4  Data  Gb  usb_prop.o [1]
DotBufFillToPrn         0x080097c5   0x21e  Code  Gb  DotFill.o [1]
DotFillToBuf            0x08009c49   0x45c  Code  Gb  DotFill.o [1]
DtorRecArray            0x20000c10     0xc  Data  Lc  cppinit.o [3]
EP1_IN_Callback         0x0800f9e5    0x24  Code  Gb  usb_endp.o [1]
EP2_OUT_Callback        0x0800f991    0x54  Code  Gb  usb_endp.o [1]
EP3_OUT_Callback        0x0800f98d     0x2  Code  Gb  usb_endp.o [1]
EPindex                 0x2000d1af     0x1  Data  Gb  usb_init.o [1]
EXTI0_IRQHandler        0x0800c9c5     0x2  Code  Gb  stm32f10x_it.o [1]
EXTI15_10_IRQHandler    0x0800cbe1     0x2  Code  Gb  stm32f10x_it.o [1]
EXTI1_IRQHandler        0x0800c9c7     0x2  Code  Gb  stm32f10x_it.o [1]
EXTI2_IRQHandler        0x0800c9c9     0x2  Code  Gb  stm32f10x_it.o [1]
EXTI3_IRQHandler        0x0800c9cb     0x2  Code  Gb  stm32f10x_it.o [1]
EXTI4_IRQHandler        0x0800c9cd     0x2  Code  Gb  stm32f10x_it.o [1]
EXTI9_5_IRQHandler      0x0800ca57     0x2  Code  Gb  stm32f10x_it.o [1]
FLASH_IRQHandler        0x0800c9c1     0x2  Code  Gb  stm32f10x_it.o [1]
FLASH_PrefetchBufferCmd
                        0x08010905    0x20  Code  Gb  stm32f10x_flash.o [1]
FLASH_SetLatency        0x080108e5    0x20  Code  Gb  stm32f10x_flash.o [1]
FSMC_IRQHandler         0x0800cbf1     0x2  Code  Gb  stm32f10x_it.o [1]
FatFs                   0x2000d110     0x4  Data  Lc  ff.o [1]
FontBold                0x08008d85   0x27c  Code  Lc  font.o [1]
FontCircumvolve         0x0800924b   0x202  Code  Gb  font.o [1]
FontEnlarge             0x08009001    0xc0  Code  Gb  font.o [1]
FontList                0x2000d3e0    0x20  Data  Gb  res_spi_new.o [1]
FontRevert              0x080091a3    0xa8  Code  Lc  font.o [1]
FontRevertProc          0x0800917f    0x24  Code  Lc  font.o [1]
FontSmoothing           0x080090c1     0x2  Code  Lc  font.o [1]
FontUnderline           0x080090c3    0xbc  Code  Gb  font.o [1]
Fsid                    0x2000d192     0x2  Data  Lc  ff.o [1]
GPIO_AllAinConfig       0x0800d761    0x50  Code  Lc  main.o [1]
GPIO_Init               0x0800eb09    0xcc  Code  Gb  stm32f10x_gpio.o [1]
GPIO_PinRemapConfig     0x0800ebfd    0x7c  Code  Gb  stm32f10x_gpio.o [1]
GPIO_ReadInputDataBit   0x0800ebd5    0x1a  Code  Gb  stm32f10x_gpio.o [1]
GPIO_ResetBits          0x0800ebf5     0x6  Code  Gb  stm32f10x_gpio.o [1]
GPIO_SetBits            0x0800ebef     0x6  Code  Gb  stm32f10x_gpio.o [1]
GetChineseFont          0x08009621   0x196  Code  Gb  font.o [1]
GetEPRxAddr             0x0800dc15    0x18  Code  Gb  usb_regs.o [1]
GetEPRxCount            0x0800dc8b    0x18  Code  Gb  usb_regs.o [1]
GetEPTxAddr             0x0800dbfd    0x18  Code  Gb  usb_regs.o [1]
GetEnglishFont          0x0800944d   0x1d4  Code  Gb  font.o [1]
Get_Max_Lun             0x0800b7b9    0x1c  Code  Lc  usb_prop.o [1]
Get_Port_status         0x0800b7d5    0x3c  Code  Lc  usb_prop.o [1]
Getchar                 0x0800df75   0x11c  Code  Gb  uart.o [1]
HARDFAULT_ISR_HANDLE_d  0x0801116d          Code  Gb  hardfault_isr_handle_a.o [1]
HEAP$$Base              0x20000810           --   Gb  - Linker created -
HEAP$$Limit             0x20000c10           --   Gb  - Linker created -
HSEStartUpStatus        0x2000d1a8     0x1  Data  Gb  main.o [1]
HardFaultException      0x0800c99d     0x8  Code  Gb  stm32f10x_it.o [1]
I2C1_ER_IRQHandler      0x0800ca91     0x2  Code  Gb  stm32f10x_it.o [1]
I2C1_EV_IRQHandler      0x0800ca8f     0x2  Code  Gb  stm32f10x_it.o [1]
I2C2_ER_IRQHandler      0x0800ca95     0x2  Code  Gb  stm32f10x_it.o [1]
I2C2_EV_IRQHandler      0x0800ca93     0x2  Code  Gb  stm32f10x_it.o [1]
Idx                     0x2000d128     0x4  Data  Gb  memory.o [1]
In0_Process             0x08008c29    0x68  Code  Gb  usb_core.o [1]
Jfree                   0x08010c71    0x26  Code  Gb  JMemory.o [1]
KeyScanInit             0x0800fe9b    0x2c  Code  Gb  KeyScan.o [1]
KeyScanProc             0x0800fe21    0x7a  Code  Gb  KeyScan.o [1]
MAL_GetStatus           0x0800f4a1    0x58  Code  Gb  mass_mal.o [1]
MAL_Read                0x0800f431    0x66  Code  Gb  mass_mal.o [1]
MAL_Write               0x0800f3d9    0x58  Code  Gb  mass_mal.o [1]
MASS_ConfigDescriptor   0x08010e1c    0x20  Data  Gb  usb_desc.o [1]
MASS_DeviceDescriptor   0x080110f4    0x14  Data  Gb  usb_desc.o [1]
Mass_Block_Count        0x2000d0f0     0x8  Data  Gb  mass_mal.o [1]
Mass_Block_Size         0x2000d0e8     0x8  Data  Gb  mass_mal.o [1]
Mass_Memory_Size        0x2000d0e0     0x8  Data  Gb  mass_mal.o [1]
Mass_Storage_In         0x0800bc6d    0x62  Code  Gb  usb_bot.o [1]
Mass_Storage_Out        0x0800bccf    0x7e  Code  Gb  usb_bot.o [1]
MaxHeatDotsAdj          0x08004bfd    0x22  Code  Gb  TP.o [1]
Max_Lun                 0x2000d170     0x4  Data  Gb  usb_prop.o [1]
MemManageException      0x0800c9a5     0x2  Code  Gb  stm32f10x_it.o [1]
Mode_Sense10_data       0x2000d4d4     0x8  Data  Gb  scsi_data.o [1]
Mode_Sense6_data        0x2000d4dc     0x4  Data  Gb  scsi_data.o [1]
NMIException            0x0800c8b5     0x2  Code  Gb  stm32f10x_it.o [1]
NOP_Process             0x08008d81     0x2  Code  Gb  usb_core.o [1]
NVIC_DisableIRQ         0x0800d7b5    0x14  Code  Gb  main.o [1]
NVIC_EnableIRQ          0x0800d7c9    0x20  Code  Gb  main.o [1]
NVIC_GenerateSystemReset
                        0x0800ed4d     0xc  Code  Gb  stm32f10x_nvic.o [1]
NVIC_Init               0x0800ec89    0xa0  Code  Gb  stm32f10x_nvic.o [1]
NVIC_PriorityGroupConfig
                        0x0800ec79     0xa  Code  Gb  stm32f10x_nvic.o [1]
NVIC_SETFAULTMASK       0x0800ed31     0x8  Code  Gb  stm32f10x_nvic.o [1]
NVIC_SetVectorTable     0x0800ed39    0x10  Code  Gb  stm32f10x_nvic.o [1]
NVIC_SystemHandlerPriorityConfig
                        0x0800ed59    0x72  Code  Gb  stm32f10x_nvic.o [1]
NoData_Setup0           0x08008795   0x152  Code  Lc  usb_core.o [1]
Out0_Process            0x08008c99    0x4c  Code  Gb  usb_core.o [1]
PMAToUserBufferCopy     0x08010823    0x22  Code  Gb  usb_mem.o [1]
PVD_IRQHandler          0x0800c9bb     0x2  Code  Gb  stm32f10x_it.o [1]
Page00_Inquiry_Data     0x2000d0f8     0x8  Data  Gb  scsi_data.o [1]
PaperStartSns           0x0800b039    0xf0  Code  Gb  PaperDetect.o [1]
PendSVC                 0x0800c9af     0x2  Code  Gb  stm32f10x_it.o [1]
Post0_Process           0x08008ce5    0x4c  Code  Gb  usb_core.o [1]
PrintBufPushBytes       0x0800e091    0x18  Code  Gb  uart.o [1]
PrintBufPushLine        0x0800e0a9    0x18  Code  Gb  uart.o [1]
PrintBufToZero          0x0800e0c1    0x62  Code  Gb  uart.o [1]
PrintCurrentBuffer      0x08009b49    0x80  Code  Gb  DotFill.o [1]
PrintCurrentBuffer_0    0x08009bc9    0x80  Code  Gb  DotFill.o [1]
Printer_ConfigDescriptor
                        0x08010e3c    0x20  Data  Gb  usb_desc.o [1]
Printer_DeviceDescriptor
                        0x08011108    0x14  Data  Gb  usb_desc.o [1]
RCC_ADCCLKConfig        0x0800ce0d    0x14  Code  Gb  stm32f10x_rcc.o [1]
RCC_AHBPeriphClockCmd   0x0800cf05    0x24  Code  Gb  stm32f10x_rcc.o [1]
RCC_APB1PeriphClockCmd  0x0800cf4d    0x24  Code  Gb  stm32f10x_rcc.o [1]
RCC_APB2PeriphClockCmd  0x0800cf29    0x24  Code  Gb  stm32f10x_rcc.o [1]
RCC_Configuration       0x0800d6b5    0x88  Code  Gb  main.o [1]
RCC_DeInit              0x0800cc99    0x5c  Code  Gb  stm32f10x_rcc.o [1]
RCC_GetClocksFreq       0x0800ce21    0xe0  Code  Gb  stm32f10x_rcc.o [1]
RCC_GetFlagStatus       0x0800cf71    0x44  Code  Gb  stm32f10x_rcc.o [1]
RCC_GetSYSCLKSource     0x0800cdb9     0xa  Code  Gb  stm32f10x_rcc.o [1]
RCC_HCLKConfig          0x0800cdc3    0x14  Code  Gb  stm32f10x_rcc.o [1]
RCC_HSEConfig           0x0800ccf5    0x54  Code  Gb  stm32f10x_rcc.o [1]
RCC_IRQHandler          0x0800c9c3     0x2  Code  Gb  stm32f10x_it.o [1]
RCC_PCLK1Config         0x0800cdd7    0x14  Code  Gb  stm32f10x_rcc.o [1]
RCC_PCLK2Config         0x0800cdeb    0x16  Code  Gb  stm32f10x_rcc.o [1]
RCC_PLLCmd              0x0800cd99     0xc  Code  Gb  stm32f10x_rcc.o [1]
RCC_PLLConfig           0x0800cd81    0x16  Code  Gb  stm32f10x_rcc.o [1]
RCC_SYSCLKConfig        0x0800cda5    0x14  Code  Gb  stm32f10x_rcc.o [1]
RCC_USBCLKConfig        0x0800ce01     0xc  Code  Gb  stm32f10x_rcc.o [1]
RCC_WaitForHSEStartUp   0x0800cd49    0x38  Code  Gb  stm32f10x_rcc.o [1]
RTCAlarm_IRQHandler     0x0800cbe3     0x2  Code  Gb  stm32f10x_it.o [1]
RTC_IRQHandler          0x0800c9bf     0x2  Code  Gb  stm32f10x_it.o [1]
ReadCapacity10_Data     0x2000d100     0x8  Data  Gb  scsi_data.o [1]
ReadFormatCapacity_Data
                        0x2000d4c8     0xc  Data  Gb  scsi_data.o [1]
ReadTerminalPara        0x0800f821    0x98  Code  Gb  Terminal_Para_m.o [1]
Read_Memory             0x0800dccd   0x108  Code  Gb  memory.o [1]
Region$$Table$$Base     0x08010dd0           --   Gb  - Linker created -
Region$$Table$$Limit    0x08010dfc           --   Gb  - Linker created -
SCSI_Address_Management
                        0x0800bbe3    0x7e  Code  Gb  usb_scsi.o [1]
SCSI_BlkLen             0x2000d158     0x4  Data  Gb  usb_bot.o [1]
SCSI_Format_Cmd         0x0800bb79    0x2a  Code  Gb  usb_scsi.o [1]
SCSI_Inquiry_Cmd        0x0800b82d    0x48  Code  Gb  usb_scsi.o [1]
SCSI_Invalid_Cmd        0x0800bba3    0x40  Code  Gb  usb_scsi.o [1]
SCSI_LBA                0x2000d154     0x4  Data  Gb  usb_bot.o [1]
SCSI_ModeSense10_Cmd    0x0800b9e1    0x10  Code  Gb  usb_scsi.o [1]
SCSI_ModeSense6_Cmd     0x0800b9d1    0x10  Code  Gb  usb_scsi.o [1]
SCSI_Read10_Cmd         0x0800ba29    0x7c  Code  Gb  usb_scsi.o [1]
SCSI_ReadCapacity10_Cmd
                        0x0800b91d    0xb4  Code  Gb  usb_scsi.o [1]
SCSI_ReadFormatCapacity_Cmd
                        0x0800b875    0xa8  Code  Gb  usb_scsi.o [1]
SCSI_RequestSense_Cmd   0x0800b9f1    0x1e  Code  Gb  usb_scsi.o [1]
SCSI_Start_Stop_Unit_Cmd
                        0x0800ba1d     0xc  Code  Gb  usb_scsi.o [1]
SCSI_TestUnitReady_Cmd  0x0800bb47    0x32  Code  Gb  usb_scsi.o [1]
SCSI_Verify10_Cmd       0x0800bb0d    0x3a  Code  Gb  usb_scsi.o [1]
SCSI_Write10_Cmd        0x0800baa5    0x64  Code  Gb  usb_scsi.o [1]
SDIO_IRQHandler         0x0800cbf3     0x2  Code  Gb  stm32f10x_it.o [1]
SPI1_IRQHandler         0x0800ca97     0x2  Code  Gb  stm32f10x_it.o [1]
SPI2_IRQHandler         0x0800ca99     0x2  Code  Gb  stm32f10x_it.o [1]
SPI3_IRQHandler         0x0800cbf7     0x2  Code  Gb  stm32f10x_it.o [1]
SPI_Cmd                 0x08010437    0x1a  Code  Gb  stm32f10x_spi.o [1]
SPI_I2S_GetFlagStatus   0x08010459    0x1a  Code  Gb  stm32f10x_spi.o [1]
SPI_I2S_ReceiveData     0x08010455     0x4  Code  Gb  stm32f10x_spi.o [1]
SPI_I2S_SendData        0x08010451     0x4  Code  Gb  stm32f10x_spi.o [1]
SPI_Init                0x080103f9    0x3e  Code  Gb  stm32f10x_spi.o [1]
SVCHandler              0x0800c9ad     0x2  Code  Gb  stm32f10x_it.o [1]
SaveRState              0x2000d198     0x2  Data  Gb  usb_int.o [1]
SaveTState              0x2000d19a     0x2  Data  Gb  usb_int.o [1]
SaveTerminalPara        0x0800f8b9    0x1a  Code  Gb  Terminal_Para_m.o [1]
Scsi_Sense_Data         0x2000d494    0x14  Data  Gb  scsi_data.o [1]
SetBTABLE               0x0800da6d     0xe  Code  Gb  usb_regs.o [1]
SetDesity               0x0800533d     0xa  Code  Gb  TP.o [1]
SetDeviceAddress        0x08008d31    0x50  Code  Gb  usb_core.o [1]
SetEPRxAddr             0x0800dbdf    0x1e  Code  Gb  usb_regs.o [1]
SetEPRxCount            0x0800dc47    0x44  Code  Gb  usb_regs.o [1]
SetEPRxStatus           0x0800dad5    0x38  Code  Gb  usb_regs.o [1]
SetEPRxValid            0x0800db0d    0x2c  Code  Gb  usb_regs.o [1]
SetEPTxAddr             0x0800dbc1    0x1e  Code  Gb  usb_regs.o [1]
SetEPTxCount            0x0800dc2d    0x1a  Code  Gb  usb_regs.o [1]
SetEPTxStatus           0x0800da9b    0x3a  Code  Gb  usb_regs.o [1]
SetEPType               0x0800da7b    0x20  Code  Gb  usb_regs.o [1]
Set_CSW                 0x0800c02d    0x38  Code  Gb  usb_bot.o [1]
Set_Scsi_Sense_Data     0x0800ba0f     0xa  Code  Gb  usb_scsi.o [1]
Setup0_Process          0x08008b95    0x8c  Code  Gb  usb_core.o [1]
Standard_ClearFeature   0x080083c9   0x158  Code  Gb  usb_core.o [1]
Standard_GetConfiguration
                        0x080081a5    0x2a  Code  Gb  usb_core.o [1]
Standard_GetDescriptorData
                        0x08008603    0x24  Code  Gb  usb_core.o [1]
Standard_GetInterface   0x0800821d    0x2a  Code  Gb  usb_core.o [1]
Standard_GetStatus      0x080082c9   0x100  Code  Gb  usb_core.o [1]
Standard_Inquiry_Data   0x2000d374    0x24  Data  Gb  scsi_data.o [1]
Standard_Inquiry_Data2  0x2000d398    0x24  Data  Gb  scsi_data.o [1]
Standard_SetConfiguration
                        0x080081cf    0x4e  Code  Gb  usb_core.o [1]
Standard_SetDeviceFeature
                        0x080085df    0x24  Code  Gb  usb_core.o [1]
Standard_SetEndPointFeature
                        0x08008525    0xba  Code  Gb  usb_core.o [1]
Standard_SetInterface   0x08008247    0x82  Code  Gb  usb_core.o [1]
Status                  0x2000d118     0x4  Data  Gb  mass_mal.o [1]
StatusInfo              0x2000d15c     0x4  Data  Gb  usb_core.o [1]
String_Descriptor       0x2000d400    0x20  Data  Gb  usb_prop.o [1]
SysTickHandler          0x0800c9b1     0x8  Code  Gb  stm32f10x_it.o [1]
SysTick_CLKSourceConfig
                        0x08010159    0x20  Code  Gb  stm32f10x_systick.o [1]
SysTick_CounterCmd      0x08010185    0x30  Code  Gb  stm32f10x_systick.o [1]
SysTick_GetCounter      0x080101d7     0x6  Code  Gb  stm32f10x_systick.o [1]
SysTick_IRQ_Handle      0x0800b351    0x6a  Code  Gb  PaperDetect.o [1]
SysTick_ITConfig        0x080101b5    0x22  Code  Gb  stm32f10x_systick.o [1]
SysTick_SetReload       0x08010179     0xc  Code  Gb  stm32f10x_systick.o [1]
TAMPER_IRQHandler       0x0800c9bd     0x2  Code  Gb  stm32f10x_it.o [1]
TIM1_BRK_IRQHandler     0x0800ca59     0x2  Code  Gb  stm32f10x_it.o [1]
TIM1_CC_IRQHandler      0x0800ca5f     0x2  Code  Gb  stm32f10x_it.o [1]
TIM1_TRG_COM_IRQHandler
                        0x0800ca5d     0x2  Code  Gb  stm32f10x_it.o [1]
TIM1_UP_IRQHandler      0x0800ca5b     0x2  Code  Gb  stm32f10x_it.o [1]
TIM2_IRQHandler         0x0800ca61     0x8  Code  Gb  stm32f10x_it.o [1]
TIM2_UpdateISRHandler   0x0800f213    0x9a  Code  Gb  TimeBase.o [1]
TIM3_IRQHandler         0x0800ca69    0x24  Code  Gb  stm32f10x_it.o [1]
TIM3_IRQ_Handle         0x080052f1    0x1c  Code  Gb  TP.o [1]
TIM4_IRQHandler         0x0800ca8d     0x2  Code  Gb  stm32f10x_it.o [1]
TIM5_IRQHandler         0x0800cbf5     0x2  Code  Gb  stm32f10x_it.o [1]
TIM6_IRQHandler         0x0800cc67     0x2  Code  Gb  stm32f10x_it.o [1]
TIM7_IRQHandler         0x0800cc69     0x2  Code  Gb  stm32f10x_it.o [1]
TIM8_BRK_IRQHandler     0x0800cbe7     0x2  Code  Gb  stm32f10x_it.o [1]
TIM8_CC_IRQHandler      0x0800cbed     0x2  Code  Gb  stm32f10x_it.o [1]
TIM8_TRG_COM_IRQHandler
                        0x0800cbeb     0x2  Code  Gb  stm32f10x_it.o [1]
TIM8_UP_IRQHandler      0x0800cbe9     0x2  Code  Gb  stm32f10x_it.o [1]
TIM_ARRPreloadConfig    0x0800eab3    0x1c  Code  Gb  stm32f10x_tim.o [1]
TIM_ClearITPendingBit   0x0800eb01     0x8  Code  Gb  stm32f10x_tim.o [1]
TIM_Cmd                 0x0800ea7f    0x1c  Code  Gb  stm32f10x_tim.o [1]
TIM_GetITStatus         0x0800eacf    0x32  Code  Gb  stm32f10x_tim.o [1]
TIM_ITConfig            0x0800ea9b    0x18  Code  Gb  stm32f10x_tim.o [1]
TIM_OC1Init             0x0800e9c7    0x76  Code  Gb  stm32f10x_tim.o [1]
TIM_OCStructInit        0x0800ea5d    0x22  Code  Gb  stm32f10x_tim.o [1]
TIM_TimeBaseInit        0x0800e991    0x36  Code  Gb  stm32f10x_tim.o [1]
TIM_TimeBaseStructInit  0x0800ea45    0x18  Code  Gb  stm32f10x_tim.o [1]
TPAdjustStepTime        0x08004a0d   0x110  Code  Lc  TP.o [1]
TPBMSNSDetect           0x0800b12d   0x144  Code  Gb  PaperDetect.o [1]
TPCheckBuf              0x08004ddb   0x17e  Code  Lc  TP.o [1]
TPDataDMAShiftToPrn     0x08004dc1    0x1a  Code  Lc  TP.o [1]
TPDataShiftCntProc      0x08004c21   0x184  Code  Lc  TP.o [1]
TPDataShiftOut          0x08004da5    0x1c  Code  Lc  TP.o [1]
TPFeedLine              0x0800548f    0x18  Code  Gb  TP.o [1]
TPFeedStart             0x080054a9    0x18  Code  Gb  TP.o [1]
TPFeedStep              0x08004b65    0x48  Code  Lc  TP.o [1]
TPFeedStop              0x080054c1     0xc  Code  Gb  TP.o [1]
TPForwardStep           0x080047ed   0x180  Code  Lc  TP.o [1]
TPGetStepTime           0x08004b1d    0x30  Code  Lc  TP.o [1]
TPHTemperature          0x0800f37d    0x5c  Code  Gb  ThermalDetect.o [1]
TPHeatDotsAdj           0x080049c9    0x44  Code  Lc  TP.o [1]
TPHeatPreLineAdj        0x080049c5     0x2  Code  Lc  TP.o [1]
TPHeatThermalAdj        0x08004979    0x4c  Code  Lc  TP.o [1]
TPHeatVoltageAdj        0x08004975     0x2  Code  Lc  TP.o [1]
TPISRProc               0x08004f69   0x388  Code  Gb  TP.o [1]
TPInit                  0x080046b5   0x138  Code  Gb  TP.o [1]
TPIntSetIdle            0x08004bcf    0x28  Code  Lc  TP.o [1]
TPIntSetPreIdle         0x08004bad    0x22  Code  Lc  TP.o [1]
TPPaperSNSDetect        0x0800b271    0xb4  Code  Gb  PaperDetect.o [1]
TPPaperSNSInit          0x0800aec1   0x178  Code  Gb  PaperDetect.o [1]
TPPrintAsciiLine        0x080054cd     0x8  Code  Gb  TP.o [1]
TPPrintCmdToBuf         0x08005401    0x80  Code  Lc  TP.o [1]
TPPrintLine             0x08005481     0xe  Code  Gb  TP.o [1]
TPPrintTestPage         0x080054d5   0x26c  Code  Gb  TP.o [1]
TPPrinterMark           0x0800b325    0x12  Code  Gb  PaperDetect.o [1]
TPPrinterReady          0x0800b337    0x14  Code  Gb  PaperDetect.o [1]
TPSetSpeed              0x0800530d    0x30  Code  Gb  TP.o [1]
TPSetTimeCnt            0x08004b51    0x10  Code  Lc  TP.o [1]
TPStart                 0x0800538d    0x74  Code  Lc  TP.o [1]
TP_dot                  0x2000c0f4   0x310  Data  Lc  TP.o [1]
TimeBase_Init           0x0800f19f    0x74  Code  Gb  TimeBase.o [1]
TpAccelerationSteps     0x0800edd4   0x150  Data  Lc  TP.o [1]
TranRtoDegree           0x0800f2dd    0xa0  Code  Gb  ThermalDetect.o [1]
TranVtoR                0x0800f2b1    0x2a  Code  Gb  ThermalDetect.o [1]
TransferState           0x2000d1a9     0x1  Data  Gb  memory.o [1]
Transfer_Data_Request   0x0800bff9    0x32  Code  Gb  usb_bot.o [1]
UART4_IRQHandler        0x0800cbf9    0x6c  Code  Gb  stm32f10x_it.o [1]
UART5_IRQHandler        0x0800cc65     0x2  Code  Gb  stm32f10x_it.o [1]
USART1_IRQHandler       0x0800ca9d    0x6c  Code  Gb  stm32f10x_it.o [1]
USART2_IRQHandler       0x0800cb09    0x6c  Code  Gb  stm32f10x_it.o [1]
USART3_IRQHandler       0x0800cb75    0x6c  Code  Gb  stm32f10x_it.o [1]
USART_Cmd               0x0800e55d    0x1a  Code  Gb  stm32f10x_usart.o [1]
USART_DMACmd            0x0800e5c7    0x18  Code  Gb  stm32f10x_usart.o [1]
USART_GetFlagStatus     0x0800e5ef    0x1a  Code  Gb  stm32f10x_usart.o [1]
USART_GetITStatus       0x0800e609    0x64  Code  Gb  stm32f10x_usart.o [1]
USART_ITConfig          0x0800e577    0x50  Code  Gb  stm32f10x_usart.o [1]
USART_Init              0x0800e4c1    0x9c  Code  Gb  stm32f10x_usart.o [1]
USART_ReceiveData       0x0800e5e7     0x8  Code  Gb  stm32f10x_usart.o [1]
USART_SendData          0x0800e5df     0x8  Code  Gb  stm32f10x_usart.o [1]
USBWakeUp_IRQHandler    0x0800cbe5     0x2  Code  Gb  stm32f10x_it.o [1]
USB_APP_ClearFeature    0x0800b581    0x1c  Code  Gb  usb_prop.o [1]
USB_APP_Data_Setup      0x0800b5ad    0xc4  Code  Gb  usb_prop.o [1]
USB_APP_GetConfigDescriptor
                        0x0800b745    0x2c  Code  Gb  usb_prop.o [1]
USB_APP_GetDeviceDescriptor
                        0x0800b715    0x2c  Code  Gb  usb_prop.o [1]
USB_APP_GetStringDescriptor
                        0x0800b779    0x28  Code  Gb  usb_prop.o [1]
USB_APP_Get_Interface_Setting
                        0x0800b7a1    0x18  Code  Gb  usb_prop.o [1]
USB_APP_NoData_Setup    0x0800b671    0x98  Code  Gb  usb_prop.o [1]
USB_APP_Reset           0x0800b401   0x148  Code  Gb  usb_prop.o [1]
USB_APP_SetConfiguration
                        0x0800b551    0x30  Code  Gb  usb_prop.o [1]
USB_APP_SetDeviceAddress
                        0x0800b59d     0x8  Code  Gb  usb_prop.o [1]
USB_APP_Status_In       0x0800b5a9     0x2  Code  Gb  usb_prop.o [1]
USB_APP_Status_Out      0x0800b5ab     0x2  Code  Gb  usb_prop.o [1]
USB_APP_StringLangID    0x08011460     0x4  Data  Gb  usb_desc.o [1]
USB_APP_StringProduct   0x08010e5c    0x20  Data  Gb  usb_desc.o [1]
USB_APP_StringSerial    0x2000d440    0x1c  Data  Gb  usb_desc.o [1]
USB_APP_StringVendor    0x08010cec    0x28  Data  Gb  usb_desc.o [1]
USB_APP_init            0x0800b3c1    0x40  Code  Gb  usb_prop.o [1]
USB_HP_CAN_TX_IRQHandler
                        0x0800ca43     0x8  Code  Gb  stm32f10x_it.o [1]
USB_Init                0x080109f1    0x40  Code  Gb  usb_init.o [1]
USB_Istr                0x0801002d    0x9c  Code  Gb  usb_istr.o [1]
USB_LP_CAN_RX0_IRQHandler
                        0x0800ca4b     0x8  Code  Gb  stm32f10x_it.o [1]
USB_PowerOn             0x08010aad    0x34  Code  Gb  usb_pwr.o [1]
USB_SIL_Read            0x08010717    0x2c  Code  Gb  usb_sil.o [1]
USB_SIL_Write           0x080106e9    0x2e  Code  Gb  usb_sil.o [1]
Unconfigure_All         0x0800d741    0x20  Code  Lc  main.o [1]
UsageFaultException     0x0800c9a9     0x2  Code  Gb  stm32f10x_it.o [1]
UserToPMABufferCopy     0x080107f5    0x2e  Code  Gb  usb_mem.o [1]
User_Standard_Requests  0x2000d3bc    0x24  Data  Gb  usb_prop.o [1]
WWDG_IRQHandler         0x0800c9b9     0x2  Code  Gb  stm32f10x_it.o [1]
Wake_up                 0x08005349    0x44  Code  Gb  TP.o [1]
Write_Memory            0x0800ddd5   0x120  Code  Gb  memory.o [1]
_EncodingSb_Mbtowc      0x080106b1    0x38  Code  Gb  xencoding_sb.o [3]
_EncodingSb_Wctomb      0x0801068d    0x1c  Code  Gb  xencoding_sb.o [3]
_Files                  0x2000d420    0x20  Data  Gb  xfiles.o [3]
_GenldDefault           0x08006505   0x258  Code  Lc  xprintffull.o [3]
_IsdstStr               0x2000d1d8     0x4  Data  Gb  setlocale.o [3]
_LdtobDefault           0x080060e1   0x404  Code  Lc  xprintffull.o [3]
_LitobDefault           0x08005fc9   0x110  Code  Lc  xprintffull.o [3]
_LocaleC_lconv          0x0801089c    0x48  Data  Gb  xlocale_c.o [3]
_LocaleEncoding         0x08011145    0x10  Code  Gb  setlocale.o [3]
_LocaleReturnString     0x2000d1e8    0x50  Data  Lc  setlocale.o [3]
_Locale_LconvArray      0x2000d1e4     0x4  Data  Gb  setlocale.o [3]
_Locale_Profile         0x2000d1b4    0x1c  Data  Gb  setlocale.o [3]
_Locale_lconv           0x2000d23c    0x48  Data  Gb  localeconv.o [3]
_Mbtowc                 0x08010e9d    0x20  Code  Gb  xmbtowc.o [3]
_Printf                 0x08005741   0x5a8  Code  Gb  xprintffull.o [3]
_Prout                  0x0801103f    0x16  Code  Gb  xprout.o [3]
_PutcharsDefault        0x0800675d    0x32  Code  Lc  xprintffull.o [3]
_PutstrDefault          0x08005cf1   0x2cc  Code  Lc  xprintffull.o [3]
_SNProut                0x08010f19    0x1a  Code  Gb  xsnprout.o [3]
_TzoneStr               0x2000d1d0     0x4  Data  Gb  setlocale.o [3]
_Wctomb                 0x08010f33    0x1a  Code  Gb  xwctomb.o [3]
__BASEPRICONFIG         0x080103e3          Code  Gb  cortexm3_macro.o [1]
__DMB                   0x08010395          Code  Gb  cortexm3_macro.o [1]
__DSB                   0x0801038f          Code  Gb  cortexm3_macro.o [1]
__GetBASEPRI            0x080103e9          Code  Gb  cortexm3_macro.o [1]
__ISB                   0x08010389          Code  Gb  cortexm3_macro.o [1]
__MRS_CONTROL           0x0801039f          Code  Gb  cortexm3_macro.o [1]
__MRS_MSP               0x080103bb          Code  Gb  cortexm3_macro.o [1]
__MRS_PSP               0x080103af          Code  Gb  cortexm3_macro.o [1]
__MSR_CONTROL           0x080103a5          Code  Gb  cortexm3_macro.o [1]
__MSR_MSP               0x080103c1          Code  Gb  cortexm3_macro.o [1]
__MSR_PSP               0x080103b5          Code  Gb  cortexm3_macro.o [1]
__READ_FAULTMASK        0x080103dd          Code  Gb  cortexm3_macro.o [1]
__READ_PRIMASK          0x080103cf          Code  Gb  cortexm3_macro.o [1]
__RESETFAULTMASK        0x080103d5          Code  Gb  cortexm3_macro.o [1]
__RESETPRIMASK          0x080103c7          Code  Gb  cortexm3_macro.o [1]
__REV_HalfWord          0x080103ef          Code  Gb  cortexm3_macro.o [1]
__REV_Word              0x080103f3          Code  Gb  cortexm3_macro.o [1]
__SETFAULTMASK          0x080103d9          Code  Gb  cortexm3_macro.o [1]
__SETPRIMASK            0x080103cb          Code  Gb  cortexm3_macro.o [1]
__SEV                   0x08010385          Code  Gb  cortexm3_macro.o [1]
__SVC                   0x0801039b          Code  Gb  cortexm3_macro.o [1]
__WFE                   0x08010381          Code  Gb  cortexm3_macro.o [1]
__WFI                   0x0801037d          Code  Gb  cortexm3_macro.o [1]
__aeabi_assert          0x0801096f    0x42  Code  Gb  xassert.o [3]
__aeabi_cdcmple         0x08010bb5          Code  Gb  DblCmpLe.o [4]
__aeabi_cdrcmple        0x08010be5          Code  Gb  DblCmpGe.o [4]
__aeabi_d2iz            0x0801079d          Code  Gb  DblToI32.o [4]
__aeabi_d2uiz           0x080107c9          Code  Gb  DblToI32.o [4]
__aeabi_dadd            0x0800faf5          Code  Gb  DblAdd.o [4]
__aeabi_ddiv            0x0800d2a5          Code  Gb  DblDiv.o [4]
__aeabi_dmul            0x0800e66d          Code  Gb  DblMul.o [4]
__aeabi_dsub            0x0800e811          Code  Gb  DblSub.o [4]
__aeabi_i2d             0x08010c15          Code  Gb  I32ToDbl.o [4]
__aeabi_ldiv0           0x08011465          Code  Gb  I64DivZer.o [4]
__aeabi_ldivmod         0x0800f055          Code  Gb  I64DivMod.o [4]
__aeabi_memcpy          0x08010475          Code  Gb  ABImemcpy.o [4]
__aeabi_memcpy4         0x0801048f          Code  Gb  ABImemcpy.o [4]
__aeabi_memcpy8         0x0801048f          Code  Gb  ABImemcpy.o [4]
__aeabi_memset          0x080105c1          Code  Gb  ABImemset.o [4]
__aeabi_ui2d            0x08010c29          Code  Gb  I32ToDbl.o [4]
__aeabi_uldivmod        0x0800f069          Code  Gb  I64DivMod.o [4]
__call_dtors            0x08010511     0x4  Code  Gb  cppinit.o [3]
__cstart_call_dtors     0x08011253          Code  Gb  cexit.o [4]
__cxa_atexit            0x080104e5    0x2c  Code  Gb  cppinit.o [3]
__cxa_finalize          0x08010515    0x3c  Code  Gb  cppinit.o [3]
__data_Aldata           0x2000d108     0x8  Data  Gb  xxmemxmalloc.o [3]
__data_GetMemChunk      0x08010d3d    0x28  Code  Gb  xgetmemchunk.o [3]
__dwrite                0x08010edd    0x1e  Code  Gb  dwrite.o [5]
__exit                  0x0801111d    0x14  Code  Gb  exit.o [5]
__iar_Dnorm             0x0800fd6d    0xb4  Code  Gb  xdnorm.o [3]
__iar_Dscale            0x0800f611   0x110  Code  Gb  xdscale.o [3]
__iar_EmptyStepPoint    0x0801096d     0x2  Code  Gb  xassert.o [3]
__iar_Locksyslock       0x0801020d    0x4c  Code  Gb  xsyslock.o [3]
__iar_Mbcurmax          0x080113d9     0xa  Code  Gb  xmbcurmax.o [3]
__iar_Memchr            0x08010745          Code  Gb  memchr.o [4]
__iar_Memset            0x080105c1          Code  Gb  ABImemset.o [4]
__iar_Memset_word       0x080105c9          Code  Gb  ABImemset.o [4]
__iar_Mtxdst            0x08010b8b     0x6  Code  Gb  MtxWrapper.o [3]
__iar_Mtxinit           0x08010b85     0x6  Code  Gb  MtxWrapper.o [3]
__iar_Mtxlock           0x08010b91     0x4  Code  Gb  MtxWrapper.o [3]
__iar_Mtxunlock         0x08010b9f     0x6  Code  Gb  MtxWrapper.o [3]
__iar_ReportAssert      0x08010319    0x64  Code  Gb  xreportassert.o [3]
__iar_Stderr            0x2000d304    0x40  Data  Gb  xfiles.o [3]
__iar_Stdin             0x2000d284    0x40  Data  Gb  xfiles.o [3]
__iar_Stdout            0x2000d2c4    0x40  Data  Gb  xfiles.o [3]
__iar_Strchr            0x08011029          Code  Gb  strchr.o [4]
__iar_Tls_setup__IsdstStr
                        0x2000d1dc     0x4  Data  Gb  setlocale.o [3]
__iar_Tls_setup__Locale_Profile
                        0x2000d1e0     0x4  Data  Gb  setlocale.o [3]
__iar_Tls_setup__Locale_lconv
                        0x2000d238     0x4  Data  Gb  localeconv.o [3]
__iar_Tls_setup__TzoneStr
                        0x2000d1d4     0x4  Data  Gb  setlocale.o [3]
__iar_Unlocksyslock     0x08010259    0x14  Code  Gb  xsyslock.o [3]
__iar_d2uiz             0x080107d3          Code  Gb  DblToI32.o [4]
__iar_dadd              0x0800fb07          Code  Gb  DblAdd.o [4]
__iar_data_init2        0x08010efd    0x1c  Code  Gb  data_init2.o [4]
__iar_dsub              0x0800e823          Code  Gb  DblSub.o [4]
__iar_dsubStart         0x0800e835          Code  Gb  DblSub.o [4]
__iar_packbits_init2    0x080100c9    0x8e  Code  Gb  packbits_init2.o [4]
__iar_program_start     0x08011011          Code  Gb  cmain.o [4]
__iar_sh_stdout         0x0801085d    0x3c  Code  Gb  iarwstd.o [5]
__iar_sh_stdout_close   0x08010849    0x14  Code  Gb  iarwstd.o [5]
__iar_sh_stdout_handle  0x2000d18c     0x4  Data  Lc  iarwstd.o [5]
__iar_sh_write          0x08010ebd    0x20  Code  Gb  iarwrite.o [5]
__iar_ui2d              0x08010c2b          Code  Gb  I32ToDbl.o [4]
__iar_zero_init2        0x08010f4d    0x1a  Code  Gb  zero_init2.o [4]
__low_level_init        0x08011467     0x4  Code  Gb  low_level_init.o [3]
__vector_table          0x08000000   0x140  Data  Gb  stm32f10x_vector.o [1]
__write                 0x08011241    0x10  Code  Gb  write.o [5]
_exit                   0x08011251          Code  Gb  cexit.o [4]
_main                   0x08011023          Code  Gb  cmain.o [4]
abort                   0x0801144d     0x8  Code  Gb  abort.o [3]
bDeviceState            0x2000d174     0x4  Data  Gb  usb_pwr.o [1]
bIntPackSOF             0x2000d1b0     0x1  Data  Gb  usb_istr.o [1]
bm_cnt                  0x2000d1a4     0x1  Data  Gb  PaperDetect.o [1]
bt_connect_status       0x2000d19e     0x1  Data  Lc  BT816.o [1]
buffer                  0x2000a4f4  0x1000  Data  Lc  spi_flash.o [1]
buffer_out              0x2000cfa4    0x40  Data  Gb  usb_endp.o [1]
check_fs                0x08000be9    0x78  Code  Lc  ff.o [1]
chk_chr                 0x08000185    0x14  Code  Lc  ff.o [1]
chk_mounted             0x08000c61   0x364  Code  Lc  ff.o [1]
clearlocks              0x080101e5    0x26  Code  Lc  xsyslock.o [3]
clmt_clust              0x0800063f    0x2a  Code  Lc  ff.o [1]
clr_all_dot             0x2000d1a5     0x1  Data  Gb  TP.o [1]
clust2sect              0x080002e3    0x18  Code  Gb  ff.o [1]
crc32                   0x08010d15    0x28  Code  Gb  crc32.o [1]
crc32_tab               0x0800c4b4   0x400  Data  Lc  crc32.o [1]
create_chain            0x08000585    0xba  Code  Lc  ff.o [1]
create_name             0x080009bd   0x194  Code  Lc  ff.o [1]
current_cache_block     0x2000d144     0x4  Data  Lc  spi_flash.o [1]
current_channel         0x2000d1a7     0x1  Data  Gb  esc_p.o [1]
data_uart_init          0x0800ff81    0x88  Code  Gb  data_uart.o [1]
debug_buffer            0x20005274  0x3e80  Data  Gb  main.o [1]
debug_cnt               0x2000d114     0x4  Data  Gb  main.o [1]
delay_ms                0x0800f185    0x1a  Code  Gb  TimeBase.o [1]
dir_find                0x0800084f    0x62  Code  Lc  ff.o [1]
dir_next                0x08000719   0x136  Code  Lc  ff.o [1]
dir_read                0x080008b1    0x5c  Code  Lc  ff.o [1]
dir_register            0x0800090d    0x7e  Code  Lc  ff.o [1]
dir_remove              0x0800098b    0x30  Code  Lc  ff.o [1]
dir_sdi                 0x08000669    0xb0  Code  Lc  ff.o [1]
disk_initialize         0x0800fa0d    0x12  Code  Gb  diskio.o [1]
disk_ioctl              0x0800fab9    0x3c  Code  Gb  diskio.o [1]
disk_read               0x0800fa35    0x44  Code  Gb  diskio.o [1]
disk_status             0x0800fa23    0x12  Code  Gb  diskio.o [1]
disk_write              0x0800fa79    0x38  Code  Gb  diskio.o [1]
div                     0x0801126d     0xe  Code  Gb  div.o [3]
double_byte             0x08003465    0x6a  Code  Lc  esc_p.o [1]
dwPictureLBA            0x2000d13c     0x4  Data  Gb  res_spi_new.o [1]
ebuf                    0x2000ce44    0x50  Data  Lc  xfiles.o [3]
enter_u_disk_mode       0x0800d565    0x3c  Code  Gb  main.o [1]
esc_init                0x08003715    0x1c  Code  Gb  esc_p.o [1]
esc_p                   0x08003735   0xf80  Code  Gb  esc_p.o [1]
esc_p_init              0x080034d1   0x240  Code  Gb  esc_p.o [1]
esc_sts                 0x20000df0  0x4484  Data  Gb  esc_p.o [1]
event_init              0x0800ef25     0xc  Code  Gb  Event.o [1]
event_pend              0x0800ef4b    0x2a  Code  Gb  Event.o [1]
event_post              0x0800ef31    0x1a  Code  Gb  Event.o [1]
event_proc              0x0800ef81    0xd4  Code  Gb  Event.o [1]
evtHead                 0x2000d19f     0x1  Data  Lc  Event.o [1]
evtQueue                0x2000cee4    0x40  Data  Lc  Event.o [1]
evtTail                 0x2000d1a0     0x1  Data  Lc  Event.o [1]
exit                    0x08011455     0x6  Code  Gb  exit.o [3]
f_close                 0x080014c7    0x18  Code  Gb  ff.o [1]
f_lseek                 0x080014df   0x30c  Code  Gb  ff.o [1]
f_mkfs                  0x080018b5   0x69c  Code  Gb  ff.o [1]
f_mount                 0x08000ff1    0x34  Code  Gb  ff.o [1]
f_open                  0x08001025   0x1e2  Code  Gb  ff.o [1]
f_read                  0x08001207   0x204  Code  Gb  ff.o [1]
f_sync                  0x0800140b    0xbc  Code  Gb  ff.o [1]
f_unlink                0x080017eb    0xc8  Code  Gb  ff.o [1]
fatfs_sector_offset     0x2000d14c     0x4  Data  Gb  spi_flash.o [1]
fflush                  0x0800ff45    0x3c  Code  Gb  fflush.o [3]
fflushOne               0x0800fed1    0x74  Code  Lc  fflush.o [3]
flash_state             0x2000d1aa     0x1  Data  Lc  spi_flash.o [1]
flasize                 0x2000d140     0x4  Data  Gb  spi_flash.o [1]
follow_path             0x08000b51    0x94  Code  Lc  ff.o [1]
font_data_read          0x0800c3e9    0xc8  Code  Gb  res_spi_new.o [1]
fonta_en                0x08006790   0xd80  Data  Gb  res_spi_new.o [1]
fontb_en                0x0800a8c0   0x600  Data  Gb  res_spi_new.o [1]
fputc                   0x08010009    0x20  Code  Gb  data_uart.o [1]
free                    0x08010271    0x88  Code  Gb  xxmemxfree.o [3]
fs                      0x2000c404   0x230  Data  Gb  res_spi_new.o [1]
g_mass_storage_device_type
                        0x2000d1ab     0x1  Data  Gb  usb_app_config.o [1]
g_param                 0x2000cf24    0x40  Data  Gb  Terminal_Para_m.o [1]
g_usb_type              0x2000d1ac     0x1  Data  Gb  usb_app_config.o [1]
get_fat                 0x080002fb    0xf4  Code  Gb  ff.o [1]
get_fattime             0x0800fa1f     0x4  Code  Gb  diskio.o [1]
get_spi_flash_capacity  0x0800a6f5     0x6  Code  Gb  spi_flash.o [1]
hard_fault_handler_c    0x0800c8b9    0xe4  Code  Gb  stm32f10x_it.o [1]
id_array                0x080109b0    0x40  Data  Gb  spi_flash.o [1]
keyStatus               0x2000d1a1     0x1  Data  Lc  KeyScan.o [1]
localeconv              0x08011131    0x14  Code  Gb  localeconv.o [3]
main                    0x0800d5a1   0x114  Code  Gb  main.o [1]
malloc                  0x0800fcb1    0xbc  Code  Gb  xxmemxmalloc.o [3]
max_start_col           0x2000d190     0x2  Data  Gb  DotFill.o [1]
mem_cmp                 0x08000165    0x20  Code  Lc  ff.o [1]
mem_cpy                 0x08000141    0x14  Code  Lc  ff.o [1]
mem_set                 0x08000155    0x10  Code  Lc  ff.o [1]
memchr                  0x08010745          Code  Gb  memchr.o [4]
memcmp                  0x08010629          Code  Gb  memcmp.o [4]
memcpy                  0x0801125f     0xe  Code  Wk  BT816.o [1]
memset                  0x08011159    0x14  Code  Wk  BT816.o [1]
move_window             0x08000199    0x74  Code  Lc  ff.o [1]
mtx                     0x2000d0a8    0x10  Data  Lc  xsyslock.o [3]
mtxdst                  0x2000d180     0x4  Data  Lc  MtxWrapper.o [3]
mtxinit                 0x2000d17c     0x4  Data  Lc  MtxWrapper.o [3]
mtxlock                 0x2000d184     0x4  Data  Lc  MtxWrapper.o [3]
mtxunlock               0x2000d188     0x4  Data  Lc  MtxWrapper.o [3]
next_abi_dtor_rec       0x2000d4e4     0x4  Data  Lc  cppinit.o [3]
obuf                    0x2000ce94    0x50  Data  Lc  xfiles.o [3]
out                     0x080102f9    0x20  Code  Lc  xreportassert.o [3]
pEpInt_IN               0x2000d45c    0x1c  Data  Gb  usb_istr.o [1]
pEpInt_OUT              0x2000d478    0x1c  Data  Gb  usb_istr.o [1]
pInformation            0x2000d164     0x4  Data  Gb  usb_init.o [1]
pProperty               0x2000d168     0x4  Data  Gb  usb_init.o [1]
pUser_Standard_Requests
                        0x2000d16c     0x4  Data  Gb  usb_init.o [1]
p_allocate_addr         0x2000ca5c   0x190  Data  Lc  JMemory.o [1]
papercnt                0x2000d1a3     0x1  Data  Gb  PaperDetect.o [1]
param_format            0x08007e49     0xe  Code  Gb  record_mod.o [1]
param_init              0x08008195     0xe  Code  Gb  record_mod.o [1]
param_mod_state         0x2000d1a6     0x1  Data  Lc  Terminal_Para_m.o [1]
param_read              0x08007e59   0x108  Code  Gb  record_mod.o [1]
param_write             0x08007f61   0x234  Code  Gb  record_mod.o [1]
port_status             0x2000d1b1     0x1  Data  Gb  usb_prop.o [1]
print_data_len          0x2000d160     0x4  Data  Gb  usb_endp.o [1]
print_device_reset      0x0800b815    0x18  Code  Lc  usb_prop.o [1]
print_head_SPI_init     0x0800fbdd    0x7c  Code  Lc  print_head.o [1]
print_head_init         0x0800fc59    0x14  Code  Gb  print_head.o [1]
print_head_spi_send_byte
                        0x0800fc6d    0x40  Code  Gb  print_head.o [1]
printersts              0x2000d1a2     0x1  Data  Gb  PaperDetect.o [1]
printf                  0x08010e7d    0x20  Code  Gb  printf.o [3]
put_fat                 0x080003ef   0x126  Code  Gb  ff.o [1]
putchar                 0x080113cd     0xc  Code  Gb  putchar.o [3]
read_resdata            0x0800c191    0x16  Code  Gb  res_spi_new.o [1]
rec_copy4kblk           0x080075f1    0x62  Code  Lc  record_mod.o [1]
rec_getindex            0x08007653    0x18  Code  Lc  record_mod.o [1]
rec_getrecspc           0x08007549    0x3a  Code  Lc  record_mod.o [1]
rec_readsimprit         0x08007511    0x38  Code  Lc  record_mod.o [1]
rec_writesimprit        0x08007583    0x62  Code  Lc  record_mod.o [1]
recinfo                 0x2000d014    0x2c  Data  Lc  record_mod.o [1]
recmod_flasize          0x2000d148     0x4  Data  Gb  spi_flash.o [1]
record_count            0x08007dad    0x96  Code  Gb  record_mod.o [1]
record_format           0x0800766d   0x2bc  Code  Gb  record_mod.o [1]
record_init             0x08007929   0x47c  Code  Gb  record_mod.o [1]
remove_chain            0x08000515    0x70  Code  Lc  ff.o [1]
res_buffer              0x2000c85c   0x200  Data  Lc  res_spi_new.o [1]
res_init                0x0800c10d    0x80  Code  Gb  res_spi_new.o [1]
res_loadres             0x0800c0a9    0x40  Code  Lc  res_spi_new.o [1]
res_upgrade             0x0800c1a9   0x23c  Code  Gb  res_spi_new.o [1]
resource_file           0x2000c634   0x228  Data  Lc  res_spi_new.o [1]
restbl                  0x08010b20    0x34  Data  Gb  ThermalDetect.o [1]
ringbuffer_data_len     0x08001f79    0x44  Code  Lc  BT816.o [1]
ringbuffer_data_len     0x0800d811    0x44  Code  Lc  ringbuffer.o [1]
ringbuffer_data_len     0x0800df31    0x44  Code  Lc  uart.o [1]
ringbuffer_data_len     0x0800f949    0x44  Code  Lc  usb_endp.o [1]
ringbuffer_getchar      0x0800d9db    0x64  Code  Gb  ringbuffer.o [1]
ringbuffer_init         0x0800d855    0x60  Code  Gb  ringbuffer.o [1]
ringbuffer_put          0x0800d8b5    0xc2  Code  Gb  ringbuffer.o [1]
ringbuffer_putchar      0x0800d977    0x64  Code  Gb  ringbuffer.o [1]
ringbuffer_reset        0x0800da49    0x22  Code  Gb  ringbuffer.o [1]
ringbuffer_status       0x08001f51    0x28  Code  Lc  BT816.o [1]
ringbuffer_status       0x0800d7e9    0x28  Code  Lc  ringbuffer.o [1]
ringbuffer_status       0x0800df09    0x28  Code  Lc  uart.o [1]
ringbuffer_status       0x0800f921    0x28  Code  Lc  usb_endp.o [1]
send_data_to_BT         0x08002815   0x154  Code  Lc  BT816.o [1]
setup_font              0x0800c0e9    0x1c  Code  Gb  res_spi_new.o [1]
setup_picture           0x0800c105     0x6  Code  Gb  res_spi_new.o [1]
simprit                 0x2000d0b8    0x10  Data  Lc  record_mod.o [1]
snprintf                0x08010a31    0x40  Code  Gb  snprintf.o [3]
spi_flash_eraseblock    0x0800a2a1    0x44  Code  Gb  spi_flash.o [1]
spi_flash_erasesector   0x0800a25d    0x44  Code  Gb  spi_flash.o [1]
spi_flash_init          0x0800a0b1   0x184  Code  Gb  spi_flash.o [1]
spi_flash_page_write    0x0800a3b9    0x5c  Code  Gb  spi_flash.o [1]
spi_flash_post_write    0x0800a6fb    0x6c  Code  Gb  spi_flash.o [1]
spi_flash_raddr         0x0800a5db    0x50  Code  Gb  spi_flash.o [1]
spi_flash_read          0x0800a82b    0x88  Code  Gb  spi_flash.o [1]
spi_flash_rpage         0x0800a2e5    0x78  Code  Gb  spi_flash.o [1]
spi_flash_send_byte     0x0800a62b    0x48  Code  Gb  spi_flash.o [1]
spi_flash_valid         0x0800a235    0x22  Code  Gb  spi_flash.o [1]
spi_flash_waddr         0x0800a415   0x1c6  Code  Gb  spi_flash.o [1]
spi_flash_wait_for_write_end
                        0x0800a697    0x58  Code  Gb  spi_flash.o [1]
spi_flash_wpage         0x0800a35d    0x5c  Code  Gb  spi_flash.o [1]
spi_flash_write         0x0800a767    0xc4  Code  Gb  spi_flash.o [1]
spi_flash_write_enable  0x0800a679    0x1e  Code  Gb  spi_flash.o [1]
spp_rec_buffer          0x200090f4  0x1400  Data  Gb  uart.o [1]
spp_ringbuf             0x2000cdf4    0x50  Data  Gb  uart.o [1]
strchr                  0x08011029          Code  Gb  strchr.o [4]
strcpy                  0x08010929          Code  Gb  strcpy.o [4]
strlen                  0x08010ae9          Code  Gb  strlen.o [4]
sync                    0x0800020d    0xd6  Code  Lc  ff.o [1]
syslock_o               0x2000d0a4     0x4  Data  Lc  xsyslock.o [3]
system_error_tip        0x0800d561     0x2  Code  Gb  main.o [1]
tp                      0x2000cbec   0x188  Data  Lc  TP.o [1]
usb_Get_SerialNum       0x0800f5a9    0x68  Code  Gb  usb_app_config.o [1]
usb_Interrupts_Config   0x0800f519    0x40  Code  Lc  usb_app_config.o [1]
usb_SetClock            0x0800f4fd    0x1c  Code  Lc  usb_app_config.o [1]
usb_cable_insert        0x0800f559     0x2  Code  Gb  usb_app_config.o [1]
usb_device_init         0x0800f55d    0x4c  Code  Gb  usb_app_config.o [1]
v_timer_list            0x2000d0d8     0x8  Data  Gb  TimeBase.o [1]
validate                0x08000fc5    0x2c  Code  Lc  ff.o [1]
wInterrupt_Mask         0x2000d196     0x2  Data  Gb  usb_init.o [1]
wIstr                   0x2000d19c     0x2  Data  Gb  usb_istr.o [1]


[1] = E:\BT Printer\FW\src\Project\EWARMv5\Debug\Obj
[2] = command line
[3] = dl7M_tl_if.a
[4] = rt7M_tl.a
[5] = shb_l.a

  61 962 bytes of readonly  code memory
   9 353 bytes of readonly  data memory
  54 486 bytes of readwrite data memory

Errors: none
Warnings: none
