###############################################################################
#                                                                             #
# IAR ELF Linker V5.30.0.51174/W32 for ARM              12/Dec/2015  15:20:06 #
# Copyright 2007-2009 IAR Systems AB.                                         #
#                                                                             #
#    Output file  =  E:\BT Printer\FW\src\Project\EWARMv5\Debug\Exe\T6.out    #
#    Map file     =  E:\BT Printer\FW\src\Project\EWARMv5\Debug\List\T6.map   #
#    Command line =  "E:\BT Printer\FW\src\Project\EWARMv5\Debug\Obj\BT816.o" #
#                     "E:\BT Printer\FW\src\Project\EWARMv5\Debug\Obj\DotFill #
#                    .o" "E:\BT Printer\FW\src\Project\EWARMv5\Debug\Obj\ESC_ #
#                    POS_test.o" "E:\BT Printer\FW\src\Project\EWARMv5\Debug\ #
#                    Obj\Event.o" "E:\BT Printer\FW\src\Project\EWARMv5\Debug #
#                    \Obj\JMemory.o" "E:\BT Printer\FW\src\Project\EWARMv5\De #
#                    bug\Obj\KeyScan.o" "E:\BT Printer\FW\src\Project\EWARMv5 #
#                    \Debug\Obj\PaperDetect.o" "E:\BT                         #
#                    Printer\FW\src\Project\EWARMv5\Debug\Obj\TP.o" "E:\BT    #
#                    Printer\FW\src\Project\EWARMv5\Debug\Obj\Terminal_Para_m #
#                    .o" "E:\BT Printer\FW\src\Project\EWARMv5\Debug\Obj\Ther #
#                    malDetect.o" "E:\BT Printer\FW\src\Project\EWARMv5\Debug #
#                    \Obj\TimeBase.o" "E:\BT Printer\FW\src\Project\EWARMv5\D #
#                    ebug\Obj\basic_fun.o" "E:\BT                             #
#                    Printer\FW\src\Project\EWARMv5\Debug\Obj\cortexm3_macro. #
#                    o" "E:\BT Printer\FW\src\Project\EWARMv5\Debug\Obj\crc32 #
#                    .o" "E:\BT Printer\FW\src\Project\EWARMv5\Debug\Obj\data #
#                    _uart.o" "E:\BT Printer\FW\src\Project\EWARMv5\Debug\Obj #
#                    \diskio.o" "E:\BT Printer\FW\src\Project\EWARMv5\Debug\O #
#                    bj\esc_p.o" "E:\BT Printer\FW\src\Project\EWARMv5\Debug\ #
#                    Obj\ff.o" "E:\BT Printer\FW\src\Project\EWARMv5\Debug\Ob #
#                    j\font.o" "E:\BT Printer\FW\src\Project\EWARMv5\Debug\Ob #
#                    j\hardfault_isr_handle_a.o" "E:\BT                       #
#                    Printer\FW\src\Project\EWARMv5\Debug\Obj\hw_config.o"    #
#                    "E:\BT Printer\FW\src\Project\EWARMv5\Debug\Obj\main.o"  #
#                    "E:\BT Printer\FW\src\Project\EWARMv5\Debug\Obj\mass_mal #
#                    .o" "E:\BT Printer\FW\src\Project\EWARMv5\Debug\Obj\memo #
#                    ry.o" "E:\BT Printer\FW\src\Project\EWARMv5\Debug\Obj\pr #
#                    int_head.o" "E:\BT Printer\FW\src\Project\EWARMv5\Debug\ #
#                    Obj\rec_ecc.o" "E:\BT Printer\FW\src\Project\EWARMv5\Deb #
#                    ug\Obj\record_mod.o" "E:\BT                              #
#                    Printer\FW\src\Project\EWARMv5\Debug\Obj\res_spi_new.o"  #
#                    "E:\BT Printer\FW\src\Project\EWARMv5\Debug\Obj\ringbuff #
#                    er.o" "E:\BT Printer\FW\src\Project\EWARMv5\Debug\Obj\sc #
#                    si_data.o" "E:\BT Printer\FW\src\Project\EWARMv5\Debug\O #
#                    bj\spi_flash.o" "E:\BT Printer\FW\src\Project\EWARMv5\De #
#                    bug\Obj\stm32f10x_adc.o" "E:\BT                          #
#                    Printer\FW\src\Project\EWARMv5\Debug\Obj\stm32f10x_bkp.o #
#                    " "E:\BT Printer\FW\src\Project\EWARMv5\Debug\Obj\stm32f #
#                    10x_crc.o" "E:\BT Printer\FW\src\Project\EWARMv5\Debug\O #
#                    bj\stm32f10x_dbgmcu.o" "E:\BT                            #
#                    Printer\FW\src\Project\EWARMv5\Debug\Obj\stm32f10x_dma.o #
#                    " "E:\BT Printer\FW\src\Project\EWARMv5\Debug\Obj\stm32f #
#                    10x_exti.o" "E:\BT Printer\FW\src\Project\EWARMv5\Debug\ #
#                    Obj\stm32f10x_flash.o" "E:\BT                            #
#                    Printer\FW\src\Project\EWARMv5\Debug\Obj\stm32f10x_fsmc. #
#                    o" "E:\BT Printer\FW\src\Project\EWARMv5\Debug\Obj\stm32 #
#                    f10x_gpio.o" "E:\BT Printer\FW\src\Project\EWARMv5\Debug #
#                    \Obj\stm32f10x_i2c.o" "E:\BT                             #
#                    Printer\FW\src\Project\EWARMv5\Debug\Obj\stm32f10x_it.o" #
#                     "E:\BT Printer\FW\src\Project\EWARMv5\Debug\Obj\stm32f1 #
#                    0x_iwdg.o" "E:\BT Printer\FW\src\Project\EWARMv5\Debug\O #
#                    bj\stm32f10x_lib.o" "E:\BT Printer\FW\src\Project\EWARMv #
#                    5\Debug\Obj\stm32f10x_nvic.o" "E:\BT                     #
#                    Printer\FW\src\Project\EWARMv5\Debug\Obj\stm32f10x_pwr.o #
#                    " "E:\BT Printer\FW\src\Project\EWARMv5\Debug\Obj\stm32f #
#                    10x_rcc.o" "E:\BT Printer\FW\src\Project\EWARMv5\Debug\O #
#                    bj\stm32f10x_rtc.o" "E:\BT Printer\FW\src\Project\EWARMv #
#                    5\Debug\Obj\stm32f10x_spi.o" "E:\BT                      #
#                    Printer\FW\src\Project\EWARMv5\Debug\Obj\stm32f10x_systi #
#                    ck.o" "E:\BT Printer\FW\src\Project\EWARMv5\Debug\Obj\st #
#                    m32f10x_tim.o" "E:\BT Printer\FW\src\Project\EWARMv5\Deb #
#                    ug\Obj\stm32f10x_usart.o" "E:\BT                         #
#                    Printer\FW\src\Project\EWARMv5\Debug\Obj\stm32f10x_vecto #
#                    r.o" "E:\BT Printer\FW\src\Project\EWARMv5\Debug\Obj\uar #
#                    t.o" "E:\BT Printer\FW\src\Project\EWARMv5\Debug\Obj\usb #
#                    _app_config.o" "E:\BT Printer\FW\src\Project\EWARMv5\Deb #
#                    ug\Obj\usb_bot.o" "E:\BT Printer\FW\src\Project\EWARMv5\ #
#                    Debug\Obj\usb_core.o" "E:\BT                             #
#                    Printer\FW\src\Project\EWARMv5\Debug\Obj\usb_desc.o"     #
#                    "E:\BT Printer\FW\src\Project\EWARMv5\Debug\Obj\usb_endp #
#                    .o" "E:\BT Printer\FW\src\Project\EWARMv5\Debug\Obj\usb_ #
#                    init.o" "E:\BT Printer\FW\src\Project\EWARMv5\Debug\Obj\ #
#                    usb_int.o" "E:\BT Printer\FW\src\Project\EWARMv5\Debug\O #
#                    bj\usb_istr.o" "E:\BT Printer\FW\src\Project\EWARMv5\Deb #
#                    ug\Obj\usb_mem.o" "E:\BT Printer\FW\src\Project\EWARMv5\ #
#                    Debug\Obj\usb_prop.o" "E:\BT                             #
#                    Printer\FW\src\Project\EWARMv5\Debug\Obj\usb_pwr.o"      #
#                    "E:\BT Printer\FW\src\Project\EWARMv5\Debug\Obj\usb_regs #
#                    .o" "E:\BT Printer\FW\src\Project\EWARMv5\Debug\Obj\usb_ #
#                    scsi.o" "E:\BT Printer\FW\src\Project\EWARMv5\Debug\Obj\ #
#                    usb_sil.o" -o "E:\BT Printer\FW\src\Project\EWARMv5\Debu #
#                    g\Exe\T6.out" --map "E:\BT Printer\FW\src\Project\EWARMv #
#                    5\Debug\List\T6.map" --config "E:\BT                     #
#                    Printer\FW\src\Project\EWARMv5\stm32f10x_debug.icf"      #
#                    --semihosting --entry __iar_program_start                #
#                                                                             #
#                                                                             #
###############################################################################

*******************************************************************************
*** RUNTIME MODEL ATTRIBUTES
***

__endian      = little
__thumb_aware = enabled


*******************************************************************************
*** PLACEMENT SUMMARY
***

"A1":  place at mem:0x8000000 { ro section .intvec };
"P1":  place in [from mem:0x8000000 to mem:0x807ffff] { ro };
"P3":  place in [from mem:0x20000010 to mem:0x2000ffff] {
          rw, block CSTACK, block HEAP };

  Section            Kind        Address    Size  Object
  -------            ----        -------    ----  ------
"A1":                                      0x140
  .intvec            const    0x08000000   0x140  stm32f10x_vector.o [1]
                            - 0x08000140   0x140

"P1":                                     0xf674
  .text              ro code  0x08000140  0x1e10  ff.o [1]
  .text              ro code  0x08001f50  0x10c0  esc_p.o [1]
  .text              ro code  0x08003010  0x10b8  TP.o [1]
  .rodata            const    0x080040c8   0xd80  res_spi_new.o [1]
  .text              ro code  0x08004e48   0xcce  xprintffull.o [3]
  .text              ro code  0x08005b18   0xc92  record_mod.o [1]
  .text              ro code  0x080067ac   0xbde  usb_core.o [1]
  .text              ro code  0x0800738c   0xb68  BT816.o [1]
  .text              ro code  0x08007ef4   0x810  spi_flash.o [1]
  .text              ro code  0x08008704   0x6d4  font.o [1]
  .rodata            const    0x08008dd8   0x600  res_spi_new.o [1]
  .text              ro code  0x080093d8   0x544  DotFill.o [1]
  .text              ro code  0x0800991c   0x4cc  PaperDetect.o [1]
  .text              ro code  0x08009de8   0x46c  usb_prop.o [1]
  .text              ro code  0x0800a254   0x440  usb_scsi.o [1]
  .text              ro code  0x0800a694   0x43c  usb_bot.o [1]
  .text              ro code  0x0800aad0   0x40c  res_spi_new.o [1]
  .rodata            const    0x0800aedc   0x400  crc32.o [1]
  .text              ro code  0x0800b2dc   0x32c  stm32f10x_rcc.o [1]
  .text              ro code  0x0800b608   0x2e0  usb_int.o [1]
  .text              ro code  0x0800b8e8   0x2d0  stm32f10x_it.o [1]
  .text              ro code  0x0800bbb8   0x2bc  DblDiv.o [4]
  .text              ro code  0x0800be74   0x282  ringbuffer.o [1]
  .text              ro code  0x0800c0f8   0x26c  main.o [1]
  .text              ro code  0x0800c364   0x260  usb_regs.o [1]
  .text              ro code  0x0800c5c4   0x23c  memory.o [1]
  .text              ro code  0x0800c800   0x1c4  stm32f10x_dma.o [1]
  .text              ro code  0x0800c9c4   0x1bc  stm32f10x_adc.o [1]
  .text              ro code  0x0800cb80   0x1b8  uart.o [1]
  .text              ro code  0x0800cd38   0x1a4  stm32f10x_usart.o [1]
  .text              ro code  0x0800cedc   0x1a2  DblMul.o [4]
  .text              ro code  0x0800d080   0x17e  DblSub.o [4]
  .text              ro code  0x0800d200   0x178  stm32f10x_tim.o [1]
  .text              ro code  0x0800d378   0x170  stm32f10x_gpio.o [1]
  .text              ro code  0x0800d4e8   0x15c  stm32f10x_nvic.o [1]
  .rodata            const    0x0800d644   0x150  TP.o [1]
  .text              ro code  0x0800d794   0x130  I64DivMod.o [4]
  .text              ro code  0x0800d8c4   0x124  mass_mal.o [1]
  .text              ro code  0x0800d9e8   0x114  usb_app_config.o [1]
  .text              ro code  0x0800dafc   0x110  xdscale.o [3]
  .text              ro code  0x0800dc0c   0x10c  ThermalDetect.o [1]
  .text              ro code  0x0800dd18   0x108  KeyScan.o [1]
  .text              ro code  0x0800de20   0x104  Event.o [1]
  .rodata            const    0x0800df24   0x100  TP.o [1]
  .text              ro code  0x0800e024   0x100  Terminal_Para_m.o [1]
  .text              ro code  0x0800e124    0xec  usb_endp.o [1]
  .text              ro code  0x0800e210    0xe8  diskio.o [1]
  .text              ro code  0x0800e2f8    0xe6  DblAdd.o [4]
  .text              ro code  0x0800e3e0    0xd4  print_head.o [1]
  .text              ro code  0x0800e4b4    0xb4  xdnorm.o [3]
  .text              ro code  0x0800e568    0xaa  TimeBase.o [1]
  .text              ro code  0x0800e614    0x9c  usb_istr.o [1]
  .text              ro code  0x0800e6b0    0x92  basic_fun.o [1]
  .text              ro code  0x0800e744    0x8c  data_uart.o [1]
  .text              ro code  0x0800e7d0    0x88  stm32f10x_systick.o [1]
  .text              ro code  0x0800e858    0x7a  cortexm3_macro.o [1]
  .text              ro code  0x0800e8d4    0x7a  stm32f10x_spi.o [1]
  .text              ro code  0x0800e950    0x78  xreportassert.o [3]
  .text              ro code  0x0800e9c8    0x70  ABImemcpy.o [4]
  .rodata            const    0x0800ea38    0x6c  TP.o [1]
  .text              ro code  0x0800eaa4    0x5a  usb_sil.o [1]
  .text              ro code  0x0800eb00    0x58  memchr.o [4]
  .text              ro code  0x0800eb58    0x56  DblToI32.o [4]
  .text              ro code  0x0800ebb0    0x54  usb_mem.o [1]
  .text              ro code  0x0800ec04    0x54  iarwstd.o [5]
  .text              ro code  0x0800ec58    0x44  stm32f10x_flash.o [1]
  .text              ro code  0x0800ec9c    0x44  xassert.o [3]
  .rodata            const    0x0800ece0    0x40  spi_flash.o [1]
  .text              ro code  0x0800ed20    0x40  usb_init.o [1]
  .text              ro code  0x0800ed60    0x40  snprintf.o [3]
  .rodata            const    0x0800eda0    0x3c  res_spi_new.o [1]
  .text              ro code  0x0800eddc    0x3c  usb_pwr.o [1]
  .text              ro code  0x0800ee18    0x36  strlen.o [4]
  .rodata            const    0x0800ee50    0x34  ThermalDetect.o [1]
  .rodata            const    0x0800ee84    0x30  xreportassert.o [3]
  .text              ro code  0x0800eeb4    0x2e  DblCmpLe.o [4]
  .text              ro code  0x0800eee4    0x2e  DblCmpGe.o [4]
  .text              ro code  0x0800ef14    0x2e  I32ToDbl.o [4]
  .rodata            const    0x0800ef44    0x2c  ringbuffer.o [1]
  .text              ro code  0x0800ef70    0x2a  putchar.o [3]
  .rodata            const    0x0800ef9c    0x28  BT816.o [1]
  .rodata            const    0x0800efc4    0x28  res_spi_new.o [1]
  .rodata            const    0x0800efec    0x28  usb_desc.o [1]
  .text              ro code  0x0800f014    0x28  crc32.o [1]
  .rodata            const    0x0800f03c    0x24  TP.o [1]
  .rodata            const    0x0800f060    0x24  TP.o [1]
  .rodata            const    0x0800f084    0x24  TP.o [1]
  .text              ro code  0x0800f0a8    0x24  copy_init2.o [4]
  .iar.init_table    const    0x0800f0cc    0x24  - Linker created -
  .rodata            const    0x0800f0f0    0x20  TP.o [1]
  .rodata            const    0x0800f110    0x20  usb_desc.o [1]
  .rodata            const    0x0800f130    0x20  usb_desc.o [1]
  .rodata            const    0x0800f150    0x20  usb_desc.o [1]
  .text              ro code  0x0800f170    0x20  printf.o [3]
  .text              ro code  0x0800f190    0x20  iarwrite.o [5]
  .text              ro code  0x0800f1b0    0x1e  dwrite.o [5]
  .text              ro code  0x0800f1d0    0x1c  data_init2.o [4]
  .text              ro code  0x0800f1ec    0x1a  xsnprout.o [3]
  .text              ro code  0x0800f206    0x1a  zero_init2.o [4]
  .rodata            const    0x0800f220    0x18  TP.o [1]
  .rodata            const    0x0800f238    0x18  TP.o [1]
  .rodata            const    0x0800f250    0x18  TP.o [1]
  .rodata            const    0x0800f268    0x18  ff.o [1]
  .rodata            const    0x0800f280    0x18  ff.o [1]
  .rodata            const    0x0800f298    0x18  main.o [1]
  .rodata            const    0x0800f2b0    0x18  stm32f10x_it.o [1]
  .text              ro code  0x0800f2c8    0x18  cmain.o [4]
  .text              ro code  0x0800f2e0    0x16  strchr.o [4]
  .text              ro code  0x0800f2f6    0x16  xprout.o [3]
  .rodata            const    0x0800f30c    0x14  TP.o [1]
  .rodata            const    0x0800f320    0x14  TP.o [1]
  .rodata            const    0x0800f334    0x14  TP.o [1]
  .rodata            const    0x0800f348    0x14  TP.o [1]
  .rodata            const    0x0800f35c    0x14  TP.o [1]
  .rodata            const    0x0800f370    0x14  TP.o [1]
  .rodata            const    0x0800f384    0x14  ff.o [1]
  .rodata            const    0x0800f398    0x14  ff.o [1]
  .rodata            const    0x0800f3ac    0x14  usb_desc.o [1]
  .rodata            const    0x0800f3c0    0x14  usb_desc.o [1]
  .text              ro code  0x0800f3d4    0x14  exit.o [5]
  CODE               ro code  0x0800f3e8    0x12  hardfault_isr_handle_a.o [1]
  .rodata            const    0x0800f3fc    0x10  TP.o [1]
  .rodata            const    0x0800f40c    0x10  TP.o [1]
  .rodata            const    0x0800f41c    0x10  TP.o [1]
  .rodata            const    0x0800f42c    0x10  TP.o [1]
  .rodata            const    0x0800f43c    0x10  TP.o [1]
  .rodata            const    0x0800f44c    0x10  TP.o [1]
  .rodata            const    0x0800f45c    0x10  TP.o [1]
  .rodata            const    0x0800f46c    0x10  ff.o [1]
  .rodata            const    0x0800f47c    0x10  main.o [1]
  .rodata            const    0x0800f48c    0x10  res_spi_new.o [1]
  .rodata            const    0x0800f49c    0x10  stm32f10x_rcc.o [1]
  .text              ro code  0x0800f4ac    0x10  write.o [5]
  .text              ro code  0x0800f4bc     0xe  div.o [3]
  .rodata            const    0x0800f4cc     0xc  BT816.o [1]
  .rodata            const    0x0800f4d8     0xc  BT816.o [1]
  .rodata            const    0x0800f4e4     0xc  BT816.o [1]
  .rodata            const    0x0800f4f0     0xc  TP.o [1]
  .rodata            const    0x0800f4fc     0xc  TP.o [1]
  .rodata            const    0x0800f508     0xc  esc_p.o [1]
  .rodata            const    0x0800f514     0xc  ff.o [1]
  .rodata            const    0x0800f520     0xc  main.o [1]
  .rodata            const    0x0800f52c     0xc  ringbuffer.o [1]
  .rodata            const    0x0800f538     0xc  ringbuffer.o [1]
  .rodata            const    0x0800f544     0xc  stm32f10x_it.o [1]
  .rodata            const    0x0800f550     0xc  stm32f10x_it.o [1]
  .rodata            const    0x0800f55c     0xc  stm32f10x_it.o [1]
  .rodata            const    0x0800f568     0xc  stm32f10x_it.o [1]
  .rodata            const    0x0800f574     0xc  stm32f10x_it.o [1]
  .rodata            const    0x0800f580     0xc  stm32f10x_it.o [1]
  .rodata            const    0x0800f58c     0xc  stm32f10x_it.o [1]
  .rodata            const    0x0800f598     0xc  stm32f10x_it.o [1]
  .rodata            const    0x0800f5a4     0xc  stm32f10x_it.o [1]
  .rodata            const    0x0800f5b0     0xc  stm32f10x_it.o [1]
  .rodata            const    0x0800f5bc     0xc  stm32f10x_it.o [1]
  .rodata            const    0x0800f5c8     0xc  stm32f10x_it.o [1]
  .rodata            const    0x0800f5d4     0xc  stm32f10x_it.o [1]
  .text              ro code  0x0800f5e0     0xa  cexit.o [4]
  .rodata            const    0x0800f5ec     0x8  BT816.o [1]
  .rodata            const    0x0800f5f4     0x8  TP.o [1]
  .rodata            const    0x0800f5fc     0x8  esc_p.o [1]
  .rodata            const    0x0800f604     0x8  esc_p.o [1]
  .rodata            const    0x0800f60c     0x8  xprintffull.o [3]
  .text              ro code  0x0800f614     0x8  abort.o [3]
  .text              ro code  0x0800f61c     0x6  exit.o [3]
  .rodata            const    0x0800f624     0x4  stm32f10x_rcc.o [1]
  .rodata            const    0x0800f628     0x4  usb_desc.o [1]
  .text              ro code  0x0800f62c     0x2  I64DivZer.o [4]
  .text              ro code  0x0800f62e     0x4  low_level_init.o [3]
  Initializer bytes  ro data  0x0800f634   0x180  <for P3 s0>
                            - 0x0800f7b4  0xf674

"P3", part 1 of 3:                         0x800
  CSTACK                      0x20000010   0x800  <Block>
    CSTACK           uninit   0x20000010   0x800  <Block tail>
                            - 0x20000810   0x800

"P3", part 2 of 3:                        0x4994
  .bss               zero     0x20000810  0x1000  spi_flash.o [1]
  .bss               zero     0x20001810  0x1000  uart.o [1]
  .bss               zero     0x20002810   0xdb4  esc_p.o [1]
  .bss               zero     0x200035c4   0x800  BT816.o [1]
  .bss               zero     0x20003dc4   0x400  uart.o [1]
  .bss               zero     0x200041c4   0x310  TP.o [1]
  .bss               zero     0x200044d4   0x230  res_spi_new.o [1]
  .bss               zero     0x20004704   0x228  res_spi_new.o [1]
  .bss               zero     0x2000492c   0x200  memory.o [1]
  .bss               zero     0x20004b2c   0x200  res_spi_new.o [1]
  .bss               zero     0x20004d2c   0x188  TP.o [1]
  .bss               zero     0x20004eb4    0x40  BT816.o [1]
  .bss               zero     0x20004ef4    0x40  Event.o [1]
  .bss               zero     0x20004f34    0x40  Terminal_Para_m.o [1]
  .bss               zero     0x20004f74    0x40  usb_bot.o [1]
  .bss               zero     0x20004fb4    0x40  usb_endp.o [1]
  .bss               zero     0x20004ff4    0x30  uart.o [1]
  .bss               zero     0x20005024    0x2c  record_mod.o [1]
  .bss               zero     0x20005050    0x28  PaperDetect.o [1]
  .bss               zero     0x20005078    0x20  usb_bot.o [1]
  .bss               zero     0x20005098    0x1c  usb_init.o [1]
  .bss               zero     0x200050b4    0x18  BT816.o [1]
  .bss               zero     0x200050cc    0x10  record_mod.o [1]
  .bss               zero     0x200050dc    0x10  usb_bot.o [1]
  .bss               zero     0x200050ec     0x8  mass_mal.o [1]
  .bss               zero     0x200050f4     0x8  mass_mal.o [1]
  .bss               zero     0x200050fc     0x8  mass_mal.o [1]
  .bss               zero     0x20005104     0x8  scsi_data.o [1]
  .bss               zero     0x2000510c     0x8  scsi_data.o [1]
  .bss               zero     0x20005114     0x4  PaperDetect.o [1]
  .bss               zero     0x20005118     0x4  ff.o [1]
  .bss               zero     0x2000511c     0x4  mass_mal.o [1]
  .bss               zero     0x20005120     0x4  memory.o [1]
  .bss               zero     0x20005124     0x4  memory.o [1]
  .bss               zero     0x20005128     0x4  memory.o [1]
  .bss               zero     0x2000512c     0x4  memory.o [1]
  .bss               zero     0x20005130     0x4  memory.o [1]
  .bss               zero     0x20005134     0x4  memory.o [1]
  .bss               zero     0x20005138     0x4  memory.o [1]
  .bss               zero     0x2000513c     0x4  memory.o [1]
  .bss               zero     0x20005140     0x4  res_spi_new.o [1]
  .bss               zero     0x20005144     0x4  spi_flash.o [1]
  .bss               zero     0x20005148     0x4  spi_flash.o [1]
  .bss               zero     0x2000514c     0x4  spi_flash.o [1]
  .bss               zero     0x20005150     0x4  spi_flash.o [1]
  .bss               zero     0x20005154     0x4  uart.o [1]
  .bss               zero     0x20005158     0x4  usb_bot.o [1]
  .bss               zero     0x2000515c     0x4  usb_bot.o [1]
  .bss               zero     0x20005160     0x4  usb_core.o [1]
  .bss               zero     0x20005164     0x4  usb_endp.o [1]
  .bss               zero     0x20005168     0x4  usb_init.o [1]
  .bss               zero     0x2000516c     0x4  usb_init.o [1]
  .bss               zero     0x20005170     0x4  usb_init.o [1]
  .bss               zero     0x20005174     0x4  usb_prop.o [1]
  .bss               zero     0x20005178     0x4  usb_pwr.o [1]
  .bss               zero     0x2000517c     0x4  iarwstd.o [5]
  .bss               zero     0x20005180     0x2  DotFill.o [1]
  .bss               zero     0x20005182     0x2  ff.o [1]
  .bss               zero     0x20005184     0x2  usb_bot.o [1]
  .bss               zero     0x20005186     0x2  usb_init.o [1]
  .bss               zero     0x20005188     0x2  usb_int.o [1]
  .bss               zero     0x2000518a     0x2  usb_int.o [1]
  .bss               zero     0x2000518c     0x2  usb_istr.o [1]
  .bss               zero     0x2000518e     0x1  BT816.o [1]
  .bss               zero     0x2000518f     0x1  Event.o [1]
  .bss               zero     0x20005190     0x1  Event.o [1]
  .bss               zero     0x20005191     0x1  KeyScan.o [1]
  .bss               zero     0x20005192     0x1  PaperDetect.o [1]
  .bss               zero     0x20005193     0x1  PaperDetect.o [1]
  .bss               zero     0x20005194     0x1  PaperDetect.o [1]
  .bss               zero     0x20005195     0x1  TP.o [1]
  .bss               zero     0x20005196     0x1  Terminal_Para_m.o [1]
  .bss               zero     0x20005197     0x1  esc_p.o [1]
  .bss               zero     0x20005198     0x1  main.o [1]
  .bss               zero     0x20005199     0x1  memory.o [1]
  .bss               zero     0x2000519a     0x1  spi_flash.o [1]
  .bss               zero     0x2000519b     0x1  usb_app_config.o [1]
  .bss               zero     0x2000519c     0x1  usb_app_config.o [1]
  .bss               zero     0x2000519d     0x1  usb_bot.o [1]
  .bss               zero     0x2000519e     0x1  usb_core.o [1]
  .bss               zero     0x2000519f     0x1  usb_init.o [1]
  .bss               zero     0x200051a0     0x1  usb_istr.o [1]
  .bss               zero     0x200051a1     0x1  usb_prop.o [1]
                            - 0x200051a2  0x4992

"P3", part 3 of 3:                         0x180
  P3 s0                       0x200051a4   0x180  <Init block>
    .data            inited   0x200051a4    0x30  usb_prop.o [1]
    .data            inited   0x200051d4    0x24  scsi_data.o [1]
    .data            inited   0x200051f8    0x24  scsi_data.o [1]
    .data            inited   0x2000521c    0x24  usb_prop.o [1]
    .data            inited   0x20005240    0x20  res_spi_new.o [1]
    .data            inited   0x20005260    0x20  usb_prop.o [1]
    .data            inited   0x20005280    0x1c  usb_desc.o [1]
    .data            inited   0x2000529c    0x1c  usb_istr.o [1]
    .data            inited   0x200052b8    0x1c  usb_istr.o [1]
    .data            inited   0x200052d4    0x14  scsi_data.o [1]
    .data            inited   0x200052e8    0x10  usb_prop.o [1]
    .data            inited   0x200052f8    0x10  usb_prop.o [1]
    .data            inited   0x20005308     0xc  scsi_data.o [1]
    .data            inited   0x20005314     0x8  scsi_data.o [1]
    .data            inited   0x2000531c     0x4  scsi_data.o [1]
    .data            inited   0x20005320     0x4  usb_prop.o [1]
                            - 0x20005324   0x180


*******************************************************************************
*** INIT TABLE
***

          Address     Size
          -------     ----
Zero (__iar_zero_init2)
    1 destination range, total size 0x4992:
          0x20000810  0x4992

Copy (__iar_copy_init2)
    1 source range, total size 0x180 (100% of destination):
           0x800f634   0x180
    1 destination range, total size 0x180:
          0x200051a4   0x180


*******************************************************************************
*** MODULE SUMMARY
***

    Module                    ro code  ro data  rw data
    ------                    -------  -------  -------
E:\BT Printer\FW\src\Project\EWARMv5\Debug\Obj: [1]
    BT816.o                     2 920       84    2 137
    DotFill.o                   1 348                 2
    Event.o                       260                66
    KeyScan.o                     264                 1
    PaperDetect.o               1 228                47
    TP.o                        4 280    1 176    1 177
    Terminal_Para_m.o             256                65
    ThermalDetect.o               268       52
    TimeBase.o                    170
    basic_fun.o                   146
    cortexm3_macro.o              122
    crc32.o                        40    1 024
    data_uart.o                   140
    diskio.o                      232
    esc_p.o                     4 288       28    3 509
    ff.o                        7 696      116        6
    font.o                      1 748
    hardfault_isr_handle_a.o       18
    main.o                        620       52        1
    mass_mal.o                    292                28
    memory.o                      572               545
    print_head.o                  212
    record_mod.o                3 218                60
    res_spi_new.o               1 036    5 140    1 660
    ringbuffer.o                  642       68
    scsi_data.o                            116      132
    spi_flash.o                 2 064       64    4 113
    stm32f10x_adc.o               444
    stm32f10x_dma.o               452
    stm32f10x_flash.o              68
    stm32f10x_gpio.o              368
    stm32f10x_it.o                720      180
    stm32f10x_nvic.o              348
    stm32f10x_rcc.o               812       20
    stm32f10x_spi.o               122
    stm32f10x_systick.o           136
    stm32f10x_tim.o               376
    stm32f10x_usart.o             420
    stm32f10x_vector.o                     320
    uart.o                        440             5 172
    usb_app_config.o              276                 2
    usb_bot.o                   1 084               123
    usb_core.o                  3 038                 5
    usb_desc.o                             208       28
    usb_endp.o                    236                68
    usb_init.o                     64                43
    usb_int.o                     736                 4
    usb_istr.o                    156       56       59
    usb_mem.o                      84
    usb_prop.o                  1 132      152      157
    usb_pwr.o                      60                 4
    usb_regs.o                    608
    usb_scsi.o                  1 088
    usb_sil.o                      90
    ---------------------------------------------------
    Total:                     47 438    8 856   19 214

command line: [2]
    ---------------------------------------------------
    Total:

dl7M_tl_in.a: [3]
    abort.o                         8
    div.o                          14
    exit.o                          6
    low_level_init.o                4
    printf.o                       32
    putchar.o                      42
    snprintf.o                     64
    xassert.o                      68
    xdnorm.o                      180
    xdscale.o                     272
    xprintffull.o               3 278        8
    xprout.o                       22
    xreportassert.o               120       48
    xsnprout.o                     26
    ---------------------------------------------------
    Total:                      4 136       56

rt7M_tl.a: [4]
    ABImemcpy.o                   112
    DblAdd.o                      230
    DblCmpGe.o                     46
    DblCmpLe.o                     46
    DblDiv.o                      700
    DblMul.o                      418
    DblSub.o                      382
    DblToI32.o                     86
    I32ToDbl.o                     46
    I64DivMod.o                   304
    I64DivZer.o                     2
    cexit.o                        10
    cmain.o                        24
    copy_init2.o                   36
    data_init2.o                   28
    memchr.o                       88
    strchr.o                       22
    strlen.o                       54
    zero_init2.o                   26
    ---------------------------------------------------
    Total:                      2 660

shb_l.a: [5]
    dwrite.o                       30
    exit.o                         20
    iarwrite.o                     32
    iarwstd.o                      84                 4
    write.o                        16
    ---------------------------------------------------
    Total:                        182                 4

    Gaps                           32       14
    Linker created                          38    2 048
-------------------------------------------------------
    Grand Total:               54 448    8 964   21 266


*******************************************************************************
*** ENTRY LIST
***

Entry                      Address    Size  Type      Object
-----                      -------    ----  ----      ------
ADC1_2_IRQHandler       0x0800ba33     0x2  Code  Gb  stm32f10x_it.o [1]
ADC3_IRQHandler         0x0800bb0f     0x2  Code  Gb  stm32f10x_it.o [1]
ADCPrescTable           0x0800f624     0x4  Data  Lc  stm32f10x_rcc.o [1]
ADC_Cmd                 0x0800ca15    0x1a  Code  Gb  stm32f10x_adc.o [1]
ADC_DMACmd              0x0800ca2f    0x1a  Code  Gb  stm32f10x_adc.o [1]
ADC_GetCalibrationStatus
                        0x0800ca75    0x18  Code  Gb  stm32f10x_adc.o [1]
ADC_GetResetCalibrationStatus
                        0x0800ca53    0x18  Code  Gb  stm32f10x_adc.o [1]
ADC_Init                0x0800c9c5    0x50  Code  Gb  stm32f10x_adc.o [1]
ADC_RegularChannelConfig
                        0x0800caa7    0xda  Code  Gb  stm32f10x_adc.o [1]
ADC_ResetCalibration    0x0800ca49     0xa  Code  Gb  stm32f10x_adc.o [1]
ADC_SoftwareStartConvCmd
                        0x0800ca8d    0x1a  Code  Gb  stm32f10x_adc.o [1]
ADC_StartCalibration    0x0800ca6b     0xa  Code  Gb  stm32f10x_adc.o [1]
AD_Value                0x20005050    0x28  Data  Gb  PaperDetect.o [1]
APBAHBPrescTable        0x0800f49c    0x10  Data  Lc  stm32f10x_rcc.o [1]
BT816_Channel1_RxISRHandler
                        0x08007997    0xc4  Code  Gb  BT816.o [1]
BT816_Channel4_RxISRHandler
                        0x08007a65    0xbc  Code  Gb  BT816.o [1]
BT816_GPIO_config       0x080073f9   0x34c  Code  Lc  BT816.o [1]
BT816_NVIC_config       0x08007751    0xf8  Code  Lc  BT816.o [1]
BT816_Reset             0x08007b8d    0x52  Code  Gb  BT816.o [1]
BT816_connect_status    0x08007ced    0xb4  Code  Gb  BT816.o [1]
BT816_init              0x08007dc1   0x104  Code  Gb  BT816.o [1]
BT816_recbuffer         0x200035c4   0x800  Data  Gb  BT816.o [1]
BT816_res               0x200050b4    0x18  Data  Gb  BT816.o [1]
BT816_reset_resVar      0x08007909    0x8e  Code  Lc  BT816.o [1]
BT816_send_buff         0x20004eb4    0x40  Data  Lc  BT816.o [1]
BT816_send_data         0x08007da9    0x14  Code  Gb  BT816.o [1]
BT816_set_name          0x08007be5    0x7c  Code  Gb  BT816.o [1]
BT816_set_pin           0x08007c65    0x84  Code  Gb  BT816.o [1]
BT816_write_cmd         0x08007b25    0x68  Code  Lc  BT816.o [1]
Block_Read_count        0x20005120     0x4  Data  Gb  memory.o [1]
Block_offset            0x20005124     0x4  Data  Gb  memory.o [1]
Bot_Abort               0x0800aa95    0x3c  Code  Gb  usb_bot.o [1]
Bot_State               0x2000519d     0x1  Data  Gb  usb_bot.o [1]
BufFillToPrn            0x080095d7    0x76  Code  Gb  DotFill.o [1]
BufFillToPrn_0          0x0800964d    0x50  Code  Gb  DotFill.o [1]
Bulk_Data_Buff          0x20004f74    0x40  Data  Gb  usb_bot.o [1]
BusFaultException       0x0800b9db     0x2  Code  Gb  stm32f10x_it.o [1]
Byte2DotNumTbl          0x0800df24   0x100  Data  Gb  TP.o [1]
ByteSwap                0x0800c5b5    0x10  Code  Gb  usb_regs.o [1]
CAN_RX1_IRQHandler      0x0800ba45     0x2  Code  Gb  stm32f10x_it.o [1]
CAN_SCE_IRQHandler      0x0800ba47     0x2  Code  Gb  stm32f10x_it.o [1]
CBW                     0x20005078    0x20  Data  Gb  usb_bot.o [1]
CBW_Decode              0x0800a775   0x298  Code  Gb  usb_bot.o [1]
CSTACK$$Base            0x20000010           --   Gb  - Linker created -
CSTACK$$Limit           0x20000810           --   Gb  - Linker created -
CSW                     0x200050dc    0x10  Data  Gb  usb_bot.o [1]
CTR_HP                  0x0800b835    0x9c  Code  Gb  usb_int.o [1]
CTR_LP                  0x0800b609   0x22c  Code  Gb  usb_int.o [1]
ClearDTOG_RX            0x0800c455    0x32  Code  Gb  usb_regs.o [1]
ClearDTOG_TX            0x0800c487    0x32  Code  Gb  usb_regs.o [1]
Clear_Status_Out        0x0800c431    0x24  Code  Gb  usb_regs.o [1]
Config_Descriptor       0x200052f8    0x10  Data  Gb  usb_prop.o [1]
Counter                 0x20005128     0x4  Data  Gb  memory.o [1]
DMA1_Channel1_IRQHandler
                        0x0800ba03     0x2  Code  Gb  stm32f10x_it.o [1]
DMA1_Channel2_IRQHandler
                        0x0800ba05     0x2  Code  Gb  stm32f10x_it.o [1]
DMA1_Channel3_IRQHandler
                        0x0800ba07     0x2  Code  Gb  stm32f10x_it.o [1]
DMA1_Channel4_IRQHandler
                        0x0800ba09    0x24  Code  Gb  stm32f10x_it.o [1]
DMA1_Channel5_IRQHandler
                        0x0800ba2d     0x2  Code  Gb  stm32f10x_it.o [1]
DMA1_Channel6_IRQHandler
                        0x0800ba2f     0x2  Code  Gb  stm32f10x_it.o [1]
DMA1_Channel7_IRQHandler
                        0x0800ba31     0x2  Code  Gb  stm32f10x_it.o [1]
DMA2_Channel1_IRQHandler
                        0x0800bb8b     0x2  Code  Gb  stm32f10x_it.o [1]
DMA2_Channel2_IRQHandler
                        0x0800bb8d     0x2  Code  Gb  stm32f10x_it.o [1]
DMA2_Channel3_IRQHandler
                        0x0800bb8f     0x2  Code  Gb  stm32f10x_it.o [1]
DMA2_Channel4_5_IRQHandler
                        0x0800bb91    0x28  Code  Gb  stm32f10x_it.o [1]
DMA_ClearFlag           0x0800c97d    0x12  Code  Gb  stm32f10x_dma.o [1]
DMA_Cmd                 0x0800c945    0x1a  Code  Gb  stm32f10x_dma.o [1]
DMA_DeInit              0x0800c801   0x100  Code  Gb  stm32f10x_dma.o [1]
DMA_GetCurrDataCounter  0x0800c977     0x6  Code  Gb  stm32f10x_dma.o [1]
DMA_GetITStatus         0x0800c98f    0x26  Code  Gb  stm32f10x_dma.o [1]
DMA_ITConfig            0x0800c95f    0x18  Code  Gb  stm32f10x_dma.o [1]
DMA_Init                0x0800c901    0x44  Code  Gb  stm32f10x_dma.o [1]
DataStageIn             0x08006ce7    0xb6  Code  Lc  usb_core.o [1]
DataStageOut            0x08006c2f    0xb8  Code  Lc  usb_core.o [1]
Data_Buffer             0x2000492c   0x200  Data  Gb  memory.o [1]
Data_Len                0x20005184     0x2  Data  Gb  usb_bot.o [1]
Data_Mul_MaxPacketSize  0x2000519e     0x1  Data  Gb  usb_core.o [1]
Data_Setup0             0x08006ef9   0x294  Code  Lc  usb_core.o [1]
DebugMonitor            0x0800b9df     0x2  Code  Gb  stm32f10x_it.o [1]
DefaultTerminalPara     0x0800e0dd    0x44  Code  Gb  Terminal_Para_m.o [1]
Device_Descriptor       0x200052e8    0x10  Data  Gb  usb_prop.o [1]
Device_Info             0x20005098    0x1c  Data  Gb  usb_init.o [1]
Device_Property         0x200051a4    0x30  Data  Gb  usb_prop.o [1]
Device_Table            0x20005320     0x4  Data  Gb  usb_prop.o [1]
DotBufFillToPrn         0x080093d9   0x1fe  Code  Gb  DotFill.o [1]
DotFillToBuf            0x08009707   0x208  Code  Gb  DotFill.o [1]
EP1_IN_Callback         0x0800e1e9    0x24  Code  Gb  usb_endp.o [1]
EP2_OUT_Callback        0x0800e195    0x54  Code  Gb  usb_endp.o [1]
EP3_OUT_Callback        0x0800e191     0x2  Code  Gb  usb_endp.o [1]
EPindex                 0x2000519f     0x1  Data  Gb  usb_init.o [1]
EXTI0_IRQHandler        0x0800b9f9     0x2  Code  Gb  stm32f10x_it.o [1]
EXTI15_10_IRQHandler    0x0800bb01     0x2  Code  Gb  stm32f10x_it.o [1]
EXTI1_IRQHandler        0x0800b9fb     0x2  Code  Gb  stm32f10x_it.o [1]
EXTI2_IRQHandler        0x0800b9fd     0x2  Code  Gb  stm32f10x_it.o [1]
EXTI3_IRQHandler        0x0800b9ff     0x2  Code  Gb  stm32f10x_it.o [1]
EXTI4_IRQHandler        0x0800ba01     0x2  Code  Gb  stm32f10x_it.o [1]
EXTI9_5_IRQHandler      0x0800ba49     0x2  Code  Gb  stm32f10x_it.o [1]
FLASH_IRQHandler        0x0800b9f5     0x2  Code  Gb  stm32f10x_it.o [1]
FLASH_PrefetchBufferCmd
                        0x0800ec79    0x20  Code  Gb  stm32f10x_flash.o [1]
FLASH_SetLatency        0x0800ec59    0x20  Code  Gb  stm32f10x_flash.o [1]
FSMC_IRQHandler         0x0800bb11     0x2  Code  Gb  stm32f10x_it.o [1]
FatFs                   0x20005118     0x4  Data  Lc  ff.o [1]
FontBold                0x08008705   0x19a  Code  Lc  font.o [1]
FontCircumvolve         0x08008a31   0x202  Code  Gb  font.o [1]
FontEnlarge             0x0800889f    0xb0  Code  Gb  font.o [1]
FontList                0x20005240    0x20  Data  Gb  res_spi_new.o [1]
FontRevert              0x080089e1    0x50  Code  Lc  font.o [1]
FontRevertProc          0x080089bd    0x24  Code  Lc  font.o [1]
FontSmoothing           0x0800894f     0x2  Code  Lc  font.o [1]
FontUnderline           0x08008951    0x6c  Code  Gb  font.o [1]
Fsid                    0x20005182     0x2  Data  Lc  ff.o [1]
GPIO_AllAinConfig       0x0800c2dd    0x50  Code  Lc  main.o [1]
GPIO_Init               0x0800d379    0xcc  Code  Gb  stm32f10x_gpio.o [1]
GPIO_PinRemapConfig     0x0800d46d    0x7c  Code  Gb  stm32f10x_gpio.o [1]
GPIO_ReadInputDataBit   0x0800d445    0x1a  Code  Gb  stm32f10x_gpio.o [1]
GPIO_ResetBits          0x0800d465     0x6  Code  Gb  stm32f10x_gpio.o [1]
GPIO_SetBits            0x0800d45f     0x6  Code  Gb  stm32f10x_gpio.o [1]
GetChineseFont          0x08008d0b    0xc0  Code  Gb  font.o [1]
GetEPRxAddr             0x0800c50d    0x18  Code  Gb  usb_regs.o [1]
GetEPRxCount            0x0800c583    0x18  Code  Gb  usb_regs.o [1]
GetEPTxAddr             0x0800c4f5    0x18  Code  Gb  usb_regs.o [1]
GetEnglishFont          0x08008c33    0xd8  Code  Gb  font.o [1]
Get_Max_Lun             0x0800a1e1    0x1c  Code  Lc  usb_prop.o [1]
Get_Port_status         0x0800a1fd    0x3c  Code  Lc  usb_prop.o [1]
Getchar                 0x0800cbed    0xf4  Code  Gb  uart.o [1]
HARDFAULT_ISR_HANDLE_d  0x0800f3e9          Code  Gb  hardfault_isr_handle_a.o [1]
HSEStartUpStatus        0x20005198     0x1  Data  Gb  main.o [1]
HardFaultException      0x0800b9d1     0x8  Code  Gb  stm32f10x_it.o [1]
I2C1_ER_IRQHandler      0x0800ba85     0x2  Code  Gb  stm32f10x_it.o [1]
I2C1_EV_IRQHandler      0x0800ba83     0x2  Code  Gb  stm32f10x_it.o [1]
I2C2_ER_IRQHandler      0x0800ba89     0x2  Code  Gb  stm32f10x_it.o [1]
I2C2_EV_IRQHandler      0x0800ba87     0x2  Code  Gb  stm32f10x_it.o [1]
Idx                     0x2000512c     0x4  Data  Gb  memory.o [1]
In0_Process             0x08007231    0x68  Code  Gb  usb_core.o [1]
IsPrinterFree           0x08003e0d    0x1c  Code  Gb  TP.o [1]
KeyScanInit             0x0800dda1    0x56  Code  Gb  KeyScan.o [1]
KeyScanProc             0x0800dd19    0x88  Code  Gb  KeyScan.o [1]
MAL_GetStatus           0x0800d98d    0x58  Code  Gb  mass_mal.o [1]
MAL_Read                0x0800d91d    0x66  Code  Gb  mass_mal.o [1]
MAL_Write               0x0800d8c5    0x58  Code  Gb  mass_mal.o [1]
MASS_ConfigDescriptor   0x0800f110    0x20  Data  Gb  usb_desc.o [1]
MASS_DeviceDescriptor   0x0800f3ac    0x14  Data  Gb  usb_desc.o [1]
Mass_Block_Count        0x200050fc     0x8  Data  Gb  mass_mal.o [1]
Mass_Block_Size         0x200050f4     0x8  Data  Gb  mass_mal.o [1]
Mass_Memory_Size        0x200050ec     0x8  Data  Gb  mass_mal.o [1]
Mass_Storage_In         0x0800a695    0x62  Code  Gb  usb_bot.o [1]
Mass_Storage_Out        0x0800a6f7    0x7e  Code  Gb  usb_bot.o [1]
MaxHeatDotsAdj          0x08003559    0x22  Code  Gb  TP.o [1]
Max_Lun                 0x20005174     0x4  Data  Gb  usb_prop.o [1]
MemManageException      0x0800b9d9     0x2  Code  Gb  stm32f10x_it.o [1]
Mode_Sense10_data       0x20005314     0x8  Data  Gb  scsi_data.o [1]
Mode_Sense6_data        0x2000531c     0x4  Data  Gb  scsi_data.o [1]
NMIException            0x0800b8e9     0x2  Code  Gb  stm32f10x_it.o [1]
NOP_Process             0x08007389     0x2  Code  Gb  usb_core.o [1]
NVIC_DisableIRQ         0x0800c331    0x14  Code  Gb  main.o [1]
NVIC_EnableIRQ          0x0800c345    0x20  Code  Gb  main.o [1]
NVIC_GenerateSystemReset
                        0x0800d5bd     0xc  Code  Gb  stm32f10x_nvic.o [1]
NVIC_Init               0x0800d4f9    0xa0  Code  Gb  stm32f10x_nvic.o [1]
NVIC_PriorityGroupConfig
                        0x0800d4e9     0xa  Code  Gb  stm32f10x_nvic.o [1]
NVIC_SETFAULTMASK       0x0800d5a1     0x8  Code  Gb  stm32f10x_nvic.o [1]
NVIC_SetVectorTable     0x0800d5a9    0x10  Code  Gb  stm32f10x_nvic.o [1]
NVIC_SystemHandlerPriorityConfig
                        0x0800d5c9    0x72  Code  Gb  stm32f10x_nvic.o [1]
NoData_Setup0           0x08006d9d   0x152  Code  Lc  usb_core.o [1]
Out0_Process            0x080072a1    0x4c  Code  Gb  usb_core.o [1]
PMAToUserBufferCopy     0x0800ebdf    0x22  Code  Gb  usb_mem.o [1]
PVD_IRQHandler          0x0800b9ef     0x2  Code  Gb  stm32f10x_it.o [1]
Page00_Inquiry_Data     0x20005104     0x8  Data  Gb  scsi_data.o [1]
PaperStartSns           0x08009a8d    0xb4  Code  Gb  PaperDetect.o [1]
PendSVC                 0x0800b9e3     0x2  Code  Gb  stm32f10x_it.o [1]
Post0_Process           0x080072ed    0x4c  Code  Gb  usb_core.o [1]
PrintBufPushBytes       0x0800cce1    0x18  Code  Gb  uart.o [1]
PrintBufPushLine        0x0800ccf9    0x18  Code  Gb  uart.o [1]
PrintBufToZero          0x0800cd11    0x1e  Code  Gb  uart.o [1]
PrintCurrentBuffer      0x080096a1    0x34  Code  Gb  DotFill.o [1]
PrintCurrentBuffer_0    0x080096d5    0x32  Code  Gb  DotFill.o [1]
Printer_ConfigDescriptor
                        0x0800f130    0x20  Data  Gb  usb_desc.o [1]
Printer_DeviceDescriptor
                        0x0800f3c0    0x14  Data  Gb  usb_desc.o [1]
RCC_ADCCLKConfig        0x0800b451    0x14  Code  Gb  stm32f10x_rcc.o [1]
RCC_AHBPeriphClockCmd   0x0800b549    0x24  Code  Gb  stm32f10x_rcc.o [1]
RCC_APB1PeriphClockCmd  0x0800b591    0x24  Code  Gb  stm32f10x_rcc.o [1]
RCC_APB2PeriphClockCmd  0x0800b56d    0x24  Code  Gb  stm32f10x_rcc.o [1]
RCC_Configuration       0x0800c231    0x88  Code  Gb  main.o [1]
RCC_DeInit              0x0800b2dd    0x5c  Code  Gb  stm32f10x_rcc.o [1]
RCC_GetClocksFreq       0x0800b465    0xe0  Code  Gb  stm32f10x_rcc.o [1]
RCC_GetFlagStatus       0x0800b5b5    0x44  Code  Gb  stm32f10x_rcc.o [1]
RCC_GetSYSCLKSource     0x0800b3fd     0xa  Code  Gb  stm32f10x_rcc.o [1]
RCC_HCLKConfig          0x0800b407    0x14  Code  Gb  stm32f10x_rcc.o [1]
RCC_HSEConfig           0x0800b339    0x54  Code  Gb  stm32f10x_rcc.o [1]
RCC_IRQHandler          0x0800b9f7     0x2  Code  Gb  stm32f10x_it.o [1]
RCC_PCLK1Config         0x0800b41b    0x14  Code  Gb  stm32f10x_rcc.o [1]
RCC_PCLK2Config         0x0800b42f    0x16  Code  Gb  stm32f10x_rcc.o [1]
RCC_PLLCmd              0x0800b3dd     0xc  Code  Gb  stm32f10x_rcc.o [1]
RCC_PLLConfig           0x0800b3c5    0x16  Code  Gb  stm32f10x_rcc.o [1]
RCC_SYSCLKConfig        0x0800b3e9    0x14  Code  Gb  stm32f10x_rcc.o [1]
RCC_USBCLKConfig        0x0800b445     0xc  Code  Gb  stm32f10x_rcc.o [1]
RCC_WaitForHSEStartUp   0x0800b38d    0x38  Code  Gb  stm32f10x_rcc.o [1]
RTCAlarm_IRQHandler     0x0800bb03     0x2  Code  Gb  stm32f10x_it.o [1]
RTC_IRQHandler          0x0800b9f3     0x2  Code  Gb  stm32f10x_it.o [1]
ReadCapacity10_Data     0x2000510c     0x8  Data  Gb  scsi_data.o [1]
ReadFormatCapacity_Data
                        0x20005308     0xc  Data  Gb  scsi_data.o [1]
ReadTerminalPara        0x0800e025    0x98  Code  Gb  Terminal_Para_m.o [1]
Read_Memory             0x0800c5c5   0x108  Code  Gb  memory.o [1]
Region$$Table$$Base     0x0800f0cc           --   Gb  - Linker created -
Region$$Table$$Limit    0x0800f0f0           --   Gb  - Linker created -
SCSI_Address_Management
                        0x0800a60b    0x7e  Code  Gb  usb_scsi.o [1]
SCSI_BlkLen             0x2000515c     0x4  Data  Gb  usb_bot.o [1]
SCSI_Format_Cmd         0x0800a5a1    0x2a  Code  Gb  usb_scsi.o [1]
SCSI_Inquiry_Cmd        0x0800a255    0x48  Code  Gb  usb_scsi.o [1]
SCSI_Invalid_Cmd        0x0800a5cb    0x40  Code  Gb  usb_scsi.o [1]
SCSI_LBA                0x20005158     0x4  Data  Gb  usb_bot.o [1]
SCSI_ModeSense10_Cmd    0x0800a409    0x10  Code  Gb  usb_scsi.o [1]
SCSI_ModeSense6_Cmd     0x0800a3f9    0x10  Code  Gb  usb_scsi.o [1]
SCSI_Read10_Cmd         0x0800a451    0x7c  Code  Gb  usb_scsi.o [1]
SCSI_ReadCapacity10_Cmd
                        0x0800a345    0xb4  Code  Gb  usb_scsi.o [1]
SCSI_ReadFormatCapacity_Cmd
                        0x0800a29d    0xa8  Code  Gb  usb_scsi.o [1]
SCSI_RequestSense_Cmd   0x0800a419    0x1e  Code  Gb  usb_scsi.o [1]
SCSI_Start_Stop_Unit_Cmd
                        0x0800a445     0xc  Code  Gb  usb_scsi.o [1]
SCSI_TestUnitReady_Cmd  0x0800a56f    0x32  Code  Gb  usb_scsi.o [1]
SCSI_Verify10_Cmd       0x0800a535    0x3a  Code  Gb  usb_scsi.o [1]
SCSI_Write10_Cmd        0x0800a4cd    0x64  Code  Gb  usb_scsi.o [1]
SDIO_IRQHandler         0x0800bb13     0x2  Code  Gb  stm32f10x_it.o [1]
SPI1_IRQHandler         0x0800ba8b     0x2  Code  Gb  stm32f10x_it.o [1]
SPI2_IRQHandler         0x0800ba8d     0x2  Code  Gb  stm32f10x_it.o [1]
SPI3_IRQHandler         0x0800bb17     0x2  Code  Gb  stm32f10x_it.o [1]
SPI_Cmd                 0x0800e913    0x1a  Code  Gb  stm32f10x_spi.o [1]
SPI_I2S_GetFlagStatus   0x0800e935    0x1a  Code  Gb  stm32f10x_spi.o [1]
SPI_I2S_ReceiveData     0x0800e931     0x4  Code  Gb  stm32f10x_spi.o [1]
SPI_I2S_SendData        0x0800e92d     0x4  Code  Gb  stm32f10x_spi.o [1]
SPI_Init                0x0800e8d5    0x3e  Code  Gb  stm32f10x_spi.o [1]
SVCHandler              0x0800b9e1     0x2  Code  Gb  stm32f10x_it.o [1]
SaveRState              0x20005188     0x2  Data  Gb  usb_int.o [1]
SaveTState              0x2000518a     0x2  Data  Gb  usb_int.o [1]
SaveTerminalPara        0x0800e0bd    0x1a  Code  Gb  Terminal_Para_m.o [1]
Scsi_Sense_Data         0x200052d4    0x14  Data  Gb  scsi_data.o [1]
SetBTABLE               0x0800c365     0xe  Code  Gb  usb_regs.o [1]
SetDesity               0x08003c8d     0xa  Code  Gb  TP.o [1]
SetDeviceAddress        0x08007339    0x50  Code  Gb  usb_core.o [1]
SetEPRxAddr             0x0800c4d7    0x1e  Code  Gb  usb_regs.o [1]
SetEPRxCount            0x0800c53f    0x44  Code  Gb  usb_regs.o [1]
SetEPRxStatus           0x0800c3cd    0x38  Code  Gb  usb_regs.o [1]
SetEPRxValid            0x0800c405    0x2c  Code  Gb  usb_regs.o [1]
SetEPTxAddr             0x0800c4b9    0x1e  Code  Gb  usb_regs.o [1]
SetEPTxCount            0x0800c525    0x1a  Code  Gb  usb_regs.o [1]
SetEPTxStatus           0x0800c393    0x3a  Code  Gb  usb_regs.o [1]
SetEPType               0x0800c373    0x20  Code  Gb  usb_regs.o [1]
Set_CSW                 0x0800aa55    0x38  Code  Gb  usb_bot.o [1]
Set_Scsi_Sense_Data     0x0800a437     0xa  Code  Gb  usb_scsi.o [1]
Setup0_Process          0x0800719d    0x8c  Code  Gb  usb_core.o [1]
Standard_ClearFeature   0x080069d1   0x158  Code  Gb  usb_core.o [1]
Standard_GetConfiguration
                        0x080067ad    0x2a  Code  Gb  usb_core.o [1]
Standard_GetDescriptorData
                        0x08006c0b    0x24  Code  Gb  usb_core.o [1]
Standard_GetInterface   0x08006825    0x2a  Code  Gb  usb_core.o [1]
Standard_GetStatus      0x080068d1   0x100  Code  Gb  usb_core.o [1]
Standard_Inquiry_Data   0x200051d4    0x24  Data  Gb  scsi_data.o [1]
Standard_Inquiry_Data2  0x200051f8    0x24  Data  Gb  scsi_data.o [1]
Standard_SetConfiguration
                        0x080067d7    0x4e  Code  Gb  usb_core.o [1]
Standard_SetDeviceFeature
                        0x08006be7    0x24  Code  Gb  usb_core.o [1]
Standard_SetEndPointFeature
                        0x08006b2d    0xba  Code  Gb  usb_core.o [1]
Standard_SetInterface   0x0800684f    0x82  Code  Gb  usb_core.o [1]
Status                  0x2000511c     0x4  Data  Gb  mass_mal.o [1]
StatusInfo              0x20005160     0x4  Data  Gb  usb_core.o [1]
String_Descriptor       0x20005260    0x20  Data  Gb  usb_prop.o [1]
SysTickHandler          0x0800b9e5     0x8  Code  Gb  stm32f10x_it.o [1]
SysTick_CLKSourceConfig
                        0x0800e7d1    0x20  Code  Gb  stm32f10x_systick.o [1]
SysTick_CounterCmd      0x0800e7fd    0x30  Code  Gb  stm32f10x_systick.o [1]
SysTick_IRQ_Handle      0x08009d6d    0x74  Code  Gb  PaperDetect.o [1]
SysTick_ITConfig        0x0800e82d    0x22  Code  Gb  stm32f10x_systick.o [1]
SysTick_SetReload       0x0800e7f1     0xc  Code  Gb  stm32f10x_systick.o [1]
TAMPER_IRQHandler       0x0800b9f1     0x2  Code  Gb  stm32f10x_it.o [1]
TIM1_BRK_IRQHandler     0x0800ba4b     0x2  Code  Gb  stm32f10x_it.o [1]
TIM1_CC_IRQHandler      0x0800ba51     0x2  Code  Gb  stm32f10x_it.o [1]
TIM1_TRG_COM_IRQHandler
                        0x0800ba4f     0x2  Code  Gb  stm32f10x_it.o [1]
TIM1_UP_IRQHandler      0x0800ba4d     0x2  Code  Gb  stm32f10x_it.o [1]
TIM2_IRQHandler         0x0800ba53     0x8  Code  Gb  stm32f10x_it.o [1]
TIM2_UpdateISRHandler   0x0800e5f7    0x1c  Code  Gb  TimeBase.o [1]
TIM3_IRQHandler         0x0800ba5d    0x24  Code  Gb  stm32f10x_it.o [1]
TIM3_IRQ_Handle         0x08003c41    0x1c  Code  Gb  TP.o [1]
TIM4_IRQHandler         0x0800ba81     0x2  Code  Gb  stm32f10x_it.o [1]
TIM5_IRQHandler         0x0800bb15     0x2  Code  Gb  stm32f10x_it.o [1]
TIM6_IRQHandler         0x0800bb87     0x2  Code  Gb  stm32f10x_it.o [1]
TIM7_IRQHandler         0x0800bb89     0x2  Code  Gb  stm32f10x_it.o [1]
TIM8_BRK_IRQHandler     0x0800bb07     0x2  Code  Gb  stm32f10x_it.o [1]
TIM8_CC_IRQHandler      0x0800bb0d     0x2  Code  Gb  stm32f10x_it.o [1]
TIM8_TRG_COM_IRQHandler
                        0x0800bb0b     0x2  Code  Gb  stm32f10x_it.o [1]
TIM8_UP_IRQHandler      0x0800bb09     0x2  Code  Gb  stm32f10x_it.o [1]
TIM_ARRPreloadConfig    0x0800d323    0x1c  Code  Gb  stm32f10x_tim.o [1]
TIM_ClearITPendingBit   0x0800d371     0x8  Code  Gb  stm32f10x_tim.o [1]
TIM_Cmd                 0x0800d2ef    0x1c  Code  Gb  stm32f10x_tim.o [1]
TIM_GetITStatus         0x0800d33f    0x32  Code  Gb  stm32f10x_tim.o [1]
TIM_ITConfig            0x0800d30b    0x18  Code  Gb  stm32f10x_tim.o [1]
TIM_OC1Init             0x0800d237    0x76  Code  Gb  stm32f10x_tim.o [1]
TIM_OCStructInit        0x0800d2cd    0x22  Code  Gb  stm32f10x_tim.o [1]
TIM_TimeBaseInit        0x0800d201    0x36  Code  Gb  stm32f10x_tim.o [1]
TIM_TimeBaseStructInit  0x0800d2b5    0x18  Code  Gb  stm32f10x_tim.o [1]
TPAdjustStepTime        0x08003369   0x110  Code  Lc  TP.o [1]
TPBMSNSDetect           0x08009b45   0x148  Code  Gb  PaperDetect.o [1]
TPCheckBuf              0x08003737   0x17e  Code  Lc  TP.o [1]
TPDataDMAShiftToPrn     0x0800371d    0x1a  Code  Lc  TP.o [1]
TPDataShiftCntProc      0x0800357d   0x184  Code  Lc  TP.o [1]
TPDataShiftOut          0x08003701    0x1c  Code  Lc  TP.o [1]
TPFeedLine              0x08003ddf    0x18  Code  Gb  TP.o [1]
TPFeedStep              0x080034c1    0x48  Code  Lc  TP.o [1]
TPFeedStop              0x08003df9     0xc  Code  Gb  TP.o [1]
TPForwardStep           0x08003149   0x180  Code  Lc  TP.o [1]
TPGetStepTime           0x08003479    0x30  Code  Lc  TP.o [1]
TPHTemperature          0x0800dcbd    0x5c  Code  Gb  ThermalDetect.o [1]
TPHeatDotsAdj           0x08003325    0x44  Code  Lc  TP.o [1]
TPHeatPreLineAdj        0x08003321     0x2  Code  Lc  TP.o [1]
TPHeatThermalAdj        0x080032d5    0x4c  Code  Lc  TP.o [1]
TPHeatVoltageAdj        0x080032d1     0x2  Code  Lc  TP.o [1]
TPISRProc               0x080038c5   0x37c  Code  Gb  TP.o [1]
TPInit                  0x08003011   0x138  Code  Gb  TP.o [1]
TPIntSetIdle            0x0800352b    0x28  Code  Lc  TP.o [1]
TPIntSetPreIdle         0x08003509    0x22  Code  Lc  TP.o [1]
TPPaperSNSDetect        0x08009c8d    0xb4  Code  Gb  PaperDetect.o [1]
TPPaperSNSInit          0x0800991d   0x170  Code  Gb  PaperDetect.o [1]
TPPrintAsciiLine        0x08003e05     0x8  Code  Gb  TP.o [1]
TPPrintCmdToBuf         0x08003d51    0x80  Code  Lc  TP.o [1]
TPPrintLine             0x08003dd1     0xe  Code  Gb  TP.o [1]
TPPrintTestPage         0x08003e29   0x268  Code  Gb  TP.o [1]
TPPrinterMark           0x08009d41    0x12  Code  Gb  PaperDetect.o [1]
TPPrinterReady          0x08009d53    0x14  Code  Gb  PaperDetect.o [1]
TPSelfTest2             0x08004091    0x38  Code  Gb  TP.o [1]
TPSetSpeed              0x08003c5d    0x30  Code  Gb  TP.o [1]
TPSetTimeCnt            0x080034ad    0x10  Code  Lc  TP.o [1]
TPStart                 0x08003cdd    0x74  Code  Lc  TP.o [1]
TP_dot                  0x200041c4   0x310  Data  Lc  TP.o [1]
TimeBase_Init           0x0800e583    0x74  Code  Gb  TimeBase.o [1]
TpAccelerationSteps     0x0800d644   0x150  Data  Lc  TP.o [1]
TranRtoDegree           0x0800dc39    0x84  Code  Gb  ThermalDetect.o [1]
TranVtoR                0x0800dc0d    0x2a  Code  Gb  ThermalDetect.o [1]
TransferState           0x20005199     0x1  Data  Gb  memory.o [1]
Transfer_Data_Request   0x0800aa21    0x32  Code  Gb  usb_bot.o [1]
UART4_IRQHandler        0x0800bb19    0x6c  Code  Gb  stm32f10x_it.o [1]
UART5_IRQHandler        0x0800bb85     0x2  Code  Gb  stm32f10x_it.o [1]
USART1_IRQHandler       0x0800ba91    0x6c  Code  Gb  stm32f10x_it.o [1]
USART2_IRQHandler       0x0800bafd     0x2  Code  Gb  stm32f10x_it.o [1]
USART3_IRQHandler       0x0800baff     0x2  Code  Gb  stm32f10x_it.o [1]
USART_Cmd               0x0800cdd5    0x1a  Code  Gb  stm32f10x_usart.o [1]
USART_DMACmd            0x0800ce3f    0x18  Code  Gb  stm32f10x_usart.o [1]
USART_GetFlagStatus     0x0800ce5f    0x1a  Code  Gb  stm32f10x_usart.o [1]
USART_GetITStatus       0x0800ce79    0x64  Code  Gb  stm32f10x_usart.o [1]
USART_ITConfig          0x0800cdef    0x50  Code  Gb  stm32f10x_usart.o [1]
USART_Init              0x0800cd39    0x9c  Code  Gb  stm32f10x_usart.o [1]
USART_ReceiveData       0x0800ce57     0x8  Code  Gb  stm32f10x_usart.o [1]
USBWakeUp_IRQHandler    0x0800bb05     0x2  Code  Gb  stm32f10x_it.o [1]
USB_APP_ClearFeature    0x08009fa9    0x1c  Code  Gb  usb_prop.o [1]
USB_APP_Data_Setup      0x08009fd5    0xc4  Code  Gb  usb_prop.o [1]
USB_APP_GetConfigDescriptor
                        0x0800a16d    0x2c  Code  Gb  usb_prop.o [1]
USB_APP_GetDeviceDescriptor
                        0x0800a13d    0x2c  Code  Gb  usb_prop.o [1]
USB_APP_GetStringDescriptor
                        0x0800a1a1    0x28  Code  Gb  usb_prop.o [1]
USB_APP_Get_Interface_Setting
                        0x0800a1c9    0x18  Code  Gb  usb_prop.o [1]
USB_APP_NoData_Setup    0x0800a099    0x98  Code  Gb  usb_prop.o [1]
USB_APP_Reset           0x08009e29   0x148  Code  Gb  usb_prop.o [1]
USB_APP_SetConfiguration
                        0x08009f79    0x30  Code  Gb  usb_prop.o [1]
USB_APP_SetDeviceAddress
                        0x08009fc5     0x8  Code  Gb  usb_prop.o [1]
USB_APP_Status_In       0x08009fd1     0x2  Code  Gb  usb_prop.o [1]
USB_APP_Status_Out      0x08009fd3     0x2  Code  Gb  usb_prop.o [1]
USB_APP_StringLangID    0x0800f628     0x4  Data  Gb  usb_desc.o [1]
USB_APP_StringProduct   0x0800f150    0x20  Data  Gb  usb_desc.o [1]
USB_APP_StringSerial    0x20005280    0x1c  Data  Gb  usb_desc.o [1]
USB_APP_StringVendor    0x0800efec    0x28  Data  Gb  usb_desc.o [1]
USB_APP_init            0x08009de9    0x40  Code  Gb  usb_prop.o [1]
USB_HP_CAN_TX_IRQHandler
                        0x0800ba35     0x8  Code  Gb  stm32f10x_it.o [1]
USB_Init                0x0800ed21    0x40  Code  Gb  usb_init.o [1]
USB_Istr                0x0800e615    0x9c  Code  Gb  usb_istr.o [1]
USB_LP_CAN_RX0_IRQHandler
                        0x0800ba3d     0x8  Code  Gb  stm32f10x_it.o [1]
USB_PowerOn             0x0800eddd    0x34  Code  Gb  usb_pwr.o [1]
USB_SIL_Read            0x0800ead3    0x2c  Code  Gb  usb_sil.o [1]
USB_SIL_Write           0x0800eaa5    0x2e  Code  Gb  usb_sil.o [1]
Unconfigure_All         0x0800c2bd    0x20  Code  Lc  main.o [1]
UsageFaultException     0x0800b9dd     0x2  Code  Gb  stm32f10x_it.o [1]
UserToPMABufferCopy     0x0800ebb1    0x2e  Code  Gb  usb_mem.o [1]
User_Standard_Requests  0x2000521c    0x24  Data  Gb  usb_prop.o [1]
WWDG_IRQHandler         0x0800b9ed     0x2  Code  Gb  stm32f10x_it.o [1]
Wake_up                 0x08003c99    0x44  Code  Gb  TP.o [1]
Write_Memory            0x0800c6cd   0x120  Code  Gb  memory.o [1]
_GenldDefault           0x08005899   0x24c  Code  Lc  xprintffull.o [3]
_LdtobDefault           0x08005475   0x404  Code  Lc  xprintffull.o [3]
_LitobDefault           0x0800535d   0x110  Code  Lc  xprintffull.o [3]
_Printf                 0x08004e49   0x50c  Code  Gb  xprintffull.o [3]
_Prout                  0x0800f2f7    0x16  Code  Gb  xprout.o [3]
_PutcharsDefault        0x08005ae5    0x32  Code  Lc  xprintffull.o [3]
_SNProut                0x0800f1ed    0x1a  Code  Gb  xsnprout.o [3]
__BASEPRICONFIG         0x0800e8bf          Code  Gb  cortexm3_macro.o [1]
__DMB                   0x0800e871          Code  Gb  cortexm3_macro.o [1]
__DSB                   0x0800e86b          Code  Gb  cortexm3_macro.o [1]
__GetBASEPRI            0x0800e8c5          Code  Gb  cortexm3_macro.o [1]
__ISB                   0x0800e865          Code  Gb  cortexm3_macro.o [1]
__MRS_CONTROL           0x0800e87b          Code  Gb  cortexm3_macro.o [1]
__MRS_MSP               0x0800e897          Code  Gb  cortexm3_macro.o [1]
__MRS_PSP               0x0800e88b          Code  Gb  cortexm3_macro.o [1]
__MSR_CONTROL           0x0800e881          Code  Gb  cortexm3_macro.o [1]
__MSR_MSP               0x0800e89d          Code  Gb  cortexm3_macro.o [1]
__MSR_PSP               0x0800e891          Code  Gb  cortexm3_macro.o [1]
__READ_FAULTMASK        0x0800e8b9          Code  Gb  cortexm3_macro.o [1]
__READ_PRIMASK          0x0800e8ab          Code  Gb  cortexm3_macro.o [1]
__RESETFAULTMASK        0x0800e8b1          Code  Gb  cortexm3_macro.o [1]
__RESETPRIMASK          0x0800e8a3          Code  Gb  cortexm3_macro.o [1]
__REV_HalfWord          0x0800e8cb          Code  Gb  cortexm3_macro.o [1]
__REV_Word              0x0800e8cf          Code  Gb  cortexm3_macro.o [1]
__SETFAULTMASK          0x0800e8b5          Code  Gb  cortexm3_macro.o [1]
__SETPRIMASK            0x0800e8a7          Code  Gb  cortexm3_macro.o [1]
__SEV                   0x0800e861          Code  Gb  cortexm3_macro.o [1]
__SVC                   0x0800e877          Code  Gb  cortexm3_macro.o [1]
__WFE                   0x0800e85d          Code  Gb  cortexm3_macro.o [1]
__WFI                   0x0800e859          Code  Gb  cortexm3_macro.o [1]
__aeabi_assert          0x0800ec9f    0x42  Code  Gb  xassert.o [3]
__aeabi_cdcmple         0x0800eeb5          Code  Gb  DblCmpLe.o [4]
__aeabi_cdrcmple        0x0800eee5          Code  Gb  DblCmpGe.o [4]
__aeabi_d2iz            0x0800eb59          Code  Gb  DblToI32.o [4]
__aeabi_d2uiz           0x0800eb85          Code  Gb  DblToI32.o [4]
__aeabi_dadd            0x0800e2f9          Code  Gb  DblAdd.o [4]
__aeabi_ddiv            0x0800bbb9          Code  Gb  DblDiv.o [4]
__aeabi_dmul            0x0800cedd          Code  Gb  DblMul.o [4]
__aeabi_dsub            0x0800d081          Code  Gb  DblSub.o [4]
__aeabi_i2d             0x0800ef15          Code  Gb  I32ToDbl.o [4]
__aeabi_ldiv0           0x0800f62d          Code  Gb  I64DivZer.o [4]
__aeabi_ldivmod         0x0800d795          Code  Gb  I64DivMod.o [4]
__aeabi_memcpy          0x0800e9c9          Code  Gb  ABImemcpy.o [4]
__aeabi_memcpy4         0x0800e9e3          Code  Gb  ABImemcpy.o [4]
__aeabi_memcpy8         0x0800e9e3          Code  Gb  ABImemcpy.o [4]
__aeabi_ui2d            0x0800ef29          Code  Gb  I32ToDbl.o [4]
__aeabi_uldivmod        0x0800d7a9          Code  Gb  I64DivMod.o [4]
__dwrite                0x0800f1b1    0x1e  Code  Gb  dwrite.o [5]
__exit                  0x0800f3d5    0x14  Code  Gb  exit.o [5]
__iar_Dnorm             0x0800e4b5    0xb4  Code  Gb  xdnorm.o [3]
__iar_Dscale            0x0800dafd   0x110  Code  Gb  xdscale.o [3]
__iar_EmptyStepPoint    0x0800ec9d     0x2  Code  Gb  xassert.o [3]
__iar_Memchr            0x0800eb01          Code  Gb  memchr.o [4]
__iar_ReportAssert      0x0800e969    0x60  Code  Gb  xreportassert.o [3]
__iar_Strchr            0x0800f2e1          Code  Gb  strchr.o [4]
__iar_copy_init2        0x0800f0a9    0x24  Code  Gb  copy_init2.o [4]
__iar_d2uiz             0x0800eb8f          Code  Gb  DblToI32.o [4]
__iar_dadd              0x0800e30b          Code  Gb  DblAdd.o [4]
__iar_data_init2        0x0800f1d1    0x1c  Code  Gb  data_init2.o [4]
__iar_dsub              0x0800d093          Code  Gb  DblSub.o [4]
__iar_dsubStart         0x0800d0a5          Code  Gb  DblSub.o [4]
__iar_program_start     0x0800f2c9          Code  Gb  cmain.o [4]
__iar_sh_stdout         0x0800ec19    0x3c  Code  Gb  iarwstd.o [5]
__iar_sh_stdout_close   0x0800ec05    0x14  Code  Gb  iarwstd.o [5]
__iar_sh_stdout_handle  0x2000517c     0x4  Data  Lc  iarwstd.o [5]
__iar_sh_write          0x0800f191    0x20  Code  Gb  iarwrite.o [5]
__iar_ui2d              0x0800ef2b          Code  Gb  I32ToDbl.o [4]
__iar_zero_init2        0x0800f207    0x1a  Code  Gb  zero_init2.o [4]
__low_level_init        0x0800f62f     0x4  Code  Gb  low_level_init.o [3]
__vector_table          0x08000000   0x140  Data  Gb  stm32f10x_vector.o [1]
__write                 0x0800f4ad    0x10  Code  Gb  write.o [5]
_exit                   0x0800f5e1          Code  Gb  cexit.o [4]
_main                   0x0800f2db          Code  Gb  cmain.o [4]
abort                   0x0800f615     0x8  Code  Gb  abort.o [3]
bDeviceState            0x20005178     0x4  Data  Gb  usb_pwr.o [1]
bIntPackSOF             0x200051a0     0x1  Data  Gb  usb_istr.o [1]
bm_cnt                  0x20005194     0x1  Data  Gb  PaperDetect.o [1]
box_ctrl                0x0800de01    0x1c  Code  Gb  KeyScan.o [1]
bt_connect_status       0x2000518e     0x1  Data  Lc  BT816.o [1]
buffer                  0x20000810  0x1000  Data  Lc  spi_flash.o [1]
buffer_out              0x20004fb4    0x40  Data  Gb  usb_endp.o [1]
check_fs                0x08000be9    0x78  Code  Lc  ff.o [1]
chk_chr                 0x08000185    0x14  Code  Lc  ff.o [1]
chk_mounted             0x08000c61   0x364  Code  Lc  ff.o [1]
clmt_clust              0x0800063f    0x2a  Code  Lc  ff.o [1]
clr_all_dot             0x20005195     0x1  Data  Gb  TP.o [1]
clust2sect              0x080002e3    0x18  Code  Gb  ff.o [1]
crc32                   0x0800f015    0x28  Code  Gb  crc32.o [1]
crc32_tab               0x0800aedc   0x400  Data  Lc  crc32.o [1]
create_chain            0x08000585    0xba  Code  Lc  ff.o [1]
create_name             0x080009bd   0x194  Code  Lc  ff.o [1]
current_cache_block     0x20005148     0x4  Data  Lc  spi_flash.o [1]
current_channel         0x20005197     0x1  Data  Gb  esc_p.o [1]
data_uart_init          0x0800e745    0x88  Code  Gb  data_uart.o [1]
delay_ms                0x0800e569    0x1a  Code  Gb  TimeBase.o [1]
dir_find                0x0800084f    0x62  Code  Lc  ff.o [1]
dir_next                0x08000719   0x136  Code  Lc  ff.o [1]
dir_read                0x080008b1    0x5c  Code  Lc  ff.o [1]
dir_register            0x0800090d    0x7e  Code  Lc  ff.o [1]
dir_remove              0x0800098b    0x30  Code  Lc  ff.o [1]
dir_sdi                 0x08000669    0xb0  Code  Lc  ff.o [1]
disk_initialize         0x0800e211    0x12  Code  Gb  diskio.o [1]
disk_ioctl              0x0800e2bd    0x3c  Code  Gb  diskio.o [1]
disk_read               0x0800e239    0x44  Code  Gb  diskio.o [1]
disk_status             0x0800e227    0x12  Code  Gb  diskio.o [1]
disk_write              0x0800e27d    0x38  Code  Gb  diskio.o [1]
div                     0x0800f4bd     0xe  Code  Gb  div.o [3]
double_byte             0x08001f51    0x6a  Code  Lc  esc_p.o [1]
dwPictureLBA            0x20005140     0x4  Data  Gb  res_spi_new.o [1]
enter_u_disk_mode       0x0800c0fd    0x3c  Code  Gb  main.o [1]
esc_init                0x08002201    0x12  Code  Gb  esc_p.o [1]
esc_p                   0x08002219   0xdf4  Code  Gb  esc_p.o [1]
esc_p_init              0x08001fbd   0x240  Code  Gb  esc_p.o [1]
esc_sts                 0x20002810   0xdb4  Data  Gb  esc_p.o [1]
event_init              0x0800de21     0xc  Code  Gb  Event.o [1]
event_pend              0x0800de47    0x2a  Code  Gb  Event.o [1]
event_post              0x0800de2d    0x1a  Code  Gb  Event.o [1]
event_proc              0x0800de7d    0xa8  Code  Gb  Event.o [1]
evtHead                 0x2000518f     0x1  Data  Lc  Event.o [1]
evtQueue                0x20004ef4    0x40  Data  Lc  Event.o [1]
evtTail                 0x20005190     0x1  Data  Lc  Event.o [1]
exit                    0x0800f61d     0x6  Code  Gb  exit.o [3]
f_close                 0x080014c7    0x18  Code  Gb  ff.o [1]
f_lseek                 0x080014df   0x30c  Code  Gb  ff.o [1]
f_mkfs                  0x080018b5   0x69c  Code  Gb  ff.o [1]
f_mount                 0x08000ff1    0x34  Code  Gb  ff.o [1]
f_open                  0x08001025   0x1e2  Code  Gb  ff.o [1]
f_read                  0x08001207   0x204  Code  Gb  ff.o [1]
f_sync                  0x0800140b    0xbc  Code  Gb  ff.o [1]
f_unlink                0x080017eb    0xc8  Code  Gb  ff.o [1]
fatfs_sector_offset     0x20005150     0x4  Data  Gb  spi_flash.o [1]
flash_state             0x2000519a     0x1  Data  Lc  spi_flash.o [1]
flasize                 0x20005144     0x4  Data  Gb  spi_flash.o [1]
follow_path             0x08000b51    0x94  Code  Lc  ff.o [1]
font_data_read          0x0800ae11    0xc8  Code  Gb  res_spi_new.o [1]
fonta_en                0x080040c8   0xd80  Data  Gb  res_spi_new.o [1]
fontb_en                0x08008dd8   0x600  Data  Gb  res_spi_new.o [1]
fs                      0x200044d4   0x230  Data  Gb  res_spi_new.o [1]
g_mass_storage_device_type
                        0x2000519b     0x1  Data  Gb  usb_app_config.o [1]
g_param                 0x20004f34    0x40  Data  Gb  Terminal_Para_m.o [1]
g_usb_type              0x2000519c     0x1  Data  Gb  usb_app_config.o [1]
get_fat                 0x080002fb    0xf4  Code  Gb  ff.o [1]
get_fattime             0x0800e223     0x4  Code  Gb  diskio.o [1]
get_spi_flash_capacity  0x08008539     0x6  Code  Gb  spi_flash.o [1]
hard_fault_handler_c    0x0800b8ed    0xe4  Code  Gb  stm32f10x_it.o [1]
id_array                0x0800ece0    0x40  Data  Gb  spi_flash.o [1]
keyStatus               0x20005191     0x1  Data  Lc  KeyScan.o [1]
kt_memcmp               0x0800e6e1    0x22  Code  Gb  basic_fun.o [1]
kt_memcpy               0x0800e6c7    0x1a  Code  Gb  basic_fun.o [1]
kt_memset               0x0800e6b1    0x16  Code  Gb  basic_fun.o [1]
kt_strlen               0x0800e733    0x10  Code  Gb  basic_fun.o [1]
kt_strncpy              0x0800e703    0x30  Code  Gb  basic_fun.o [1]
main                    0x0800c139    0xf8  Code  Gb  main.o [1]
max_start_col           0x20005180     0x2  Data  Gb  DotFill.o [1]
mem_cmp                 0x08000165    0x20  Code  Lc  ff.o [1]
mem_cpy                 0x08000141    0x14  Code  Lc  ff.o [1]
mem_set                 0x08000155    0x10  Code  Lc  ff.o [1]
memchr                  0x0800eb01          Code  Gb  memchr.o [4]
move_window             0x08000199    0x74  Code  Lc  ff.o [1]
out                     0x0800e951    0x16  Code  Lc  xreportassert.o [3]
pEpInt_IN               0x2000529c    0x1c  Data  Gb  usb_istr.o [1]
pEpInt_OUT              0x200052b8    0x1c  Data  Gb  usb_istr.o [1]
pInformation            0x20005168     0x4  Data  Gb  usb_init.o [1]
pProperty               0x2000516c     0x4  Data  Gb  usb_init.o [1]
pUser_Standard_Requests
                        0x20005170     0x4  Data  Gb  usb_init.o [1]
papercnt                0x20005193     0x1  Data  Gb  PaperDetect.o [1]
param_format            0x08006451     0xe  Code  Gb  record_mod.o [1]
param_init              0x0800679d     0xe  Code  Gb  record_mod.o [1]
param_mod_state         0x20005196     0x1  Data  Lc  Terminal_Para_m.o [1]
param_read              0x08006461   0x108  Code  Gb  record_mod.o [1]
param_write             0x08006569   0x234  Code  Gb  record_mod.o [1]
port_status             0x200051a1     0x1  Data  Gb  usb_prop.o [1]
print_data_len          0x20005164     0x4  Data  Gb  usb_endp.o [1]
print_device_reset      0x0800a23d    0x18  Code  Lc  usb_prop.o [1]
print_head_SPI_init     0x0800e3e1    0x7c  Code  Lc  print_head.o [1]
print_head_init         0x0800e45d    0x14  Code  Gb  print_head.o [1]
print_head_spi_send_byte
                        0x0800e471    0x40  Code  Gb  print_head.o [1]
printersts              0x20005192     0x1  Data  Gb  PaperDetect.o [1]
printf                  0x0800f171    0x20  Code  Gb  printf.o [3]
put_fat                 0x080003ef   0x126  Code  Gb  ff.o [1]
putchar                 0x0800ef71    0x2a  Code  Gb  putchar.o [3]
read_resdata            0x0800abb9    0x16  Code  Gb  res_spi_new.o [1]
rec_copy4kblk           0x08005bf9    0x62  Code  Lc  record_mod.o [1]
rec_getindex            0x08005c5b    0x18  Code  Lc  record_mod.o [1]
rec_getrecspc           0x08005b51    0x3a  Code  Lc  record_mod.o [1]
rec_readsimprit         0x08005b19    0x38  Code  Lc  record_mod.o [1]
rec_writesimprit        0x08005b8b    0x62  Code  Lc  record_mod.o [1]
recinfo                 0x20005024    0x2c  Data  Lc  record_mod.o [1]
recmod_flasize          0x2000514c     0x4  Data  Gb  spi_flash.o [1]
record_count            0x080063b5    0x96  Code  Gb  record_mod.o [1]
record_format           0x08005c75   0x2bc  Code  Gb  record_mod.o [1]
record_init             0x08005f31   0x47c  Code  Gb  record_mod.o [1]
remove_chain            0x08000515    0x70  Code  Lc  ff.o [1]
res_buffer              0x20004b2c   0x200  Data  Lc  res_spi_new.o [1]
res_init                0x0800ab35    0x80  Code  Gb  res_spi_new.o [1]
res_loadres             0x0800aad1    0x40  Code  Lc  res_spi_new.o [1]
res_upgrade             0x0800abd1   0x23c  Code  Gb  res_spi_new.o [1]
resource_file           0x20004704   0x228  Data  Lc  res_spi_new.o [1]
restbl                  0x0800ee50    0x34  Data  Gb  ThermalDetect.o [1]
ringbuffer_data_len     0x080073b5    0x44  Code  Lc  BT816.o [1]
ringbuffer_data_len     0x0800be9d    0x44  Code  Lc  ringbuffer.o [1]
ringbuffer_data_len     0x0800cba9    0x44  Code  Lc  uart.o [1]
ringbuffer_data_len     0x0800e14d    0x44  Code  Lc  usb_endp.o [1]
ringbuffer_getchar      0x0800c067    0x64  Code  Gb  ringbuffer.o [1]
ringbuffer_init         0x0800bee1    0x60  Code  Gb  ringbuffer.o [1]
ringbuffer_put          0x0800bf41    0xc2  Code  Gb  ringbuffer.o [1]
ringbuffer_putchar      0x0800c003    0x64  Code  Gb  ringbuffer.o [1]
ringbuffer_reset        0x0800c0d5    0x22  Code  Gb  ringbuffer.o [1]
ringbuffer_status       0x0800738d    0x28  Code  Lc  BT816.o [1]
ringbuffer_status       0x0800be75    0x28  Code  Lc  ringbuffer.o [1]
ringbuffer_status       0x0800cb81    0x28  Code  Lc  uart.o [1]
ringbuffer_status       0x0800e125    0x28  Code  Lc  usb_endp.o [1]
send_data_to_BT         0x08007849    0xb0  Code  Lc  BT816.o [1]
set_BT_free             0x08007ec5    0x30  Code  Gb  BT816.o [1]
setup_font              0x0800ab11    0x1c  Code  Gb  res_spi_new.o [1]
setup_picture           0x0800ab2d     0x6  Code  Gb  res_spi_new.o [1]
simprit                 0x200050cc    0x10  Data  Lc  record_mod.o [1]
snprintf                0x0800ed61    0x40  Code  Gb  snprintf.o [3]
spi_flash_eraseblock    0x080080e5    0x44  Code  Gb  spi_flash.o [1]
spi_flash_erasesector   0x080080a1    0x44  Code  Gb  spi_flash.o [1]
spi_flash_init          0x08007ef5   0x184  Code  Gb  spi_flash.o [1]
spi_flash_page_write    0x080081fd    0x5c  Code  Gb  spi_flash.o [1]
spi_flash_post_write    0x0800853f    0x6c  Code  Gb  spi_flash.o [1]
spi_flash_raddr         0x0800841f    0x50  Code  Gb  spi_flash.o [1]
spi_flash_read          0x0800866f    0x88  Code  Gb  spi_flash.o [1]
spi_flash_rpage         0x08008129    0x78  Code  Gb  spi_flash.o [1]
spi_flash_send_byte     0x0800846f    0x48  Code  Gb  spi_flash.o [1]
spi_flash_valid         0x08008079    0x22  Code  Gb  spi_flash.o [1]
spi_flash_waddr         0x08008259   0x1c6  Code  Gb  spi_flash.o [1]
spi_flash_wait_for_write_end
                        0x080084db    0x58  Code  Gb  spi_flash.o [1]
spi_flash_wpage         0x080081a1    0x5c  Code  Gb  spi_flash.o [1]
spi_flash_write         0x080085ab    0xc4  Code  Gb  spi_flash.o [1]
spi_flash_write_enable  0x080084bd    0x1e  Code  Gb  spi_flash.o [1]
spp_rec_buffer          0x20001810  0x1000  Data  Gb  uart.o [1]
spp_ringbuf             0x20004ff4    0x30  Data  Gb  uart.o [1]
strchr                  0x0800f2e1          Code  Gb  strchr.o [4]
strlen                  0x0800ee19          Code  Gb  strlen.o [4]
sync                    0x0800020d    0xd6  Code  Lc  ff.o [1]
system_error_tip        0x0800c0f9     0x2  Code  Gb  main.o [1]
systick_cnt             0x20005114     0x4  Data  Gb  PaperDetect.o [1]
tp                      0x20004d2c   0x188  Data  Lc  TP.o [1]
usb_Get_SerialNum       0x0800da95    0x68  Code  Gb  usb_app_config.o [1]
usb_Interrupts_Config   0x0800da05    0x40  Code  Lc  usb_app_config.o [1]
usb_SetClock            0x0800d9e9    0x1c  Code  Lc  usb_app_config.o [1]
usb_cable_insert        0x0800da45     0x2  Code  Gb  usb_app_config.o [1]
usb_device_init         0x0800da49    0x4c  Code  Gb  usb_app_config.o [1]
usb_rec_buffer          0x20003dc4   0x400  Data  Gb  uart.o [1]
validate                0x08000fc5    0x2c  Code  Lc  ff.o [1]
wInterrupt_Mask         0x20005186     0x2  Data  Gb  usb_init.o [1]
wIstr                   0x2000518c     0x2  Data  Gb  usb_istr.o [1]


[1] = E:\BT Printer\FW\src\Project\EWARMv5\Debug\Obj
[2] = command line
[3] = dl7M_tl_in.a
[4] = rt7M_tl.a
[5] = shb_l.a

  54 448 bytes of readonly  code memory
   8 964 bytes of readonly  data memory
  21 266 bytes of readwrite data memory

Errors: none
Warnings: none
