###############################################################################
#                                                                             #
# IAR ELF Linker V5.30.0.51174/W32 for ARM              21/Nov/2015  17:20:25 #
# Copyright 2007-2009 IAR Systems AB.                                         #
#                                                                             #
#    Output file  =  E:\BT Printer\FW\src\Project\EWARMv5\Debug\Exe\T6.out    #
#    Map file     =  E:\BT Printer\FW\src\Project\EWARMv5\Debug\List\T6.map   #
#    Command line =  "E:\BT Printer\FW\src\Project\EWARMv5\Debug\Obj\BT816.o" #
#                     "E:\BT Printer\FW\src\Project\EWARMv5\Debug\Obj\DotFill #
#                    .o" "E:\BT Printer\FW\src\Project\EWARMv5\Debug\Obj\Even #
#                    t.o" "E:\BT Printer\FW\src\Project\EWARMv5\Debug\Obj\JMe #
#                    mory.o" "E:\BT Printer\FW\src\Project\EWARMv5\Debug\Obj\ #
#                    KeyScan.o" "E:\BT Printer\FW\src\Project\EWARMv5\Debug\O #
#                    bj\PaperDetect.o" "E:\BT Printer\FW\src\Project\EWARMv5\ #
#                    Debug\Obj\TP.o" "E:\BT Printer\FW\src\Project\EWARMv5\De #
#                    bug\Obj\Terminal_Para_m.o" "E:\BT                        #
#                    Printer\FW\src\Project\EWARMv5\Debug\Obj\ThermalDetect.o #
#                    " "E:\BT Printer\FW\src\Project\EWARMv5\Debug\Obj\TimeBa #
#                    se.o" "E:\BT Printer\FW\src\Project\EWARMv5\Debug\Obj\ba #
#                    sic_fun.o" "E:\BT Printer\FW\src\Project\EWARMv5\Debug\O #
#                    bj\cortexm3_macro.o" "E:\BT                              #
#                    Printer\FW\src\Project\EWARMv5\Debug\Obj\crc32.o"        #
#                    "E:\BT Printer\FW\src\Project\EWARMv5\Debug\Obj\data_uar #
#                    t.o" "E:\BT Printer\FW\src\Project\EWARMv5\Debug\Obj\dis #
#                    kio.o" "E:\BT Printer\FW\src\Project\EWARMv5\Debug\Obj\e #
#                    sc_p.o" "E:\BT Printer\FW\src\Project\EWARMv5\Debug\Obj\ #
#                    ff.o" "E:\BT Printer\FW\src\Project\EWARMv5\Debug\Obj\fo #
#                    nt.o" "E:\BT Printer\FW\src\Project\EWARMv5\Debug\Obj\ha #
#                    rdfault_isr_handle_a.o" "E:\BT                           #
#                    Printer\FW\src\Project\EWARMv5\Debug\Obj\hw_config.o"    #
#                    "E:\BT Printer\FW\src\Project\EWARMv5\Debug\Obj\main.o"  #
#                    "E:\BT Printer\FW\src\Project\EWARMv5\Debug\Obj\mass_mal #
#                    .o" "E:\BT Printer\FW\src\Project\EWARMv5\Debug\Obj\memo #
#                    ry.o" "E:\BT Printer\FW\src\Project\EWARMv5\Debug\Obj\pr #
#                    int_head.o" "E:\BT Printer\FW\src\Project\EWARMv5\Debug\ #
#                    Obj\rec_ecc.o" "E:\BT Printer\FW\src\Project\EWARMv5\Deb #
#                    ug\Obj\record_mod.o" "E:\BT                              #
#                    Printer\FW\src\Project\EWARMv5\Debug\Obj\res_spi.o"      #
#                    "E:\BT Printer\FW\src\Project\EWARMv5\Debug\Obj\ringbuff #
#                    er.o" "E:\BT Printer\FW\src\Project\EWARMv5\Debug\Obj\sc #
#                    si_data.o" "E:\BT Printer\FW\src\Project\EWARMv5\Debug\O #
#                    bj\spi_flash.o" "E:\BT Printer\FW\src\Project\EWARMv5\De #
#                    bug\Obj\stm32f10x_adc.o" "E:\BT                          #
#                    Printer\FW\src\Project\EWARMv5\Debug\Obj\stm32f10x_bkp.o #
#                    " "E:\BT Printer\FW\src\Project\EWARMv5\Debug\Obj\stm32f #
#                    10x_crc.o" "E:\BT Printer\FW\src\Project\EWARMv5\Debug\O #
#                    bj\stm32f10x_dbgmcu.o" "E:\BT                            #
#                    Printer\FW\src\Project\EWARMv5\Debug\Obj\stm32f10x_dma.o #
#                    " "E:\BT Printer\FW\src\Project\EWARMv5\Debug\Obj\stm32f #
#                    10x_exti.o" "E:\BT Printer\FW\src\Project\EWARMv5\Debug\ #
#                    Obj\stm32f10x_flash.o" "E:\BT                            #
#                    Printer\FW\src\Project\EWARMv5\Debug\Obj\stm32f10x_fsmc. #
#                    o" "E:\BT Printer\FW\src\Project\EWARMv5\Debug\Obj\stm32 #
#                    f10x_gpio.o" "E:\BT Printer\FW\src\Project\EWARMv5\Debug #
#                    \Obj\stm32f10x_i2c.o" "E:\BT                             #
#                    Printer\FW\src\Project\EWARMv5\Debug\Obj\stm32f10x_it.o" #
#                     "E:\BT Printer\FW\src\Project\EWARMv5\Debug\Obj\stm32f1 #
#                    0x_iwdg.o" "E:\BT Printer\FW\src\Project\EWARMv5\Debug\O #
#                    bj\stm32f10x_lib.o" "E:\BT Printer\FW\src\Project\EWARMv #
#                    5\Debug\Obj\stm32f10x_nvic.o" "E:\BT                     #
#                    Printer\FW\src\Project\EWARMv5\Debug\Obj\stm32f10x_pwr.o #
#                    " "E:\BT Printer\FW\src\Project\EWARMv5\Debug\Obj\stm32f #
#                    10x_rcc.o" "E:\BT Printer\FW\src\Project\EWARMv5\Debug\O #
#                    bj\stm32f10x_rtc.o" "E:\BT Printer\FW\src\Project\EWARMv #
#                    5\Debug\Obj\stm32f10x_spi.o" "E:\BT                      #
#                    Printer\FW\src\Project\EWARMv5\Debug\Obj\stm32f10x_systi #
#                    ck.o" "E:\BT Printer\FW\src\Project\EWARMv5\Debug\Obj\st #
#                    m32f10x_tim.o" "E:\BT Printer\FW\src\Project\EWARMv5\Deb #
#                    ug\Obj\stm32f10x_usart.o" "E:\BT                         #
#                    Printer\FW\src\Project\EWARMv5\Debug\Obj\stm32f10x_vecto #
#                    r.o" "E:\BT Printer\FW\src\Project\EWARMv5\Debug\Obj\uar #
#                    t.o" "E:\BT Printer\FW\src\Project\EWARMv5\Debug\Obj\usb #
#                    _app_config.o" "E:\BT Printer\FW\src\Project\EWARMv5\Deb #
#                    ug\Obj\usb_bot.o" "E:\BT Printer\FW\src\Project\EWARMv5\ #
#                    Debug\Obj\usb_core.o" "E:\BT                             #
#                    Printer\FW\src\Project\EWARMv5\Debug\Obj\usb_desc.o"     #
#                    "E:\BT Printer\FW\src\Project\EWARMv5\Debug\Obj\usb_endp #
#                    .o" "E:\BT Printer\FW\src\Project\EWARMv5\Debug\Obj\usb_ #
#                    init.o" "E:\BT Printer\FW\src\Project\EWARMv5\Debug\Obj\ #
#                    usb_int.o" "E:\BT Printer\FW\src\Project\EWARMv5\Debug\O #
#                    bj\usb_istr.o" "E:\BT Printer\FW\src\Project\EWARMv5\Deb #
#                    ug\Obj\usb_mem.o" "E:\BT Printer\FW\src\Project\EWARMv5\ #
#                    Debug\Obj\usb_prop.o" "E:\BT                             #
#                    Printer\FW\src\Project\EWARMv5\Debug\Obj\usb_pwr.o"      #
#                    "E:\BT Printer\FW\src\Project\EWARMv5\Debug\Obj\usb_regs #
#                    .o" "E:\BT Printer\FW\src\Project\EWARMv5\Debug\Obj\usb_ #
#                    scsi.o" "E:\BT Printer\FW\src\Project\EWARMv5\Debug\Obj\ #
#                    usb_sil.o" -o "E:\BT Printer\FW\src\Project\EWARMv5\Debu #
#                    g\Exe\T6.out" --map "E:\BT Printer\FW\src\Project\EWARMv #
#                    5\Debug\List\T6.map" --config "E:\BT                     #
#                    Printer\FW\src\Project\EWARMv5\stm32f10x_debug.icf"      #
#                    --semihosting --entry __iar_program_start                #
#                                                                             #
#                                                                             #
###############################################################################

*******************************************************************************
*** RUNTIME MODEL ATTRIBUTES
***

__endian      = little
__thumb_aware = enabled


*******************************************************************************
*** PLACEMENT SUMMARY
***

"A1":  place at mem:0x8000000 { ro section .intvec };
"P1":  place in [from mem:0x8000000 to mem:0x807ffff] { ro };
"P3":  place in [from mem:0x20000010 to mem:0x2000ffff] {
          rw, block CSTACK, block HEAP };

  Section            Kind        Address    Size  Object
  -------            ----        -------    ----  ------
"A1":                                      0x140
  .intvec            const    0x08000000   0x140  stm32f10x_vector.o [1]
                            - 0x08000140   0x140

"P1":                                     0xe98b
  .text              ro code  0x08000140  0x1ab4  ff.o [1]
  .text              ro code  0x08001bf4  0x104e  xprintffull.o [3]
  .text              ro code  0x08002c44   0xffc  TP.o [1]
  .rodata            const    0x08003c40   0xd80  res_spi.o [1]
  .text              ro code  0x080049c0   0xc92  record_mod.o [1]
  .text              ro code  0x08005654   0xbde  usb_core.o [1]
  .text              ro code  0x08006234   0x9d0  font.o [1]
  .text              ro code  0x08006c04   0x7e8  BT816.o [1]
  .text              ro code  0x080073ec   0x78c  DotFill.o [1]
  .text              ro code  0x08007b78   0x778  spi_flash.o [1]
  .rodata            const    0x080082f0   0x600  res_spi.o [1]
  .text              ro code  0x080088f0   0x4e4  PaperDetect.o [1]
  .text              ro code  0x08008dd4   0x440  usb_scsi.o [1]
  .text              ro code  0x08009214   0x43c  usb_bot.o [1]
  .rodata            const    0x08009650   0x400  crc32.o [1]
  .text              ro code  0x08009a50   0x32c  stm32f10x_rcc.o [1]
  .text              ro code  0x08009d7c   0x30a  esc_p.o [1]
  .text              ro code  0x0800a088   0x2f8  res_spi.o [1]
  .text              ro code  0x0800a380   0x2e0  usb_int.o [1]
  .text              ro code  0x0800a660   0x2bc  usb_prop.o [1]
  .text              ro code  0x0800a91c   0x2bc  DblDiv.o [4]
  .text              ro code  0x0800abd8   0x282  ringbuffer.o [1]
  .text              ro code  0x0800ae5c   0x260  usb_regs.o [1]
  .text              ro code  0x0800b0bc   0x24c  main.o [1]
  .text              ro code  0x0800b308   0x24c  stm32f10x_it.o [1]
  .text              ro code  0x0800b554   0x23c  memory.o [1]
  .text              ro code  0x0800b790   0x1c4  stm32f10x_dma.o [1]
  .text              ro code  0x0800b954   0x1bc  stm32f10x_adc.o [1]
  .text              ro code  0x0800bb10   0x1ac  stm32f10x_usart.o [1]
  .text              ro code  0x0800bcbc   0x1a2  DblMul.o [4]
  .text              ro code  0x0800be60   0x17e  DblSub.o [4]
  .text              ro code  0x0800bfe0   0x15c  stm32f10x_nvic.o [1]
  .text              ro code  0x0800c13c   0x15c  stm32f10x_tim.o [1]
  .rodata            const    0x0800c298   0x150  TP.o [1]
  .text              ro code  0x0800c3e8   0x130  I64DivMod.o [4]
  .text              ro code  0x0800c518   0x128  TimeBase.o [1]
  .text              ro code  0x0800c640   0x124  mass_mal.o [1]
  .text              ro code  0x0800c764   0x120  Event.o [1]
  .text              ro code  0x0800c884   0x110  xdscale.o [3]
  .text              ro code  0x0800c994   0x10c  ThermalDetect.o [1]
  .rodata            const    0x0800caa0   0x100  TP.o [1]
  .text              ro code  0x0800cba0   0x100  Terminal_Para_m.o [1]
  .text              ro code  0x0800cca0    0xf8  usb_app_config.o [1]
  .text              ro code  0x0800cd98    0xf2  stm32f10x_gpio.o [1]
  .text              ro code  0x0800ce8c    0xe8  diskio.o [1]
  .text              ro code  0x0800cf74    0xe6  DblAdd.o [4]
  .text              ro code  0x0800d05c    0xd4  print_head.o [1]
  .text              ro code  0x0800d130    0xbc  xxmemxmalloc.o [3]
  .text              ro code  0x0800d1ec    0xb4  xdnorm.o [3]
  .text              ro code  0x0800d2a0    0xb0  KeyScan.o [1]
  .text              ro code  0x0800d350    0xb0  fflush.o [3]
  .text              ro code  0x0800d400    0xac  data_uart.o [1]
  .text              ro code  0x0800d4ac    0x9c  usb_istr.o [1]
  .text              ro code  0x0800d548    0x8e  packbits_init2.o [4]
  .text              ro code  0x0800d5d8    0x8c  xsyslock.o [3]
  .text              ro code  0x0800d664    0x88  stm32f10x_systick.o [1]
  .text              ro code  0x0800d6ec    0x88  xxmemxfree.o [3]
  .text              ro code  0x0800d774    0x84  xreportassert.o [3]
  .text              ro code  0x0800d7f8    0x7a  cortexm3_macro.o [1]
  .text              ro code  0x0800d874    0x7a  stm32f10x_spi.o [1]
  .text              ro code  0x0800d8f0    0x70  ABImemcpy.o [4]
  .text              ro code  0x0800d960    0x70  cppinit.o [3]
  .rodata            const    0x0800d9d0    0x6c  TP.o [1]
  .text              ro code  0x0800da3c    0x66  ABImemset.o [4]
  .text              ro code  0x0800daa4    0x62  memcmp.o [4]
  .text              ro code  0x0800db08    0x5c  xencoding_sb.o [3]
  .text              ro code  0x0800db64    0x5a  usb_sil.o [1]
  .text              ro code  0x0800dbc0    0x58  memchr.o [4]
  .text              ro code  0x0800dc18    0x56  DblToI32.o [4]
  .text              ro code  0x0800dc70    0x54  uart.o [1]
  .text              ro code  0x0800dcc4    0x54  usb_mem.o [1]
  .text              ro code  0x0800dd18    0x54  iarwstd.o [5]
  .rodata            const    0x0800dd6c    0x48  xlocale_c.o [3]
  .text              ro code  0x0800ddb4    0x44  stm32f10x_flash.o [1]
  .text              ro code  0x0800ddf8    0x44  xassert.o [3]
  .rodata            const    0x0800de3c    0x40  spi_flash.o [1]
  .text              ro code  0x0800de7c    0x40  usb_init.o [1]
  .text              ro code  0x0800debc    0x40  snprintf.o [3]
  .rodata            const    0x0800defc    0x3c  res_spi.o [1]
  .text              ro code  0x0800df38    0x3c  usb_pwr.o [1]
  .text              ro code  0x0800df74    0x36  strlen.o [4]
  .rodata            const    0x0800dfac    0x34  ThermalDetect.o [1]
  .text              ro code  0x0800dfe0    0x34  usb_endp.o [1]
  .rodata            const    0x0800e014    0x30  xreportassert.o [3]
  .text              ro code  0x0800e044    0x30  MtxWrapper.o [3]
  .text              ro code  0x0800e074    0x2e  DblCmpLe.o [4]
  .text              ro code  0x0800e0a4    0x2e  DblCmpGe.o [4]
  .text              ro code  0x0800e0d4    0x2e  I32ToDbl.o [4]
  .rodata            const    0x0800e104    0x2c  ff.o [1]
  .rodata            const    0x0800e130    0x2c  ringbuffer.o [1]
  .text              ro code  0x0800e15c    0x2c  JMemory.o [1]
  .rodata            const    0x0800e188    0x28  BT816.o [1]
  .rodata            const    0x0800e1b0    0x28  usb_desc.o [1]
  .text              ro code  0x0800e1d8    0x28  crc32.o [1]
  .text              ro code  0x0800e200    0x28  xgetmemchunk.o [3]
  .rodata            const    0x0800e228    0x24  TP.o [1]
  .rodata            const    0x0800e24c    0x24  res_spi.o [1]
  .iar.init_table    const    0x0800e270    0x2c  - Linker created -
  .rodata            const    0x0800e29c    0x20  TP.o [1]
  .rodata            const    0x0800e2bc    0x20  usb_desc.o [1]
  .rodata            const    0x0800e2dc    0x20  usb_desc.o [1]
  .text              ro code  0x0800e2fc    0x20  printf.o [3]
  .text              ro code  0x0800e31c    0x20  xmbtowc.o [3]
  .text              ro code  0x0800e33c    0x20  iarwrite.o [5]
  .text              ro code  0x0800e35c    0x1e  dwrite.o [5]
  .rodata            const    0x0800e37c    0x1c  BT816.o [1]
  .rodata            const    0x0800e398    0x1c  BT816.o [1]
  .text              ro code  0x0800e3b4    0x1c  data_init2.o [4]
  .text              ro code  0x0800e3d0    0x1a  xsnprout.o [3]
  .text              ro code  0x0800e3ea    0x1a  xwctomb.o [3]
  .text              ro code  0x0800e404    0x1a  zero_init2.o [4]
  .rodata            const    0x0800e420    0x18  TP.o [1]
  .rodata            const    0x0800e438    0x18  ff.o [1]
  .rodata            const    0x0800e450    0x18  main.o [1]
  .rodata            const    0x0800e468    0x18  stm32f10x_it.o [1]
  .text              ro code  0x0800e480    0x18  cmain.o [4]
  .text              ro code  0x0800e498    0x16  strchr.o [4]
  .text              ro code  0x0800e4ae    0x16  xprout.o [3]
  .rodata            const    0x0800e4c4    0x14  TP.o [1]
  .rodata            const    0x0800e4d8    0x14  TP.o [1]
  .rodata            const    0x0800e4ec    0x14  TP.o [1]
  .rodata            const    0x0800e500    0x14  TP.o [1]
  .rodata            const    0x0800e514    0x14  TP.o [1]
  .rodata            const    0x0800e528    0x14  TP.o [1]
  .rodata            const    0x0800e53c    0x14  TP.o [1]
  .rodata            const    0x0800e550    0x14  ff.o [1]
  .rodata            const    0x0800e564    0x14  ff.o [1]
  .rodata            const    0x0800e578    0x14  usb_desc.o [1]
  .text              ro code  0x0800e58c    0x14  exit.o [5]
  .text              ro code  0x0800e5a0    0x14  localeconv.o [3]
  .text              ro code  0x0800e5b4    0x14  setlocale.o [3]
  .text              ro code  0x0800e5c8    0x14  DotFill.o [1]
  CODE               ro code  0x0800e5dc    0x12  hardfault_isr_handle_a.o [1]
  .rodata            const    0x0800e5f0    0x10  BT816.o [1]
  .rodata            const    0x0800e600    0x10  TP.o [1]
  .rodata            const    0x0800e610    0x10  TP.o [1]
  .rodata            const    0x0800e620    0x10  TP.o [1]
  .rodata            const    0x0800e630    0x10  TP.o [1]
  .rodata            const    0x0800e640    0x10  TP.o [1]
  .rodata            const    0x0800e650    0x10  TP.o [1]
  .rodata            const    0x0800e660    0x10  main.o [1]
  .rodata            const    0x0800e670    0x10  res_spi.o [1]
  .rodata            const    0x0800e680    0x10  stm32f10x_rcc.o [1]
  .rodata            const    0x0800e690    0x10  xprintffull.o [3]
  .text              ro code  0x0800e6a0    0x10  write.o [5]
  .text              ro code  0x0800e6b0     0xe  cexit.o [4]
  .text              ro code  0x0800e6be     0xe  BT816.o [1]
  .text              ro code  0x0800e6cc     0xe  div.o [3]
  .rodata            const    0x0800e6dc     0xc  BT816.o [1]
  .rodata            const    0x0800e6e8     0xc  BT816.o [1]
  .rodata            const    0x0800e6f4     0xc  BT816.o [1]
  .rodata            const    0x0800e700     0xc  BT816.o [1]
  .rodata            const    0x0800e70c     0xc  BT816.o [1]
  .rodata            const    0x0800e718     0xc  TP.o [1]
  .rodata            const    0x0800e724     0xc  TP.o [1]
  .rodata            const    0x0800e730     0xc  ff.o [1]
  .rodata            const    0x0800e73c     0xc  main.o [1]
  .rodata            const    0x0800e748     0xc  ringbuffer.o [1]
  .rodata            const    0x0800e754     0xc  ringbuffer.o [1]
  .rodata            const    0x0800e760     0xc  stm32f10x_it.o [1]
  .rodata            const    0x0800e76c     0xc  stm32f10x_it.o [1]
  .rodata            const    0x0800e778     0xc  stm32f10x_it.o [1]
  .rodata            const    0x0800e784     0xc  stm32f10x_it.o [1]
  .rodata            const    0x0800e790     0xc  stm32f10x_it.o [1]
  .rodata            const    0x0800e79c     0xc  stm32f10x_it.o [1]
  .rodata            const    0x0800e7a8     0xc  stm32f10x_it.o [1]
  .rodata            const    0x0800e7b4     0xc  stm32f10x_it.o [1]
  .rodata            const    0x0800e7c0     0xc  stm32f10x_it.o [1]
  .rodata            const    0x0800e7cc     0xc  stm32f10x_it.o [1]
  .rodata            const    0x0800e7d8     0xc  stm32f10x_it.o [1]
  .rodata            const    0x0800e7e4     0xc  stm32f10x_it.o [1]
  .rodata            const    0x0800e7f0     0xc  stm32f10x_it.o [1]
  .text              ro code  0x0800e7fc     0xc  putchar.o [3]
  .text              ro code  0x0800e808     0xa  xmbcurmax.o [3]
  .rodata            const    0x0800e814     0x8  BT816.o [1]
  .rodata            const    0x0800e81c     0x8  BT816.o [1]
  .rodata            const    0x0800e824     0x8  BT816.o [1]
  .rodata            const    0x0800e82c     0x8  BT816.o [1]
  .rodata            const    0x0800e834     0x8  BT816.o [1]
  .rodata            const    0x0800e83c     0x8  BT816.o [1]
  .rodata            const    0x0800e844     0x8  BT816.o [1]
  .rodata            const    0x0800e84c     0x8  TP.o [1]
  .rodata            const    0x0800e854     0x8  uart.o [1]
  .rodata            const    0x0800e85c     0x8  xprintffull.o [3]
  .rodata            const    0x0800e864     0x8  localeconv.o [3]
  .rodata            const    0x0800e86c     0x8  localeconv.o [3]
  .rodata            const    0x0800e874     0x8  xencoding_sb.o [3]
  .rodata            const    0x0800e87c     0x8  xencoding_sb.o [3]
  .rodata            const    0x0800e884     0x8  xlocale_c.o [3]
  .rodata            const    0x0800e88c     0x8  xlocale_c.o [3]
  .text              ro code  0x0800e894     0x8  abort.o [3]
  .text              ro code  0x0800e89c     0x6  exit.o [3]
  .rodata            const    0x0800e8a4     0x4  stm32f10x_rcc.o [1]
  .rodata            const    0x0800e8a8     0x4  usb_desc.o [1]
  .text              ro code  0x0800e8ac     0x2  I64DivZer.o [4]
  .text              ro code  0x0800e8ae     0x4  low_level_init.o [3]
  .rodata            const    0x0800e8b2     0x2  localeconv.o [3]
  .rodata            const    0x0800e8b4     0x2  xlocale_c.o [3]
  .rodata            const    0x0800e8b6     0x1  localeconv.o [3]
  .rodata            const    0x0800e8b7     0x1  setlocale.o [3]
  .rodata            const    0x0800e8b8     0x1  xlocale_c.o [3]
  Initializer bytes  ro data  0x0800e8b9   0x212  <for P3 s0>
                            - 0x0800eacb  0xe98b

"P3", part 1 of 3:                         0xde0
  CSTACK                      0x20000010   0x800  <Block>
    CSTACK           uninit   0x20000010   0x800  <Block tail>
  HEAP                        0x20000810   0x400  <Block>
    HEAP             uninit   0x20000810   0x400  <Block tail>
  .iar.dynexit                0x20000c10   0x1e0  <Block>
    .iar.dynexit     uninit   0x20000c10     0xc  cppinit.o [3]
    .iar.dynexit     uninit   0x20000c1c   0x1d4  <Block tail>
                            - 0x20000df0   0xde0

"P3", part 2 of 3:                        0x6398
  .bss               zero     0x20000df0  0x36c8  esc_p.o [1]
  .bss               zero     0x200044b8  0x1000  spi_flash.o [1]
  .bss               zero     0x200054b8   0x800  memory.o [1]
  .bss               zero     0x20005cb8   0x400  BT816.o [1]
  .bss               zero     0x200060b8   0x310  TP.o [1]
  .bss               zero     0x200063c8   0x230  res_spi.o [1]
  .bss               zero     0x200065f8   0x224  res_spi.o [1]
  .bss               zero     0x2000681c   0x200  res_spi.o [1]
  .bss               zero     0x20006a1c   0x190  JMemory.o [1]
  .bss               zero     0x20006bac   0x188  TP.o [1]
  .bss               zero     0x20006d34   0x100  BT816.o [1]
  .bss               zero     0x20006e34    0x50  xfiles.o [3]
  .bss               zero     0x20006e84    0x50  xfiles.o [3]
  .bss               zero     0x20006ed4    0x40  Event.o [1]
  .bss               zero     0x20006f14    0x40  Terminal_Para_m.o [1]
  .bss               zero     0x20006f54    0x40  usb_bot.o [1]
  .bss               zero     0x20006f94    0x2c  record_mod.o [1]
  .bss               zero     0x20006fc0    0x28  PaperDetect.o [1]
  .bss               zero     0x20006fe8    0x20  BT816.o [1]
  .bss               zero     0x20007008    0x20  usb_bot.o [1]
  .bss               zero     0x20007028    0x1c  usb_init.o [1]
  .bss               zero     0x20007044    0x14  xsyslock.o [3]
  .bss               zero     0x20007058    0x10  BT816.o [1]
  .bss               zero     0x20007068    0x10  BT816.o [1]
  .bss               zero     0x20007078    0x10  record_mod.o [1]
  .bss               zero     0x20007088    0x10  usb_bot.o [1]
  .bss               zero     0x20007098     0xc  BT816.o [1]
  .bss               zero     0x200070a4     0xc  BT816.o [1]
  .bss               zero     0x200070b0     0x8  TimeBase.o [1]
  .bss               zero     0x200070b8     0x8  ff.o [1]
  .bss               zero     0x200070c0     0x8  mass_mal.o [1]
  .bss               zero     0x200070c8     0x8  mass_mal.o [1]
  .bss               zero     0x200070d0     0x8  mass_mal.o [1]
  .bss               zero     0x200070d8     0x8  scsi_data.o [1]
  .bss               zero     0x200070e0     0x8  scsi_data.o [1]
  .bss               zero     0x200070e8     0x8  xxmemxmalloc.o [3]
  .bss               zero     0x200070f0     0x4  mass_mal.o [1]
  .bss               zero     0x200070f4     0x4  memory.o [1]
  .bss               zero     0x200070f8     0x4  memory.o [1]
  .bss               zero     0x200070fc     0x4  memory.o [1]
  .bss               zero     0x20007100     0x4  memory.o [1]
  .bss               zero     0x20007104     0x4  memory.o [1]
  .bss               zero     0x20007108     0x4  memory.o [1]
  .bss               zero     0x2000710c     0x4  memory.o [1]
  .bss               zero     0x20007110     0x4  memory.o [1]
  .bss               zero     0x20007114     0x4  res_spi.o [1]
  .bss               zero     0x20007118     0x4  spi_flash.o [1]
  .bss               zero     0x2000711c     0x4  spi_flash.o [1]
  .bss               zero     0x20007120     0x4  spi_flash.o [1]
  .bss               zero     0x20007124     0x4  spi_flash.o [1]
  .bss               zero     0x20007128     0x4  usb_bot.o [1]
  .bss               zero     0x2000712c     0x4  usb_bot.o [1]
  .bss               zero     0x20007130     0x4  usb_core.o [1]
  .bss               zero     0x20007134     0x4  usb_endp.o [1]
  .bss               zero     0x20007138     0x4  usb_init.o [1]
  .bss               zero     0x2000713c     0x4  usb_init.o [1]
  .bss               zero     0x20007140     0x4  usb_init.o [1]
  .bss               zero     0x20007144     0x4  usb_prop.o [1]
  .bss               zero     0x20007148     0x4  usb_pwr.o [1]
  .bss               zero     0x2000714c     0x4  xgetmemchunk.o [3]
  .bss               zero     0x20007150     0x4  MtxWrapper.o [3]
  .bss               zero     0x20007154     0x4  MtxWrapper.o [3]
  .bss               zero     0x20007158     0x4  MtxWrapper.o [3]
  .bss               zero     0x2000715c     0x4  MtxWrapper.o [3]
  .bss               zero     0x20007160     0x4  iarwstd.o [5]
  .bss               zero     0x20007164     0x2  DotFill.o [1]
  .bss               zero     0x20007166     0x2  ff.o [1]
  .bss               zero     0x20007168     0x2  usb_bot.o [1]
  .bss               zero     0x2000716a     0x2  usb_init.o [1]
  .bss               zero     0x2000716c     0x2  usb_int.o [1]
  .bss               zero     0x2000716e     0x2  usb_int.o [1]
  .bss               zero     0x20007170     0x2  usb_istr.o [1]
  .bss               zero     0x20007172     0x1  BT816.o [1]
  .bss               zero     0x20007173     0x1  Event.o [1]
  .bss               zero     0x20007174     0x1  Event.o [1]
  .bss               zero     0x20007175     0x1  KeyScan.o [1]
  .bss               zero     0x20007176     0x1  PaperDetect.o [1]
  .bss               zero     0x20007177     0x1  PaperDetect.o [1]
  .bss               zero     0x20007178     0x1  PaperDetect.o [1]
  .bss               zero     0x20007179     0x1  TP.o [1]
  .bss               zero     0x2000717a     0x1  Terminal_Para_m.o [1]
  .bss               zero     0x2000717b     0x1  esc_p.o [1]
  .bss               zero     0x2000717c     0x1  main.o [1]
  .bss               zero     0x2000717d     0x1  memory.o [1]
  .bss               zero     0x2000717e     0x1  spi_flash.o [1]
  .bss               zero     0x2000717f     0x1  usb_app_config.o [1]
  .bss               zero     0x20007180     0x1  usb_app_config.o [1]
  .bss               zero     0x20007181     0x1  usb_bot.o [1]
  .bss               zero     0x20007182     0x1  usb_core.o [1]
  .bss               zero     0x20007183     0x1  usb_init.o [1]
  .bss               zero     0x20007184     0x1  usb_istr.o [1]
                            - 0x20007185  0x6395

"P3", part 3 of 3:                         0x324
  P3 s0                       0x20007188   0x324  <Init block>
    .data            inited   0x20007188    0x84  setlocale.o [3]
    .data            inited   0x2000720c    0x4c  localeconv.o [3]
    .data            inited   0x20007258    0x40  xfiles.o [3]
    .data            inited   0x20007298    0x40  xfiles.o [3]
    .data            inited   0x200072d8    0x40  xfiles.o [3]
    .data            inited   0x20007318    0x30  usb_prop.o [1]
    .data            inited   0x20007348    0x24  scsi_data.o [1]
    .data            inited   0x2000736c    0x24  scsi_data.o [1]
    .data            inited   0x20007390    0x24  usb_prop.o [1]
    .data            inited   0x200073b4    0x20  res_spi.o [1]
    .data            inited   0x200073d4    0x20  usb_prop.o [1]
    .data            inited   0x200073f4    0x20  xfiles.o [3]
    .data            inited   0x20007414    0x1c  usb_desc.o [1]
    .data            inited   0x20007430    0x1c  usb_istr.o [1]
    .data            inited   0x2000744c    0x1c  usb_istr.o [1]
    .data            inited   0x20007468    0x14  scsi_data.o [1]
    .data            inited   0x2000747c     0xc  scsi_data.o [1]
    .data            inited   0x20007488     0x8  scsi_data.o [1]
    .data            inited   0x20007490     0x8  usb_prop.o [1]
    .data            inited   0x20007498     0x8  usb_prop.o [1]
    .data            inited   0x200074a0     0x4  scsi_data.o [1]
    .data            inited   0x200074a4     0x4  usb_prop.o [1]
    .data            inited   0x200074a8     0x4  cppinit.o [3]
                            - 0x200074ac   0x324


*******************************************************************************
*** INIT TABLE
***

          Address     Size
          -------     ----
Zero (__iar_zero_init2)
    1 destination range, total size 0x6395:
          0x20000df0  0x6395

Copy/packbits (__iar_packbits_init2)
    1 source range, total size 0x212 (65% of destination):
           0x800e8b9   0x212
    1 destination range, total size 0x324:
          0x20007188   0x324


*******************************************************************************
*** MODULE SUMMARY
***

    Module                    ro code  ro data  rw data
    ------                    -------  -------  -------
E:\BT Printer\FW\src\Project\EWARMv5\Debug\Obj: [1]
    BT816.o                     2 038      228    1 369
    DotFill.o                   1 952                 2
    Event.o                       288                66
    JMemory.o                      44               400
    KeyScan.o                     176                 1
    PaperDetect.o               1 252                43
    TP.o                        4 092    1 060    1 177
    Terminal_Para_m.o             256                65
    ThermalDetect.o               268       52
    TimeBase.o                    296                 8
    cortexm3_macro.o              122
    crc32.o                        40    1 024
    data_uart.o                   172
    diskio.o                      232
    esc_p.o                       778            14 025
    ff.o                        6 836      120       10
    font.o                      2 512
    hardfault_isr_handle_a.o       18
    main.o                        588       52        1
    mass_mal.o                    292                28
    memory.o                      572             2 081
    print_head.o                  212
    record_mod.o                3 218                60
    res_spi.o                     760    5 125    1 656
    ringbuffer.o                  642       68
    scsi_data.o                             75      132
    spi_flash.o                 1 912       64    4 113
    stm32f10x_adc.o               444
    stm32f10x_dma.o               452
    stm32f10x_flash.o              68
    stm32f10x_gpio.o              242
    stm32f10x_it.o                588      180
    stm32f10x_nvic.o              348
    stm32f10x_rcc.o               812       20
    stm32f10x_spi.o               122
    stm32f10x_systick.o           136
    stm32f10x_tim.o               348
    stm32f10x_usart.o             428
    stm32f10x_vector.o                     320
    uart.o                         84        8
    usb_app_config.o              248                 2
    usb_bot.o                   1 084               123
    usb_core.o                  3 038                 5
    usb_desc.o                             147       28
    usb_endp.o                     52                 4
    usb_init.o                     64                43
    usb_int.o                     736                 4
    usb_istr.o                    156       37       59
    usb_mem.o                      84
    usb_prop.o                    700       91      140
    usb_pwr.o                      60                 4
    usb_regs.o                    608
    usb_scsi.o                  1 088
    usb_sil.o                      90
    ---------------------------------------------------
    Total:                     41 648    8 671   25 649

command line: [2]
    ---------------------------------------------------
    Total:

dl7M_tl_if.a: [3]
    MtxWrapper.o                   48                16
    abort.o                         8
    cppinit.o                     112        3       16
    div.o                          14
    exit.o                          6
    fflush.o                      176
    localeconv.o                   20       69       76
    low_level_init.o                4
    printf.o                       32
    putchar.o                      12
    setlocale.o                    20       88      132
    snprintf.o                     64
    xassert.o                      68
    xdnorm.o                      180
    xdscale.o                     272
    xencoding_sb.o                 92       16
    xfiles.o                               147      384
    xgetmemchunk.o                 40                 4
    xlocale_c.o                             91
    xmbcurmax.o                    10
    xmbtowc.o                      32
    xprintffull.o               4 174       24
    xprout.o                       22
    xreportassert.o               132       48
    xsnprout.o                     26
    xsyslock.o                    140                20
    xwctomb.o                      26
    xxmemxfree.o                  136
    xxmemxmalloc.o                188                 8
    ---------------------------------------------------
    Total:                      6 054      486      656

rt7M_tl.a: [4]
    ABImemcpy.o                   112
    ABImemset.o                   102
    DblAdd.o                      230
    DblCmpGe.o                     46
    DblCmpLe.o                     46
    DblDiv.o                      700
    DblMul.o                      418
    DblSub.o                      382
    DblToI32.o                     86
    I32ToDbl.o                     46
    I64DivMod.o                   304
    I64DivZer.o                     2
    cexit.o                        14
    cmain.o                        24
    data_init2.o                   28
    memchr.o                       88
    memcmp.o                       98
    packbits_init2.o              142
    strchr.o                       22
    strlen.o                       54
    zero_init2.o                   26
    ---------------------------------------------------
    Total:                      2 970

shb_l.a: [5]
    dwrite.o                       30
    exit.o                         20
    iarwrite.o                     32
    iarwstd.o                      84                 4
    write.o                        16
    ---------------------------------------------------
    Total:                        182                 4

    Gaps                           36       16
    Linker created                          44    3 540
-------------------------------------------------------
    Grand Total:               50 890    9 217   29 849


*******************************************************************************
*** ENTRY LIST
***

Entry                      Address    Size  Type      Object
-----                      -------    ----  ----      ------
.iar.dynexit$$Base      0x20000c10           --   Gb  - Linker created -
.iar.dynexit$$Limit     0x20000df0           --   Gb  - Linker created -
ADC1_2_IRQHandler       0x0800b431     0x2  Code  Gb  stm32f10x_it.o [1]
ADC3_IRQHandler         0x0800b49f     0x2  Code  Gb  stm32f10x_it.o [1]
ADCPrescTable           0x0800e8a4     0x4  Data  Lc  stm32f10x_rcc.o [1]
ADC_Cmd                 0x0800b9a5    0x1a  Code  Gb  stm32f10x_adc.o [1]
ADC_DMACmd              0x0800b9bf    0x1a  Code  Gb  stm32f10x_adc.o [1]
ADC_GetCalibrationStatus
                        0x0800ba05    0x18  Code  Gb  stm32f10x_adc.o [1]
ADC_GetResetCalibrationStatus
                        0x0800b9e3    0x18  Code  Gb  stm32f10x_adc.o [1]
ADC_Init                0x0800b955    0x50  Code  Gb  stm32f10x_adc.o [1]
ADC_RegularChannelConfig
                        0x0800ba37    0xda  Code  Gb  stm32f10x_adc.o [1]
ADC_ResetCalibration    0x0800b9d9     0xa  Code  Gb  stm32f10x_adc.o [1]
ADC_SoftwareStartConvCmd
                        0x0800ba1d    0x1a  Code  Gb  stm32f10x_adc.o [1]
ADC_StartCalibration    0x0800b9fb     0xa  Code  Gb  stm32f10x_adc.o [1]
AD_Value                0x20006fc0    0x28  Data  Gb  PaperDetect.o [1]
APBAHBPrescTable        0x0800e680    0x10  Data  Lc  stm32f10x_rcc.o [1]
BT816_GPIO_config       0x08006c05   0x194  Code  Lc  BT816.o [1]
BT816_NVIC_config       0x08006d99    0x7c  Code  Lc  BT816.o [1]
BT816_Reset             0x08007005   0x158  Code  Gb  BT816.o [1]
BT816_RxISRHandler      0x08006e8d    0xfc  Code  Gb  BT816.o [1]
BT816_init              0x08007329    0xb4  Code  Gb  BT816.o [1]
BT816_power_state       0x20007172     0x1  Data  Lc  BT816.o [1]
BT816_query_name        0x08007169    0xac  Code  Gb  BT816.o [1]
BT816_recbuffer         0x20006d34   0x100  Data  Gb  BT816.o [1]
BT816_res               0x20007098     0xc  Data  Gb  BT816.o [1]
BT816_reset_resVar      0x08006e71    0x1a  Code  Lc  BT816.o [1]
BT816_send_buff         0x20006fe8    0x20  Data  Lc  BT816.o [1]
BT816_set_hid_trans_mode
                        0x08007299    0x40  Code  Gb  BT816.o [1]
BT816_set_name          0x08007215    0x7c  Code  Gb  BT816.o [1]
BT816_set_profile       0x080072d9    0x50  Code  Gb  BT816.o [1]
BT816_write_cmd         0x08006f89    0x7a  Code  Lc  BT816.o [1]
Block_Read_count        0x200070f4     0x4  Data  Gb  memory.o [1]
Block_offset            0x200070f8     0x4  Data  Gb  memory.o [1]
Bot_Abort               0x08009615    0x3c  Code  Gb  usb_bot.o [1]
Bot_State               0x20007181     0x1  Data  Gb  usb_bot.o [1]
BufFillToPrn            0x08007607    0xd0  Code  Gb  DotFill.o [1]
Bulk_Data_Buff          0x20006f54    0x40  Data  Gb  usb_bot.o [1]
BusFaultException       0x0800b3fb     0x2  Code  Gb  stm32f10x_it.o [1]
ByteSwap                0x0800b0ad    0x10  Code  Gb  usb_regs.o [1]
CAN_RX1_IRQHandler      0x0800b443     0x2  Code  Gb  stm32f10x_it.o [1]
CAN_SCE_IRQHandler      0x0800b445     0x2  Code  Gb  stm32f10x_it.o [1]
CBW                     0x20007008    0x20  Data  Gb  usb_bot.o [1]
CBW_Decode              0x080092f5   0x298  Code  Gb  usb_bot.o [1]
CSTACK$$Base            0x20000010           --   Gb  - Linker created -
CSTACK$$Limit           0x20000810           --   Gb  - Linker created -
CSW                     0x20007088    0x10  Data  Gb  usb_bot.o [1]
CTR_HP                  0x0800a5ad    0x9c  Code  Gb  usb_int.o [1]
CTR_LP                  0x0800a381   0x22c  Code  Gb  usb_int.o [1]
ClearDTOG_RX            0x0800af4d    0x32  Code  Gb  usb_regs.o [1]
ClearDTOG_TX            0x0800af7f    0x32  Code  Gb  usb_regs.o [1]
Clear_Status_Out        0x0800af29    0x24  Code  Gb  usb_regs.o [1]
Config_Descriptor       0x20007498     0x8  Data  Gb  usb_prop.o [1]
Counter                 0x200070fc     0x4  Data  Gb  memory.o [1]
DMA1_Channel1_IRQHandler
                        0x0800b423     0x2  Code  Gb  stm32f10x_it.o [1]
DMA1_Channel2_IRQHandler
                        0x0800b425     0x2  Code  Gb  stm32f10x_it.o [1]
DMA1_Channel3_IRQHandler
                        0x0800b427     0x2  Code  Gb  stm32f10x_it.o [1]
DMA1_Channel4_IRQHandler
                        0x0800b429     0x2  Code  Gb  stm32f10x_it.o [1]
DMA1_Channel5_IRQHandler
                        0x0800b42b     0x2  Code  Gb  stm32f10x_it.o [1]
DMA1_Channel6_IRQHandler
                        0x0800b42d     0x2  Code  Gb  stm32f10x_it.o [1]
DMA1_Channel7_IRQHandler
                        0x0800b42f     0x2  Code  Gb  stm32f10x_it.o [1]
DMA2_Channel1_IRQHandler
                        0x0800b527     0x2  Code  Gb  stm32f10x_it.o [1]
DMA2_Channel2_IRQHandler
                        0x0800b529     0x2  Code  Gb  stm32f10x_it.o [1]
DMA2_Channel3_IRQHandler
                        0x0800b52b     0x2  Code  Gb  stm32f10x_it.o [1]
DMA2_Channel4_5_IRQHandler
                        0x0800b52d    0x28  Code  Gb  stm32f10x_it.o [1]
DMA_ClearFlag           0x0800b90d    0x12  Code  Gb  stm32f10x_dma.o [1]
DMA_Cmd                 0x0800b8d5    0x1a  Code  Gb  stm32f10x_dma.o [1]
DMA_DeInit              0x0800b791   0x100  Code  Gb  stm32f10x_dma.o [1]
DMA_GetCurrDataCounter  0x0800b907     0x6  Code  Gb  stm32f10x_dma.o [1]
DMA_GetITStatus         0x0800b91f    0x26  Code  Gb  stm32f10x_dma.o [1]
DMA_ITConfig            0x0800b8ef    0x18  Code  Gb  stm32f10x_dma.o [1]
DMA_Init                0x0800b891    0x44  Code  Gb  stm32f10x_dma.o [1]
DataStageIn             0x08005b8f    0xb6  Code  Lc  usb_core.o [1]
DataStageOut            0x08005ad7    0xb8  Code  Lc  usb_core.o [1]
Data_Buffer             0x200054b8   0x800  Data  Gb  memory.o [1]
Data_Len                0x20007168     0x2  Data  Gb  usb_bot.o [1]
Data_Mul_MaxPacketSize  0x20007182     0x1  Data  Gb  usb_core.o [1]
Data_Setup0             0x08005da1   0x294  Code  Lc  usb_core.o [1]
DebugMonitor            0x0800b3ff     0x2  Code  Gb  stm32f10x_it.o [1]
DefaultTerminalPara     0x0800cc59    0x44  Code  Gb  Terminal_Para_m.o [1]
Device_Descriptor       0x20007490     0x8  Data  Gb  usb_prop.o [1]
Device_Info             0x20007028    0x1c  Data  Gb  usb_init.o [1]
Device_Property         0x20007318    0x30  Data  Gb  usb_prop.o [1]
Device_Table            0x200074a4     0x4  Data  Gb  usb_prop.o [1]
DotBufFillToPrn         0x080073ed   0x21a  Code  Gb  DotFill.o [1]
DotFillToBuf            0x08007757   0x414  Code  Gb  DotFill.o [1]
DtorRecArray            0x20000c10     0xc  Data  Lc  cppinit.o [3]
EP1_IN_Callback         0x0800dff5    0x1c  Code  Gb  usb_endp.o [1]
EP2_OUT_Callback        0x0800dfe3    0x10  Code  Gb  usb_endp.o [1]
EP3_OUT_Callback        0x0800dfe1     0x2  Code  Gb  usb_endp.o [1]
EPindex                 0x20007183     0x1  Data  Gb  usb_init.o [1]
EXTI0_IRQHandler        0x0800b419     0x2  Code  Gb  stm32f10x_it.o [1]
EXTI15_10_IRQHandler    0x0800b491     0x2  Code  Gb  stm32f10x_it.o [1]
EXTI1_IRQHandler        0x0800b41b     0x2  Code  Gb  stm32f10x_it.o [1]
EXTI2_IRQHandler        0x0800b41d     0x2  Code  Gb  stm32f10x_it.o [1]
EXTI3_IRQHandler        0x0800b41f     0x2  Code  Gb  stm32f10x_it.o [1]
EXTI4_IRQHandler        0x0800b421     0x2  Code  Gb  stm32f10x_it.o [1]
EXTI9_5_IRQHandler      0x0800b447     0x2  Code  Gb  stm32f10x_it.o [1]
FLASH_IRQHandler        0x0800b415     0x2  Code  Gb  stm32f10x_it.o [1]
FLASH_PrefetchBufferCmd
                        0x0800ddd5    0x20  Code  Gb  stm32f10x_flash.o [1]
FLASH_SetLatency        0x0800ddb5    0x20  Code  Gb  stm32f10x_flash.o [1]
FSMC_IRQHandler         0x0800b4a1     0x2  Code  Gb  stm32f10x_it.o [1]
FatFs                   0x200070b8     0x8  Data  Lc  ff.o [1]
FontBold                0x08006235   0x260  Code  Lc  font.o [1]
FontCircumvolve         0x080066c9   0x202  Code  Gb  font.o [1]
FontEnlarge             0x08006495    0xbe  Code  Gb  font.o [1]
FontList                0x200073b4    0x20  Data  Gb  res_spi.o [1]
FontRevert              0x0800662b    0x9e  Code  Lc  font.o [1]
FontRevertProc          0x08006607    0x24  Code  Lc  font.o [1]
FontSmoothing           0x08006553     0x2  Code  Lc  font.o [1]
FontUnderline           0x08006555    0xb2  Code  Gb  font.o [1]
Fsid                    0x20007166     0x2  Data  Lc  ff.o [1]
GPIO_AllAinConfig       0x0800b281    0x50  Code  Lc  main.o [1]
GPIO_Init               0x0800cd99    0xcc  Code  Gb  stm32f10x_gpio.o [1]
GPIO_ReadInputDataBit   0x0800ce65    0x1a  Code  Gb  stm32f10x_gpio.o [1]
GPIO_ResetBits          0x0800ce85     0x6  Code  Gb  stm32f10x_gpio.o [1]
GPIO_SetBits            0x0800ce7f     0x6  Code  Gb  stm32f10x_gpio.o [1]
GetChineseFont          0x08006a7d   0x17a  Code  Gb  font.o [1]
GetEPRxAddr             0x0800b005    0x18  Code  Gb  usb_regs.o [1]
GetEPRxCount            0x0800b07b    0x18  Code  Gb  usb_regs.o [1]
GetEPTxAddr             0x0800afed    0x18  Code  Gb  usb_regs.o [1]
GetEnglishFont          0x080068cb   0x1b2  Code  Gb  font.o [1]
Get_Max_Lun             0x0800a8fd    0x1c  Code  Gb  usb_prop.o [1]
Getchar                 0x0800dc71    0x28  Code  Gb  uart.o [1]
HARDFAULT_ISR_HANDLE_d  0x0800e5dd          Code  Gb  hardfault_isr_handle_a.o [1]
HEAP$$Base              0x20000810           --   Gb  - Linker created -
HEAP$$Limit             0x20000c10           --   Gb  - Linker created -
HSEStartUpStatus        0x2000717c     0x1  Data  Gb  main.o [1]
HardFaultException      0x0800b3f1     0x8  Code  Gb  stm32f10x_it.o [1]
I2C1_ER_IRQHandler      0x0800b481     0x2  Code  Gb  stm32f10x_it.o [1]
I2C1_EV_IRQHandler      0x0800b47f     0x2  Code  Gb  stm32f10x_it.o [1]
I2C2_ER_IRQHandler      0x0800b485     0x2  Code  Gb  stm32f10x_it.o [1]
I2C2_EV_IRQHandler      0x0800b483     0x2  Code  Gb  stm32f10x_it.o [1]
Idx                     0x20007100     0x4  Data  Gb  memory.o [1]
In0_Process             0x080060d9    0x68  Code  Gb  usb_core.o [1]
Jfree                   0x0800e15d    0x26  Code  Gb  JMemory.o [1]
KeyScanInit             0x0800d31b    0x2c  Code  Gb  KeyScan.o [1]
KeyScanProc             0x0800d2a1    0x7a  Code  Gb  KeyScan.o [1]
MAL_GetStatus           0x0800c709    0x58  Code  Gb  mass_mal.o [1]
MAL_Read                0x0800c699    0x66  Code  Gb  mass_mal.o [1]
MAL_Write               0x0800c641    0x58  Code  Gb  mass_mal.o [1]
MASS_ConfigDescriptor   0x0800e2bc    0x20  Data  Gb  usb_desc.o [1]
MASS_DeviceDescriptor   0x0800e578    0x14  Data  Gb  usb_desc.o [1]
Mass_Block_Count        0x200070d0     0x8  Data  Gb  mass_mal.o [1]
Mass_Block_Size         0x200070c8     0x8  Data  Gb  mass_mal.o [1]
Mass_Memory_Size        0x200070c0     0x8  Data  Gb  mass_mal.o [1]
Mass_Storage_In         0x08009215    0x62  Code  Gb  usb_bot.o [1]
Mass_Storage_Out        0x08009277    0x7e  Code  Gb  usb_bot.o [1]
MaxHeatDotsAdj          0x0800317d    0x22  Code  Gb  TP.o [1]
Max_Lun                 0x20007144     0x4  Data  Gb  usb_prop.o [1]
MemManageException      0x0800b3f9     0x2  Code  Gb  stm32f10x_it.o [1]
Mode_Sense10_data       0x20007488     0x8  Data  Gb  scsi_data.o [1]
Mode_Sense6_data        0x200074a0     0x4  Data  Gb  scsi_data.o [1]
NMIException            0x0800b309     0x2  Code  Gb  stm32f10x_it.o [1]
NOP_Process             0x08006231     0x2  Code  Gb  usb_core.o [1]
NVIC_DisableIRQ         0x0800b2d5    0x14  Code  Gb  main.o [1]
NVIC_EnableIRQ          0x0800b2e9    0x20  Code  Gb  main.o [1]
NVIC_GenerateSystemReset
                        0x0800c0b5     0xc  Code  Gb  stm32f10x_nvic.o [1]
NVIC_Init               0x0800bff1    0xa0  Code  Gb  stm32f10x_nvic.o [1]
NVIC_PriorityGroupConfig
                        0x0800bfe1     0xa  Code  Gb  stm32f10x_nvic.o [1]
NVIC_SETFAULTMASK       0x0800c099     0x8  Code  Gb  stm32f10x_nvic.o [1]
NVIC_SetVectorTable     0x0800c0a1    0x10  Code  Gb  stm32f10x_nvic.o [1]
NVIC_SystemHandlerPriorityConfig
                        0x0800c0c1    0x72  Code  Gb  stm32f10x_nvic.o [1]
NoData_Setup0           0x08005c45   0x152  Code  Lc  usb_core.o [1]
Out0_Process            0x08006149    0x4c  Code  Gb  usb_core.o [1]
PMAToUserBufferCopy     0x0800dcf3    0x22  Code  Gb  usb_mem.o [1]
PVD_IRQHandler          0x0800b40f     0x2  Code  Gb  stm32f10x_it.o [1]
Page00_Inquiry_Data     0x200070d8     0x8  Data  Gb  scsi_data.o [1]
PaperStartSns           0x08008a69    0xe6  Code  Gb  PaperDetect.o [1]
PendSVC                 0x0800b403     0x2  Code  Gb  stm32f10x_it.o [1]
Post0_Process           0x08006195    0x4c  Code  Gb  usb_core.o [1]
PrintBufPushBytes       0x0800dc99     0xe  Code  Gb  uart.o [1]
PrintBufPushLine        0x0800dca7     0xe  Code  Gb  uart.o [1]
PrintBufToZero          0x0800dcb5     0xa  Code  Gb  uart.o [1]
PrintCurrentBuffer      0x080076dd    0x7a  Code  Gb  DotFill.o [1]
RCC_ADCCLKConfig        0x08009bc5    0x14  Code  Gb  stm32f10x_rcc.o [1]
RCC_AHBPeriphClockCmd   0x08009cbd    0x24  Code  Gb  stm32f10x_rcc.o [1]
RCC_APB1PeriphClockCmd  0x08009d05    0x24  Code  Gb  stm32f10x_rcc.o [1]
RCC_APB2PeriphClockCmd  0x08009ce1    0x24  Code  Gb  stm32f10x_rcc.o [1]
RCC_Configuration       0x0800b1d5    0x88  Code  Gb  main.o [1]
RCC_DeInit              0x08009a51    0x5c  Code  Gb  stm32f10x_rcc.o [1]
RCC_GetClocksFreq       0x08009bd9    0xe0  Code  Gb  stm32f10x_rcc.o [1]
RCC_GetFlagStatus       0x08009d29    0x44  Code  Gb  stm32f10x_rcc.o [1]
RCC_GetSYSCLKSource     0x08009b71     0xa  Code  Gb  stm32f10x_rcc.o [1]
RCC_HCLKConfig          0x08009b7b    0x14  Code  Gb  stm32f10x_rcc.o [1]
RCC_HSEConfig           0x08009aad    0x54  Code  Gb  stm32f10x_rcc.o [1]
RCC_IRQHandler          0x0800b417     0x2  Code  Gb  stm32f10x_it.o [1]
RCC_PCLK1Config         0x08009b8f    0x14  Code  Gb  stm32f10x_rcc.o [1]
RCC_PCLK2Config         0x08009ba3    0x16  Code  Gb  stm32f10x_rcc.o [1]
RCC_PLLCmd              0x08009b51     0xc  Code  Gb  stm32f10x_rcc.o [1]
RCC_PLLConfig           0x08009b39    0x16  Code  Gb  stm32f10x_rcc.o [1]
RCC_SYSCLKConfig        0x08009b5d    0x14  Code  Gb  stm32f10x_rcc.o [1]
RCC_USBCLKConfig        0x08009bb9     0xc  Code  Gb  stm32f10x_rcc.o [1]
RCC_WaitForHSEStartUp   0x08009b01    0x38  Code  Gb  stm32f10x_rcc.o [1]
RTCAlarm_IRQHandler     0x0800b493     0x2  Code  Gb  stm32f10x_it.o [1]
RTC_IRQHandler          0x0800b413     0x2  Code  Gb  stm32f10x_it.o [1]
ReadCapacity10_Data     0x200070e0     0x8  Data  Gb  scsi_data.o [1]
ReadFormatCapacity_Data
                        0x2000747c     0xc  Data  Gb  scsi_data.o [1]
ReadTerminalPara        0x0800cba1    0x98  Code  Gb  Terminal_Para_m.o [1]
Read_Memory             0x0800b555   0x108  Code  Gb  memory.o [1]
Region$$Table$$Base     0x0800e270           --   Gb  - Linker created -
Region$$Table$$Limit    0x0800e29c           --   Gb  - Linker created -
SCSI_Address_Management
                        0x0800918b    0x7e  Code  Gb  usb_scsi.o [1]
SCSI_BlkLen             0x2000712c     0x4  Data  Gb  usb_bot.o [1]
SCSI_Format_Cmd         0x08009121    0x2a  Code  Gb  usb_scsi.o [1]
SCSI_Inquiry_Cmd        0x08008dd5    0x48  Code  Gb  usb_scsi.o [1]
SCSI_Invalid_Cmd        0x0800914b    0x40  Code  Gb  usb_scsi.o [1]
SCSI_LBA                0x20007128     0x4  Data  Gb  usb_bot.o [1]
SCSI_ModeSense10_Cmd    0x08008f89    0x10  Code  Gb  usb_scsi.o [1]
SCSI_ModeSense6_Cmd     0x08008f79    0x10  Code  Gb  usb_scsi.o [1]
SCSI_Read10_Cmd         0x08008fd1    0x7c  Code  Gb  usb_scsi.o [1]
SCSI_ReadCapacity10_Cmd
                        0x08008ec5    0xb4  Code  Gb  usb_scsi.o [1]
SCSI_ReadFormatCapacity_Cmd
                        0x08008e1d    0xa8  Code  Gb  usb_scsi.o [1]
SCSI_RequestSense_Cmd   0x08008f99    0x1e  Code  Gb  usb_scsi.o [1]
SCSI_Start_Stop_Unit_Cmd
                        0x08008fc5     0xc  Code  Gb  usb_scsi.o [1]
SCSI_TestUnitReady_Cmd  0x080090ef    0x32  Code  Gb  usb_scsi.o [1]
SCSI_Verify10_Cmd       0x080090b5    0x3a  Code  Gb  usb_scsi.o [1]
SCSI_Write10_Cmd        0x0800904d    0x64  Code  Gb  usb_scsi.o [1]
SDIO_IRQHandler         0x0800b4a3     0x2  Code  Gb  stm32f10x_it.o [1]
SPI1_IRQHandler         0x0800b487     0x2  Code  Gb  stm32f10x_it.o [1]
SPI2_IRQHandler         0x0800b489     0x2  Code  Gb  stm32f10x_it.o [1]
SPI3_IRQHandler         0x0800b4a7     0x2  Code  Gb  stm32f10x_it.o [1]
SPI_Cmd                 0x0800d8b3    0x1a  Code  Gb  stm32f10x_spi.o [1]
SPI_I2S_GetFlagStatus   0x0800d8d5    0x1a  Code  Gb  stm32f10x_spi.o [1]
SPI_I2S_ReceiveData     0x0800d8d1     0x4  Code  Gb  stm32f10x_spi.o [1]
SPI_I2S_SendData        0x0800d8cd     0x4  Code  Gb  stm32f10x_spi.o [1]
SPI_Init                0x0800d875    0x3e  Code  Gb  stm32f10x_spi.o [1]
SVCHandler              0x0800b401     0x2  Code  Gb  stm32f10x_it.o [1]
SaveRState              0x2000716c     0x2  Data  Gb  usb_int.o [1]
SaveTState              0x2000716e     0x2  Data  Gb  usb_int.o [1]
SaveTerminalPara        0x0800cc39    0x1a  Code  Gb  Terminal_Para_m.o [1]
Scsi_Sense_Data         0x20007468    0x14  Data  Gb  scsi_data.o [1]
SetBTABLE               0x0800ae5d     0xe  Code  Gb  usb_regs.o [1]
SetDesity               0x080038c9     0xa  Code  Gb  TP.o [1]
SetDeviceAddress        0x080061e1    0x50  Code  Gb  usb_core.o [1]
SetEPRxAddr             0x0800afcf    0x1e  Code  Gb  usb_regs.o [1]
SetEPRxCount            0x0800b037    0x44  Code  Gb  usb_regs.o [1]
SetEPRxStatus           0x0800aec5    0x38  Code  Gb  usb_regs.o [1]
SetEPRxValid            0x0800aefd    0x2c  Code  Gb  usb_regs.o [1]
SetEPTxAddr             0x0800afb1    0x1e  Code  Gb  usb_regs.o [1]
SetEPTxCount            0x0800b01d    0x1a  Code  Gb  usb_regs.o [1]
SetEPTxStatus           0x0800ae8b    0x3a  Code  Gb  usb_regs.o [1]
SetEPType               0x0800ae6b    0x20  Code  Gb  usb_regs.o [1]
Set_CSW                 0x080095d5    0x38  Code  Gb  usb_bot.o [1]
Set_Scsi_Sense_Data     0x08008fb7     0xa  Code  Gb  usb_scsi.o [1]
Setup0_Process          0x08006045    0x8c  Code  Gb  usb_core.o [1]
Standard_ClearFeature   0x08005879   0x158  Code  Gb  usb_core.o [1]
Standard_GetConfiguration
                        0x08005655    0x2a  Code  Gb  usb_core.o [1]
Standard_GetDescriptorData
                        0x08005ab3    0x24  Code  Gb  usb_core.o [1]
Standard_GetInterface   0x080056cd    0x2a  Code  Gb  usb_core.o [1]
Standard_GetStatus      0x08005779   0x100  Code  Gb  usb_core.o [1]
Standard_Inquiry_Data   0x20007348    0x24  Data  Gb  scsi_data.o [1]
Standard_Inquiry_Data2  0x2000736c    0x24  Data  Gb  scsi_data.o [1]
Standard_SetConfiguration
                        0x0800567f    0x4e  Code  Gb  usb_core.o [1]
Standard_SetDeviceFeature
                        0x08005a8f    0x24  Code  Gb  usb_core.o [1]
Standard_SetEndPointFeature
                        0x080059d5    0xba  Code  Gb  usb_core.o [1]
Standard_SetInterface   0x080056f7    0x82  Code  Gb  usb_core.o [1]
Status                  0x200070f0     0x4  Data  Gb  mass_mal.o [1]
StatusInfo              0x20007130     0x4  Data  Gb  usb_core.o [1]
String_Descriptor       0x200073d4    0x20  Data  Gb  usb_prop.o [1]
SysTickHandler          0x0800b405     0x8  Code  Gb  stm32f10x_it.o [1]
SysTick_CLKSourceConfig
                        0x0800d665    0x20  Code  Gb  stm32f10x_systick.o [1]
SysTick_CounterCmd      0x0800d691    0x30  Code  Gb  stm32f10x_systick.o [1]
SysTick_IRQ_Handle      0x08008d79    0x58  Code  Gb  PaperDetect.o [1]
SysTick_ITConfig        0x0800d6c1    0x22  Code  Gb  stm32f10x_systick.o [1]
SysTick_SetReload       0x0800d685     0xc  Code  Gb  stm32f10x_systick.o [1]
TAMPER_IRQHandler       0x0800b411     0x2  Code  Gb  stm32f10x_it.o [1]
TIM1_BRK_IRQHandler     0x0800b449     0x2  Code  Gb  stm32f10x_it.o [1]
TIM1_CC_IRQHandler      0x0800b44f     0x2  Code  Gb  stm32f10x_it.o [1]
TIM1_TRG_COM_IRQHandler
                        0x0800b44d     0x2  Code  Gb  stm32f10x_it.o [1]
TIM1_UP_IRQHandler      0x0800b44b     0x2  Code  Gb  stm32f10x_it.o [1]
TIM2_IRQHandler         0x0800b451     0x8  Code  Gb  stm32f10x_it.o [1]
TIM2_UpdateISRHandler   0x0800c5a1    0x9a  Code  Gb  TimeBase.o [1]
TIM3_IRQHandler         0x0800b459    0x24  Code  Gb  stm32f10x_it.o [1]
TIM3_IRQ_Handle         0x08003865    0x34  Code  Gb  TP.o [1]
TIM4_IRQHandler         0x0800b47d     0x2  Code  Gb  stm32f10x_it.o [1]
TIM5_IRQHandler         0x0800b4a5     0x2  Code  Gb  stm32f10x_it.o [1]
TIM6_IRQHandler         0x0800b523     0x2  Code  Gb  stm32f10x_it.o [1]
TIM7_IRQHandler         0x0800b525     0x2  Code  Gb  stm32f10x_it.o [1]
TIM8_BRK_IRQHandler     0x0800b497     0x2  Code  Gb  stm32f10x_it.o [1]
TIM8_CC_IRQHandler      0x0800b49d     0x2  Code  Gb  stm32f10x_it.o [1]
TIM8_TRG_COM_IRQHandler
                        0x0800b49b     0x2  Code  Gb  stm32f10x_it.o [1]
TIM8_UP_IRQHandler      0x0800b499     0x2  Code  Gb  stm32f10x_it.o [1]
TIM_ClearITPendingBit   0x0800c291     0x8  Code  Gb  stm32f10x_tim.o [1]
TIM_Cmd                 0x0800c22b    0x1c  Code  Gb  stm32f10x_tim.o [1]
TIM_GetITStatus         0x0800c25f    0x32  Code  Gb  stm32f10x_tim.o [1]
TIM_ITConfig            0x0800c247    0x18  Code  Gb  stm32f10x_tim.o [1]
TIM_OC1Init             0x0800c173    0x76  Code  Gb  stm32f10x_tim.o [1]
TIM_OCStructInit        0x0800c209    0x22  Code  Gb  stm32f10x_tim.o [1]
TIM_TimeBaseInit        0x0800c13d    0x36  Code  Gb  stm32f10x_tim.o [1]
TIM_TimeBaseStructInit  0x0800c1f1    0x18  Code  Gb  stm32f10x_tim.o [1]
TPAdjustStepTime        0x08002f95   0x110  Code  Lc  TP.o [1]
TPBMSNSDetect           0x08008b55   0x144  Code  Gb  PaperDetect.o [1]
TPCheckBuf              0x0800335b   0x17e  Code  Lc  TP.o [1]
TPDataDMAShiftToPrn     0x08003341    0x1a  Code  Lc  TP.o [1]
TPDataShiftCntProc      0x080031a1   0x184  Code  Lc  TP.o [1]
TPDataShiftOut          0x08003325    0x1c  Code  Lc  TP.o [1]
TPFeedLine              0x08003a1b    0x18  Code  Gb  TP.o [1]
TPFeedStep              0x080030e5    0x48  Code  Lc  TP.o [1]
TPForwardStep           0x08002d75   0x180  Code  Lc  TP.o [1]
TPGetStepTime           0x080030a5    0x30  Code  Lc  TP.o [1]
TPHTemperature          0x0800ca45    0x5c  Code  Gb  ThermalDetect.o [1]
TPHeatDotsAdj           0x08002f51    0x44  Code  Lc  TP.o [1]
TPHeatPreLineAdj        0x08002f4d     0x2  Code  Lc  TP.o [1]
TPHeatThermalAdj        0x08002f01    0x4c  Code  Lc  TP.o [1]
TPHeatVoltageAdj        0x08002efd     0x2  Code  Lc  TP.o [1]
TPISRProc               0x080034e9   0x37c  Code  Gb  TP.o [1]
TPInit                  0x08002c45   0x12c  Code  Gb  TP.o [1]
TPIntSetIdle            0x0800314f    0x28  Code  Lc  TP.o [1]
TPIntSetPreIdle         0x0800312d    0x22  Code  Lc  TP.o [1]
TPPaperSNSDetect        0x08008c99    0xb4  Code  Gb  PaperDetect.o [1]
TPPaperSNSInit          0x080088f1   0x178  Code  Gb  PaperDetect.o [1]
TPPrintAsciiLine        0x08003a33     0x8  Code  Lc  TP.o [1]
TPPrintCmdToBuf         0x0800398d    0x80  Code  Lc  TP.o [1]
TPPrintLine             0x08003a0d     0xe  Code  Gb  TP.o [1]
TPPrintTestPage         0x08003a3d   0x204  Code  Gb  TP.o [1]
TPPrinterMark           0x08008d4d    0x12  Code  Gb  PaperDetect.o [1]
TPPrinterReady          0x08008d5f    0x14  Code  Gb  PaperDetect.o [1]
TPSetSpeed              0x08003899    0x30  Code  Gb  TP.o [1]
TPSetTimeCnt            0x080030d9     0x6  Code  Lc  TP.o [1]
TPStart                 0x08003919    0x74  Code  Lc  TP.o [1]
TP_dot                  0x200060b8   0x310  Data  Lc  TP.o [1]
TimeBase_Init           0x0800c533    0x6e  Code  Gb  TimeBase.o [1]
TpAccelerationSteps     0x0800c298   0x150  Data  Lc  TP.o [1]
TranRtoDegree           0x0800c9c1    0x84  Code  Gb  ThermalDetect.o [1]
TranVtoR                0x0800c995    0x2a  Code  Gb  ThermalDetect.o [1]
TransferState           0x2000717d     0x1  Data  Gb  memory.o [1]
Transfer_Data_Request   0x080095a1    0x32  Code  Gb  usb_bot.o [1]
UART4_IRQHandler        0x0800b4a9    0x78  Code  Gb  stm32f10x_it.o [1]
UART5_IRQHandler        0x0800b521     0x2  Code  Gb  stm32f10x_it.o [1]
USART1_IRQHandler       0x0800b48b     0x2  Code  Gb  stm32f10x_it.o [1]
USART2_IRQHandler       0x0800b48d     0x2  Code  Gb  stm32f10x_it.o [1]
USART3_IRQHandler       0x0800b48f     0x2  Code  Gb  stm32f10x_it.o [1]
USART_Cmd               0x0800bbad    0x1a  Code  Gb  stm32f10x_usart.o [1]
USART_DMACmd            0x0800bc17    0x18  Code  Gb  stm32f10x_usart.o [1]
USART_GetFlagStatus     0x0800bc3f    0x1a  Code  Gb  stm32f10x_usart.o [1]
USART_GetITStatus       0x0800bc59    0x64  Code  Gb  stm32f10x_usart.o [1]
USART_ITConfig          0x0800bbc7    0x50  Code  Gb  stm32f10x_usart.o [1]
USART_Init              0x0800bb11    0x9c  Code  Gb  stm32f10x_usart.o [1]
USART_ReceiveData       0x0800bc37     0x8  Code  Gb  stm32f10x_usart.o [1]
USART_SendData          0x0800bc2f     0x8  Code  Gb  stm32f10x_usart.o [1]
USBWakeUp_IRQHandler    0x0800b495     0x2  Code  Gb  stm32f10x_it.o [1]
USB_APP_ClearFeature    0x0800a7ad    0x1c  Code  Gb  usb_prop.o [1]
USB_APP_Data_Setup      0x0800a7dd    0x60  Code  Gb  usb_prop.o [1]
USB_APP_GetConfigDescriptor
                        0x0800a8ad     0xc  Code  Gb  usb_prop.o [1]
USB_APP_GetDeviceDescriptor
                        0x0800a89d     0xc  Code  Gb  usb_prop.o [1]
USB_APP_GetStringDescriptor
                        0x0800a8bd    0x28  Code  Gb  usb_prop.o [1]
USB_APP_Get_Interface_Setting
                        0x0800a8e5    0x18  Code  Gb  usb_prop.o [1]
USB_APP_NoData_Setup    0x0800a83d    0x54  Code  Gb  usb_prop.o [1]
USB_APP_Reset           0x0800a69d    0xdc  Code  Gb  usb_prop.o [1]
USB_APP_SetConfiguration
                        0x0800a77d    0x30  Code  Gb  usb_prop.o [1]
USB_APP_SetDeviceAddress
                        0x0800a7cd     0x8  Code  Gb  usb_prop.o [1]
USB_APP_Status_In       0x0800a7d9     0x2  Code  Gb  usb_prop.o [1]
USB_APP_Status_Out      0x0800a7db     0x2  Code  Gb  usb_prop.o [1]
USB_APP_StringLangID    0x0800e8a8     0x4  Data  Gb  usb_desc.o [1]
USB_APP_StringProduct   0x0800e2dc    0x20  Data  Gb  usb_desc.o [1]
USB_APP_StringSerial    0x20007414    0x1c  Data  Gb  usb_desc.o [1]
USB_APP_StringVendor    0x0800e1b0    0x28  Data  Gb  usb_desc.o [1]
USB_APP_init            0x0800a661    0x3c  Code  Gb  usb_prop.o [1]
USB_HP_CAN_TX_IRQHandler
                        0x0800b433     0x8  Code  Gb  stm32f10x_it.o [1]
USB_Init                0x0800de7d    0x40  Code  Gb  usb_init.o [1]
USB_Istr                0x0800d4ad    0x9c  Code  Gb  usb_istr.o [1]
USB_LP_CAN_RX0_IRQHandler
                        0x0800b43b     0x8  Code  Gb  stm32f10x_it.o [1]
USB_PowerOn             0x0800df39    0x34  Code  Gb  usb_pwr.o [1]
USB_SIL_Read            0x0800db93    0x2c  Code  Gb  usb_sil.o [1]
USB_SIL_Write           0x0800db65    0x2e  Code  Gb  usb_sil.o [1]
Unconfigure_All         0x0800b261    0x20  Code  Lc  main.o [1]
UsageFaultException     0x0800b3fd     0x2  Code  Gb  stm32f10x_it.o [1]
UserToPMABufferCopy     0x0800dcc5    0x2e  Code  Gb  usb_mem.o [1]
User_Standard_Requests  0x20007390    0x24  Data  Gb  usb_prop.o [1]
WWDG_IRQHandler         0x0800b40d     0x2  Code  Gb  stm32f10x_it.o [1]
Wake_up                 0x080038d5    0x44  Code  Gb  TP.o [1]
Write_Memory            0x0800b65d   0x120  Code  Gb  memory.o [1]
_EncodingSb_Mbtowc      0x0800db2d    0x38  Code  Gb  xencoding_sb.o [3]
_EncodingSb_Wctomb      0x0800db09    0x1c  Code  Gb  xencoding_sb.o [3]
_Files                  0x200073f4    0x20  Data  Gb  xfiles.o [3]
_GenldDefault           0x080029b9   0x258  Code  Lc  xprintffull.o [3]
_IsdstStr               0x200071ac     0x4  Data  Gb  setlocale.o [3]
_LdtobDefault           0x08002595   0x404  Code  Lc  xprintffull.o [3]
_LitobDefault           0x0800247d   0x110  Code  Lc  xprintffull.o [3]
_LocaleC_lconv          0x0800dd6c    0x48  Data  Gb  xlocale_c.o [3]
_LocaleEncoding         0x0800e5b5    0x10  Code  Gb  setlocale.o [3]
_LocaleReturnString     0x200071bc    0x50  Data  Lc  setlocale.o [3]
_Locale_LconvArray      0x200071b8     0x4  Data  Gb  setlocale.o [3]
_Locale_Profile         0x20007188    0x1c  Data  Gb  setlocale.o [3]
_Locale_lconv           0x20007210    0x48  Data  Gb  localeconv.o [3]
_Mbtowc                 0x0800e31d    0x20  Code  Gb  xmbtowc.o [3]
_Printf                 0x08001bf5   0x5a8  Code  Gb  xprintffull.o [3]
_Prout                  0x0800e4af    0x16  Code  Gb  xprout.o [3]
_PutcharsDefault        0x08002c11    0x32  Code  Lc  xprintffull.o [3]
_PutstrDefault          0x080021a5   0x2cc  Code  Lc  xprintffull.o [3]
_SNProut                0x0800e3d1    0x1a  Code  Gb  xsnprout.o [3]
_TzoneStr               0x200071a4     0x4  Data  Gb  setlocale.o [3]
_Wctomb                 0x0800e3eb    0x1a  Code  Gb  xwctomb.o [3]
__BASEPRICONFIG         0x0800d85f          Code  Gb  cortexm3_macro.o [1]
__DMB                   0x0800d811          Code  Gb  cortexm3_macro.o [1]
__DSB                   0x0800d80b          Code  Gb  cortexm3_macro.o [1]
__GetBASEPRI            0x0800d865          Code  Gb  cortexm3_macro.o [1]
__ISB                   0x0800d805          Code  Gb  cortexm3_macro.o [1]
__MRS_CONTROL           0x0800d81b          Code  Gb  cortexm3_macro.o [1]
__MRS_MSP               0x0800d837          Code  Gb  cortexm3_macro.o [1]
__MRS_PSP               0x0800d82b          Code  Gb  cortexm3_macro.o [1]
__MSR_CONTROL           0x0800d821          Code  Gb  cortexm3_macro.o [1]
__MSR_MSP               0x0800d83d          Code  Gb  cortexm3_macro.o [1]
__MSR_PSP               0x0800d831          Code  Gb  cortexm3_macro.o [1]
__READ_FAULTMASK        0x0800d859          Code  Gb  cortexm3_macro.o [1]
__READ_PRIMASK          0x0800d84b          Code  Gb  cortexm3_macro.o [1]
__RESETFAULTMASK        0x0800d851          Code  Gb  cortexm3_macro.o [1]
__RESETPRIMASK          0x0800d843          Code  Gb  cortexm3_macro.o [1]
__REV_HalfWord          0x0800d86b          Code  Gb  cortexm3_macro.o [1]
__REV_Word              0x0800d86f          Code  Gb  cortexm3_macro.o [1]
__SETFAULTMASK          0x0800d855          Code  Gb  cortexm3_macro.o [1]
__SETPRIMASK            0x0800d847          Code  Gb  cortexm3_macro.o [1]
__SEV                   0x0800d801          Code  Gb  cortexm3_macro.o [1]
__SVC                   0x0800d817          Code  Gb  cortexm3_macro.o [1]
__WFE                   0x0800d7fd          Code  Gb  cortexm3_macro.o [1]
__WFI                   0x0800d7f9          Code  Gb  cortexm3_macro.o [1]
__aeabi_assert          0x0800ddfb    0x42  Code  Gb  xassert.o [3]
__aeabi_cdcmple         0x0800e075          Code  Gb  DblCmpLe.o [4]
__aeabi_cdrcmple        0x0800e0a5          Code  Gb  DblCmpGe.o [4]
__aeabi_d2iz            0x0800dc19          Code  Gb  DblToI32.o [4]
__aeabi_d2uiz           0x0800dc45          Code  Gb  DblToI32.o [4]
__aeabi_dadd            0x0800cf75          Code  Gb  DblAdd.o [4]
__aeabi_ddiv            0x0800a91d          Code  Gb  DblDiv.o [4]
__aeabi_dmul            0x0800bcbd          Code  Gb  DblMul.o [4]
__aeabi_dsub            0x0800be61          Code  Gb  DblSub.o [4]
__aeabi_i2d             0x0800e0d5          Code  Gb  I32ToDbl.o [4]
__aeabi_ldiv0           0x0800e8ad          Code  Gb  I64DivZer.o [4]
__aeabi_ldivmod         0x0800c3e9          Code  Gb  I64DivMod.o [4]
__aeabi_memcpy          0x0800d8f1          Code  Gb  ABImemcpy.o [4]
__aeabi_memcpy4         0x0800d90b          Code  Gb  ABImemcpy.o [4]
__aeabi_memcpy8         0x0800d90b          Code  Gb  ABImemcpy.o [4]
__aeabi_memset          0x0800da3d          Code  Gb  ABImemset.o [4]
__aeabi_ui2d            0x0800e0e9          Code  Gb  I32ToDbl.o [4]
__aeabi_uldivmod        0x0800c3fd          Code  Gb  I64DivMod.o [4]
__call_dtors            0x0800d98d     0x4  Code  Gb  cppinit.o [3]
__cstart_call_dtors     0x0800e6b3          Code  Gb  cexit.o [4]
__cxa_atexit            0x0800d961    0x2c  Code  Gb  cppinit.o [3]
__cxa_finalize          0x0800d991    0x3c  Code  Gb  cppinit.o [3]
__data_Aldata           0x200070e8     0x8  Data  Gb  xxmemxmalloc.o [3]
__data_GetMemChunk      0x0800e201    0x28  Code  Gb  xgetmemchunk.o [3]
__dwrite                0x0800e35d    0x1e  Code  Gb  dwrite.o [5]
__exit                  0x0800e58d    0x14  Code  Gb  exit.o [5]
__iar_Dnorm             0x0800d1ed    0xb4  Code  Gb  xdnorm.o [3]
__iar_Dscale            0x0800c885   0x110  Code  Gb  xdscale.o [3]
__iar_EmptyStepPoint    0x0800ddf9     0x2  Code  Gb  xassert.o [3]
__iar_Locksyslock       0x0800d601    0x4c  Code  Gb  xsyslock.o [3]
__iar_Mbcurmax          0x0800e809     0xa  Code  Gb  xmbcurmax.o [3]
__iar_Memchr            0x0800dbc1          Code  Gb  memchr.o [4]
__iar_Memset            0x0800da3d          Code  Gb  ABImemset.o [4]
__iar_Memset_word       0x0800da45          Code  Gb  ABImemset.o [4]
__iar_Mtxdst            0x0800e04b     0x6  Code  Gb  MtxWrapper.o [3]
__iar_Mtxinit           0x0800e045     0x6  Code  Gb  MtxWrapper.o [3]
__iar_Mtxlock           0x0800e051     0x4  Code  Gb  MtxWrapper.o [3]
__iar_Mtxunlock         0x0800e05f     0x6  Code  Gb  MtxWrapper.o [3]
__iar_ReportAssert      0x0800d795    0x64  Code  Gb  xreportassert.o [3]
__iar_Stderr            0x200072d8    0x40  Data  Gb  xfiles.o [3]
__iar_Stdin             0x20007258    0x40  Data  Gb  xfiles.o [3]
__iar_Stdout            0x20007298    0x40  Data  Gb  xfiles.o [3]
__iar_Strchr            0x0800e499          Code  Gb  strchr.o [4]
__iar_Tls_setup__IsdstStr
                        0x200071b0     0x4  Data  Gb  setlocale.o [3]
__iar_Tls_setup__Locale_Profile
                        0x200071b4     0x4  Data  Gb  setlocale.o [3]
__iar_Tls_setup__Locale_lconv
                        0x2000720c     0x4  Data  Gb  localeconv.o [3]
__iar_Tls_setup__TzoneStr
                        0x200071a8     0x4  Data  Gb  setlocale.o [3]
__iar_Unlocksyslock     0x0800d64d    0x14  Code  Gb  xsyslock.o [3]
__iar_d2uiz             0x0800dc4f          Code  Gb  DblToI32.o [4]
__iar_dadd              0x0800cf87          Code  Gb  DblAdd.o [4]
__iar_data_init2        0x0800e3b5    0x1c  Code  Gb  data_init2.o [4]
__iar_dsub              0x0800be73          Code  Gb  DblSub.o [4]
__iar_dsubStart         0x0800be85          Code  Gb  DblSub.o [4]
__iar_packbits_init2    0x0800d549    0x8e  Code  Gb  packbits_init2.o [4]
__iar_program_start     0x0800e481          Code  Gb  cmain.o [4]
__iar_sh_stdout         0x0800dd2d    0x3c  Code  Gb  iarwstd.o [5]
__iar_sh_stdout_close   0x0800dd19    0x14  Code  Gb  iarwstd.o [5]
__iar_sh_stdout_handle  0x20007160     0x4  Data  Lc  iarwstd.o [5]
__iar_sh_write          0x0800e33d    0x20  Code  Gb  iarwrite.o [5]
__iar_ui2d              0x0800e0eb          Code  Gb  I32ToDbl.o [4]
__iar_zero_init2        0x0800e405    0x1a  Code  Gb  zero_init2.o [4]
__low_level_init        0x0800e8af     0x4  Code  Gb  low_level_init.o [3]
__vector_table          0x08000000   0x140  Data  Gb  stm32f10x_vector.o [1]
__write                 0x0800e6a1    0x10  Code  Gb  write.o [5]
_exit                   0x0800e6b1          Code  Gb  cexit.o [4]
_main                   0x0800e493          Code  Gb  cmain.o [4]
abort                   0x0800e895     0x8  Code  Gb  abort.o [3]
bDeviceState            0x20007148     0x4  Data  Gb  usb_pwr.o [1]
bIntPackSOF             0x20007184     0x1  Data  Gb  usb_istr.o [1]
bm_cnt                  0x20007178     0x1  Data  Gb  PaperDetect.o [1]
buffer                  0x200044b8  0x1000  Data  Lc  spi_flash.o [1]
check_fs                0x08000b3d    0x78  Code  Lc  ff.o [1]
chk_chr                 0x08000185    0x14  Code  Lc  ff.o [1]
chk_mounted             0x08000bb5   0x2dc  Code  Gb  ff.o [1]
clearlocks              0x0800d5d9    0x26  Code  Lc  xsyslock.o [3]
clr_all_dot             0x20007179     0x1  Data  Gb  TP.o [1]
clust2sect              0x08000629    0x18  Code  Gb  ff.o [1]
count_in                0x20007134     0x4  Data  Gb  usb_endp.o [1]
crc32                   0x0800e1d9    0x28  Code  Gb  crc32.o [1]
crc32_tab               0x08009650   0x400  Data  Lc  crc32.o [1]
create_chain            0x08000575    0xb4  Code  Lc  ff.o [1]
create_name             0x08000911   0x180  Code  Lc  ff.o [1]
current_cache_block     0x2000711c     0x4  Data  Lc  spi_flash.o [1]
current_channel         0x2000717b     0x1  Data  Gb  esc_p.o [1]
data_uart_init          0x0800d401    0x88  Code  Gb  data_uart.o [1]
delay_ms                0x0800c519    0x1a  Code  Gb  TimeBase.o [1]
dir_find                0x08000827    0x62  Code  Lc  ff.o [1]
dir_next                0x080006f1   0x136  Code  Lc  ff.o [1]
dir_register            0x08000889    0x88  Code  Lc  ff.o [1]
dir_seek                0x08000641    0xb0  Code  Lc  ff.o [1]
disk_initialize         0x0800ce8d    0x12  Code  Gb  diskio.o [1]
disk_ioctl              0x0800cf39    0x3c  Code  Gb  diskio.o [1]
disk_read               0x0800ceb5    0x44  Code  Gb  diskio.o [1]
disk_status             0x0800cea3    0x12  Code  Gb  diskio.o [1]
disk_write              0x0800cef9    0x38  Code  Gb  diskio.o [1]
div                     0x0800e6cd     0xe  Code  Gb  div.o [3]
dwPictureLBA            0x20007114     0x4  Data  Gb  res_spi.o [1]
ebuf                    0x20006e34    0x50  Data  Lc  xfiles.o [3]
enter_u_disk_mode       0x0800b0c1    0x48  Code  Gb  main.o [1]
esc_init                0x08009fed     0x8  Code  Gb  esc_p.o [1]
esc_p                   0x08009ff5    0x92  Code  Gb  esc_p.o [1]
esc_p_init              0x08009d7d   0x270  Code  Gb  esc_p.o [1]
esc_sts                 0x20000df0  0x36c8  Data  Gb  esc_p.o [1]
event_pend              0x0800c77f    0x2a  Code  Gb  Event.o [1]
event_post              0x0800c765    0x1a  Code  Gb  Event.o [1]
event_proc              0x0800c7b5    0xd0  Code  Gb  Event.o [1]
evtHead                 0x20007173     0x1  Data  Lc  Event.o [1]
evtQueue                0x20006ed4    0x40  Data  Lc  Event.o [1]
evtTail                 0x20007174     0x1  Data  Lc  Event.o [1]
exit                    0x0800e89d     0x6  Code  Gb  exit.o [3]
f_close                 0x08001347    0x18  Code  Gb  ff.o [1]
f_lseek                 0x0800135f   0x1de  Code  Gb  ff.o [1]
f_mkfs                  0x0800153d   0x6b8  Code  Gb  ff.o [1]
f_mount                 0x08000ebd    0x34  Code  Gb  ff.o [1]
f_open                  0x08000ef1   0x1b0  Code  Gb  ff.o [1]
f_read                  0x080010a1   0x1ea  Code  Gb  ff.o [1]
f_sync                  0x0800128b    0xbc  Code  Gb  ff.o [1]
fatfs_sector_offset     0x20007124     0x4  Data  Gb  spi_flash.o [1]
fflush                  0x0800d3c5    0x3c  Code  Gb  fflush.o [3]
fflushOne               0x0800d351    0x74  Code  Lc  fflush.o [3]
flash_state             0x2000717e     0x1  Data  Lc  spi_flash.o [1]
flasize                 0x20007118     0x4  Data  Gb  spi_flash.o [1]
follow_path             0x08000a91    0xa8  Code  Lc  ff.o [1]
font_data_read          0x0800a2b5    0xc8  Code  Gb  res_spi.o [1]
fonta_en                0x08003c40   0xd80  Data  Gb  res_spi.o [1]
fontb_en                0x080082f0   0x600  Data  Gb  res_spi.o [1]
fputc                   0x0800d489    0x20  Code  Gb  data_uart.o [1]
free                    0x0800d6ed    0x88  Code  Gb  xxmemxfree.o [3]
fs                      0x200063c8   0x230  Data  Gb  res_spi.o [1]
g_mass_storage_device_type
                        0x2000717f     0x1  Data  Gb  usb_app_config.o [1]
g_param                 0x20006f14    0x40  Data  Gb  Terminal_Para_m.o [1]
g_usb_type              0x20007180     0x1  Data  Gb  usb_app_config.o [1]
get_fat                 0x080002e3    0xfe  Code  Gb  ff.o [1]
get_fattime             0x0800ce9f     0x4  Code  Gb  diskio.o [1]
get_spi_flash_capacity  0x08008125     0x6  Code  Gb  spi_flash.o [1]
hard_fault_handler_c    0x0800b30d    0xe4  Code  Gb  stm32f10x_it.o [1]
id_array                0x0800de3c    0x40  Data  Gb  spi_flash.o [1]
keyStatus               0x20007175     0x1  Data  Lc  KeyScan.o [1]
localeconv              0x0800e5a1    0x14  Code  Gb  localeconv.o [3]
main                    0x0800b109    0xcc  Code  Gb  main.o [1]
malloc                  0x0800d131    0xbc  Code  Gb  xxmemxmalloc.o [3]
max_start_col           0x20007164     0x2  Data  Gb  DotFill.o [1]
mem_cmp                 0x08000165    0x20  Code  Lc  ff.o [1]
mem_cpy                 0x08000141    0x14  Code  Lc  ff.o [1]
mem_set                 0x08000155    0x10  Code  Lc  ff.o [1]
memchr                  0x0800dbc1          Code  Gb  memchr.o [4]
memcmp                  0x0800daa5          Code  Gb  memcmp.o [4]
memcpy                  0x0800e6bf     0xe  Code  Wk  BT816.o [1]
memset                  0x0800e5c9    0x14  Code  Wk  DotFill.o [1]
move_window             0x08000199    0x74  Code  Lc  ff.o [1]
mtx                     0x20007048    0x10  Data  Lc  xsyslock.o [3]
mtxdst                  0x20007154     0x4  Data  Lc  MtxWrapper.o [3]
mtxinit                 0x20007150     0x4  Data  Lc  MtxWrapper.o [3]
mtxlock                 0x20007158     0x4  Data  Lc  MtxWrapper.o [3]
mtxunlock               0x2000715c     0x4  Data  Lc  MtxWrapper.o [3]
next_abi_dtor_rec       0x200074a8     0x4  Data  Lc  cppinit.o [3]
obuf                    0x20006e84    0x50  Data  Lc  xfiles.o [3]
out                     0x0800d775    0x20  Code  Lc  xreportassert.o [3]
pEpInt_IN               0x20007430    0x1c  Data  Gb  usb_istr.o [1]
pEpInt_OUT              0x2000744c    0x1c  Data  Gb  usb_istr.o [1]
pInformation            0x20007138     0x4  Data  Gb  usb_init.o [1]
pProperty               0x2000713c     0x4  Data  Gb  usb_init.o [1]
pUser_Standard_Requests
                        0x20007140     0x4  Data  Gb  usb_init.o [1]
p_allocate_addr         0x20006a1c   0x190  Data  Lc  JMemory.o [1]
papercnt                0x20007177     0x1  Data  Gb  PaperDetect.o [1]
param_format            0x080052f9     0xe  Code  Gb  record_mod.o [1]
param_init              0x08005645     0xe  Code  Gb  record_mod.o [1]
param_mod_state         0x2000717a     0x1  Data  Lc  Terminal_Para_m.o [1]
param_read              0x08005309   0x108  Code  Gb  record_mod.o [1]
param_write             0x08005411   0x234  Code  Gb  record_mod.o [1]
print_head_SPI_init     0x0800d05d    0x7c  Code  Lc  print_head.o [1]
print_head_init         0x0800d0d9    0x14  Code  Gb  print_head.o [1]
print_head_spi_send_byte
                        0x0800d0ed    0x40  Code  Gb  print_head.o [1]
printersts              0x20007176     0x1  Data  Gb  PaperDetect.o [1]
printf                  0x0800e2fd    0x20  Code  Gb  printf.o [3]
put_fat                 0x080003e1   0x124  Code  Gb  ff.o [1]
putchar                 0x0800e7fd     0xc  Code  Gb  putchar.o [3]
read_resdata            0x0800a21d    0x88  Code  Gb  res_spi.o [1]
rec_copy4kblk           0x08004aa1    0x62  Code  Lc  record_mod.o [1]
rec_getindex            0x08004b03    0x18  Code  Lc  record_mod.o [1]
rec_getrecspc           0x080049f9    0x3a  Code  Lc  record_mod.o [1]
rec_readsimprit         0x080049c1    0x38  Code  Lc  record_mod.o [1]
rec_writesimprit        0x08004a33    0x62  Code  Lc  record_mod.o [1]
recinfo                 0x20006f94    0x2c  Data  Lc  record_mod.o [1]
recmod_flasize          0x20007120     0x4  Data  Gb  spi_flash.o [1]
record_count            0x0800525d    0x96  Code  Gb  record_mod.o [1]
record_format           0x08004b1d   0x2bc  Code  Gb  record_mod.o [1]
record_init             0x08004dd9   0x47c  Code  Gb  record_mod.o [1]
remove_chain            0x08000505    0x70  Code  Lc  ff.o [1]
res_buffer              0x2000681c   0x200  Data  Lc  res_spi.o [1]
res_init                0x0800a10d   0x10c  Code  Gb  res_spi.o [1]
res_loadres             0x0800a089    0x64  Code  Lc  res_spi.o [1]
resource_file           0x200065f8   0x224  Data  Lc  res_spi.o [1]
restbl                  0x0800dfac    0x34  Data  Gb  ThermalDetect.o [1]
ringbuffer_data_len     0x0800ac01    0x44  Code  Lc  ringbuffer.o [1]
ringbuffer_getchar      0x0800adcb    0x64  Code  Gb  ringbuffer.o [1]
ringbuffer_init         0x0800ac45    0x60  Code  Gb  ringbuffer.o [1]
ringbuffer_put          0x0800aca5    0xc2  Code  Gb  ringbuffer.o [1]
ringbuffer_putchar      0x0800ad67    0x64  Code  Gb  ringbuffer.o [1]
ringbuffer_reset        0x0800ae39    0x22  Code  Gb  ringbuffer.o [1]
ringbuffer_status       0x0800abd9    0x28  Code  Lc  ringbuffer.o [1]
send_data_to_BT816S01   0x08006e15    0x58  Code  Lc  BT816.o [1]
setup_font              0x0800a0ed    0x1a  Code  Gb  res_spi.o [1]
setup_picture           0x0800a107     0x6  Code  Gb  res_spi.o [1]
simprit                 0x20007078    0x10  Data  Lc  record_mod.o [1]
snprintf                0x0800debd    0x40  Code  Gb  snprintf.o [3]
spi_flash_erasesector   0x08007d2d    0x44  Code  Gb  spi_flash.o [1]
spi_flash_init          0x08007b79   0x18c  Code  Gb  spi_flash.o [1]
spi_flash_page_write    0x08007de9    0x5c  Code  Gb  spi_flash.o [1]
spi_flash_post_write    0x0800812b    0x6c  Code  Gb  spi_flash.o [1]
spi_flash_raddr         0x0800800b    0x50  Code  Gb  spi_flash.o [1]
spi_flash_read          0x0800825b    0x88  Code  Gb  spi_flash.o [1]
spi_flash_rpage         0x08007d71    0x78  Code  Gb  spi_flash.o [1]
spi_flash_send_byte     0x0800805b    0x48  Code  Gb  spi_flash.o [1]
spi_flash_valid         0x08007d05    0x22  Code  Gb  spi_flash.o [1]
spi_flash_waddr         0x08007e45   0x1c6  Code  Gb  spi_flash.o [1]
spi_flash_wait_for_write_end
                        0x080080c7    0x58  Code  Gb  spi_flash.o [1]
spi_flash_write         0x08008197    0xc4  Code  Gb  spi_flash.o [1]
spi_flash_write_enable  0x080080a9    0x1e  Code  Gb  spi_flash.o [1]
spp_rec_buffer          0x20005cb8   0x400  Data  Gb  BT816.o [1]
spp_ringbuf             0x20007058    0x10  Data  Gb  BT816.o [1]
strchr                  0x0800e499          Code  Gb  strchr.o [4]
strlen                  0x0800df75          Code  Gb  strlen.o [4]
sync                    0x0800020d    0xd6  Code  Lc  ff.o [1]
syslock_o               0x20007044     0x4  Data  Lc  xsyslock.o [3]
system_error_tip        0x0800b0bd     0x2  Code  Gb  main.o [1]
token                   0x200070a4     0xc  Data  Lc  BT816.o [1]
token_value             0x20007068    0x10  Data  Lc  BT816.o [1]
tp                      0x20006bac   0x188  Data  Lc  TP.o [1]
usb_Cable_Config        0x0800cd05     0x2  Code  Gb  usb_app_config.o [1]
usb_Get_SerialNum       0x0800cd31    0x68  Code  Gb  usb_app_config.o [1]
usb_Interrupts_Config   0x0800ccbd    0x48  Code  Lc  usb_app_config.o [1]
usb_SetClock            0x0800cca1    0x1c  Code  Lc  usb_app_config.o [1]
usb_device_init         0x0800cd09    0x28  Code  Gb  usb_app_config.o [1]
v_timer_list            0x200070b0     0x8  Data  Gb  TimeBase.o [1]
validate                0x08000e91    0x2c  Code  Lc  ff.o [1]
wInterrupt_Mask         0x2000716a     0x2  Data  Gb  usb_init.o [1]
wIstr                   0x20007170     0x2  Data  Gb  usb_istr.o [1]


[1] = E:\BT Printer\FW\src\Project\EWARMv5\Debug\Obj
[2] = command line
[3] = dl7M_tl_if.a
[4] = rt7M_tl.a
[5] = shb_l.a

  50 890 bytes of readonly  code memory
   9 217 bytes of readonly  data memory
  29 849 bytes of readwrite data memory

Errors: none
Warnings: none
