###############################################################################
#                                                                             #
# IAR ELF Linker V5.30.0.51174/W32 for ARM              10/Dec/2015  18:37:36 #
# Copyright 2007-2009 IAR Systems AB.                                         #
#                                                                             #
#    Output file  =  E:\BT Printer\FW\src\Project\EWARMv5\Debug\Exe\T6.out    #
#    Map file     =  E:\BT Printer\FW\src\Project\EWARMv5\Debug\List\T6.map   #
#    Command line =  "E:\BT Printer\FW\src\Project\EWARMv5\Debug\Obj\BT816.o" #
#                     "E:\BT Printer\FW\src\Project\EWARMv5\Debug\Obj\DotFill #
#                    .o" "E:\BT Printer\FW\src\Project\EWARMv5\Debug\Obj\ESC_ #
#                    POS_test.o" "E:\BT Printer\FW\src\Project\EWARMv5\Debug\ #
#                    Obj\Event.o" "E:\BT Printer\FW\src\Project\EWARMv5\Debug #
#                    \Obj\JMemory.o" "E:\BT Printer\FW\src\Project\EWARMv5\De #
#                    bug\Obj\KeyScan.o" "E:\BT Printer\FW\src\Project\EWARMv5 #
#                    \Debug\Obj\PaperDetect.o" "E:\BT                         #
#                    Printer\FW\src\Project\EWARMv5\Debug\Obj\TP.o" "E:\BT    #
#                    Printer\FW\src\Project\EWARMv5\Debug\Obj\Terminal_Para_m #
#                    .o" "E:\BT Printer\FW\src\Project\EWARMv5\Debug\Obj\Ther #
#                    malDetect.o" "E:\BT Printer\FW\src\Project\EWARMv5\Debug #
#                    \Obj\TimeBase.o" "E:\BT Printer\FW\src\Project\EWARMv5\D #
#                    ebug\Obj\basic_fun.o" "E:\BT                             #
#                    Printer\FW\src\Project\EWARMv5\Debug\Obj\cortexm3_macro. #
#                    o" "E:\BT Printer\FW\src\Project\EWARMv5\Debug\Obj\crc32 #
#                    .o" "E:\BT Printer\FW\src\Project\EWARMv5\Debug\Obj\data #
#                    _uart.o" "E:\BT Printer\FW\src\Project\EWARMv5\Debug\Obj #
#                    \diskio.o" "E:\BT Printer\FW\src\Project\EWARMv5\Debug\O #
#                    bj\esc_p.o" "E:\BT Printer\FW\src\Project\EWARMv5\Debug\ #
#                    Obj\ff.o" "E:\BT Printer\FW\src\Project\EWARMv5\Debug\Ob #
#                    j\font.o" "E:\BT Printer\FW\src\Project\EWARMv5\Debug\Ob #
#                    j\hardfault_isr_handle_a.o" "E:\BT                       #
#                    Printer\FW\src\Project\EWARMv5\Debug\Obj\hw_config.o"    #
#                    "E:\BT Printer\FW\src\Project\EWARMv5\Debug\Obj\main.o"  #
#                    "E:\BT Printer\FW\src\Project\EWARMv5\Debug\Obj\mass_mal #
#                    .o" "E:\BT Printer\FW\src\Project\EWARMv5\Debug\Obj\memo #
#                    ry.o" "E:\BT Printer\FW\src\Project\EWARMv5\Debug\Obj\pr #
#                    int_head.o" "E:\BT Printer\FW\src\Project\EWARMv5\Debug\ #
#                    Obj\rec_ecc.o" "E:\BT Printer\FW\src\Project\EWARMv5\Deb #
#                    ug\Obj\record_mod.o" "E:\BT                              #
#                    Printer\FW\src\Project\EWARMv5\Debug\Obj\res_spi_new.o"  #
#                    "E:\BT Printer\FW\src\Project\EWARMv5\Debug\Obj\ringbuff #
#                    er.o" "E:\BT Printer\FW\src\Project\EWARMv5\Debug\Obj\sc #
#                    si_data.o" "E:\BT Printer\FW\src\Project\EWARMv5\Debug\O #
#                    bj\spi_flash.o" "E:\BT Printer\FW\src\Project\EWARMv5\De #
#                    bug\Obj\stm32f10x_adc.o" "E:\BT                          #
#                    Printer\FW\src\Project\EWARMv5\Debug\Obj\stm32f10x_bkp.o #
#                    " "E:\BT Printer\FW\src\Project\EWARMv5\Debug\Obj\stm32f #
#                    10x_crc.o" "E:\BT Printer\FW\src\Project\EWARMv5\Debug\O #
#                    bj\stm32f10x_dbgmcu.o" "E:\BT                            #
#                    Printer\FW\src\Project\EWARMv5\Debug\Obj\stm32f10x_dma.o #
#                    " "E:\BT Printer\FW\src\Project\EWARMv5\Debug\Obj\stm32f #
#                    10x_exti.o" "E:\BT Printer\FW\src\Project\EWARMv5\Debug\ #
#                    Obj\stm32f10x_flash.o" "E:\BT                            #
#                    Printer\FW\src\Project\EWARMv5\Debug\Obj\stm32f10x_fsmc. #
#                    o" "E:\BT Printer\FW\src\Project\EWARMv5\Debug\Obj\stm32 #
#                    f10x_gpio.o" "E:\BT Printer\FW\src\Project\EWARMv5\Debug #
#                    \Obj\stm32f10x_i2c.o" "E:\BT                             #
#                    Printer\FW\src\Project\EWARMv5\Debug\Obj\stm32f10x_it.o" #
#                     "E:\BT Printer\FW\src\Project\EWARMv5\Debug\Obj\stm32f1 #
#                    0x_iwdg.o" "E:\BT Printer\FW\src\Project\EWARMv5\Debug\O #
#                    bj\stm32f10x_lib.o" "E:\BT Printer\FW\src\Project\EWARMv #
#                    5\Debug\Obj\stm32f10x_nvic.o" "E:\BT                     #
#                    Printer\FW\src\Project\EWARMv5\Debug\Obj\stm32f10x_pwr.o #
#                    " "E:\BT Printer\FW\src\Project\EWARMv5\Debug\Obj\stm32f #
#                    10x_rcc.o" "E:\BT Printer\FW\src\Project\EWARMv5\Debug\O #
#                    bj\stm32f10x_rtc.o" "E:\BT Printer\FW\src\Project\EWARMv #
#                    5\Debug\Obj\stm32f10x_spi.o" "E:\BT                      #
#                    Printer\FW\src\Project\EWARMv5\Debug\Obj\stm32f10x_systi #
#                    ck.o" "E:\BT Printer\FW\src\Project\EWARMv5\Debug\Obj\st #
#                    m32f10x_tim.o" "E:\BT Printer\FW\src\Project\EWARMv5\Deb #
#                    ug\Obj\stm32f10x_usart.o" "E:\BT                         #
#                    Printer\FW\src\Project\EWARMv5\Debug\Obj\stm32f10x_vecto #
#                    r.o" "E:\BT Printer\FW\src\Project\EWARMv5\Debug\Obj\uar #
#                    t.o" "E:\BT Printer\FW\src\Project\EWARMv5\Debug\Obj\usb #
#                    _app_config.o" "E:\BT Printer\FW\src\Project\EWARMv5\Deb #
#                    ug\Obj\usb_bot.o" "E:\BT Printer\FW\src\Project\EWARMv5\ #
#                    Debug\Obj\usb_core.o" "E:\BT                             #
#                    Printer\FW\src\Project\EWARMv5\Debug\Obj\usb_desc.o"     #
#                    "E:\BT Printer\FW\src\Project\EWARMv5\Debug\Obj\usb_endp #
#                    .o" "E:\BT Printer\FW\src\Project\EWARMv5\Debug\Obj\usb_ #
#                    init.o" "E:\BT Printer\FW\src\Project\EWARMv5\Debug\Obj\ #
#                    usb_int.o" "E:\BT Printer\FW\src\Project\EWARMv5\Debug\O #
#                    bj\usb_istr.o" "E:\BT Printer\FW\src\Project\EWARMv5\Deb #
#                    ug\Obj\usb_mem.o" "E:\BT Printer\FW\src\Project\EWARMv5\ #
#                    Debug\Obj\usb_prop.o" "E:\BT                             #
#                    Printer\FW\src\Project\EWARMv5\Debug\Obj\usb_pwr.o"      #
#                    "E:\BT Printer\FW\src\Project\EWARMv5\Debug\Obj\usb_regs #
#                    .o" "E:\BT Printer\FW\src\Project\EWARMv5\Debug\Obj\usb_ #
#                    scsi.o" "E:\BT Printer\FW\src\Project\EWARMv5\Debug\Obj\ #
#                    usb_sil.o" -o "E:\BT Printer\FW\src\Project\EWARMv5\Debu #
#                    g\Exe\T6.out" --map "E:\BT Printer\FW\src\Project\EWARMv #
#                    5\Debug\List\T6.map" --config "E:\BT                     #
#                    Printer\FW\src\Project\EWARMv5\stm32f10x_debug.icf"      #
#                    --semihosting                                            #
#                                                                             #
#                                                                             #
###############################################################################

*******************************************************************************
*** RUNTIME MODEL ATTRIBUTES
***

__endian      = little
__thumb_aware = enabled


*******************************************************************************
*** PLACEMENT SUMMARY
***

"A1":  place at mem:0x8000000 { ro section .intvec };
"P1":  place in [from mem:0x8000000 to mem:0x807ffff] { ro };
"P3":  place in [from mem:0x20000010 to mem:0x2000ffff] {
          rw, block CSTACK, block HEAP };

  Section            Kind        Address    Size  Object
  -------            ----        -------    ----  ------
"A1":                                      0x140
  .intvec            const    0x08000000   0x140  stm32f10x_vector.o [1]
                            - 0x08000140   0x140

"P1":                                     0xf800
  .text              ro code  0x08000140  0x1e10  ff.o [1]
  .text              ro code  0x08001f50  0x10b8  esc_p.o [1]
  .text              ro code  0x08003008  0x107c  TP.o [1]
  .rodata            const    0x08004084   0xd80  res_spi_new.o [1]
  .text              ro code  0x08004e04   0xd0c  BT816.o [1]
  .text              ro code  0x08005b10   0xcce  xprintffull.o [3]
  .text              ro code  0x080067e0   0xc92  record_mod.o [1]
  .text              ro code  0x08007474   0xbde  usb_core.o [1]
  .text              ro code  0x08008054   0x810  spi_flash.o [1]
  .text              ro code  0x08008864   0x6d4  font.o [1]
  .rodata            const    0x08008f38   0x600  res_spi_new.o [1]
  .text              ro code  0x08009538   0x544  DotFill.o [1]
  .text              ro code  0x08009a7c   0x4ec  PaperDetect.o [1]
  .text              ro code  0x08009f68   0x46c  usb_prop.o [1]
  .text              ro code  0x0800a3d4   0x440  usb_scsi.o [1]
  .text              ro code  0x0800a814   0x43c  usb_bot.o [1]
  .text              ro code  0x0800ac50   0x40c  res_spi_new.o [1]
  .rodata            const    0x0800b05c   0x400  crc32.o [1]
  .text              ro code  0x0800b45c   0x32c  stm32f10x_rcc.o [1]
  .text              ro code  0x0800b788   0x2e0  usb_int.o [1]
  .text              ro code  0x0800ba68   0x2d0  stm32f10x_it.o [1]
  .text              ro code  0x0800bd38   0x2bc  DblDiv.o [4]
  .text              ro code  0x0800bff4   0x282  ringbuffer.o [1]
  .text              ro code  0x0800c278   0x26c  main.o [1]
  .text              ro code  0x0800c4e4   0x260  usb_regs.o [1]
  .text              ro code  0x0800c744   0x23c  memory.o [1]
  .text              ro code  0x0800c980   0x1c4  stm32f10x_dma.o [1]
  .text              ro code  0x0800cb44   0x1bc  stm32f10x_adc.o [1]
  .text              ro code  0x0800cd00   0x1b8  uart.o [1]
  .text              ro code  0x0800ceb8   0x1a4  stm32f10x_usart.o [1]
  .text              ro code  0x0800d05c   0x1a2  DblMul.o [4]
  .text              ro code  0x0800d200   0x17e  DblSub.o [4]
  .text              ro code  0x0800d380   0x178  stm32f10x_tim.o [1]
  .text              ro code  0x0800d4f8   0x170  stm32f10x_gpio.o [1]
  .text              ro code  0x0800d668   0x15c  stm32f10x_nvic.o [1]
  .rodata            const    0x0800d7c4   0x150  TP.o [1]
  .text              ro code  0x0800d914   0x130  I64DivMod.o [4]
  .text              ro code  0x0800da44   0x124  mass_mal.o [1]
  .text              ro code  0x0800db68   0x11c  Event.o [1]
  .text              ro code  0x0800dc84   0x114  usb_app_config.o [1]
  .text              ro code  0x0800dd98   0x110  xdscale.o [3]
  .text              ro code  0x0800dea8   0x10c  ThermalDetect.o [1]
  .rodata            const    0x0800dfb4   0x100  TP.o [1]
  .text              ro code  0x0800e0b4   0x100  Terminal_Para_m.o [1]
  .text              ro code  0x0800e1b4    0xec  usb_endp.o [1]
  .text              ro code  0x0800e2a0    0xe8  diskio.o [1]
  .text              ro code  0x0800e388    0xe6  DblAdd.o [4]
  .text              ro code  0x0800e470    0xd4  print_head.o [1]
  .text              ro code  0x0800e544    0xb4  xdnorm.o [3]
  .text              ro code  0x0800e5f8    0xb0  KeyScan.o [1]
  .text              ro code  0x0800e6a8    0xaa  TimeBase.o [1]
  .text              ro code  0x0800e754    0x9c  usb_istr.o [1]
  .text              ro code  0x0800e7f0    0x92  basic_fun.o [1]
  .text              ro code  0x0800e884    0x8c  data_uart.o [1]
  .text              ro code  0x0800e910    0x88  stm32f10x_systick.o [1]
  .text              ro code  0x0800e998    0x7a  cortexm3_macro.o [1]
  .text              ro code  0x0800ea14    0x7a  stm32f10x_spi.o [1]
  .text              ro code  0x0800ea90    0x78  xreportassert.o [3]
  .text              ro code  0x0800eb08    0x70  ABImemcpy.o [4]
  .rodata            const    0x0800eb78    0x6c  TP.o [1]
  .text              ro code  0x0800ebe4    0x5a  usb_sil.o [1]
  .text              ro code  0x0800ec40    0x58  memchr.o [4]
  .text              ro code  0x0800ec98    0x56  DblToI32.o [4]
  .text              ro code  0x0800ecf0    0x54  usb_mem.o [1]
  .text              ro code  0x0800ed44    0x54  iarwstd.o [5]
  .text              ro code  0x0800ed98    0x44  stm32f10x_flash.o [1]
  .text              ro code  0x0800eddc    0x44  xassert.o [3]
  .rodata            const    0x0800ee20    0x40  spi_flash.o [1]
  .text              ro code  0x0800ee60    0x40  usb_init.o [1]
  .text              ro code  0x0800eea0    0x40  snprintf.o [3]
  .rodata            const    0x0800eee0    0x3c  res_spi_new.o [1]
  .text              ro code  0x0800ef1c    0x3c  usb_pwr.o [1]
  .text              ro code  0x0800ef58    0x36  strlen.o [4]
  .rodata            const    0x0800ef90    0x34  ThermalDetect.o [1]
  .rodata            const    0x0800efc4    0x30  xreportassert.o [3]
  .text              ro code  0x0800eff4    0x2e  DblCmpLe.o [4]
  .text              ro code  0x0800f024    0x2e  DblCmpGe.o [4]
  .text              ro code  0x0800f054    0x2e  I32ToDbl.o [4]
  .rodata            const    0x0800f084    0x2c  ringbuffer.o [1]
  .text              ro code  0x0800f0b0    0x2a  putchar.o [3]
  .rodata            const    0x0800f0dc    0x28  BT816.o [1]
  .rodata            const    0x0800f104    0x28  res_spi_new.o [1]
  .rodata            const    0x0800f12c    0x28  usb_desc.o [1]
  .text              ro code  0x0800f154    0x28  crc32.o [1]
  .rodata            const    0x0800f17c    0x24  TP.o [1]
  .rodata            const    0x0800f1a0    0x24  TP.o [1]
  .rodata            const    0x0800f1c4    0x24  TP.o [1]
  .text              ro code  0x0800f1e8    0x24  copy_init2.o [4]
  .iar.init_table    const    0x0800f20c    0x24  - Linker created -
  .rodata            const    0x0800f230    0x20  TP.o [1]
  .rodata            const    0x0800f250    0x20  usb_desc.o [1]
  .rodata            const    0x0800f270    0x20  usb_desc.o [1]
  .rodata            const    0x0800f290    0x20  usb_desc.o [1]
  .text              ro code  0x0800f2b0    0x20  printf.o [3]
  .text              ro code  0x0800f2d0    0x20  iarwrite.o [5]
  .text              ro code  0x0800f2f0    0x1e  dwrite.o [5]
  .text              ro code  0x0800f310    0x1c  data_init2.o [4]
  .text              ro code  0x0800f32c    0x1a  xsnprout.o [3]
  .text              ro code  0x0800f346    0x1a  zero_init2.o [4]
  .rodata            const    0x0800f360    0x18  TP.o [1]
  .rodata            const    0x0800f378    0x18  TP.o [1]
  .rodata            const    0x0800f390    0x18  TP.o [1]
  .rodata            const    0x0800f3a8    0x18  ff.o [1]
  .rodata            const    0x0800f3c0    0x18  ff.o [1]
  .rodata            const    0x0800f3d8    0x18  main.o [1]
  .rodata            const    0x0800f3f0    0x18  stm32f10x_it.o [1]
  .text              ro code  0x0800f408    0x18  cmain.o [4]
  .text              ro code  0x0800f420    0x16  strchr.o [4]
  .text              ro code  0x0800f436    0x16  xprout.o [3]
  .rodata            const    0x0800f44c    0x14  TP.o [1]
  .rodata            const    0x0800f460    0x14  TP.o [1]
  .rodata            const    0x0800f474    0x14  TP.o [1]
  .rodata            const    0x0800f488    0x14  TP.o [1]
  .rodata            const    0x0800f49c    0x14  TP.o [1]
  .rodata            const    0x0800f4b0    0x14  TP.o [1]
  .rodata            const    0x0800f4c4    0x14  ff.o [1]
  .rodata            const    0x0800f4d8    0x14  ff.o [1]
  .rodata            const    0x0800f4ec    0x14  usb_desc.o [1]
  .rodata            const    0x0800f500    0x14  usb_desc.o [1]
  .text              ro code  0x0800f514    0x14  exit.o [5]
  CODE               ro code  0x0800f528    0x12  hardfault_isr_handle_a.o [1]
  .rodata            const    0x0800f53c    0x10  TP.o [1]
  .rodata            const    0x0800f54c    0x10  TP.o [1]
  .rodata            const    0x0800f55c    0x10  TP.o [1]
  .rodata            const    0x0800f56c    0x10  TP.o [1]
  .rodata            const    0x0800f57c    0x10  TP.o [1]
  .rodata            const    0x0800f58c    0x10  TP.o [1]
  .rodata            const    0x0800f59c    0x10  TP.o [1]
  .rodata            const    0x0800f5ac    0x10  ff.o [1]
  .rodata            const    0x0800f5bc    0x10  main.o [1]
  .rodata            const    0x0800f5cc    0x10  res_spi_new.o [1]
  .rodata            const    0x0800f5dc    0x10  stm32f10x_rcc.o [1]
  .text              ro code  0x0800f5ec    0x10  write.o [5]
  .text              ro code  0x0800f5fc     0xe  div.o [3]
  .rodata            const    0x0800f60c     0xc  BT816.o [1]
  .rodata            const    0x0800f618     0xc  BT816.o [1]
  .rodata            const    0x0800f624     0xc  BT816.o [1]
  .rodata            const    0x0800f630     0xc  BT816.o [1]
  .rodata            const    0x0800f63c     0xc  BT816.o [1]
  .rodata            const    0x0800f648     0xc  BT816.o [1]
  .rodata            const    0x0800f654     0xc  BT816.o [1]
  .rodata            const    0x0800f660     0xc  BT816.o [1]
  .rodata            const    0x0800f66c     0xc  TP.o [1]
  .rodata            const    0x0800f678     0xc  TP.o [1]
  .rodata            const    0x0800f684     0xc  esc_p.o [1]
  .rodata            const    0x0800f690     0xc  ff.o [1]
  .rodata            const    0x0800f69c     0xc  main.o [1]
  .rodata            const    0x0800f6a8     0xc  ringbuffer.o [1]
  .rodata            const    0x0800f6b4     0xc  ringbuffer.o [1]
  .rodata            const    0x0800f6c0     0xc  stm32f10x_it.o [1]
  .rodata            const    0x0800f6cc     0xc  stm32f10x_it.o [1]
  .rodata            const    0x0800f6d8     0xc  stm32f10x_it.o [1]
  .rodata            const    0x0800f6e4     0xc  stm32f10x_it.o [1]
  .rodata            const    0x0800f6f0     0xc  stm32f10x_it.o [1]
  .rodata            const    0x0800f6fc     0xc  stm32f10x_it.o [1]
  .rodata            const    0x0800f708     0xc  stm32f10x_it.o [1]
  .rodata            const    0x0800f714     0xc  stm32f10x_it.o [1]
  .rodata            const    0x0800f720     0xc  stm32f10x_it.o [1]
  .rodata            const    0x0800f72c     0xc  stm32f10x_it.o [1]
  .rodata            const    0x0800f738     0xc  stm32f10x_it.o [1]
  .rodata            const    0x0800f744     0xc  stm32f10x_it.o [1]
  .rodata            const    0x0800f750     0xc  stm32f10x_it.o [1]
  .text              ro code  0x0800f75c     0xa  cexit.o [4]
  .rodata            const    0x0800f768     0x8  BT816.o [1]
  .rodata            const    0x0800f770     0x8  BT816.o [1]
  .rodata            const    0x0800f778     0x8  BT816.o [1]
  .rodata            const    0x0800f780     0x8  TP.o [1]
  .rodata            const    0x0800f788     0x8  esc_p.o [1]
  .rodata            const    0x0800f790     0x8  esc_p.o [1]
  .rodata            const    0x0800f798     0x8  xprintffull.o [3]
  .text              ro code  0x0800f7a0     0x8  abort.o [3]
  .text              ro code  0x0800f7a8     0x6  exit.o [3]
  .rodata            const    0x0800f7b0     0x4  stm32f10x_rcc.o [1]
  .rodata            const    0x0800f7b4     0x4  usb_desc.o [1]
  .text              ro code  0x0800f7b8     0x2  I64DivZer.o [4]
  .text              ro code  0x0800f7ba     0x4  low_level_init.o [3]
  Initializer bytes  ro data  0x0800f7c0   0x180  <for P3 s0>
                            - 0x0800f940  0xf800

"P3", part 1 of 3:                         0x400
  CSTACK                      0x20000010   0x400  <Block>
    CSTACK           uninit   0x20000010   0x400  <Block tail>
                            - 0x20000410   0x400

"P3", part 2 of 3:                        0x4394
  .bss               zero     0x20000410  0x1000  spi_flash.o [1]
  .bss               zero     0x20001410   0xdb4  esc_p.o [1]
  .bss               zero     0x200021c4   0xc00  uart.o [1]
  .bss               zero     0x20002dc4   0x800  memory.o [1]
  .bss               zero     0x200035c4   0x400  BT816.o [1]
  .bss               zero     0x200039c4   0x310  TP.o [1]
  .bss               zero     0x20003cd4   0x230  res_spi_new.o [1]
  .bss               zero     0x20003f04   0x228  res_spi_new.o [1]
  .bss               zero     0x2000412c   0x200  res_spi_new.o [1]
  .bss               zero     0x2000432c   0x188  TP.o [1]
  .bss               zero     0x200044b4    0x40  BT816.o [1]
  .bss               zero     0x200044f4    0x40  Event.o [1]
  .bss               zero     0x20004534    0x40  Terminal_Para_m.o [1]
  .bss               zero     0x20004574    0x40  usb_bot.o [1]
  .bss               zero     0x200045b4    0x40  usb_endp.o [1]
  .bss               zero     0x200045f4    0x30  uart.o [1]
  .bss               zero     0x20004624    0x2c  record_mod.o [1]
  .bss               zero     0x20004650    0x28  PaperDetect.o [1]
  .bss               zero     0x20004678    0x20  usb_bot.o [1]
  .bss               zero     0x20004698    0x1c  usb_init.o [1]
  .bss               zero     0x200046b4    0x18  BT816.o [1]
  .bss               zero     0x200046cc    0x10  record_mod.o [1]
  .bss               zero     0x200046dc    0x10  usb_bot.o [1]
  .bss               zero     0x200046ec     0x8  mass_mal.o [1]
  .bss               zero     0x200046f4     0x8  mass_mal.o [1]
  .bss               zero     0x200046fc     0x8  mass_mal.o [1]
  .bss               zero     0x20004704     0x8  scsi_data.o [1]
  .bss               zero     0x2000470c     0x8  scsi_data.o [1]
  .bss               zero     0x20004714     0x4  PaperDetect.o [1]
  .bss               zero     0x20004718     0x4  ff.o [1]
  .bss               zero     0x2000471c     0x4  mass_mal.o [1]
  .bss               zero     0x20004720     0x4  memory.o [1]
  .bss               zero     0x20004724     0x4  memory.o [1]
  .bss               zero     0x20004728     0x4  memory.o [1]
  .bss               zero     0x2000472c     0x4  memory.o [1]
  .bss               zero     0x20004730     0x4  memory.o [1]
  .bss               zero     0x20004734     0x4  memory.o [1]
  .bss               zero     0x20004738     0x4  memory.o [1]
  .bss               zero     0x2000473c     0x4  memory.o [1]
  .bss               zero     0x20004740     0x4  res_spi_new.o [1]
  .bss               zero     0x20004744     0x4  spi_flash.o [1]
  .bss               zero     0x20004748     0x4  spi_flash.o [1]
  .bss               zero     0x2000474c     0x4  spi_flash.o [1]
  .bss               zero     0x20004750     0x4  spi_flash.o [1]
  .bss               zero     0x20004754     0x4  uart.o [1]
  .bss               zero     0x20004758     0x4  usb_bot.o [1]
  .bss               zero     0x2000475c     0x4  usb_bot.o [1]
  .bss               zero     0x20004760     0x4  usb_core.o [1]
  .bss               zero     0x20004764     0x4  usb_endp.o [1]
  .bss               zero     0x20004768     0x4  usb_init.o [1]
  .bss               zero     0x2000476c     0x4  usb_init.o [1]
  .bss               zero     0x20004770     0x4  usb_init.o [1]
  .bss               zero     0x20004774     0x4  usb_prop.o [1]
  .bss               zero     0x20004778     0x4  usb_pwr.o [1]
  .bss               zero     0x2000477c     0x4  iarwstd.o [5]
  .bss               zero     0x20004780     0x2  DotFill.o [1]
  .bss               zero     0x20004782     0x2  ff.o [1]
  .bss               zero     0x20004784     0x2  usb_bot.o [1]
  .bss               zero     0x20004786     0x2  usb_init.o [1]
  .bss               zero     0x20004788     0x2  usb_int.o [1]
  .bss               zero     0x2000478a     0x2  usb_int.o [1]
  .bss               zero     0x2000478c     0x2  usb_istr.o [1]
  .bss               zero     0x2000478e     0x1  BT816.o [1]
  .bss               zero     0x2000478f     0x1  Event.o [1]
  .bss               zero     0x20004790     0x1  Event.o [1]
  .bss               zero     0x20004791     0x1  KeyScan.o [1]
  .bss               zero     0x20004792     0x1  PaperDetect.o [1]
  .bss               zero     0x20004793     0x1  PaperDetect.o [1]
  .bss               zero     0x20004794     0x1  PaperDetect.o [1]
  .bss               zero     0x20004795     0x1  TP.o [1]
  .bss               zero     0x20004796     0x1  Terminal_Para_m.o [1]
  .bss               zero     0x20004797     0x1  esc_p.o [1]
  .bss               zero     0x20004798     0x1  main.o [1]
  .bss               zero     0x20004799     0x1  memory.o [1]
  .bss               zero     0x2000479a     0x1  spi_flash.o [1]
  .bss               zero     0x2000479b     0x1  usb_app_config.o [1]
  .bss               zero     0x2000479c     0x1  usb_app_config.o [1]
  .bss               zero     0x2000479d     0x1  usb_bot.o [1]
  .bss               zero     0x2000479e     0x1  usb_core.o [1]
  .bss               zero     0x2000479f     0x1  usb_init.o [1]
  .bss               zero     0x200047a0     0x1  usb_istr.o [1]
  .bss               zero     0x200047a1     0x1  usb_prop.o [1]
                            - 0x200047a2  0x4392

"P3", part 3 of 3:                         0x180
  P3 s0                       0x200047a4   0x180  <Init block>
    .data            inited   0x200047a4    0x30  usb_prop.o [1]
    .data            inited   0x200047d4    0x24  scsi_data.o [1]
    .data            inited   0x200047f8    0x24  scsi_data.o [1]
    .data            inited   0x2000481c    0x24  usb_prop.o [1]
    .data            inited   0x20004840    0x20  res_spi_new.o [1]
    .data            inited   0x20004860    0x20  usb_prop.o [1]
    .data            inited   0x20004880    0x1c  usb_desc.o [1]
    .data            inited   0x2000489c    0x1c  usb_istr.o [1]
    .data            inited   0x200048b8    0x1c  usb_istr.o [1]
    .data            inited   0x200048d4    0x14  scsi_data.o [1]
    .data            inited   0x200048e8    0x10  usb_prop.o [1]
    .data            inited   0x200048f8    0x10  usb_prop.o [1]
    .data            inited   0x20004908     0xc  scsi_data.o [1]
    .data            inited   0x20004914     0x8  scsi_data.o [1]
    .data            inited   0x2000491c     0x4  scsi_data.o [1]
    .data            inited   0x20004920     0x4  usb_prop.o [1]
                            - 0x20004924   0x180


*******************************************************************************
*** INIT TABLE
***

          Address     Size
          -------     ----
Zero (__iar_zero_init2)
    1 destination range, total size 0x4392:
          0x20000410  0x4392

Copy (__iar_copy_init2)
    1 source range, total size 0x180 (100% of destination):
           0x800f7c0   0x180
    1 destination range, total size 0x180:
          0x200047a4   0x180


*******************************************************************************
*** MODULE SUMMARY
***

    Module                    ro code  ro data  rw data
    ------                    -------  -------  -------
E:\BT Printer\FW\src\Project\EWARMv5\Debug\Obj: [1]
    BT816.o                     3 340      160    1 113
    DotFill.o                   1 348                 2
    Event.o                       284                66
    KeyScan.o                     176                 1
    PaperDetect.o               1 260                47
    TP.o                        4 220    1 176    1 177
    Terminal_Para_m.o             256                65
    ThermalDetect.o               268       52
    TimeBase.o                    170
    basic_fun.o                   146
    cortexm3_macro.o              122
    crc32.o                        40    1 024
    data_uart.o                   140
    diskio.o                      232
    esc_p.o                     4 280       28    3 509
    ff.o                        7 696      116        6
    font.o                      1 748
    hardfault_isr_handle_a.o       18
    main.o                        620       52        1
    mass_mal.o                    292                28
    memory.o                      572             2 081
    print_head.o                  212
    record_mod.o                3 218                60
    res_spi_new.o               1 036    5 140    1 660
    ringbuffer.o                  642       68
    scsi_data.o                            116      132
    spi_flash.o                 2 064       64    4 113
    stm32f10x_adc.o               444
    stm32f10x_dma.o               452
    stm32f10x_flash.o              68
    stm32f10x_gpio.o              368
    stm32f10x_it.o                720      180
    stm32f10x_nvic.o              348
    stm32f10x_rcc.o               812       20
    stm32f10x_spi.o               122
    stm32f10x_systick.o           136
    stm32f10x_tim.o               376
    stm32f10x_usart.o             420
    stm32f10x_vector.o                     320
    uart.o                        440             3 124
    usb_app_config.o              276                 2
    usb_bot.o                   1 084               123
    usb_core.o                  3 038                 5
    usb_desc.o                             208       28
    usb_endp.o                    236                68
    usb_init.o                     64                43
    usb_int.o                     736                 4
    usb_istr.o                    156       56       59
    usb_mem.o                      84
    usb_prop.o                  1 132      152      157
    usb_pwr.o                      60                 4
    usb_regs.o                    608
    usb_scsi.o                  1 088
    usb_sil.o                      90
    ---------------------------------------------------
    Total:                     47 758    8 932   17 678

command line: [2]
    ---------------------------------------------------
    Total:

dl7M_tl_in.a: [3]
    abort.o                         8
    div.o                          14
    exit.o                          6
    low_level_init.o                4
    printf.o                       32
    putchar.o                      42
    snprintf.o                     64
    xassert.o                      68
    xdnorm.o                      180
    xdscale.o                     272
    xprintffull.o               3 278        8
    xprout.o                       22
    xreportassert.o               120       48
    xsnprout.o                     26
    ---------------------------------------------------
    Total:                      4 136       56

rt7M_tl.a: [4]
    ABImemcpy.o                   112
    DblAdd.o                      230
    DblCmpGe.o                     46
    DblCmpLe.o                     46
    DblDiv.o                      700
    DblMul.o                      418
    DblSub.o                      382
    DblToI32.o                     86
    I32ToDbl.o                     46
    I64DivMod.o                   304
    I64DivZer.o                     2
    cexit.o                        10
    cmain.o                        24
    copy_init2.o                   36
    data_init2.o                   28
    memchr.o                       88
    strchr.o                       22
    strlen.o                       54
    zero_init2.o                   26
    ---------------------------------------------------
    Total:                      2 660

shb_l.a: [5]
    dwrite.o                       30
    exit.o                         20
    iarwrite.o                     32
    iarwstd.o                      84                 4
    write.o                        16
    ---------------------------------------------------
    Total:                        182                 4

    Gaps                           32       14
    Linker created                          38    1 024
-------------------------------------------------------
    Grand Total:               54 768    9 040   18 706


*******************************************************************************
*** ENTRY LIST
***

Entry                      Address    Size  Type      Object
-----                      -------    ----  ----      ------
ADC1_2_IRQHandler       0x0800bbb3     0x2  Code  Gb  stm32f10x_it.o [1]
ADC3_IRQHandler         0x0800bc8f     0x2  Code  Gb  stm32f10x_it.o [1]
ADCPrescTable           0x0800f7b0     0x4  Data  Lc  stm32f10x_rcc.o [1]
ADC_Cmd                 0x0800cb95    0x1a  Code  Gb  stm32f10x_adc.o [1]
ADC_DMACmd              0x0800cbaf    0x1a  Code  Gb  stm32f10x_adc.o [1]
ADC_GetCalibrationStatus
                        0x0800cbf5    0x18  Code  Gb  stm32f10x_adc.o [1]
ADC_GetResetCalibrationStatus
                        0x0800cbd3    0x18  Code  Gb  stm32f10x_adc.o [1]
ADC_Init                0x0800cb45    0x50  Code  Gb  stm32f10x_adc.o [1]
ADC_RegularChannelConfig
                        0x0800cc27    0xda  Code  Gb  stm32f10x_adc.o [1]
ADC_ResetCalibration    0x0800cbc9     0xa  Code  Gb  stm32f10x_adc.o [1]
ADC_SoftwareStartConvCmd
                        0x0800cc0d    0x1a  Code  Gb  stm32f10x_adc.o [1]
ADC_StartCalibration    0x0800cbeb     0xa  Code  Gb  stm32f10x_adc.o [1]
AD_Value                0x20004650    0x28  Data  Gb  PaperDetect.o [1]
APBAHBPrescTable        0x0800f5dc    0x10  Data  Lc  stm32f10x_rcc.o [1]
BT816_Channel1_RxISRHandler
                        0x0800540f    0xc4  Code  Gb  BT816.o [1]
BT816_Channel4_RxISRHandler
                        0x080054dd    0xbc  Code  Gb  BT816.o [1]
BT816_GPIO_config       0x08004e71   0x34c  Code  Lc  BT816.o [1]
BT816_NVIC_config       0x080051c9    0xf8  Code  Lc  BT816.o [1]
BT816_Reset             0x08005605    0x52  Code  Gb  BT816.o [1]
BT816_connect_status    0x08005829    0xb4  Code  Gb  BT816.o [1]
BT816_init              0x080058fd   0x1e4  Code  Gb  BT816.o [1]
BT816_query_name        0x08005659    0xc4  Code  Gb  BT816.o [1]
BT816_recbuffer         0x200035c4   0x400  Data  Gb  BT816.o [1]
BT816_res               0x200046b4    0x18  Data  Gb  BT816.o [1]
BT816_reset_resVar      0x08005381    0x8e  Code  Lc  BT816.o [1]
BT816_send_buff         0x200044b4    0x40  Data  Lc  BT816.o [1]
BT816_send_data         0x080058e5    0x14  Code  Gb  BT816.o [1]
BT816_set_name          0x08005721    0x7c  Code  Gb  BT816.o [1]
BT816_set_pin           0x080057a1    0x84  Code  Gb  BT816.o [1]
BT816_write_cmd         0x0800559d    0x68  Code  Lc  BT816.o [1]
Block_Read_count        0x20004720     0x4  Data  Gb  memory.o [1]
Block_offset            0x20004724     0x4  Data  Gb  memory.o [1]
Bot_Abort               0x0800ac15    0x3c  Code  Gb  usb_bot.o [1]
Bot_State               0x2000479d     0x1  Data  Gb  usb_bot.o [1]
BufFillToPrn            0x08009737    0x76  Code  Gb  DotFill.o [1]
BufFillToPrn_0          0x080097ad    0x50  Code  Gb  DotFill.o [1]
Bulk_Data_Buff          0x20004574    0x40  Data  Gb  usb_bot.o [1]
BusFaultException       0x0800bb5b     0x2  Code  Gb  stm32f10x_it.o [1]
Byte2DotNumTbl          0x0800dfb4   0x100  Data  Gb  TP.o [1]
ByteSwap                0x0800c735    0x10  Code  Gb  usb_regs.o [1]
CAN_RX1_IRQHandler      0x0800bbc5     0x2  Code  Gb  stm32f10x_it.o [1]
CAN_SCE_IRQHandler      0x0800bbc7     0x2  Code  Gb  stm32f10x_it.o [1]
CBW                     0x20004678    0x20  Data  Gb  usb_bot.o [1]
CBW_Decode              0x0800a8f5   0x298  Code  Gb  usb_bot.o [1]
CSTACK$$Base            0x20000010           --   Gb  - Linker created -
CSTACK$$Limit           0x20000410           --   Gb  - Linker created -
CSW                     0x200046dc    0x10  Data  Gb  usb_bot.o [1]
CTR_HP                  0x0800b9b5    0x9c  Code  Gb  usb_int.o [1]
CTR_LP                  0x0800b789   0x22c  Code  Gb  usb_int.o [1]
ClearDTOG_RX            0x0800c5d5    0x32  Code  Gb  usb_regs.o [1]
ClearDTOG_TX            0x0800c607    0x32  Code  Gb  usb_regs.o [1]
Clear_Status_Out        0x0800c5b1    0x24  Code  Gb  usb_regs.o [1]
Config_Descriptor       0x200048f8    0x10  Data  Gb  usb_prop.o [1]
Counter                 0x20004728     0x4  Data  Gb  memory.o [1]
DMA1_Channel1_IRQHandler
                        0x0800bb83     0x2  Code  Gb  stm32f10x_it.o [1]
DMA1_Channel2_IRQHandler
                        0x0800bb85     0x2  Code  Gb  stm32f10x_it.o [1]
DMA1_Channel3_IRQHandler
                        0x0800bb87     0x2  Code  Gb  stm32f10x_it.o [1]
DMA1_Channel4_IRQHandler
                        0x0800bb89    0x24  Code  Gb  stm32f10x_it.o [1]
DMA1_Channel5_IRQHandler
                        0x0800bbad     0x2  Code  Gb  stm32f10x_it.o [1]
DMA1_Channel6_IRQHandler
                        0x0800bbaf     0x2  Code  Gb  stm32f10x_it.o [1]
DMA1_Channel7_IRQHandler
                        0x0800bbb1     0x2  Code  Gb  stm32f10x_it.o [1]
DMA2_Channel1_IRQHandler
                        0x0800bd0b     0x2  Code  Gb  stm32f10x_it.o [1]
DMA2_Channel2_IRQHandler
                        0x0800bd0d     0x2  Code  Gb  stm32f10x_it.o [1]
DMA2_Channel3_IRQHandler
                        0x0800bd0f     0x2  Code  Gb  stm32f10x_it.o [1]
DMA2_Channel4_5_IRQHandler
                        0x0800bd11    0x28  Code  Gb  stm32f10x_it.o [1]
DMA_ClearFlag           0x0800cafd    0x12  Code  Gb  stm32f10x_dma.o [1]
DMA_Cmd                 0x0800cac5    0x1a  Code  Gb  stm32f10x_dma.o [1]
DMA_DeInit              0x0800c981   0x100  Code  Gb  stm32f10x_dma.o [1]
DMA_GetCurrDataCounter  0x0800caf7     0x6  Code  Gb  stm32f10x_dma.o [1]
DMA_GetITStatus         0x0800cb0f    0x26  Code  Gb  stm32f10x_dma.o [1]
DMA_ITConfig            0x0800cadf    0x18  Code  Gb  stm32f10x_dma.o [1]
DMA_Init                0x0800ca81    0x44  Code  Gb  stm32f10x_dma.o [1]
DataStageIn             0x080079af    0xb6  Code  Lc  usb_core.o [1]
DataStageOut            0x080078f7    0xb8  Code  Lc  usb_core.o [1]
Data_Buffer             0x20002dc4   0x800  Data  Gb  memory.o [1]
Data_Len                0x20004784     0x2  Data  Gb  usb_bot.o [1]
Data_Mul_MaxPacketSize  0x2000479e     0x1  Data  Gb  usb_core.o [1]
Data_Setup0             0x08007bc1   0x294  Code  Lc  usb_core.o [1]
DebugMonitor            0x0800bb5f     0x2  Code  Gb  stm32f10x_it.o [1]
DefaultTerminalPara     0x0800e16d    0x44  Code  Gb  Terminal_Para_m.o [1]
Device_Descriptor       0x200048e8    0x10  Data  Gb  usb_prop.o [1]
Device_Info             0x20004698    0x1c  Data  Gb  usb_init.o [1]
Device_Property         0x200047a4    0x30  Data  Gb  usb_prop.o [1]
Device_Table            0x20004920     0x4  Data  Gb  usb_prop.o [1]
DotBufFillToPrn         0x08009539   0x1fe  Code  Gb  DotFill.o [1]
DotFillToBuf            0x08009867   0x208  Code  Gb  DotFill.o [1]
EP1_IN_Callback         0x0800e279    0x24  Code  Gb  usb_endp.o [1]
EP2_OUT_Callback        0x0800e225    0x54  Code  Gb  usb_endp.o [1]
EP3_OUT_Callback        0x0800e221     0x2  Code  Gb  usb_endp.o [1]
EPindex                 0x2000479f     0x1  Data  Gb  usb_init.o [1]
EXTI0_IRQHandler        0x0800bb79     0x2  Code  Gb  stm32f10x_it.o [1]
EXTI15_10_IRQHandler    0x0800bc81     0x2  Code  Gb  stm32f10x_it.o [1]
EXTI1_IRQHandler        0x0800bb7b     0x2  Code  Gb  stm32f10x_it.o [1]
EXTI2_IRQHandler        0x0800bb7d     0x2  Code  Gb  stm32f10x_it.o [1]
EXTI3_IRQHandler        0x0800bb7f     0x2  Code  Gb  stm32f10x_it.o [1]
EXTI4_IRQHandler        0x0800bb81     0x2  Code  Gb  stm32f10x_it.o [1]
EXTI9_5_IRQHandler      0x0800bbc9     0x2  Code  Gb  stm32f10x_it.o [1]
FLASH_IRQHandler        0x0800bb75     0x2  Code  Gb  stm32f10x_it.o [1]
FLASH_PrefetchBufferCmd
                        0x0800edb9    0x20  Code  Gb  stm32f10x_flash.o [1]
FLASH_SetLatency        0x0800ed99    0x20  Code  Gb  stm32f10x_flash.o [1]
FSMC_IRQHandler         0x0800bc91     0x2  Code  Gb  stm32f10x_it.o [1]
FatFs                   0x20004718     0x4  Data  Lc  ff.o [1]
FontBold                0x08008865   0x19a  Code  Lc  font.o [1]
FontCircumvolve         0x08008b91   0x202  Code  Gb  font.o [1]
FontEnlarge             0x080089ff    0xb0  Code  Gb  font.o [1]
FontList                0x20004840    0x20  Data  Gb  res_spi_new.o [1]
FontRevert              0x08008b41    0x50  Code  Lc  font.o [1]
FontRevertProc          0x08008b1d    0x24  Code  Lc  font.o [1]
FontSmoothing           0x08008aaf     0x2  Code  Lc  font.o [1]
FontUnderline           0x08008ab1    0x6c  Code  Gb  font.o [1]
Fsid                    0x20004782     0x2  Data  Lc  ff.o [1]
GPIO_AllAinConfig       0x0800c45d    0x50  Code  Lc  main.o [1]
GPIO_Init               0x0800d4f9    0xcc  Code  Gb  stm32f10x_gpio.o [1]
GPIO_PinRemapConfig     0x0800d5ed    0x7c  Code  Gb  stm32f10x_gpio.o [1]
GPIO_ReadInputDataBit   0x0800d5c5    0x1a  Code  Gb  stm32f10x_gpio.o [1]
GPIO_ResetBits          0x0800d5e5     0x6  Code  Gb  stm32f10x_gpio.o [1]
GPIO_SetBits            0x0800d5df     0x6  Code  Gb  stm32f10x_gpio.o [1]
GetChineseFont          0x08008e6b    0xc0  Code  Gb  font.o [1]
GetEPRxAddr             0x0800c68d    0x18  Code  Gb  usb_regs.o [1]
GetEPRxCount            0x0800c703    0x18  Code  Gb  usb_regs.o [1]
GetEPTxAddr             0x0800c675    0x18  Code  Gb  usb_regs.o [1]
GetEnglishFont          0x08008d93    0xd8  Code  Gb  font.o [1]
Get_Max_Lun             0x0800a361    0x1c  Code  Lc  usb_prop.o [1]
Get_Port_status         0x0800a37d    0x3c  Code  Lc  usb_prop.o [1]
Getchar                 0x0800cd6d    0xf4  Code  Gb  uart.o [1]
HARDFAULT_ISR_HANDLE_d  0x0800f529          Code  Gb  hardfault_isr_handle_a.o [1]
HSEStartUpStatus        0x20004798     0x1  Data  Gb  main.o [1]
HardFaultException      0x0800bb51     0x8  Code  Gb  stm32f10x_it.o [1]
I2C1_ER_IRQHandler      0x0800bc05     0x2  Code  Gb  stm32f10x_it.o [1]
I2C1_EV_IRQHandler      0x0800bc03     0x2  Code  Gb  stm32f10x_it.o [1]
I2C2_ER_IRQHandler      0x0800bc09     0x2  Code  Gb  stm32f10x_it.o [1]
I2C2_EV_IRQHandler      0x0800bc07     0x2  Code  Gb  stm32f10x_it.o [1]
Idx                     0x2000472c     0x4  Data  Gb  memory.o [1]
In0_Process             0x08007ef9    0x68  Code  Gb  usb_core.o [1]
KeyScanInit             0x0800e673    0x2c  Code  Gb  KeyScan.o [1]
KeyScanProc             0x0800e5f9    0x7a  Code  Gb  KeyScan.o [1]
MAL_GetStatus           0x0800db0d    0x58  Code  Gb  mass_mal.o [1]
MAL_Read                0x0800da9d    0x66  Code  Gb  mass_mal.o [1]
MAL_Write               0x0800da45    0x58  Code  Gb  mass_mal.o [1]
MASS_ConfigDescriptor   0x0800f250    0x20  Data  Gb  usb_desc.o [1]
MASS_DeviceDescriptor   0x0800f4ec    0x14  Data  Gb  usb_desc.o [1]
Mass_Block_Count        0x200046fc     0x8  Data  Gb  mass_mal.o [1]
Mass_Block_Size         0x200046f4     0x8  Data  Gb  mass_mal.o [1]
Mass_Memory_Size        0x200046ec     0x8  Data  Gb  mass_mal.o [1]
Mass_Storage_In         0x0800a815    0x62  Code  Gb  usb_bot.o [1]
Mass_Storage_Out        0x0800a877    0x7e  Code  Gb  usb_bot.o [1]
MaxHeatDotsAdj          0x08003551    0x22  Code  Gb  TP.o [1]
Max_Lun                 0x20004774     0x4  Data  Gb  usb_prop.o [1]
MemManageException      0x0800bb59     0x2  Code  Gb  stm32f10x_it.o [1]
Mode_Sense10_data       0x20004914     0x8  Data  Gb  scsi_data.o [1]
Mode_Sense6_data        0x2000491c     0x4  Data  Gb  scsi_data.o [1]
NMIException            0x0800ba69     0x2  Code  Gb  stm32f10x_it.o [1]
NOP_Process             0x08008051     0x2  Code  Gb  usb_core.o [1]
NVIC_DisableIRQ         0x0800c4b1    0x14  Code  Gb  main.o [1]
NVIC_EnableIRQ          0x0800c4c5    0x20  Code  Gb  main.o [1]
NVIC_GenerateSystemReset
                        0x0800d73d     0xc  Code  Gb  stm32f10x_nvic.o [1]
NVIC_Init               0x0800d679    0xa0  Code  Gb  stm32f10x_nvic.o [1]
NVIC_PriorityGroupConfig
                        0x0800d669     0xa  Code  Gb  stm32f10x_nvic.o [1]
NVIC_SETFAULTMASK       0x0800d721     0x8  Code  Gb  stm32f10x_nvic.o [1]
NVIC_SetVectorTable     0x0800d729    0x10  Code  Gb  stm32f10x_nvic.o [1]
NVIC_SystemHandlerPriorityConfig
                        0x0800d749    0x72  Code  Gb  stm32f10x_nvic.o [1]
NoData_Setup0           0x08007a65   0x152  Code  Lc  usb_core.o [1]
Out0_Process            0x08007f69    0x4c  Code  Gb  usb_core.o [1]
PMAToUserBufferCopy     0x0800ed1f    0x22  Code  Gb  usb_mem.o [1]
PVD_IRQHandler          0x0800bb6f     0x2  Code  Gb  stm32f10x_it.o [1]
Page00_Inquiry_Data     0x20004704     0x8  Data  Gb  scsi_data.o [1]
PaperStartSns           0x08009bed    0xd4  Code  Gb  PaperDetect.o [1]
PendSVC                 0x0800bb63     0x2  Code  Gb  stm32f10x_it.o [1]
Post0_Process           0x08007fb5    0x4c  Code  Gb  usb_core.o [1]
PrintBufPushBytes       0x0800ce61    0x18  Code  Gb  uart.o [1]
PrintBufPushLine        0x0800ce79    0x18  Code  Gb  uart.o [1]
PrintBufToZero          0x0800ce91    0x1e  Code  Gb  uart.o [1]
PrintCurrentBuffer      0x08009801    0x34  Code  Gb  DotFill.o [1]
PrintCurrentBuffer_0    0x08009835    0x32  Code  Gb  DotFill.o [1]
Printer_ConfigDescriptor
                        0x0800f270    0x20  Data  Gb  usb_desc.o [1]
Printer_DeviceDescriptor
                        0x0800f500    0x14  Data  Gb  usb_desc.o [1]
RCC_ADCCLKConfig        0x0800b5d1    0x14  Code  Gb  stm32f10x_rcc.o [1]
RCC_AHBPeriphClockCmd   0x0800b6c9    0x24  Code  Gb  stm32f10x_rcc.o [1]
RCC_APB1PeriphClockCmd  0x0800b711    0x24  Code  Gb  stm32f10x_rcc.o [1]
RCC_APB2PeriphClockCmd  0x0800b6ed    0x24  Code  Gb  stm32f10x_rcc.o [1]
RCC_Configuration       0x0800c3b1    0x88  Code  Gb  main.o [1]
RCC_DeInit              0x0800b45d    0x5c  Code  Gb  stm32f10x_rcc.o [1]
RCC_GetClocksFreq       0x0800b5e5    0xe0  Code  Gb  stm32f10x_rcc.o [1]
RCC_GetFlagStatus       0x0800b735    0x44  Code  Gb  stm32f10x_rcc.o [1]
RCC_GetSYSCLKSource     0x0800b57d     0xa  Code  Gb  stm32f10x_rcc.o [1]
RCC_HCLKConfig          0x0800b587    0x14  Code  Gb  stm32f10x_rcc.o [1]
RCC_HSEConfig           0x0800b4b9    0x54  Code  Gb  stm32f10x_rcc.o [1]
RCC_IRQHandler          0x0800bb77     0x2  Code  Gb  stm32f10x_it.o [1]
RCC_PCLK1Config         0x0800b59b    0x14  Code  Gb  stm32f10x_rcc.o [1]
RCC_PCLK2Config         0x0800b5af    0x16  Code  Gb  stm32f10x_rcc.o [1]
RCC_PLLCmd              0x0800b55d     0xc  Code  Gb  stm32f10x_rcc.o [1]
RCC_PLLConfig           0x0800b545    0x16  Code  Gb  stm32f10x_rcc.o [1]
RCC_SYSCLKConfig        0x0800b569    0x14  Code  Gb  stm32f10x_rcc.o [1]
RCC_USBCLKConfig        0x0800b5c5     0xc  Code  Gb  stm32f10x_rcc.o [1]
RCC_WaitForHSEStartUp   0x0800b50d    0x38  Code  Gb  stm32f10x_rcc.o [1]
RTCAlarm_IRQHandler     0x0800bc83     0x2  Code  Gb  stm32f10x_it.o [1]
RTC_IRQHandler          0x0800bb73     0x2  Code  Gb  stm32f10x_it.o [1]
ReadCapacity10_Data     0x2000470c     0x8  Data  Gb  scsi_data.o [1]
ReadFormatCapacity_Data
                        0x20004908     0xc  Data  Gb  scsi_data.o [1]
ReadTerminalPara        0x0800e0b5    0x98  Code  Gb  Terminal_Para_m.o [1]
Read_Memory             0x0800c745   0x108  Code  Gb  memory.o [1]
Region$$Table$$Base     0x0800f20c           --   Gb  - Linker created -
Region$$Table$$Limit    0x0800f230           --   Gb  - Linker created -
SCSI_Address_Management
                        0x0800a78b    0x7e  Code  Gb  usb_scsi.o [1]
SCSI_BlkLen             0x2000475c     0x4  Data  Gb  usb_bot.o [1]
SCSI_Format_Cmd         0x0800a721    0x2a  Code  Gb  usb_scsi.o [1]
SCSI_Inquiry_Cmd        0x0800a3d5    0x48  Code  Gb  usb_scsi.o [1]
SCSI_Invalid_Cmd        0x0800a74b    0x40  Code  Gb  usb_scsi.o [1]
SCSI_LBA                0x20004758     0x4  Data  Gb  usb_bot.o [1]
SCSI_ModeSense10_Cmd    0x0800a589    0x10  Code  Gb  usb_scsi.o [1]
SCSI_ModeSense6_Cmd     0x0800a579    0x10  Code  Gb  usb_scsi.o [1]
SCSI_Read10_Cmd         0x0800a5d1    0x7c  Code  Gb  usb_scsi.o [1]
SCSI_ReadCapacity10_Cmd
                        0x0800a4c5    0xb4  Code  Gb  usb_scsi.o [1]
SCSI_ReadFormatCapacity_Cmd
                        0x0800a41d    0xa8  Code  Gb  usb_scsi.o [1]
SCSI_RequestSense_Cmd   0x0800a599    0x1e  Code  Gb  usb_scsi.o [1]
SCSI_Start_Stop_Unit_Cmd
                        0x0800a5c5     0xc  Code  Gb  usb_scsi.o [1]
SCSI_TestUnitReady_Cmd  0x0800a6ef    0x32  Code  Gb  usb_scsi.o [1]
SCSI_Verify10_Cmd       0x0800a6b5    0x3a  Code  Gb  usb_scsi.o [1]
SCSI_Write10_Cmd        0x0800a64d    0x64  Code  Gb  usb_scsi.o [1]
SDIO_IRQHandler         0x0800bc93     0x2  Code  Gb  stm32f10x_it.o [1]
SPI1_IRQHandler         0x0800bc0b     0x2  Code  Gb  stm32f10x_it.o [1]
SPI2_IRQHandler         0x0800bc0d     0x2  Code  Gb  stm32f10x_it.o [1]
SPI3_IRQHandler         0x0800bc97     0x2  Code  Gb  stm32f10x_it.o [1]
SPI_Cmd                 0x0800ea53    0x1a  Code  Gb  stm32f10x_spi.o [1]
SPI_I2S_GetFlagStatus   0x0800ea75    0x1a  Code  Gb  stm32f10x_spi.o [1]
SPI_I2S_ReceiveData     0x0800ea71     0x4  Code  Gb  stm32f10x_spi.o [1]
SPI_I2S_SendData        0x0800ea6d     0x4  Code  Gb  stm32f10x_spi.o [1]
SPI_Init                0x0800ea15    0x3e  Code  Gb  stm32f10x_spi.o [1]
SVCHandler              0x0800bb61     0x2  Code  Gb  stm32f10x_it.o [1]
SaveRState              0x20004788     0x2  Data  Gb  usb_int.o [1]
SaveTState              0x2000478a     0x2  Data  Gb  usb_int.o [1]
SaveTerminalPara        0x0800e14d    0x1a  Code  Gb  Terminal_Para_m.o [1]
Scsi_Sense_Data         0x200048d4    0x14  Data  Gb  scsi_data.o [1]
SetBTABLE               0x0800c4e5     0xe  Code  Gb  usb_regs.o [1]
SetDesity               0x08003c85     0xa  Code  Gb  TP.o [1]
SetDeviceAddress        0x08008001    0x50  Code  Gb  usb_core.o [1]
SetEPRxAddr             0x0800c657    0x1e  Code  Gb  usb_regs.o [1]
SetEPRxCount            0x0800c6bf    0x44  Code  Gb  usb_regs.o [1]
SetEPRxStatus           0x0800c54d    0x38  Code  Gb  usb_regs.o [1]
SetEPRxValid            0x0800c585    0x2c  Code  Gb  usb_regs.o [1]
SetEPTxAddr             0x0800c639    0x1e  Code  Gb  usb_regs.o [1]
SetEPTxCount            0x0800c6a5    0x1a  Code  Gb  usb_regs.o [1]
SetEPTxStatus           0x0800c513    0x3a  Code  Gb  usb_regs.o [1]
SetEPType               0x0800c4f3    0x20  Code  Gb  usb_regs.o [1]
Set_CSW                 0x0800abd5    0x38  Code  Gb  usb_bot.o [1]
Set_Scsi_Sense_Data     0x0800a5b7     0xa  Code  Gb  usb_scsi.o [1]
Setup0_Process          0x08007e65    0x8c  Code  Gb  usb_core.o [1]
Standard_ClearFeature   0x08007699   0x158  Code  Gb  usb_core.o [1]
Standard_GetConfiguration
                        0x08007475    0x2a  Code  Gb  usb_core.o [1]
Standard_GetDescriptorData
                        0x080078d3    0x24  Code  Gb  usb_core.o [1]
Standard_GetInterface   0x080074ed    0x2a  Code  Gb  usb_core.o [1]
Standard_GetStatus      0x08007599   0x100  Code  Gb  usb_core.o [1]
Standard_Inquiry_Data   0x200047d4    0x24  Data  Gb  scsi_data.o [1]
Standard_Inquiry_Data2  0x200047f8    0x24  Data  Gb  scsi_data.o [1]
Standard_SetConfiguration
                        0x0800749f    0x4e  Code  Gb  usb_core.o [1]
Standard_SetDeviceFeature
                        0x080078af    0x24  Code  Gb  usb_core.o [1]
Standard_SetEndPointFeature
                        0x080077f5    0xba  Code  Gb  usb_core.o [1]
Standard_SetInterface   0x08007517    0x82  Code  Gb  usb_core.o [1]
Status                  0x2000471c     0x4  Data  Gb  mass_mal.o [1]
StatusInfo              0x20004760     0x4  Data  Gb  usb_core.o [1]
String_Descriptor       0x20004860    0x20  Data  Gb  usb_prop.o [1]
SysTickHandler          0x0800bb65     0x8  Code  Gb  stm32f10x_it.o [1]
SysTick_CLKSourceConfig
                        0x0800e911    0x20  Code  Gb  stm32f10x_systick.o [1]
SysTick_CounterCmd      0x0800e93d    0x30  Code  Gb  stm32f10x_systick.o [1]
SysTick_IRQ_Handle      0x08009eed    0x74  Code  Gb  PaperDetect.o [1]
SysTick_ITConfig        0x0800e96d    0x22  Code  Gb  stm32f10x_systick.o [1]
SysTick_SetReload       0x0800e931     0xc  Code  Gb  stm32f10x_systick.o [1]
TAMPER_IRQHandler       0x0800bb71     0x2  Code  Gb  stm32f10x_it.o [1]
TIM1_BRK_IRQHandler     0x0800bbcb     0x2  Code  Gb  stm32f10x_it.o [1]
TIM1_CC_IRQHandler      0x0800bbd1     0x2  Code  Gb  stm32f10x_it.o [1]
TIM1_TRG_COM_IRQHandler
                        0x0800bbcf     0x2  Code  Gb  stm32f10x_it.o [1]
TIM1_UP_IRQHandler      0x0800bbcd     0x2  Code  Gb  stm32f10x_it.o [1]
TIM2_IRQHandler         0x0800bbd3     0x8  Code  Gb  stm32f10x_it.o [1]
TIM2_UpdateISRHandler   0x0800e737    0x1c  Code  Gb  TimeBase.o [1]
TIM3_IRQHandler         0x0800bbdd    0x24  Code  Gb  stm32f10x_it.o [1]
TIM3_IRQ_Handle         0x08003c39    0x1c  Code  Gb  TP.o [1]
TIM4_IRQHandler         0x0800bc01     0x2  Code  Gb  stm32f10x_it.o [1]
TIM5_IRQHandler         0x0800bc95     0x2  Code  Gb  stm32f10x_it.o [1]
TIM6_IRQHandler         0x0800bd07     0x2  Code  Gb  stm32f10x_it.o [1]
TIM7_IRQHandler         0x0800bd09     0x2  Code  Gb  stm32f10x_it.o [1]
TIM8_BRK_IRQHandler     0x0800bc87     0x2  Code  Gb  stm32f10x_it.o [1]
TIM8_CC_IRQHandler      0x0800bc8d     0x2  Code  Gb  stm32f10x_it.o [1]
TIM8_TRG_COM_IRQHandler
                        0x0800bc8b     0x2  Code  Gb  stm32f10x_it.o [1]
TIM8_UP_IRQHandler      0x0800bc89     0x2  Code  Gb  stm32f10x_it.o [1]
TIM_ARRPreloadConfig    0x0800d4a3    0x1c  Code  Gb  stm32f10x_tim.o [1]
TIM_ClearITPendingBit   0x0800d4f1     0x8  Code  Gb  stm32f10x_tim.o [1]
TIM_Cmd                 0x0800d46f    0x1c  Code  Gb  stm32f10x_tim.o [1]
TIM_GetITStatus         0x0800d4bf    0x32  Code  Gb  stm32f10x_tim.o [1]
TIM_ITConfig            0x0800d48b    0x18  Code  Gb  stm32f10x_tim.o [1]
TIM_OC1Init             0x0800d3b7    0x76  Code  Gb  stm32f10x_tim.o [1]
TIM_OCStructInit        0x0800d44d    0x22  Code  Gb  stm32f10x_tim.o [1]
TIM_TimeBaseInit        0x0800d381    0x36  Code  Gb  stm32f10x_tim.o [1]
TIM_TimeBaseStructInit  0x0800d435    0x18  Code  Gb  stm32f10x_tim.o [1]
TPAdjustStepTime        0x08003361   0x110  Code  Lc  TP.o [1]
TPBMSNSDetect           0x08009cc5   0x148  Code  Gb  PaperDetect.o [1]
TPCheckBuf              0x0800372f   0x17e  Code  Lc  TP.o [1]
TPDataDMAShiftToPrn     0x08003715    0x1a  Code  Lc  TP.o [1]
TPDataShiftCntProc      0x08003575   0x184  Code  Lc  TP.o [1]
TPDataShiftOut          0x080036f9    0x1c  Code  Lc  TP.o [1]
TPFeedLine              0x08003dd7    0x18  Code  Gb  TP.o [1]
TPFeedStart             0x08003df1    0x18  Code  Gb  TP.o [1]
TPFeedStep              0x080034b9    0x48  Code  Lc  TP.o [1]
TPFeedStop              0x08003e09     0xc  Code  Gb  TP.o [1]
TPForwardStep           0x08003141   0x180  Code  Lc  TP.o [1]
TPGetStepTime           0x08003471    0x30  Code  Lc  TP.o [1]
TPHTemperature          0x0800df59    0x5c  Code  Gb  ThermalDetect.o [1]
TPHeatDotsAdj           0x0800331d    0x44  Code  Lc  TP.o [1]
TPHeatPreLineAdj        0x08003319     0x2  Code  Lc  TP.o [1]
TPHeatThermalAdj        0x080032cd    0x4c  Code  Lc  TP.o [1]
TPHeatVoltageAdj        0x080032c9     0x2  Code  Lc  TP.o [1]
TPISRProc               0x080038bd   0x37c  Code  Gb  TP.o [1]
TPInit                  0x08003009   0x138  Code  Gb  TP.o [1]
TPIntSetIdle            0x08003523    0x28  Code  Lc  TP.o [1]
TPIntSetPreIdle         0x08003501    0x22  Code  Lc  TP.o [1]
TPPaperSNSDetect        0x08009e0d    0xb4  Code  Gb  PaperDetect.o [1]
TPPaperSNSInit          0x08009a7d   0x170  Code  Gb  PaperDetect.o [1]
TPPrintAsciiLine        0x08003e15     0x8  Code  Gb  TP.o [1]
TPPrintCmdToBuf         0x08003d49    0x80  Code  Lc  TP.o [1]
TPPrintLine             0x08003dc9     0xe  Code  Gb  TP.o [1]
TPPrintTestPage         0x08003e1d   0x268  Code  Gb  TP.o [1]
TPPrinterMark           0x08009ec1    0x12  Code  Gb  PaperDetect.o [1]
TPPrinterReady          0x08009ed3    0x14  Code  Gb  PaperDetect.o [1]
TPSetSpeed              0x08003c55    0x30  Code  Gb  TP.o [1]
TPSetTimeCnt            0x080034a5    0x10  Code  Lc  TP.o [1]
TPStart                 0x08003cd5    0x74  Code  Lc  TP.o [1]
TP_dot                  0x200039c4   0x310  Data  Lc  TP.o [1]
TimeBase_Init           0x0800e6c3    0x74  Code  Gb  TimeBase.o [1]
TpAccelerationSteps     0x0800d7c4   0x150  Data  Lc  TP.o [1]
TranRtoDegree           0x0800ded5    0x84  Code  Gb  ThermalDetect.o [1]
TranVtoR                0x0800dea9    0x2a  Code  Gb  ThermalDetect.o [1]
TransferState           0x20004799     0x1  Data  Gb  memory.o [1]
Transfer_Data_Request   0x0800aba1    0x32  Code  Gb  usb_bot.o [1]
UART4_IRQHandler        0x0800bc99    0x6c  Code  Gb  stm32f10x_it.o [1]
UART5_IRQHandler        0x0800bd05     0x2  Code  Gb  stm32f10x_it.o [1]
USART1_IRQHandler       0x0800bc11    0x6c  Code  Gb  stm32f10x_it.o [1]
USART2_IRQHandler       0x0800bc7d     0x2  Code  Gb  stm32f10x_it.o [1]
USART3_IRQHandler       0x0800bc7f     0x2  Code  Gb  stm32f10x_it.o [1]
USART_Cmd               0x0800cf55    0x1a  Code  Gb  stm32f10x_usart.o [1]
USART_DMACmd            0x0800cfbf    0x18  Code  Gb  stm32f10x_usart.o [1]
USART_GetFlagStatus     0x0800cfdf    0x1a  Code  Gb  stm32f10x_usart.o [1]
USART_GetITStatus       0x0800cff9    0x64  Code  Gb  stm32f10x_usart.o [1]
USART_ITConfig          0x0800cf6f    0x50  Code  Gb  stm32f10x_usart.o [1]
USART_Init              0x0800ceb9    0x9c  Code  Gb  stm32f10x_usart.o [1]
USART_ReceiveData       0x0800cfd7     0x8  Code  Gb  stm32f10x_usart.o [1]
USBWakeUp_IRQHandler    0x0800bc85     0x2  Code  Gb  stm32f10x_it.o [1]
USB_APP_ClearFeature    0x0800a129    0x1c  Code  Gb  usb_prop.o [1]
USB_APP_Data_Setup      0x0800a155    0xc4  Code  Gb  usb_prop.o [1]
USB_APP_GetConfigDescriptor
                        0x0800a2ed    0x2c  Code  Gb  usb_prop.o [1]
USB_APP_GetDeviceDescriptor
                        0x0800a2bd    0x2c  Code  Gb  usb_prop.o [1]
USB_APP_GetStringDescriptor
                        0x0800a321    0x28  Code  Gb  usb_prop.o [1]
USB_APP_Get_Interface_Setting
                        0x0800a349    0x18  Code  Gb  usb_prop.o [1]
USB_APP_NoData_Setup    0x0800a219    0x98  Code  Gb  usb_prop.o [1]
USB_APP_Reset           0x08009fa9   0x148  Code  Gb  usb_prop.o [1]
USB_APP_SetConfiguration
                        0x0800a0f9    0x30  Code  Gb  usb_prop.o [1]
USB_APP_SetDeviceAddress
                        0x0800a145     0x8  Code  Gb  usb_prop.o [1]
USB_APP_Status_In       0x0800a151     0x2  Code  Gb  usb_prop.o [1]
USB_APP_Status_Out      0x0800a153     0x2  Code  Gb  usb_prop.o [1]
USB_APP_StringLangID    0x0800f7b4     0x4  Data  Gb  usb_desc.o [1]
USB_APP_StringProduct   0x0800f290    0x20  Data  Gb  usb_desc.o [1]
USB_APP_StringSerial    0x20004880    0x1c  Data  Gb  usb_desc.o [1]
USB_APP_StringVendor    0x0800f12c    0x28  Data  Gb  usb_desc.o [1]
USB_APP_init            0x08009f69    0x40  Code  Gb  usb_prop.o [1]
USB_HP_CAN_TX_IRQHandler
                        0x0800bbb5     0x8  Code  Gb  stm32f10x_it.o [1]
USB_Init                0x0800ee61    0x40  Code  Gb  usb_init.o [1]
USB_Istr                0x0800e755    0x9c  Code  Gb  usb_istr.o [1]
USB_LP_CAN_RX0_IRQHandler
                        0x0800bbbd     0x8  Code  Gb  stm32f10x_it.o [1]
USB_PowerOn             0x0800ef1d    0x34  Code  Gb  usb_pwr.o [1]
USB_SIL_Read            0x0800ec13    0x2c  Code  Gb  usb_sil.o [1]
USB_SIL_Write           0x0800ebe5    0x2e  Code  Gb  usb_sil.o [1]
Unconfigure_All         0x0800c43d    0x20  Code  Lc  main.o [1]
UsageFaultException     0x0800bb5d     0x2  Code  Gb  stm32f10x_it.o [1]
UserToPMABufferCopy     0x0800ecf1    0x2e  Code  Gb  usb_mem.o [1]
User_Standard_Requests  0x2000481c    0x24  Data  Gb  usb_prop.o [1]
WWDG_IRQHandler         0x0800bb6d     0x2  Code  Gb  stm32f10x_it.o [1]
Wake_up                 0x08003c91    0x44  Code  Gb  TP.o [1]
Write_Memory            0x0800c84d   0x120  Code  Gb  memory.o [1]
_GenldDefault           0x08006561   0x24c  Code  Lc  xprintffull.o [3]
_LdtobDefault           0x0800613d   0x404  Code  Lc  xprintffull.o [3]
_LitobDefault           0x08006025   0x110  Code  Lc  xprintffull.o [3]
_Printf                 0x08005b11   0x50c  Code  Gb  xprintffull.o [3]
_Prout                  0x0800f437    0x16  Code  Gb  xprout.o [3]
_PutcharsDefault        0x080067ad    0x32  Code  Lc  xprintffull.o [3]
_SNProut                0x0800f32d    0x1a  Code  Gb  xsnprout.o [3]
__BASEPRICONFIG         0x0800e9ff          Code  Gb  cortexm3_macro.o [1]
__DMB                   0x0800e9b1          Code  Gb  cortexm3_macro.o [1]
__DSB                   0x0800e9ab          Code  Gb  cortexm3_macro.o [1]
__GetBASEPRI            0x0800ea05          Code  Gb  cortexm3_macro.o [1]
__ISB                   0x0800e9a5          Code  Gb  cortexm3_macro.o [1]
__MRS_CONTROL           0x0800e9bb          Code  Gb  cortexm3_macro.o [1]
__MRS_MSP               0x0800e9d7          Code  Gb  cortexm3_macro.o [1]
__MRS_PSP               0x0800e9cb          Code  Gb  cortexm3_macro.o [1]
__MSR_CONTROL           0x0800e9c1          Code  Gb  cortexm3_macro.o [1]
__MSR_MSP               0x0800e9dd          Code  Gb  cortexm3_macro.o [1]
__MSR_PSP               0x0800e9d1          Code  Gb  cortexm3_macro.o [1]
__READ_FAULTMASK        0x0800e9f9          Code  Gb  cortexm3_macro.o [1]
__READ_PRIMASK          0x0800e9eb          Code  Gb  cortexm3_macro.o [1]
__RESETFAULTMASK        0x0800e9f1          Code  Gb  cortexm3_macro.o [1]
__RESETPRIMASK          0x0800e9e3          Code  Gb  cortexm3_macro.o [1]
__REV_HalfWord          0x0800ea0b          Code  Gb  cortexm3_macro.o [1]
__REV_Word              0x0800ea0f          Code  Gb  cortexm3_macro.o [1]
__SETFAULTMASK          0x0800e9f5          Code  Gb  cortexm3_macro.o [1]
__SETPRIMASK            0x0800e9e7          Code  Gb  cortexm3_macro.o [1]
__SEV                   0x0800e9a1          Code  Gb  cortexm3_macro.o [1]
__SVC                   0x0800e9b7          Code  Gb  cortexm3_macro.o [1]
__WFE                   0x0800e99d          Code  Gb  cortexm3_macro.o [1]
__WFI                   0x0800e999          Code  Gb  cortexm3_macro.o [1]
__aeabi_assert          0x0800eddf    0x42  Code  Gb  xassert.o [3]
__aeabi_cdcmple         0x0800eff5          Code  Gb  DblCmpLe.o [4]
__aeabi_cdrcmple        0x0800f025          Code  Gb  DblCmpGe.o [4]
__aeabi_d2iz            0x0800ec99          Code  Gb  DblToI32.o [4]
__aeabi_d2uiz           0x0800ecc5          Code  Gb  DblToI32.o [4]
__aeabi_dadd            0x0800e389          Code  Gb  DblAdd.o [4]
__aeabi_ddiv            0x0800bd39          Code  Gb  DblDiv.o [4]
__aeabi_dmul            0x0800d05d          Code  Gb  DblMul.o [4]
__aeabi_dsub            0x0800d201          Code  Gb  DblSub.o [4]
__aeabi_i2d             0x0800f055          Code  Gb  I32ToDbl.o [4]
__aeabi_ldiv0           0x0800f7b9          Code  Gb  I64DivZer.o [4]
__aeabi_ldivmod         0x0800d915          Code  Gb  I64DivMod.o [4]
__aeabi_memcpy          0x0800eb09          Code  Gb  ABImemcpy.o [4]
__aeabi_memcpy4         0x0800eb23          Code  Gb  ABImemcpy.o [4]
__aeabi_memcpy8         0x0800eb23          Code  Gb  ABImemcpy.o [4]
__aeabi_ui2d            0x0800f069          Code  Gb  I32ToDbl.o [4]
__aeabi_uldivmod        0x0800d929          Code  Gb  I64DivMod.o [4]
__dwrite                0x0800f2f1    0x1e  Code  Gb  dwrite.o [5]
__exit                  0x0800f515    0x14  Code  Gb  exit.o [5]
__iar_Dnorm             0x0800e545    0xb4  Code  Gb  xdnorm.o [3]
__iar_Dscale            0x0800dd99   0x110  Code  Gb  xdscale.o [3]
__iar_EmptyStepPoint    0x0800eddd     0x2  Code  Gb  xassert.o [3]
__iar_Memchr            0x0800ec41          Code  Gb  memchr.o [4]
__iar_ReportAssert      0x0800eaa9    0x60  Code  Gb  xreportassert.o [3]
__iar_Strchr            0x0800f421          Code  Gb  strchr.o [4]
__iar_copy_init2        0x0800f1e9    0x24  Code  Gb  copy_init2.o [4]
__iar_d2uiz             0x0800eccf          Code  Gb  DblToI32.o [4]
__iar_dadd              0x0800e39b          Code  Gb  DblAdd.o [4]
__iar_data_init2        0x0800f311    0x1c  Code  Gb  data_init2.o [4]
__iar_dsub              0x0800d213          Code  Gb  DblSub.o [4]
__iar_dsubStart         0x0800d225          Code  Gb  DblSub.o [4]
__iar_program_start     0x0800f409          Code  Gb  cmain.o [4]
__iar_sh_stdout         0x0800ed59    0x3c  Code  Gb  iarwstd.o [5]
__iar_sh_stdout_close   0x0800ed45    0x14  Code  Gb  iarwstd.o [5]
__iar_sh_stdout_handle  0x2000477c     0x4  Data  Lc  iarwstd.o [5]
__iar_sh_write          0x0800f2d1    0x20  Code  Gb  iarwrite.o [5]
__iar_ui2d              0x0800f06b          Code  Gb  I32ToDbl.o [4]
__iar_zero_init2        0x0800f347    0x1a  Code  Gb  zero_init2.o [4]
__low_level_init        0x0800f7bb     0x4  Code  Gb  low_level_init.o [3]
__vector_table          0x08000000   0x140  Data  Gb  stm32f10x_vector.o [1]
__write                 0x0800f5ed    0x10  Code  Gb  write.o [5]
_exit                   0x0800f75d          Code  Gb  cexit.o [4]
_main                   0x0800f41b          Code  Gb  cmain.o [4]
abort                   0x0800f7a1     0x8  Code  Gb  abort.o [3]
bDeviceState            0x20004778     0x4  Data  Gb  usb_pwr.o [1]
bIntPackSOF             0x200047a0     0x1  Data  Gb  usb_istr.o [1]
bm_cnt                  0x20004794     0x1  Data  Gb  PaperDetect.o [1]
bt_connect_status       0x2000478e     0x1  Data  Lc  BT816.o [1]
buffer                  0x20000410  0x1000  Data  Lc  spi_flash.o [1]
buffer_out              0x200045b4    0x40  Data  Gb  usb_endp.o [1]
check_fs                0x08000be9    0x78  Code  Lc  ff.o [1]
chk_chr                 0x08000185    0x14  Code  Lc  ff.o [1]
chk_mounted             0x08000c61   0x364  Code  Lc  ff.o [1]
clmt_clust              0x0800063f    0x2a  Code  Lc  ff.o [1]
clr_all_dot             0x20004795     0x1  Data  Gb  TP.o [1]
clust2sect              0x080002e3    0x18  Code  Gb  ff.o [1]
crc32                   0x0800f155    0x28  Code  Gb  crc32.o [1]
crc32_tab               0x0800b05c   0x400  Data  Lc  crc32.o [1]
create_chain            0x08000585    0xba  Code  Lc  ff.o [1]
create_name             0x080009bd   0x194  Code  Lc  ff.o [1]
current_cache_block     0x20004748     0x4  Data  Lc  spi_flash.o [1]
current_channel         0x20004797     0x1  Data  Gb  esc_p.o [1]
data_uart_init          0x0800e885    0x88  Code  Gb  data_uart.o [1]
delay_ms                0x0800e6a9    0x1a  Code  Gb  TimeBase.o [1]
dir_find                0x0800084f    0x62  Code  Lc  ff.o [1]
dir_next                0x08000719   0x136  Code  Lc  ff.o [1]
dir_read                0x080008b1    0x5c  Code  Lc  ff.o [1]
dir_register            0x0800090d    0x7e  Code  Lc  ff.o [1]
dir_remove              0x0800098b    0x30  Code  Lc  ff.o [1]
dir_sdi                 0x08000669    0xb0  Code  Lc  ff.o [1]
disk_initialize         0x0800e2a1    0x12  Code  Gb  diskio.o [1]
disk_ioctl              0x0800e34d    0x3c  Code  Gb  diskio.o [1]
disk_read               0x0800e2c9    0x44  Code  Gb  diskio.o [1]
disk_status             0x0800e2b7    0x12  Code  Gb  diskio.o [1]
disk_write              0x0800e30d    0x38  Code  Gb  diskio.o [1]
div                     0x0800f5fd     0xe  Code  Gb  div.o [3]
double_byte             0x08001f51    0x6a  Code  Lc  esc_p.o [1]
dwPictureLBA            0x20004740     0x4  Data  Gb  res_spi_new.o [1]
enter_u_disk_mode       0x0800c27d    0x3c  Code  Gb  main.o [1]
esc_init                0x08002201    0x12  Code  Gb  esc_p.o [1]
esc_p                   0x08002219   0xdec  Code  Gb  esc_p.o [1]
esc_p_init              0x08001fbd   0x240  Code  Gb  esc_p.o [1]
esc_sts                 0x20001410   0xdb4  Data  Gb  esc_p.o [1]
event_init              0x0800db69     0xc  Code  Gb  Event.o [1]
event_pend              0x0800db8f    0x2a  Code  Gb  Event.o [1]
event_post              0x0800db75    0x1a  Code  Gb  Event.o [1]
event_proc              0x0800dbc5    0xc0  Code  Gb  Event.o [1]
evtHead                 0x2000478f     0x1  Data  Lc  Event.o [1]
evtQueue                0x200044f4    0x40  Data  Lc  Event.o [1]
evtTail                 0x20004790     0x1  Data  Lc  Event.o [1]
exit                    0x0800f7a9     0x6  Code  Gb  exit.o [3]
f_close                 0x080014c7    0x18  Code  Gb  ff.o [1]
f_lseek                 0x080014df   0x30c  Code  Gb  ff.o [1]
f_mkfs                  0x080018b5   0x69c  Code  Gb  ff.o [1]
f_mount                 0x08000ff1    0x34  Code  Gb  ff.o [1]
f_open                  0x08001025   0x1e2  Code  Gb  ff.o [1]
f_read                  0x08001207   0x204  Code  Gb  ff.o [1]
f_sync                  0x0800140b    0xbc  Code  Gb  ff.o [1]
f_unlink                0x080017eb    0xc8  Code  Gb  ff.o [1]
fatfs_sector_offset     0x20004750     0x4  Data  Gb  spi_flash.o [1]
flash_state             0x2000479a     0x1  Data  Lc  spi_flash.o [1]
flasize                 0x20004744     0x4  Data  Gb  spi_flash.o [1]
follow_path             0x08000b51    0x94  Code  Lc  ff.o [1]
font_data_read          0x0800af91    0xc8  Code  Gb  res_spi_new.o [1]
fonta_en                0x08004084   0xd80  Data  Gb  res_spi_new.o [1]
fontb_en                0x08008f38   0x600  Data  Gb  res_spi_new.o [1]
fs                      0x20003cd4   0x230  Data  Gb  res_spi_new.o [1]
g_mass_storage_device_type
                        0x2000479b     0x1  Data  Gb  usb_app_config.o [1]
g_param                 0x20004534    0x40  Data  Gb  Terminal_Para_m.o [1]
g_usb_type              0x2000479c     0x1  Data  Gb  usb_app_config.o [1]
get_fat                 0x080002fb    0xf4  Code  Gb  ff.o [1]
get_fattime             0x0800e2b3     0x4  Code  Gb  diskio.o [1]
get_spi_flash_capacity  0x08008699     0x6  Code  Gb  spi_flash.o [1]
hard_fault_handler_c    0x0800ba6d    0xe4  Code  Gb  stm32f10x_it.o [1]
id_array                0x0800ee20    0x40  Data  Gb  spi_flash.o [1]
keyStatus               0x20004791     0x1  Data  Lc  KeyScan.o [1]
kt_memcmp               0x0800e821    0x22  Code  Gb  basic_fun.o [1]
kt_memcpy               0x0800e807    0x1a  Code  Gb  basic_fun.o [1]
kt_memset               0x0800e7f1    0x16  Code  Gb  basic_fun.o [1]
kt_strlen               0x0800e873    0x10  Code  Gb  basic_fun.o [1]
kt_strncpy              0x0800e843    0x30  Code  Gb  basic_fun.o [1]
main                    0x0800c2b9    0xf8  Code  Gb  main.o [1]
max_start_col           0x20004780     0x2  Data  Gb  DotFill.o [1]
mem_cmp                 0x08000165    0x20  Code  Lc  ff.o [1]
mem_cpy                 0x08000141    0x14  Code  Lc  ff.o [1]
mem_set                 0x08000155    0x10  Code  Lc  ff.o [1]
memchr                  0x0800ec41          Code  Gb  memchr.o [4]
move_window             0x08000199    0x74  Code  Lc  ff.o [1]
out                     0x0800ea91    0x16  Code  Lc  xreportassert.o [3]
pEpInt_IN               0x2000489c    0x1c  Data  Gb  usb_istr.o [1]
pEpInt_OUT              0x200048b8    0x1c  Data  Gb  usb_istr.o [1]
pInformation            0x20004768     0x4  Data  Gb  usb_init.o [1]
pProperty               0x2000476c     0x4  Data  Gb  usb_init.o [1]
pUser_Standard_Requests
                        0x20004770     0x4  Data  Gb  usb_init.o [1]
papercnt                0x20004793     0x1  Data  Gb  PaperDetect.o [1]
param_format            0x08007119     0xe  Code  Gb  record_mod.o [1]
param_init              0x08007465     0xe  Code  Gb  record_mod.o [1]
param_mod_state         0x20004796     0x1  Data  Lc  Terminal_Para_m.o [1]
param_read              0x08007129   0x108  Code  Gb  record_mod.o [1]
param_write             0x08007231   0x234  Code  Gb  record_mod.o [1]
port_status             0x200047a1     0x1  Data  Gb  usb_prop.o [1]
print_data_len          0x20004764     0x4  Data  Gb  usb_endp.o [1]
print_device_reset      0x0800a3bd    0x18  Code  Lc  usb_prop.o [1]
print_head_SPI_init     0x0800e471    0x7c  Code  Lc  print_head.o [1]
print_head_init         0x0800e4ed    0x14  Code  Gb  print_head.o [1]
print_head_spi_send_byte
                        0x0800e501    0x40  Code  Gb  print_head.o [1]
printersts              0x20004792     0x1  Data  Gb  PaperDetect.o [1]
printf                  0x0800f2b1    0x20  Code  Gb  printf.o [3]
put_fat                 0x080003ef   0x126  Code  Gb  ff.o [1]
putchar                 0x0800f0b1    0x2a  Code  Gb  putchar.o [3]
read_resdata            0x0800ad39    0x16  Code  Gb  res_spi_new.o [1]
rec_copy4kblk           0x080068c1    0x62  Code  Lc  record_mod.o [1]
rec_getindex            0x08006923    0x18  Code  Lc  record_mod.o [1]
rec_getrecspc           0x08006819    0x3a  Code  Lc  record_mod.o [1]
rec_readsimprit         0x080067e1    0x38  Code  Lc  record_mod.o [1]
rec_writesimprit        0x08006853    0x62  Code  Lc  record_mod.o [1]
recinfo                 0x20004624    0x2c  Data  Lc  record_mod.o [1]
recmod_flasize          0x2000474c     0x4  Data  Gb  spi_flash.o [1]
record_count            0x0800707d    0x96  Code  Gb  record_mod.o [1]
record_format           0x0800693d   0x2bc  Code  Gb  record_mod.o [1]
record_init             0x08006bf9   0x47c  Code  Gb  record_mod.o [1]
remove_chain            0x08000515    0x70  Code  Lc  ff.o [1]
res_buffer              0x2000412c   0x200  Data  Lc  res_spi_new.o [1]
res_init                0x0800acb5    0x80  Code  Gb  res_spi_new.o [1]
res_loadres             0x0800ac51    0x40  Code  Lc  res_spi_new.o [1]
res_upgrade             0x0800ad51   0x23c  Code  Gb  res_spi_new.o [1]
resource_file           0x20003f04   0x228  Data  Lc  res_spi_new.o [1]
restbl                  0x0800ef90    0x34  Data  Gb  ThermalDetect.o [1]
ringbuffer_data_len     0x08004e2d    0x44  Code  Lc  BT816.o [1]
ringbuffer_data_len     0x0800c01d    0x44  Code  Lc  ringbuffer.o [1]
ringbuffer_data_len     0x0800cd29    0x44  Code  Lc  uart.o [1]
ringbuffer_data_len     0x0800e1dd    0x44  Code  Lc  usb_endp.o [1]
ringbuffer_getchar      0x0800c1e7    0x64  Code  Gb  ringbuffer.o [1]
ringbuffer_init         0x0800c061    0x60  Code  Gb  ringbuffer.o [1]
ringbuffer_put          0x0800c0c1    0xc2  Code  Gb  ringbuffer.o [1]
ringbuffer_putchar      0x0800c183    0x64  Code  Gb  ringbuffer.o [1]
ringbuffer_reset        0x0800c255    0x22  Code  Gb  ringbuffer.o [1]
ringbuffer_status       0x08004e05    0x28  Code  Lc  BT816.o [1]
ringbuffer_status       0x0800bff5    0x28  Code  Lc  ringbuffer.o [1]
ringbuffer_status       0x0800cd01    0x28  Code  Lc  uart.o [1]
ringbuffer_status       0x0800e1b5    0x28  Code  Lc  usb_endp.o [1]
send_data_to_BT         0x080052c1    0xb0  Code  Lc  BT816.o [1]
set_BT_free             0x08005ae1    0x30  Code  Gb  BT816.o [1]
setup_font              0x0800ac91    0x1c  Code  Gb  res_spi_new.o [1]
setup_picture           0x0800acad     0x6  Code  Gb  res_spi_new.o [1]
simprit                 0x200046cc    0x10  Data  Lc  record_mod.o [1]
snprintf                0x0800eea1    0x40  Code  Gb  snprintf.o [3]
spi_flash_eraseblock    0x08008245    0x44  Code  Gb  spi_flash.o [1]
spi_flash_erasesector   0x08008201    0x44  Code  Gb  spi_flash.o [1]
spi_flash_init          0x08008055   0x184  Code  Gb  spi_flash.o [1]
spi_flash_page_write    0x0800835d    0x5c  Code  Gb  spi_flash.o [1]
spi_flash_post_write    0x0800869f    0x6c  Code  Gb  spi_flash.o [1]
spi_flash_raddr         0x0800857f    0x50  Code  Gb  spi_flash.o [1]
spi_flash_read          0x080087cf    0x88  Code  Gb  spi_flash.o [1]
spi_flash_rpage         0x08008289    0x78  Code  Gb  spi_flash.o [1]
spi_flash_send_byte     0x080085cf    0x48  Code  Gb  spi_flash.o [1]
spi_flash_valid         0x080081d9    0x22  Code  Gb  spi_flash.o [1]
spi_flash_waddr         0x080083b9   0x1c6  Code  Gb  spi_flash.o [1]
spi_flash_wait_for_write_end
                        0x0800863b    0x58  Code  Gb  spi_flash.o [1]
spi_flash_wpage         0x08008301    0x5c  Code  Gb  spi_flash.o [1]
spi_flash_write         0x0800870b    0xc4  Code  Gb  spi_flash.o [1]
spi_flash_write_enable  0x0800861d    0x1e  Code  Gb  spi_flash.o [1]
spp_rec_buffer          0x200021c4   0xc00  Data  Gb  uart.o [1]
spp_ringbuf             0x200045f4    0x30  Data  Gb  uart.o [1]
strchr                  0x0800f421          Code  Gb  strchr.o [4]
strlen                  0x0800ef59          Code  Gb  strlen.o [4]
sync                    0x0800020d    0xd6  Code  Lc  ff.o [1]
system_error_tip        0x0800c279     0x2  Code  Gb  main.o [1]
systick_cnt             0x20004714     0x4  Data  Gb  PaperDetect.o [1]
tp                      0x2000432c   0x188  Data  Lc  TP.o [1]
usb_Get_SerialNum       0x0800dd31    0x68  Code  Gb  usb_app_config.o [1]
usb_Interrupts_Config   0x0800dca1    0x40  Code  Lc  usb_app_config.o [1]
usb_SetClock            0x0800dc85    0x1c  Code  Lc  usb_app_config.o [1]
usb_cable_insert        0x0800dce1     0x2  Code  Gb  usb_app_config.o [1]
usb_device_init         0x0800dce5    0x4c  Code  Gb  usb_app_config.o [1]
validate                0x08000fc5    0x2c  Code  Lc  ff.o [1]
wInterrupt_Mask         0x20004786     0x2  Data  Gb  usb_init.o [1]
wIstr                   0x2000478c     0x2  Data  Gb  usb_istr.o [1]


[1] = E:\BT Printer\FW\src\Project\EWARMv5\Debug\Obj
[2] = command line
[3] = dl7M_tl_in.a
[4] = rt7M_tl.a
[5] = shb_l.a

  54 768 bytes of readonly  code memory
   9 040 bytes of readonly  data memory
  18 706 bytes of readwrite data memory

Errors: none
Warnings: none
