###############################################################################
#                                                                             #
# IAR ELF Linker V5.30.0.51174/W32 for ARM              03/Dec/2015  18:11:24 #
# Copyright 2007-2009 IAR Systems AB.                                         #
#                                                                             #
#    Output file  =  E:\BT Printer\FW\src\Project\EWARMv5\Debug\Exe\T6.out    #
#    Map file     =  E:\BT Printer\FW\src\Project\EWARMv5\Debug\List\T6.map   #
#    Command line =  "E:\BT Printer\FW\src\Project\EWARMv5\Debug\Obj\BT816.o" #
#                     "E:\BT Printer\FW\src\Project\EWARMv5\Debug\Obj\DotFill #
#                    .o" "E:\BT Printer\FW\src\Project\EWARMv5\Debug\Obj\Even #
#                    t.o" "E:\BT Printer\FW\src\Project\EWARMv5\Debug\Obj\JMe #
#                    mory.o" "E:\BT Printer\FW\src\Project\EWARMv5\Debug\Obj\ #
#                    KeyScan.o" "E:\BT Printer\FW\src\Project\EWARMv5\Debug\O #
#                    bj\PaperDetect.o" "E:\BT Printer\FW\src\Project\EWARMv5\ #
#                    Debug\Obj\TP.o" "E:\BT Printer\FW\src\Project\EWARMv5\De #
#                    bug\Obj\Terminal_Para_m.o" "E:\BT                        #
#                    Printer\FW\src\Project\EWARMv5\Debug\Obj\ThermalDetect.o #
#                    " "E:\BT Printer\FW\src\Project\EWARMv5\Debug\Obj\TimeBa #
#                    se.o" "E:\BT Printer\FW\src\Project\EWARMv5\Debug\Obj\ba #
#                    sic_fun.o" "E:\BT Printer\FW\src\Project\EWARMv5\Debug\O #
#                    bj\cortexm3_macro.o" "E:\BT                              #
#                    Printer\FW\src\Project\EWARMv5\Debug\Obj\crc32.o"        #
#                    "E:\BT Printer\FW\src\Project\EWARMv5\Debug\Obj\data_uar #
#                    t.o" "E:\BT Printer\FW\src\Project\EWARMv5\Debug\Obj\dis #
#                    kio.o" "E:\BT Printer\FW\src\Project\EWARMv5\Debug\Obj\e #
#                    sc_p.o" "E:\BT Printer\FW\src\Project\EWARMv5\Debug\Obj\ #
#                    ff.o" "E:\BT Printer\FW\src\Project\EWARMv5\Debug\Obj\fo #
#                    nt.o" "E:\BT Printer\FW\src\Project\EWARMv5\Debug\Obj\ha #
#                    rdfault_isr_handle_a.o" "E:\BT                           #
#                    Printer\FW\src\Project\EWARMv5\Debug\Obj\hw_config.o"    #
#                    "E:\BT Printer\FW\src\Project\EWARMv5\Debug\Obj\main.o"  #
#                    "E:\BT Printer\FW\src\Project\EWARMv5\Debug\Obj\mass_mal #
#                    .o" "E:\BT Printer\FW\src\Project\EWARMv5\Debug\Obj\memo #
#                    ry.o" "E:\BT Printer\FW\src\Project\EWARMv5\Debug\Obj\pr #
#                    int_head.o" "E:\BT Printer\FW\src\Project\EWARMv5\Debug\ #
#                    Obj\rec_ecc.o" "E:\BT Printer\FW\src\Project\EWARMv5\Deb #
#                    ug\Obj\record_mod.o" "E:\BT                              #
#                    Printer\FW\src\Project\EWARMv5\Debug\Obj\res_spi_new.o"  #
#                    "E:\BT Printer\FW\src\Project\EWARMv5\Debug\Obj\ringbuff #
#                    er.o" "E:\BT Printer\FW\src\Project\EWARMv5\Debug\Obj\sc #
#                    si_data.o" "E:\BT Printer\FW\src\Project\EWARMv5\Debug\O #
#                    bj\spi_flash.o" "E:\BT Printer\FW\src\Project\EWARMv5\De #
#                    bug\Obj\stm32f10x_adc.o" "E:\BT                          #
#                    Printer\FW\src\Project\EWARMv5\Debug\Obj\stm32f10x_bkp.o #
#                    " "E:\BT Printer\FW\src\Project\EWARMv5\Debug\Obj\stm32f #
#                    10x_crc.o" "E:\BT Printer\FW\src\Project\EWARMv5\Debug\O #
#                    bj\stm32f10x_dbgmcu.o" "E:\BT                            #
#                    Printer\FW\src\Project\EWARMv5\Debug\Obj\stm32f10x_dma.o #
#                    " "E:\BT Printer\FW\src\Project\EWARMv5\Debug\Obj\stm32f #
#                    10x_exti.o" "E:\BT Printer\FW\src\Project\EWARMv5\Debug\ #
#                    Obj\stm32f10x_flash.o" "E:\BT                            #
#                    Printer\FW\src\Project\EWARMv5\Debug\Obj\stm32f10x_fsmc. #
#                    o" "E:\BT Printer\FW\src\Project\EWARMv5\Debug\Obj\stm32 #
#                    f10x_gpio.o" "E:\BT Printer\FW\src\Project\EWARMv5\Debug #
#                    \Obj\stm32f10x_i2c.o" "E:\BT                             #
#                    Printer\FW\src\Project\EWARMv5\Debug\Obj\stm32f10x_it.o" #
#                     "E:\BT Printer\FW\src\Project\EWARMv5\Debug\Obj\stm32f1 #
#                    0x_iwdg.o" "E:\BT Printer\FW\src\Project\EWARMv5\Debug\O #
#                    bj\stm32f10x_lib.o" "E:\BT Printer\FW\src\Project\EWARMv #
#                    5\Debug\Obj\stm32f10x_nvic.o" "E:\BT                     #
#                    Printer\FW\src\Project\EWARMv5\Debug\Obj\stm32f10x_pwr.o #
#                    " "E:\BT Printer\FW\src\Project\EWARMv5\Debug\Obj\stm32f #
#                    10x_rcc.o" "E:\BT Printer\FW\src\Project\EWARMv5\Debug\O #
#                    bj\stm32f10x_rtc.o" "E:\BT Printer\FW\src\Project\EWARMv #
#                    5\Debug\Obj\stm32f10x_spi.o" "E:\BT                      #
#                    Printer\FW\src\Project\EWARMv5\Debug\Obj\stm32f10x_systi #
#                    ck.o" "E:\BT Printer\FW\src\Project\EWARMv5\Debug\Obj\st #
#                    m32f10x_tim.o" "E:\BT Printer\FW\src\Project\EWARMv5\Deb #
#                    ug\Obj\stm32f10x_usart.o" "E:\BT                         #
#                    Printer\FW\src\Project\EWARMv5\Debug\Obj\stm32f10x_vecto #
#                    r.o" "E:\BT Printer\FW\src\Project\EWARMv5\Debug\Obj\uar #
#                    t.o" "E:\BT Printer\FW\src\Project\EWARMv5\Debug\Obj\usb #
#                    _app_config.o" "E:\BT Printer\FW\src\Project\EWARMv5\Deb #
#                    ug\Obj\usb_bot.o" "E:\BT Printer\FW\src\Project\EWARMv5\ #
#                    Debug\Obj\usb_core.o" "E:\BT                             #
#                    Printer\FW\src\Project\EWARMv5\Debug\Obj\usb_desc.o"     #
#                    "E:\BT Printer\FW\src\Project\EWARMv5\Debug\Obj\usb_endp #
#                    .o" "E:\BT Printer\FW\src\Project\EWARMv5\Debug\Obj\usb_ #
#                    init.o" "E:\BT Printer\FW\src\Project\EWARMv5\Debug\Obj\ #
#                    usb_int.o" "E:\BT Printer\FW\src\Project\EWARMv5\Debug\O #
#                    bj\usb_istr.o" "E:\BT Printer\FW\src\Project\EWARMv5\Deb #
#                    ug\Obj\usb_mem.o" "E:\BT Printer\FW\src\Project\EWARMv5\ #
#                    Debug\Obj\usb_prop.o" "E:\BT                             #
#                    Printer\FW\src\Project\EWARMv5\Debug\Obj\usb_pwr.o"      #
#                    "E:\BT Printer\FW\src\Project\EWARMv5\Debug\Obj\usb_regs #
#                    .o" "E:\BT Printer\FW\src\Project\EWARMv5\Debug\Obj\usb_ #
#                    scsi.o" "E:\BT Printer\FW\src\Project\EWARMv5\Debug\Obj\ #
#                    usb_sil.o" -o "E:\BT Printer\FW\src\Project\EWARMv5\Debu #
#                    g\Exe\T6.out" --map "E:\BT Printer\FW\src\Project\EWARMv #
#                    5\Debug\List\T6.map" --config "E:\BT                     #
#                    Printer\FW\src\Project\EWARMv5\stm32f10x_debug.icf"      #
#                    --semihosting --entry __iar_program_start                #
#                                                                             #
#                                                                             #
###############################################################################

*******************************************************************************
*** RUNTIME MODEL ATTRIBUTES
***

__endian      = little
__thumb_aware = enabled


*******************************************************************************
*** PLACEMENT SUMMARY
***

"A1":  place at mem:0x8000000 { ro section .intvec };
"P1":  place in [from mem:0x8000000 to mem:0x807ffff] { ro };
"P3":  place in [from mem:0x20000010 to mem:0x2000ffff] {
          rw, block CSTACK, block HEAP };

  Section            Kind        Address     Size  Object
  -------            ----        -------     ----  ------
"A1":                                       0x140
  .intvec            const    0x08000000    0x140  stm32f10x_vector.o [1]
                            - 0x08000140    0x140

"P1":                                     0x10e7b
  .text              ro code  0x08000140   0x1e10  ff.o [1]
  .text              ro code  0x08001f50   0x1514  BT816.o [1]
  .text              ro code  0x08003464   0x10d8  TP.o [1]
  .text              ro code  0x0800453c   0x104e  xprintffull.o [3]
  .text              ro code  0x0800558c    0xf64  esc_p.o [1]
  .rodata            const    0x080064f0    0xd80  res_spi_new.o [1]
  .text              ro code  0x08007270    0xc92  record_mod.o [1]
  .text              ro code  0x08007f04    0xbde  usb_core.o [1]
  .text              ro code  0x08008ae4    0xa40  font.o [1]
  .text              ro code  0x08009524    0x810  spi_flash.o [1]
  .text              ro code  0x08009d34    0x7e8  DotFill.o [1]
  .rodata            const    0x0800a51c    0x600  res_spi_new.o [1]
  .text              ro code  0x0800ab1c    0x4f4  PaperDetect.o [1]
  .text              ro code  0x0800b010    0x440  usb_scsi.o [1]
  .text              ro code  0x0800b450    0x43c  usb_bot.o [1]
  .text              ro code  0x0800b88c    0x40c  res_spi_new.o [1]
  .rodata            const    0x0800bc98    0x400  crc32.o [1]
  .text              ro code  0x0800c098    0x3e4  stm32f10x_it.o [1]
  .text              ro code  0x0800c47c    0x32c  stm32f10x_rcc.o [1]
  .text              ro code  0x0800c7a8    0x2e0  usb_int.o [1]
  .text              ro code  0x0800ca88    0x2bc  usb_prop.o [1]
  .text              ro code  0x0800cd44    0x2bc  DblDiv.o [4]
  .text              ro code  0x0800d000    0x282  ringbuffer.o [1]
  .text              ro code  0x0800d284    0x274  main.o [1]
  .text              ro code  0x0800d4f8    0x260  usb_regs.o [1]
  .text              ro code  0x0800d758    0x23c  memory.o [1]
  .text              ro code  0x0800d994    0x220  uart.o [1]
  .text              ro code  0x0800dbb4    0x1c4  stm32f10x_dma.o [1]
  .text              ro code  0x0800dd78    0x1bc  stm32f10x_adc.o [1]
  .text              ro code  0x0800df34    0x1ac  stm32f10x_usart.o [1]
  .text              ro code  0x0800e0e0    0x1a2  DblMul.o [4]
  .text              ro code  0x0800e284    0x17e  DblSub.o [4]
  .text              ro code  0x0800e404    0x178  stm32f10x_tim.o [1]
  .text              ro code  0x0800e57c    0x170  stm32f10x_gpio.o [1]
  .text              ro code  0x0800e6ec    0x15c  stm32f10x_nvic.o [1]
  .rodata            const    0x0800e848    0x150  TP.o [1]
  .text              ro code  0x0800e998    0x130  I64DivMod.o [4]
  .text              ro code  0x0800eac8    0x12c  TimeBase.o [1]
  .text              ro code  0x0800ebf4    0x124  mass_mal.o [1]
  .text              ro code  0x0800ed18    0x120  Event.o [1]
  .text              ro code  0x0800ee38    0x110  xdscale.o [3]
  .text              ro code  0x0800ef48    0x10c  ThermalDetect.o [1]
  .rodata            const    0x0800f054    0x100  TP.o [1]
  .text              ro code  0x0800f154    0x100  Terminal_Para_m.o [1]
  .text              ro code  0x0800f254     0xf0  usb_app_config.o [1]
  .text              ro code  0x0800f344     0xe8  diskio.o [1]
  .text              ro code  0x0800f42c     0xe6  DblAdd.o [4]
  .text              ro code  0x0800f514     0xd4  print_head.o [1]
  .text              ro code  0x0800f5e8     0xbc  xxmemxmalloc.o [3]
  .text              ro code  0x0800f6a4     0xb4  xdnorm.o [3]
  .text              ro code  0x0800f758     0xb0  KeyScan.o [1]
  .text              ro code  0x0800f808     0xb0  fflush.o [3]
  .text              ro code  0x0800f8b8     0xac  data_uart.o [1]
  .text              ro code  0x0800f964     0x9c  usb_istr.o [1]
  .text              ro code  0x0800fa00     0x8e  packbits_init2.o [4]
  .text              ro code  0x0800fa90     0x8c  stm32f10x_systick.o [1]
  .text              ro code  0x0800fb1c     0x8c  xsyslock.o [3]
  .text              ro code  0x0800fba8     0x88  xxmemxfree.o [3]
  .text              ro code  0x0800fc30     0x84  xreportassert.o [3]
  .text              ro code  0x0800fcb4     0x7a  cortexm3_macro.o [1]
  .text              ro code  0x0800fd30     0x7a  stm32f10x_spi.o [1]
  .text              ro code  0x0800fdac     0x70  ABImemcpy.o [4]
  .text              ro code  0x0800fe1c     0x70  cppinit.o [3]
  .rodata            const    0x0800fe8c     0x6c  TP.o [1]
  .text              ro code  0x0800fef8     0x66  ABImemset.o [4]
  .text              ro code  0x0800ff60     0x62  memcmp.o [4]
  .text              ro code  0x0800ffc4     0x5c  xencoding_sb.o [3]
  .text              ro code  0x08010020     0x5a  usb_sil.o [1]
  .text              ro code  0x0801007c     0x58  memchr.o [4]
  .text              ro code  0x080100d4     0x56  DblToI32.o [4]
  .text              ro code  0x0801012c     0x54  usb_mem.o [1]
  .text              ro code  0x08010180     0x54  iarwstd.o [5]
  .rodata            const    0x080101d4     0x48  xlocale_c.o [3]
  .text              ro code  0x0801021c     0x44  stm32f10x_flash.o [1]
  .text              ro code  0x08010260     0x44  strcpy.o [4]
  .text              ro code  0x080102a4     0x44  xassert.o [3]
  .rodata            const    0x080102e8     0x40  spi_flash.o [1]
  .text              ro code  0x08010328     0x40  usb_init.o [1]
  .text              ro code  0x08010368     0x40  snprintf.o [3]
  .rodata            const    0x080103a8     0x3c  res_spi_new.o [1]
  .text              ro code  0x080103e4     0x3c  usb_pwr.o [1]
  .text              ro code  0x08010420     0x36  strlen.o [4]
  .rodata            const    0x08010458     0x34  ThermalDetect.o [1]
  .text              ro code  0x0801048c     0x34  usb_endp.o [1]
  .rodata            const    0x080104c0     0x30  xreportassert.o [3]
  .text              ro code  0x080104f0     0x30  MtxWrapper.o [3]
  .text              ro code  0x08010520     0x2e  DblCmpLe.o [4]
  .text              ro code  0x08010550     0x2e  DblCmpGe.o [4]
  .text              ro code  0x08010580     0x2e  I32ToDbl.o [4]
  .rodata            const    0x080105b0     0x2c  ringbuffer.o [1]
  .text              ro code  0x080105dc     0x2c  JMemory.o [1]
  .rodata            const    0x08010608     0x28  BT816.o [1]
  .rodata            const    0x08010630     0x28  res_spi_new.o [1]
  .rodata            const    0x08010658     0x28  usb_desc.o [1]
  .text              ro code  0x08010680     0x28  crc32.o [1]
  .text              ro code  0x080106a8     0x28  xgetmemchunk.o [3]
  .rodata            const    0x080106d0     0x24  TP.o [1]
  .rodata            const    0x080106f4     0x24  TP.o [1]
  .rodata            const    0x08010718     0x24  TP.o [1]
  .iar.init_table    const    0x0801073c     0x2c  - Linker created -
  .rodata            const    0x08010768     0x20  TP.o [1]
  .rodata            const    0x08010788     0x20  usb_desc.o [1]
  .rodata            const    0x080107a8     0x20  usb_desc.o [1]
  .text              ro code  0x080107c8     0x20  printf.o [3]
  .text              ro code  0x080107e8     0x20  xmbtowc.o [3]
  .text              ro code  0x08010808     0x20  iarwrite.o [5]
  .text              ro code  0x08010828     0x1e  dwrite.o [5]
  .text              ro code  0x08010848     0x1c  data_init2.o [4]
  .text              ro code  0x08010864     0x1a  xsnprout.o [3]
  .text              ro code  0x0801087e     0x1a  xwctomb.o [3]
  .text              ro code  0x08010898     0x1a  zero_init2.o [4]
  .rodata            const    0x080108b4     0x18  TP.o [1]
  .rodata            const    0x080108cc     0x18  TP.o [1]
  .rodata            const    0x080108e4     0x18  TP.o [1]
  .rodata            const    0x080108fc     0x18  ff.o [1]
  .rodata            const    0x08010914     0x18  ff.o [1]
  .rodata            const    0x0801092c     0x18  main.o [1]
  .rodata            const    0x08010944     0x18  stm32f10x_it.o [1]
  .text              ro code  0x0801095c     0x18  cmain.o [4]
  .text              ro code  0x08010974     0x16  strchr.o [4]
  .text              ro code  0x0801098a     0x16  xprout.o [3]
  .rodata            const    0x080109a0     0x14  TP.o [1]
  .rodata            const    0x080109b4     0x14  TP.o [1]
  .rodata            const    0x080109c8     0x14  TP.o [1]
  .rodata            const    0x080109dc     0x14  TP.o [1]
  .rodata            const    0x080109f0     0x14  TP.o [1]
  .rodata            const    0x08010a04     0x14  TP.o [1]
  .rodata            const    0x08010a18     0x14  ff.o [1]
  .rodata            const    0x08010a2c     0x14  ff.o [1]
  .rodata            const    0x08010a40     0x14  usb_desc.o [1]
  .text              ro code  0x08010a54     0x14  exit.o [5]
  .text              ro code  0x08010a68     0x14  localeconv.o [3]
  .text              ro code  0x08010a7c     0x14  setlocale.o [3]
  .text              ro code  0x08010a90     0x14  BT816.o [1]
  CODE               ro code  0x08010aa4     0x12  hardfault_isr_handle_a.o [1]
  .rodata            const    0x08010ab8     0x10  TP.o [1]
  .rodata            const    0x08010ac8     0x10  TP.o [1]
  .rodata            const    0x08010ad8     0x10  TP.o [1]
  .rodata            const    0x08010ae8     0x10  TP.o [1]
  .rodata            const    0x08010af8     0x10  TP.o [1]
  .rodata            const    0x08010b08     0x10  TP.o [1]
  .rodata            const    0x08010b18     0x10  TP.o [1]
  .rodata            const    0x08010b28     0x10  ff.o [1]
  .rodata            const    0x08010b38     0x10  main.o [1]
  .rodata            const    0x08010b48     0x10  res_spi_new.o [1]
  .rodata            const    0x08010b58     0x10  stm32f10x_rcc.o [1]
  .rodata            const    0x08010b68     0x10  xprintffull.o [3]
  .text              ro code  0x08010b78     0x10  write.o [5]
  .text              ro code  0x08010b88      0xe  cexit.o [4]
  .text              ro code  0x08010b96      0xe  BT816.o [1]
  .text              ro code  0x08010ba4      0xe  div.o [3]
  .rodata            const    0x08010bb4      0xc  BT816.o [1]
  .rodata            const    0x08010bc0      0xc  BT816.o [1]
  .rodata            const    0x08010bcc      0xc  BT816.o [1]
  .rodata            const    0x08010bd8      0xc  BT816.o [1]
  .rodata            const    0x08010be4      0xc  BT816.o [1]
  .rodata            const    0x08010bf0      0xc  BT816.o [1]
  .rodata            const    0x08010bfc      0xc  BT816.o [1]
  .rodata            const    0x08010c08      0xc  BT816.o [1]
  .rodata            const    0x08010c14      0xc  TP.o [1]
  .rodata            const    0x08010c20      0xc  TP.o [1]
  .rodata            const    0x08010c2c      0xc  esc_p.o [1]
  .rodata            const    0x08010c38      0xc  ff.o [1]
  .rodata            const    0x08010c44      0xc  main.o [1]
  .rodata            const    0x08010c50      0xc  ringbuffer.o [1]
  .rodata            const    0x08010c5c      0xc  ringbuffer.o [1]
  .rodata            const    0x08010c68      0xc  stm32f10x_it.o [1]
  .rodata            const    0x08010c74      0xc  stm32f10x_it.o [1]
  .rodata            const    0x08010c80      0xc  stm32f10x_it.o [1]
  .rodata            const    0x08010c8c      0xc  stm32f10x_it.o [1]
  .rodata            const    0x08010c98      0xc  stm32f10x_it.o [1]
  .rodata            const    0x08010ca4      0xc  stm32f10x_it.o [1]
  .rodata            const    0x08010cb0      0xc  stm32f10x_it.o [1]
  .rodata            const    0x08010cbc      0xc  stm32f10x_it.o [1]
  .rodata            const    0x08010cc8      0xc  stm32f10x_it.o [1]
  .rodata            const    0x08010cd4      0xc  stm32f10x_it.o [1]
  .rodata            const    0x08010ce0      0xc  stm32f10x_it.o [1]
  .rodata            const    0x08010cec      0xc  stm32f10x_it.o [1]
  .rodata            const    0x08010cf8      0xc  stm32f10x_it.o [1]
  .text              ro code  0x08010d04      0xc  putchar.o [3]
  .text              ro code  0x08010d10      0xa  xmbcurmax.o [3]
  .rodata            const    0x08010d1c      0x8  BT816.o [1]
  .rodata            const    0x08010d24      0x8  BT816.o [1]
  .rodata            const    0x08010d2c      0x8  BT816.o [1]
  .rodata            const    0x08010d34      0x8  TP.o [1]
  .rodata            const    0x08010d3c      0x8  esc_p.o [1]
  .rodata            const    0x08010d44      0x8  esc_p.o [1]
  .rodata            const    0x08010d4c      0x8  xprintffull.o [3]
  .rodata            const    0x08010d54      0x8  localeconv.o [3]
  .rodata            const    0x08010d5c      0x8  localeconv.o [3]
  .rodata            const    0x08010d64      0x8  xencoding_sb.o [3]
  .rodata            const    0x08010d6c      0x8  xencoding_sb.o [3]
  .rodata            const    0x08010d74      0x8  xlocale_c.o [3]
  .rodata            const    0x08010d7c      0x8  xlocale_c.o [3]
  .text              ro code  0x08010d84      0x8  abort.o [3]
  .text              ro code  0x08010d8c      0x6  exit.o [3]
  .rodata            const    0x08010d94      0x4  stm32f10x_rcc.o [1]
  .rodata            const    0x08010d98      0x4  usb_desc.o [1]
  .text              ro code  0x08010d9c      0x2  I64DivZer.o [4]
  .text              ro code  0x08010d9e      0x4  low_level_init.o [3]
  .rodata            const    0x08010da2      0x2  localeconv.o [3]
  .rodata            const    0x08010da4      0x2  xlocale_c.o [3]
  .rodata            const    0x08010da6      0x1  localeconv.o [3]
  .rodata            const    0x08010da7      0x1  setlocale.o [3]
  .rodata            const    0x08010da8      0x1  xlocale_c.o [3]
  Initializer bytes  ro data  0x08010da9    0x212  <for P3 s0>
                            - 0x08010fbb  0x10e7b

"P3", part 1 of 3:                          0xde0
  CSTACK                      0x20000010    0x800  <Block>
    CSTACK           uninit   0x20000010    0x800  <Block tail>
  HEAP                        0x20000810    0x400  <Block>
    HEAP             uninit   0x20000810    0x400  <Block tail>
  .iar.dynexit                0x20000c10    0x1e0  <Block>
    .iar.dynexit     uninit   0x20000c10      0xc  cppinit.o [3]
    .iar.dynexit     uninit   0x20000c1c    0x1d4  <Block tail>
                            - 0x20000df0    0xde0

"P3", part 2 of 3:                         0xb1c0
  .bss               zero     0x20000df0   0x3e80  main.o [1]
  .bss               zero     0x20004c70   0x36d0  esc_p.o [1]
  .bss               zero     0x20008340   0x1000  BT816.o [1]
  .bss               zero     0x20009340   0x1000  spi_flash.o [1]
  .bss               zero     0x2000a340    0x800  memory.o [1]
  .bss               zero     0x2000ab40    0x400  BT816.o [1]
  .bss               zero     0x2000af40    0x310  TP.o [1]
  .bss               zero     0x2000b250    0x230  res_spi_new.o [1]
  .bss               zero     0x2000b480    0x228  res_spi_new.o [1]
  .bss               zero     0x2000b6a8    0x200  res_spi_new.o [1]
  .bss               zero     0x2000b8a8    0x190  JMemory.o [1]
  .bss               zero     0x2000ba38    0x188  TP.o [1]
  .bss               zero     0x2000bbc0     0x80  BT816.o [1]
  .bss               zero     0x2000bc40     0x50  xfiles.o [3]
  .bss               zero     0x2000bc90     0x50  xfiles.o [3]
  .bss               zero     0x2000bce0     0x40  BT816.o [1]
  .bss               zero     0x2000bd20     0x40  Event.o [1]
  .bss               zero     0x2000bd60     0x40  Terminal_Para_m.o [1]
  .bss               zero     0x2000bda0     0x40  usb_bot.o [1]
  .bss               zero     0x2000bde0     0x30  BT816.o [1]
  .bss               zero     0x2000be10     0x2c  record_mod.o [1]
  .bss               zero     0x2000be3c     0x28  PaperDetect.o [1]
  .bss               zero     0x2000be64     0x20  usb_bot.o [1]
  .bss               zero     0x2000be84     0x1c  usb_init.o [1]
  .bss               zero     0x2000bea0     0x14  xsyslock.o [3]
  .bss               zero     0x2000beb4     0x10  record_mod.o [1]
  .bss               zero     0x2000bec4     0x10  usb_bot.o [1]
  .bss               zero     0x2000bed4      0x8  TimeBase.o [1]
  .bss               zero     0x2000bedc      0x8  mass_mal.o [1]
  .bss               zero     0x2000bee4      0x8  mass_mal.o [1]
  .bss               zero     0x2000beec      0x8  mass_mal.o [1]
  .bss               zero     0x2000bef4      0x8  scsi_data.o [1]
  .bss               zero     0x2000befc      0x8  scsi_data.o [1]
  .bss               zero     0x2000bf04      0x8  xxmemxmalloc.o [3]
  .bss               zero     0x2000bf0c      0x4  ff.o [1]
  .bss               zero     0x2000bf10      0x4  main.o [1]
  .bss               zero     0x2000bf14      0x4  mass_mal.o [1]
  .bss               zero     0x2000bf18      0x4  memory.o [1]
  .bss               zero     0x2000bf1c      0x4  memory.o [1]
  .bss               zero     0x2000bf20      0x4  memory.o [1]
  .bss               zero     0x2000bf24      0x4  memory.o [1]
  .bss               zero     0x2000bf28      0x4  memory.o [1]
  .bss               zero     0x2000bf2c      0x4  memory.o [1]
  .bss               zero     0x2000bf30      0x4  memory.o [1]
  .bss               zero     0x2000bf34      0x4  memory.o [1]
  .bss               zero     0x2000bf38      0x4  res_spi_new.o [1]
  .bss               zero     0x2000bf3c      0x4  spi_flash.o [1]
  .bss               zero     0x2000bf40      0x4  spi_flash.o [1]
  .bss               zero     0x2000bf44      0x4  spi_flash.o [1]
  .bss               zero     0x2000bf48      0x4  spi_flash.o [1]
  .bss               zero     0x2000bf4c      0x4  uart.o [1]
  .bss               zero     0x2000bf50      0x4  usb_bot.o [1]
  .bss               zero     0x2000bf54      0x4  usb_bot.o [1]
  .bss               zero     0x2000bf58      0x4  usb_core.o [1]
  .bss               zero     0x2000bf5c      0x4  usb_endp.o [1]
  .bss               zero     0x2000bf60      0x4  usb_init.o [1]
  .bss               zero     0x2000bf64      0x4  usb_init.o [1]
  .bss               zero     0x2000bf68      0x4  usb_init.o [1]
  .bss               zero     0x2000bf6c      0x4  usb_prop.o [1]
  .bss               zero     0x2000bf70      0x4  usb_pwr.o [1]
  .bss               zero     0x2000bf74      0x4  xgetmemchunk.o [3]
  .bss               zero     0x2000bf78      0x4  MtxWrapper.o [3]
  .bss               zero     0x2000bf7c      0x4  MtxWrapper.o [3]
  .bss               zero     0x2000bf80      0x4  MtxWrapper.o [3]
  .bss               zero     0x2000bf84      0x4  MtxWrapper.o [3]
  .bss               zero     0x2000bf88      0x4  iarwstd.o [5]
  .bss               zero     0x2000bf8c      0x2  DotFill.o [1]
  .bss               zero     0x2000bf8e      0x2  ff.o [1]
  .bss               zero     0x2000bf90      0x2  usb_bot.o [1]
  .bss               zero     0x2000bf92      0x2  usb_init.o [1]
  .bss               zero     0x2000bf94      0x2  usb_int.o [1]
  .bss               zero     0x2000bf96      0x2  usb_int.o [1]
  .bss               zero     0x2000bf98      0x2  usb_istr.o [1]
  .bss               zero     0x2000bf9a      0x1  BT816.o [1]
  .bss               zero     0x2000bf9b      0x1  Event.o [1]
  .bss               zero     0x2000bf9c      0x1  Event.o [1]
  .bss               zero     0x2000bf9d      0x1  KeyScan.o [1]
  .bss               zero     0x2000bf9e      0x1  PaperDetect.o [1]
  .bss               zero     0x2000bf9f      0x1  PaperDetect.o [1]
  .bss               zero     0x2000bfa0      0x1  PaperDetect.o [1]
  .bss               zero     0x2000bfa1      0x1  TP.o [1]
  .bss               zero     0x2000bfa2      0x1  Terminal_Para_m.o [1]
  .bss               zero     0x2000bfa3      0x1  esc_p.o [1]
  .bss               zero     0x2000bfa4      0x1  main.o [1]
  .bss               zero     0x2000bfa5      0x1  memory.o [1]
  .bss               zero     0x2000bfa6      0x1  spi_flash.o [1]
  .bss               zero     0x2000bfa7      0x1  usb_app_config.o [1]
  .bss               zero     0x2000bfa8      0x1  usb_app_config.o [1]
  .bss               zero     0x2000bfa9      0x1  usb_bot.o [1]
  .bss               zero     0x2000bfaa      0x1  usb_core.o [1]
  .bss               zero     0x2000bfab      0x1  usb_init.o [1]
  .bss               zero     0x2000bfac      0x1  usb_istr.o [1]
                            - 0x2000bfad   0xb1bd

"P3", part 3 of 3:                          0x324
  P3 s0                       0x2000bfb0    0x324  <Init block>
    .data            inited   0x2000bfb0     0x84  setlocale.o [3]
    .data            inited   0x2000c034     0x4c  localeconv.o [3]
    .data            inited   0x2000c080     0x40  xfiles.o [3]
    .data            inited   0x2000c0c0     0x40  xfiles.o [3]
    .data            inited   0x2000c100     0x40  xfiles.o [3]
    .data            inited   0x2000c140     0x30  usb_prop.o [1]
    .data            inited   0x2000c170     0x24  scsi_data.o [1]
    .data            inited   0x2000c194     0x24  scsi_data.o [1]
    .data            inited   0x2000c1b8     0x24  usb_prop.o [1]
    .data            inited   0x2000c1dc     0x20  res_spi_new.o [1]
    .data            inited   0x2000c1fc     0x20  usb_prop.o [1]
    .data            inited   0x2000c21c     0x20  xfiles.o [3]
    .data            inited   0x2000c23c     0x1c  usb_desc.o [1]
    .data            inited   0x2000c258     0x1c  usb_istr.o [1]
    .data            inited   0x2000c274     0x1c  usb_istr.o [1]
    .data            inited   0x2000c290     0x14  scsi_data.o [1]
    .data            inited   0x2000c2a4      0xc  scsi_data.o [1]
    .data            inited   0x2000c2b0      0x8  scsi_data.o [1]
    .data            inited   0x2000c2b8      0x8  usb_prop.o [1]
    .data            inited   0x2000c2c0      0x8  usb_prop.o [1]
    .data            inited   0x2000c2c8      0x4  scsi_data.o [1]
    .data            inited   0x2000c2cc      0x4  usb_prop.o [1]
    .data            inited   0x2000c2d0      0x4  cppinit.o [3]
                            - 0x2000c2d4    0x324


*******************************************************************************
*** INIT TABLE
***

          Address     Size
          -------     ----
Zero (__iar_zero_init2)
    1 destination range, total size 0xb1bd:
          0x20000df0  0xb1bd

Copy/packbits (__iar_packbits_init2)
    1 source range, total size 0x212 (65% of destination):
           0x8010da9   0x212
    1 destination range, total size 0x324:
          0x2000bfb0   0x324


*******************************************************************************
*** MODULE SUMMARY
***

    Module                    ro code  ro data  rw data
    ------                    -------  -------  -------
E:\BT Printer\FW\src\Project\EWARMv5\Debug\Obj: [1]
    BT816.o                     5 430      160    5 361
    DotFill.o                   2 024                 2
    Event.o                       288                66
    JMemory.o                      44               400
    KeyScan.o                     176                 1
    PaperDetect.o               1 268                43
    TP.o                        4 312    1 176    1 177
    Terminal_Para_m.o             256                65
    ThermalDetect.o               268       52
    TimeBase.o                    300                 8
    cortexm3_macro.o              122
    crc32.o                        40    1 024
    data_uart.o                   172
    diskio.o                      232
    esc_p.o                     3 940       28   14 033
    ff.o                        7 696      116        6
    font.o                      2 624
    hardfault_isr_handle_a.o       18
    main.o                        628       52   16 005
    mass_mal.o                    292                28
    memory.o                      572             2 081
    print_head.o                  212
    record_mod.o                3 218                60
    res_spi_new.o               1 036    5 129    1 660
    ringbuffer.o                  642       68
    scsi_data.o                             75      132
    spi_flash.o                 2 064       64    4 113
    stm32f10x_adc.o               444
    stm32f10x_dma.o               452
    stm32f10x_flash.o              68
    stm32f10x_gpio.o              368
    stm32f10x_it.o                996      180
    stm32f10x_nvic.o              348
    stm32f10x_rcc.o               812       20
    stm32f10x_spi.o               122
    stm32f10x_systick.o           140
    stm32f10x_tim.o               376
    stm32f10x_usart.o             428
    stm32f10x_vector.o                     320
    uart.o                        544                 4
    usb_app_config.o              240                 2
    usb_bot.o                   1 084               123
    usb_core.o                  3 038                 5
    usb_desc.o                             147       28
    usb_endp.o                     52                 4
    usb_init.o                     64                43
    usb_int.o                     736                 4
    usb_istr.o                    156       37       59
    usb_mem.o                      84
    usb_prop.o                    700       91      140
    usb_pwr.o                      60                 4
    usb_regs.o                    608
    usb_scsi.o                  1 088
    usb_sil.o                      90
    ---------------------------------------------------
    Total:                     50 972    8 739   45 657

command line: [2]
    ---------------------------------------------------
    Total:

dl7M_tl_if.a: [3]
    MtxWrapper.o                   48                16
    abort.o                         8
    cppinit.o                     112        3       16
    div.o                          14
    exit.o                          6
    fflush.o                      176
    localeconv.o                   20       69       76
    low_level_init.o                4
    printf.o                       32
    putchar.o                      12
    setlocale.o                    20       88      132
    snprintf.o                     64
    xassert.o                      68
    xdnorm.o                      180
    xdscale.o                     272
    xencoding_sb.o                 92       16
    xfiles.o                               147      384
    xgetmemchunk.o                 40                 4
    xlocale_c.o                             91
    xmbcurmax.o                    10
    xmbtowc.o                      32
    xprintffull.o               4 174       24
    xprout.o                       22
    xreportassert.o               132       48
    xsnprout.o                     26
    xsyslock.o                    140                20
    xwctomb.o                      26
    xxmemxfree.o                  136
    xxmemxmalloc.o                188                 8
    ---------------------------------------------------
    Total:                      6 054      486      656

rt7M_tl.a: [4]
    ABImemcpy.o                   112
    ABImemset.o                   102
    DblAdd.o                      230
    DblCmpGe.o                     46
    DblCmpLe.o                     46
    DblDiv.o                      700
    DblMul.o                      418
    DblSub.o                      382
    DblToI32.o                     86
    I32ToDbl.o                     46
    I64DivMod.o                   304
    I64DivZer.o                     2
    cexit.o                        14
    cmain.o                        24
    data_init2.o                   28
    memchr.o                       88
    memcmp.o                       98
    packbits_init2.o              142
    strchr.o                       22
    strcpy.o                       68
    strlen.o                       54
    zero_init2.o                   26
    ---------------------------------------------------
    Total:                      3 038

shb_l.a: [5]
    dwrite.o                       30
    exit.o                         20
    iarwrite.o                     32
    iarwstd.o                      84                 4
    write.o                        16
    ---------------------------------------------------
    Total:                        182                 4

    Gaps                           34       14
    Linker created                          44    3 540
-------------------------------------------------------
    Grand Total:               60 280    9 283   49 857


*******************************************************************************
*** ENTRY LIST
***

Entry                      Address    Size  Type      Object
-----                      -------    ----  ----      ------
.iar.dynexit$$Base      0x20000c10           --   Gb  - Linker created -
.iar.dynexit$$Limit     0x20000df0           --   Gb  - Linker created -
ADC1_2_IRQHandler       0x0800c225     0x2  Code  Gb  stm32f10x_it.o [1]
ADC3_IRQHandler         0x0800c3d3     0x2  Code  Gb  stm32f10x_it.o [1]
ADCPrescTable           0x08010d94     0x4  Data  Lc  stm32f10x_rcc.o [1]
ADC_Cmd                 0x0800ddc9    0x1a  Code  Gb  stm32f10x_adc.o [1]
ADC_DMACmd              0x0800dde3    0x1a  Code  Gb  stm32f10x_adc.o [1]
ADC_GetCalibrationStatus
                        0x0800de29    0x18  Code  Gb  stm32f10x_adc.o [1]
ADC_GetResetCalibrationStatus
                        0x0800de07    0x18  Code  Gb  stm32f10x_adc.o [1]
ADC_Init                0x0800dd79    0x50  Code  Gb  stm32f10x_adc.o [1]
ADC_RegularChannelConfig
                        0x0800de5b    0xda  Code  Gb  stm32f10x_adc.o [1]
ADC_ResetCalibration    0x0800ddfd     0xa  Code  Gb  stm32f10x_adc.o [1]
ADC_SoftwareStartConvCmd
                        0x0800de41    0x1a  Code  Gb  stm32f10x_adc.o [1]
ADC_StartCalibration    0x0800de1f     0xa  Code  Gb  stm32f10x_adc.o [1]
AD_Value                0x2000be3c    0x28  Data  Gb  PaperDetect.o [1]
APBAHBPrescTable        0x08010b58    0x10  Data  Lc  stm32f10x_rcc.o [1]
BT816_Channel1_RxISRHandler
                        0x08002a89    0xec  Code  Gb  BT816.o [1]
BT816_Channel2_RxISRHandler
                        0x08002b89    0xd0  Code  Gb  BT816.o [1]
BT816_Channel3_RxISRHandler
                        0x08002c59    0xd8  Code  Gb  BT816.o [1]
BT816_Channel4_RxISRHandler
                        0x08002d31    0xdc  Code  Gb  BT816.o [1]
BT816_GPIO_config       0x08001fbd   0x658  Code  Lc  BT816.o [1]
BT816_NVIC_config       0x08002635   0x1e0  Code  Lc  BT816.o [1]
BT816_Reset             0x08002e79    0x98  Code  Gb  BT816.o [1]
BT816_connect_status    0x080030ed   0x17c  Code  Gb  BT816.o [1]
BT816_init              0x08003281   0x1e4  Code  Gb  BT816.o [1]
BT816_query_name        0x08002f11    0xd0  Code  Gb  BT816.o [1]
BT816_recbuffer         0x2000ab40   0x400  Data  Gb  BT816.o [1]
BT816_res               0x2000bde0    0x30  Data  Gb  BT816.o [1]
BT816_reset_resVar      0x08002989    0xf2  Code  Lc  BT816.o [1]
BT816_send_buff         0x2000bbc0    0x80  Data  Lc  BT816.o [1]
BT816_send_data         0x08003269    0x18  Code  Gb  BT816.o [1]
BT816_set_name          0x08002fe1    0x84  Code  Gb  BT816.o [1]
BT816_set_pin           0x08003065    0x88  Code  Gb  BT816.o [1]
BT816_write_cmd         0x08002e0d    0x6c  Code  Lc  BT816.o [1]
Block_Read_count        0x2000bf18     0x4  Data  Gb  memory.o [1]
Block_offset            0x2000bf1c     0x4  Data  Gb  memory.o [1]
Bot_Abort               0x0800b851    0x3c  Code  Gb  usb_bot.o [1]
Bot_State               0x2000bfa9     0x1  Data  Gb  usb_bot.o [1]
BufFillToPrn            0x08009f53    0xdc  Code  Gb  DotFill.o [1]
Bulk_Data_Buff          0x2000bda0    0x40  Data  Gb  usb_bot.o [1]
BusFaultException       0x0800c18b     0x2  Code  Gb  stm32f10x_it.o [1]
ByteSwap                0x0800d749    0x10  Code  Gb  usb_regs.o [1]
CAN_RX1_IRQHandler      0x0800c237     0x2  Code  Gb  stm32f10x_it.o [1]
CAN_SCE_IRQHandler      0x0800c239     0x2  Code  Gb  stm32f10x_it.o [1]
CBW                     0x2000be64    0x20  Data  Gb  usb_bot.o [1]
CBW_Decode              0x0800b531   0x298  Code  Gb  usb_bot.o [1]
CSTACK$$Base            0x20000010           --   Gb  - Linker created -
CSTACK$$Limit           0x20000810           --   Gb  - Linker created -
CSW                     0x2000bec4    0x10  Data  Gb  usb_bot.o [1]
CTR_HP                  0x0800c9d5    0x9c  Code  Gb  usb_int.o [1]
CTR_LP                  0x0800c7a9   0x22c  Code  Gb  usb_int.o [1]
ClearDTOG_RX            0x0800d5e9    0x32  Code  Gb  usb_regs.o [1]
ClearDTOG_TX            0x0800d61b    0x32  Code  Gb  usb_regs.o [1]
Clear_Status_Out        0x0800d5c5    0x24  Code  Gb  usb_regs.o [1]
Config_Descriptor       0x2000c2c0     0x8  Data  Gb  usb_prop.o [1]
Counter                 0x2000bf20     0x4  Data  Gb  memory.o [1]
DMA1_Channel1_IRQHandler
                        0x0800c1b3     0x2  Code  Gb  stm32f10x_it.o [1]
DMA1_Channel2_IRQHandler
                        0x0800c1b5    0x20  Code  Gb  stm32f10x_it.o [1]
DMA1_Channel3_IRQHandler
                        0x0800c1d5     0x2  Code  Gb  stm32f10x_it.o [1]
DMA1_Channel4_IRQHandler
                        0x0800c1d9    0x24  Code  Gb  stm32f10x_it.o [1]
DMA1_Channel5_IRQHandler
                        0x0800c1fd     0x2  Code  Gb  stm32f10x_it.o [1]
DMA1_Channel6_IRQHandler
                        0x0800c1ff     0x2  Code  Gb  stm32f10x_it.o [1]
DMA1_Channel7_IRQHandler
                        0x0800c201    0x24  Code  Gb  stm32f10x_it.o [1]
DMA2_Channel1_IRQHandler
                        0x0800c44f     0x2  Code  Gb  stm32f10x_it.o [1]
DMA2_Channel2_IRQHandler
                        0x0800c451     0x2  Code  Gb  stm32f10x_it.o [1]
DMA2_Channel3_IRQHandler
                        0x0800c453     0x2  Code  Gb  stm32f10x_it.o [1]
DMA2_Channel4_5_IRQHandler
                        0x0800c455    0x28  Code  Gb  stm32f10x_it.o [1]
DMA_ClearFlag           0x0800dd31    0x12  Code  Gb  stm32f10x_dma.o [1]
DMA_Cmd                 0x0800dcf9    0x1a  Code  Gb  stm32f10x_dma.o [1]
DMA_DeInit              0x0800dbb5   0x100  Code  Gb  stm32f10x_dma.o [1]
DMA_GetCurrDataCounter  0x0800dd2b     0x6  Code  Gb  stm32f10x_dma.o [1]
DMA_GetITStatus         0x0800dd43    0x26  Code  Gb  stm32f10x_dma.o [1]
DMA_ITConfig            0x0800dd13    0x18  Code  Gb  stm32f10x_dma.o [1]
DMA_Init                0x0800dcb5    0x44  Code  Gb  stm32f10x_dma.o [1]
DataStageIn             0x0800843f    0xb6  Code  Lc  usb_core.o [1]
DataStageOut            0x08008387    0xb8  Code  Lc  usb_core.o [1]
Data_Buffer             0x2000a340   0x800  Data  Gb  memory.o [1]
Data_Len                0x2000bf90     0x2  Data  Gb  usb_bot.o [1]
Data_Mul_MaxPacketSize  0x2000bfaa     0x1  Data  Gb  usb_core.o [1]
Data_Setup0             0x08008651   0x294  Code  Lc  usb_core.o [1]
DebugMonitor            0x0800c18f     0x2  Code  Gb  stm32f10x_it.o [1]
DefaultTerminalPara     0x0800f20d    0x44  Code  Gb  Terminal_Para_m.o [1]
Device_Descriptor       0x2000c2b8     0x8  Data  Gb  usb_prop.o [1]
Device_Info             0x2000be84    0x1c  Data  Gb  usb_init.o [1]
Device_Property         0x2000c140    0x30  Data  Gb  usb_prop.o [1]
Device_Table            0x2000c2cc     0x4  Data  Gb  usb_prop.o [1]
DotBufFillToPrn         0x08009d35   0x21e  Code  Gb  DotFill.o [1]
DotFillToBuf            0x0800a0b5   0x45c  Code  Gb  DotFill.o [1]
DtorRecArray            0x20000c10     0xc  Data  Lc  cppinit.o [3]
EP1_IN_Callback         0x080104a1    0x1c  Code  Gb  usb_endp.o [1]
EP2_OUT_Callback        0x0801048f    0x10  Code  Gb  usb_endp.o [1]
EP3_OUT_Callback        0x0801048d     0x2  Code  Gb  usb_endp.o [1]
EPindex                 0x2000bfab     0x1  Data  Gb  usb_init.o [1]
EXTI0_IRQHandler        0x0800c1a9     0x2  Code  Gb  stm32f10x_it.o [1]
EXTI15_10_IRQHandler    0x0800c3c5     0x2  Code  Gb  stm32f10x_it.o [1]
EXTI1_IRQHandler        0x0800c1ab     0x2  Code  Gb  stm32f10x_it.o [1]
EXTI2_IRQHandler        0x0800c1ad     0x2  Code  Gb  stm32f10x_it.o [1]
EXTI3_IRQHandler        0x0800c1af     0x2  Code  Gb  stm32f10x_it.o [1]
EXTI4_IRQHandler        0x0800c1b1     0x2  Code  Gb  stm32f10x_it.o [1]
EXTI9_5_IRQHandler      0x0800c23b     0x2  Code  Gb  stm32f10x_it.o [1]
FLASH_IRQHandler        0x0800c1a5     0x2  Code  Gb  stm32f10x_it.o [1]
FLASH_PrefetchBufferCmd
                        0x0801023d    0x20  Code  Gb  stm32f10x_flash.o [1]
FLASH_SetLatency        0x0801021d    0x20  Code  Gb  stm32f10x_flash.o [1]
FSMC_IRQHandler         0x0800c3d5     0x2  Code  Gb  stm32f10x_it.o [1]
FatFs                   0x2000bf0c     0x4  Data  Lc  ff.o [1]
FontBold                0x08008ae5   0x27c  Code  Lc  font.o [1]
FontCircumvolve         0x08008fab   0x202  Code  Gb  font.o [1]
FontEnlarge             0x08008d61    0xc0  Code  Gb  font.o [1]
FontList                0x2000c1dc    0x20  Data  Gb  res_spi_new.o [1]
FontRevert              0x08008f03    0xa8  Code  Lc  font.o [1]
FontRevertProc          0x08008edf    0x24  Code  Lc  font.o [1]
FontSmoothing           0x08008e21     0x2  Code  Lc  font.o [1]
FontUnderline           0x08008e23    0xbc  Code  Gb  font.o [1]
Fsid                    0x2000bf8e     0x2  Data  Lc  ff.o [1]
GPIO_AllAinConfig       0x0800d471    0x50  Code  Lc  main.o [1]
GPIO_Init               0x0800e57d    0xcc  Code  Gb  stm32f10x_gpio.o [1]
GPIO_PinRemapConfig     0x0800e671    0x7c  Code  Gb  stm32f10x_gpio.o [1]
GPIO_ReadInputDataBit   0x0800e649    0x1a  Code  Gb  stm32f10x_gpio.o [1]
GPIO_ResetBits          0x0800e669     0x6  Code  Gb  stm32f10x_gpio.o [1]
GPIO_SetBits            0x0800e663     0x6  Code  Gb  stm32f10x_gpio.o [1]
GetChineseFont          0x08009381   0x196  Code  Gb  font.o [1]
GetEPRxAddr             0x0800d6a1    0x18  Code  Gb  usb_regs.o [1]
GetEPRxCount            0x0800d717    0x18  Code  Gb  usb_regs.o [1]
GetEPTxAddr             0x0800d689    0x18  Code  Gb  usb_regs.o [1]
GetEnglishFont          0x080091ad   0x1d4  Code  Gb  font.o [1]
Get_Max_Lun             0x0800cd25    0x1c  Code  Gb  usb_prop.o [1]
Getchar                 0x0800da01   0x104  Code  Gb  uart.o [1]
HARDFAULT_ISR_HANDLE_d  0x08010aa5          Code  Gb  hardfault_isr_handle_a.o [1]
HEAP$$Base              0x20000810           --   Gb  - Linker created -
HEAP$$Limit             0x20000c10           --   Gb  - Linker created -
HSEStartUpStatus        0x2000bfa4     0x1  Data  Gb  main.o [1]
HardFaultException      0x0800c181     0x8  Code  Gb  stm32f10x_it.o [1]
I2C1_ER_IRQHandler      0x0800c275     0x2  Code  Gb  stm32f10x_it.o [1]
I2C1_EV_IRQHandler      0x0800c273     0x2  Code  Gb  stm32f10x_it.o [1]
I2C2_ER_IRQHandler      0x0800c279     0x2  Code  Gb  stm32f10x_it.o [1]
I2C2_EV_IRQHandler      0x0800c277     0x2  Code  Gb  stm32f10x_it.o [1]
Idx                     0x2000bf24     0x4  Data  Gb  memory.o [1]
In0_Process             0x08008989    0x68  Code  Gb  usb_core.o [1]
Jfree                   0x080105dd    0x26  Code  Gb  JMemory.o [1]
KeyScanInit             0x0800f7d3    0x2c  Code  Gb  KeyScan.o [1]
KeyScanProc             0x0800f759    0x7a  Code  Gb  KeyScan.o [1]
MAL_GetStatus           0x0800ecbd    0x58  Code  Gb  mass_mal.o [1]
MAL_Read                0x0800ec4d    0x66  Code  Gb  mass_mal.o [1]
MAL_Write               0x0800ebf5    0x58  Code  Gb  mass_mal.o [1]
MASS_ConfigDescriptor   0x08010788    0x20  Data  Gb  usb_desc.o [1]
MASS_DeviceDescriptor   0x08010a40    0x14  Data  Gb  usb_desc.o [1]
Mass_Block_Count        0x2000beec     0x8  Data  Gb  mass_mal.o [1]
Mass_Block_Size         0x2000bee4     0x8  Data  Gb  mass_mal.o [1]
Mass_Memory_Size        0x2000bedc     0x8  Data  Gb  mass_mal.o [1]
Mass_Storage_In         0x0800b451    0x62  Code  Gb  usb_bot.o [1]
Mass_Storage_Out        0x0800b4b3    0x7e  Code  Gb  usb_bot.o [1]
MaxHeatDotsAdj          0x080039e5    0x22  Code  Gb  TP.o [1]
Max_Lun                 0x2000bf6c     0x4  Data  Gb  usb_prop.o [1]
MemManageException      0x0800c189     0x2  Code  Gb  stm32f10x_it.o [1]
Mode_Sense10_data       0x2000c2b0     0x8  Data  Gb  scsi_data.o [1]
Mode_Sense6_data        0x2000c2c8     0x4  Data  Gb  scsi_data.o [1]
NMIException            0x0800c099     0x2  Code  Gb  stm32f10x_it.o [1]
NOP_Process             0x08008ae1     0x2  Code  Gb  usb_core.o [1]
NVIC_DisableIRQ         0x0800d4c5    0x14  Code  Gb  main.o [1]
NVIC_EnableIRQ          0x0800d4d9    0x20  Code  Gb  main.o [1]
NVIC_GenerateSystemReset
                        0x0800e7c1     0xc  Code  Gb  stm32f10x_nvic.o [1]
NVIC_Init               0x0800e6fd    0xa0  Code  Gb  stm32f10x_nvic.o [1]
NVIC_PriorityGroupConfig
                        0x0800e6ed     0xa  Code  Gb  stm32f10x_nvic.o [1]
NVIC_SETFAULTMASK       0x0800e7a5     0x8  Code  Gb  stm32f10x_nvic.o [1]
NVIC_SetVectorTable     0x0800e7ad    0x10  Code  Gb  stm32f10x_nvic.o [1]
NVIC_SystemHandlerPriorityConfig
                        0x0800e7cd    0x72  Code  Gb  stm32f10x_nvic.o [1]
NoData_Setup0           0x080084f5   0x152  Code  Lc  usb_core.o [1]
Out0_Process            0x080089f9    0x4c  Code  Gb  usb_core.o [1]
PMAToUserBufferCopy     0x0801015b    0x22  Code  Gb  usb_mem.o [1]
PVD_IRQHandler          0x0800c19f     0x2  Code  Gb  stm32f10x_it.o [1]
Page00_Inquiry_Data     0x2000bef4     0x8  Data  Gb  scsi_data.o [1]
PaperStartSns           0x0800ac95    0xe6  Code  Gb  PaperDetect.o [1]
PendSVC                 0x0800c193     0x2  Code  Gb  stm32f10x_it.o [1]
Post0_Process           0x08008a45    0x4c  Code  Gb  usb_core.o [1]
PrintBufPushBytes       0x0800db05    0x18  Code  Gb  uart.o [1]
PrintBufPushLine        0x0800db1d    0x18  Code  Gb  uart.o [1]
PrintBufToZero          0x0800db35    0x62  Code  Gb  uart.o [1]
PrintCurrentBuffer      0x0800a035    0x80  Code  Gb  DotFill.o [1]
RCC_ADCCLKConfig        0x0800c5f1    0x14  Code  Gb  stm32f10x_rcc.o [1]
RCC_AHBPeriphClockCmd   0x0800c6e9    0x24  Code  Gb  stm32f10x_rcc.o [1]
RCC_APB1PeriphClockCmd  0x0800c731    0x24  Code  Gb  stm32f10x_rcc.o [1]
RCC_APB2PeriphClockCmd  0x0800c70d    0x24  Code  Gb  stm32f10x_rcc.o [1]
RCC_Configuration       0x0800d3c5    0x88  Code  Gb  main.o [1]
RCC_DeInit              0x0800c47d    0x5c  Code  Gb  stm32f10x_rcc.o [1]
RCC_GetClocksFreq       0x0800c605    0xe0  Code  Gb  stm32f10x_rcc.o [1]
RCC_GetFlagStatus       0x0800c755    0x44  Code  Gb  stm32f10x_rcc.o [1]
RCC_GetSYSCLKSource     0x0800c59d     0xa  Code  Gb  stm32f10x_rcc.o [1]
RCC_HCLKConfig          0x0800c5a7    0x14  Code  Gb  stm32f10x_rcc.o [1]
RCC_HSEConfig           0x0800c4d9    0x54  Code  Gb  stm32f10x_rcc.o [1]
RCC_IRQHandler          0x0800c1a7     0x2  Code  Gb  stm32f10x_it.o [1]
RCC_PCLK1Config         0x0800c5bb    0x14  Code  Gb  stm32f10x_rcc.o [1]
RCC_PCLK2Config         0x0800c5cf    0x16  Code  Gb  stm32f10x_rcc.o [1]
RCC_PLLCmd              0x0800c57d     0xc  Code  Gb  stm32f10x_rcc.o [1]
RCC_PLLConfig           0x0800c565    0x16  Code  Gb  stm32f10x_rcc.o [1]
RCC_SYSCLKConfig        0x0800c589    0x14  Code  Gb  stm32f10x_rcc.o [1]
RCC_USBCLKConfig        0x0800c5e5     0xc  Code  Gb  stm32f10x_rcc.o [1]
RCC_WaitForHSEStartUp   0x0800c52d    0x38  Code  Gb  stm32f10x_rcc.o [1]
RTCAlarm_IRQHandler     0x0800c3c7     0x2  Code  Gb  stm32f10x_it.o [1]
RTC_IRQHandler          0x0800c1a3     0x2  Code  Gb  stm32f10x_it.o [1]
ReadCapacity10_Data     0x2000befc     0x8  Data  Gb  scsi_data.o [1]
ReadFormatCapacity_Data
                        0x2000c2a4     0xc  Data  Gb  scsi_data.o [1]
ReadTerminalPara        0x0800f155    0x98  Code  Gb  Terminal_Para_m.o [1]
Read_Memory             0x0800d759   0x108  Code  Gb  memory.o [1]
Region$$Table$$Base     0x0801073c           --   Gb  - Linker created -
Region$$Table$$Limit    0x08010768           --   Gb  - Linker created -
SCSI_Address_Management
                        0x0800b3c7    0x7e  Code  Gb  usb_scsi.o [1]
SCSI_BlkLen             0x2000bf54     0x4  Data  Gb  usb_bot.o [1]
SCSI_Format_Cmd         0x0800b35d    0x2a  Code  Gb  usb_scsi.o [1]
SCSI_Inquiry_Cmd        0x0800b011    0x48  Code  Gb  usb_scsi.o [1]
SCSI_Invalid_Cmd        0x0800b387    0x40  Code  Gb  usb_scsi.o [1]
SCSI_LBA                0x2000bf50     0x4  Data  Gb  usb_bot.o [1]
SCSI_ModeSense10_Cmd    0x0800b1c5    0x10  Code  Gb  usb_scsi.o [1]
SCSI_ModeSense6_Cmd     0x0800b1b5    0x10  Code  Gb  usb_scsi.o [1]
SCSI_Read10_Cmd         0x0800b20d    0x7c  Code  Gb  usb_scsi.o [1]
SCSI_ReadCapacity10_Cmd
                        0x0800b101    0xb4  Code  Gb  usb_scsi.o [1]
SCSI_ReadFormatCapacity_Cmd
                        0x0800b059    0xa8  Code  Gb  usb_scsi.o [1]
SCSI_RequestSense_Cmd   0x0800b1d5    0x1e  Code  Gb  usb_scsi.o [1]
SCSI_Start_Stop_Unit_Cmd
                        0x0800b201     0xc  Code  Gb  usb_scsi.o [1]
SCSI_TestUnitReady_Cmd  0x0800b32b    0x32  Code  Gb  usb_scsi.o [1]
SCSI_Verify10_Cmd       0x0800b2f1    0x3a  Code  Gb  usb_scsi.o [1]
SCSI_Write10_Cmd        0x0800b289    0x64  Code  Gb  usb_scsi.o [1]
SDIO_IRQHandler         0x0800c3d7     0x2  Code  Gb  stm32f10x_it.o [1]
SPI1_IRQHandler         0x0800c27b     0x2  Code  Gb  stm32f10x_it.o [1]
SPI2_IRQHandler         0x0800c27d     0x2  Code  Gb  stm32f10x_it.o [1]
SPI3_IRQHandler         0x0800c3db     0x2  Code  Gb  stm32f10x_it.o [1]
SPI_Cmd                 0x0800fd6f    0x1a  Code  Gb  stm32f10x_spi.o [1]
SPI_I2S_GetFlagStatus   0x0800fd91    0x1a  Code  Gb  stm32f10x_spi.o [1]
SPI_I2S_ReceiveData     0x0800fd8d     0x4  Code  Gb  stm32f10x_spi.o [1]
SPI_I2S_SendData        0x0800fd89     0x4  Code  Gb  stm32f10x_spi.o [1]
SPI_Init                0x0800fd31    0x3e  Code  Gb  stm32f10x_spi.o [1]
SVCHandler              0x0800c191     0x2  Code  Gb  stm32f10x_it.o [1]
SaveRState              0x2000bf94     0x2  Data  Gb  usb_int.o [1]
SaveTState              0x2000bf96     0x2  Data  Gb  usb_int.o [1]
SaveTerminalPara        0x0800f1ed    0x1a  Code  Gb  Terminal_Para_m.o [1]
Scsi_Sense_Data         0x2000c290    0x14  Data  Gb  scsi_data.o [1]
SetBTABLE               0x0800d4f9     0xe  Code  Gb  usb_regs.o [1]
SetDesity               0x08004159     0xa  Code  Gb  TP.o [1]
SetDeviceAddress        0x08008a91    0x50  Code  Gb  usb_core.o [1]
SetEPRxAddr             0x0800d66b    0x1e  Code  Gb  usb_regs.o [1]
SetEPRxCount            0x0800d6d3    0x44  Code  Gb  usb_regs.o [1]
SetEPRxStatus           0x0800d561    0x38  Code  Gb  usb_regs.o [1]
SetEPRxValid            0x0800d599    0x2c  Code  Gb  usb_regs.o [1]
SetEPTxAddr             0x0800d64d    0x1e  Code  Gb  usb_regs.o [1]
SetEPTxCount            0x0800d6b9    0x1a  Code  Gb  usb_regs.o [1]
SetEPTxStatus           0x0800d527    0x3a  Code  Gb  usb_regs.o [1]
SetEPType               0x0800d507    0x20  Code  Gb  usb_regs.o [1]
Set_CSW                 0x0800b811    0x38  Code  Gb  usb_bot.o [1]
Set_Scsi_Sense_Data     0x0800b1f3     0xa  Code  Gb  usb_scsi.o [1]
Setup0_Process          0x080088f5    0x8c  Code  Gb  usb_core.o [1]
Standard_ClearFeature   0x08008129   0x158  Code  Gb  usb_core.o [1]
Standard_GetConfiguration
                        0x08007f05    0x2a  Code  Gb  usb_core.o [1]
Standard_GetDescriptorData
                        0x08008363    0x24  Code  Gb  usb_core.o [1]
Standard_GetInterface   0x08007f7d    0x2a  Code  Gb  usb_core.o [1]
Standard_GetStatus      0x08008029   0x100  Code  Gb  usb_core.o [1]
Standard_Inquiry_Data   0x2000c170    0x24  Data  Gb  scsi_data.o [1]
Standard_Inquiry_Data2  0x2000c194    0x24  Data  Gb  scsi_data.o [1]
Standard_SetConfiguration
                        0x08007f2f    0x4e  Code  Gb  usb_core.o [1]
Standard_SetDeviceFeature
                        0x0800833f    0x24  Code  Gb  usb_core.o [1]
Standard_SetEndPointFeature
                        0x08008285    0xba  Code  Gb  usb_core.o [1]
Standard_SetInterface   0x08007fa7    0x82  Code  Gb  usb_core.o [1]
Status                  0x2000bf14     0x4  Data  Gb  mass_mal.o [1]
StatusInfo              0x2000bf58     0x4  Data  Gb  usb_core.o [1]
String_Descriptor       0x2000c1fc    0x20  Data  Gb  usb_prop.o [1]
SysTickHandler          0x0800c195     0x8  Code  Gb  stm32f10x_it.o [1]
SysTick_CLKSourceConfig
                        0x0800fa91    0x20  Code  Gb  stm32f10x_systick.o [1]
SysTick_CounterCmd      0x0800fabd    0x30  Code  Gb  stm32f10x_systick.o [1]
SysTick_GetCounter      0x0800fb0f     0x6  Code  Gb  stm32f10x_systick.o [1]
SysTick_IRQ_Handle      0x0800afa5    0x68  Code  Gb  PaperDetect.o [1]
SysTick_ITConfig        0x0800faed    0x22  Code  Gb  stm32f10x_systick.o [1]
SysTick_SetReload       0x0800fab1     0xc  Code  Gb  stm32f10x_systick.o [1]
TAMPER_IRQHandler       0x0800c1a1     0x2  Code  Gb  stm32f10x_it.o [1]
TIM1_BRK_IRQHandler     0x0800c23d     0x2  Code  Gb  stm32f10x_it.o [1]
TIM1_CC_IRQHandler      0x0800c243     0x2  Code  Gb  stm32f10x_it.o [1]
TIM1_TRG_COM_IRQHandler
                        0x0800c241     0x2  Code  Gb  stm32f10x_it.o [1]
TIM1_UP_IRQHandler      0x0800c23f     0x2  Code  Gb  stm32f10x_it.o [1]
TIM2_IRQHandler         0x0800c245     0x8  Code  Gb  stm32f10x_it.o [1]
TIM2_UpdateISRHandler   0x0800eb57    0x9a  Code  Gb  TimeBase.o [1]
TIM3_IRQHandler         0x0800c24d    0x24  Code  Gb  stm32f10x_it.o [1]
TIM3_IRQ_Handle         0x080040f9    0x30  Code  Gb  TP.o [1]
TIM4_IRQHandler         0x0800c271     0x2  Code  Gb  stm32f10x_it.o [1]
TIM5_IRQHandler         0x0800c3d9     0x2  Code  Gb  stm32f10x_it.o [1]
TIM6_IRQHandler         0x0800c44b     0x2  Code  Gb  stm32f10x_it.o [1]
TIM7_IRQHandler         0x0800c44d     0x2  Code  Gb  stm32f10x_it.o [1]
TIM8_BRK_IRQHandler     0x0800c3cb     0x2  Code  Gb  stm32f10x_it.o [1]
TIM8_CC_IRQHandler      0x0800c3d1     0x2  Code  Gb  stm32f10x_it.o [1]
TIM8_TRG_COM_IRQHandler
                        0x0800c3cf     0x2  Code  Gb  stm32f10x_it.o [1]
TIM8_UP_IRQHandler      0x0800c3cd     0x2  Code  Gb  stm32f10x_it.o [1]
TIM_ARRPreloadConfig    0x0800e527    0x1c  Code  Gb  stm32f10x_tim.o [1]
TIM_ClearITPendingBit   0x0800e575     0x8  Code  Gb  stm32f10x_tim.o [1]
TIM_Cmd                 0x0800e4f3    0x1c  Code  Gb  stm32f10x_tim.o [1]
TIM_GetITStatus         0x0800e543    0x32  Code  Gb  stm32f10x_tim.o [1]
TIM_ITConfig            0x0800e50f    0x18  Code  Gb  stm32f10x_tim.o [1]
TIM_OC1Init             0x0800e43b    0x76  Code  Gb  stm32f10x_tim.o [1]
TIM_OCStructInit        0x0800e4d1    0x22  Code  Gb  stm32f10x_tim.o [1]
TIM_TimeBaseInit        0x0800e405    0x36  Code  Gb  stm32f10x_tim.o [1]
TIM_TimeBaseStructInit  0x0800e4b9    0x18  Code  Gb  stm32f10x_tim.o [1]
TPAdjustStepTime        0x080037d5   0x110  Code  Lc  TP.o [1]
TPBMSNSDetect           0x0800ad81   0x144  Code  Gb  PaperDetect.o [1]
TPCheckBuf              0x08003bc7   0x184  Code  Lc  TP.o [1]
TPDataDMAShiftToPrn     0x08003bad    0x1a  Code  Lc  TP.o [1]
TPDataShiftCntProc      0x08003a09   0x188  Code  Lc  TP.o [1]
TPDataShiftOut          0x08003b91    0x1c  Code  Lc  TP.o [1]
TPFeedLine              0x080042ab    0x18  Code  Gb  TP.o [1]
TPFeedStep              0x0800392d    0x48  Code  Lc  TP.o [1]
TPForwardStep           0x080035a1   0x194  Code  Lc  TP.o [1]
TPGetStepTime           0x080038e5    0x30  Code  Lc  TP.o [1]
TPHTemperature          0x0800eff9    0x5c  Code  Gb  ThermalDetect.o [1]
TPHeatDotsAdj           0x08003791    0x44  Code  Lc  TP.o [1]
TPHeatPreLineAdj        0x0800378d     0x2  Code  Lc  TP.o [1]
TPHeatThermalAdj        0x08003741    0x4c  Code  Lc  TP.o [1]
TPHeatVoltageAdj        0x0800373d     0x2  Code  Lc  TP.o [1]
TPISRProc               0x08003d61   0x398  Code  Gb  TP.o [1]
TPInit                  0x08003465   0x13c  Code  Gb  TP.o [1]
TPIntSetIdle            0x0800399f    0x42  Code  Lc  TP.o [1]
TPIntSetPreIdle         0x08003975    0x2a  Code  Lc  TP.o [1]
TPPaperSNSDetect        0x0800aec5    0xb4  Code  Gb  PaperDetect.o [1]
TPPaperSNSInit          0x0800ab1d   0x178  Code  Gb  PaperDetect.o [1]
TPPrintAsciiLine        0x080042c3     0x8  Code  Lc  TP.o [1]
TPPrintCmdToBuf         0x0800421d    0x80  Code  Lc  TP.o [1]
TPPrintLine             0x0800429d     0xe  Code  Gb  TP.o [1]
TPPrintTestPage         0x080042cd   0x270  Code  Gb  TP.o [1]
TPPrinterMark           0x0800af79    0x12  Code  Gb  PaperDetect.o [1]
TPPrinterReady          0x0800af8b    0x14  Code  Gb  PaperDetect.o [1]
TPSetSpeed              0x08004129    0x30  Code  Gb  TP.o [1]
TPSetTimeCnt            0x08003919    0x10  Code  Lc  TP.o [1]
TPStart                 0x080041a9    0x74  Code  Lc  TP.o [1]
TP_dot                  0x2000af40   0x310  Data  Lc  TP.o [1]
TimeBase_Init           0x0800eae3    0x74  Code  Gb  TimeBase.o [1]
TpAccelerationSteps     0x0800e848   0x150  Data  Lc  TP.o [1]
TranRtoDegree           0x0800ef75    0x84  Code  Gb  ThermalDetect.o [1]
TranVtoR                0x0800ef49    0x2a  Code  Gb  ThermalDetect.o [1]
TransferState           0x2000bfa5     0x1  Data  Gb  memory.o [1]
Transfer_Data_Request   0x0800b7dd    0x32  Code  Gb  usb_bot.o [1]
UART4_IRQHandler        0x0800c3dd    0x6c  Code  Gb  stm32f10x_it.o [1]
UART5_IRQHandler        0x0800c449     0x2  Code  Gb  stm32f10x_it.o [1]
USART1_IRQHandler       0x0800c281    0x6c  Code  Gb  stm32f10x_it.o [1]
USART2_IRQHandler       0x0800c2ed    0x6c  Code  Gb  stm32f10x_it.o [1]
USART3_IRQHandler       0x0800c359    0x6c  Code  Gb  stm32f10x_it.o [1]
USART_Cmd               0x0800dfd1    0x1a  Code  Gb  stm32f10x_usart.o [1]
USART_DMACmd            0x0800e03b    0x18  Code  Gb  stm32f10x_usart.o [1]
USART_GetFlagStatus     0x0800e063    0x1a  Code  Gb  stm32f10x_usart.o [1]
USART_GetITStatus       0x0800e07d    0x64  Code  Gb  stm32f10x_usart.o [1]
USART_ITConfig          0x0800dfeb    0x50  Code  Gb  stm32f10x_usart.o [1]
USART_Init              0x0800df35    0x9c  Code  Gb  stm32f10x_usart.o [1]
USART_ReceiveData       0x0800e05b     0x8  Code  Gb  stm32f10x_usart.o [1]
USART_SendData          0x0800e053     0x8  Code  Gb  stm32f10x_usart.o [1]
USBWakeUp_IRQHandler    0x0800c3c9     0x2  Code  Gb  stm32f10x_it.o [1]
USB_APP_ClearFeature    0x0800cbd5    0x1c  Code  Gb  usb_prop.o [1]
USB_APP_Data_Setup      0x0800cc05    0x60  Code  Gb  usb_prop.o [1]
USB_APP_GetConfigDescriptor
                        0x0800ccd5     0xc  Code  Gb  usb_prop.o [1]
USB_APP_GetDeviceDescriptor
                        0x0800ccc5     0xc  Code  Gb  usb_prop.o [1]
USB_APP_GetStringDescriptor
                        0x0800cce5    0x28  Code  Gb  usb_prop.o [1]
USB_APP_Get_Interface_Setting
                        0x0800cd0d    0x18  Code  Gb  usb_prop.o [1]
USB_APP_NoData_Setup    0x0800cc65    0x54  Code  Gb  usb_prop.o [1]
USB_APP_Reset           0x0800cac5    0xdc  Code  Gb  usb_prop.o [1]
USB_APP_SetConfiguration
                        0x0800cba5    0x30  Code  Gb  usb_prop.o [1]
USB_APP_SetDeviceAddress
                        0x0800cbf5     0x8  Code  Gb  usb_prop.o [1]
USB_APP_Status_In       0x0800cc01     0x2  Code  Gb  usb_prop.o [1]
USB_APP_Status_Out      0x0800cc03     0x2  Code  Gb  usb_prop.o [1]
USB_APP_StringLangID    0x08010d98     0x4  Data  Gb  usb_desc.o [1]
USB_APP_StringProduct   0x080107a8    0x20  Data  Gb  usb_desc.o [1]
USB_APP_StringSerial    0x2000c23c    0x1c  Data  Gb  usb_desc.o [1]
USB_APP_StringVendor    0x08010658    0x28  Data  Gb  usb_desc.o [1]
USB_APP_init            0x0800ca89    0x3c  Code  Gb  usb_prop.o [1]
USB_HP_CAN_TX_IRQHandler
                        0x0800c227     0x8  Code  Gb  stm32f10x_it.o [1]
USB_Init                0x08010329    0x40  Code  Gb  usb_init.o [1]
USB_Istr                0x0800f965    0x9c  Code  Gb  usb_istr.o [1]
USB_LP_CAN_RX0_IRQHandler
                        0x0800c22f     0x8  Code  Gb  stm32f10x_it.o [1]
USB_PowerOn             0x080103e5    0x34  Code  Gb  usb_pwr.o [1]
USB_SIL_Read            0x0801004f    0x2c  Code  Gb  usb_sil.o [1]
USB_SIL_Write           0x08010021    0x2e  Code  Gb  usb_sil.o [1]
Unconfigure_All         0x0800d451    0x20  Code  Lc  main.o [1]
UsageFaultException     0x0800c18d     0x2  Code  Gb  stm32f10x_it.o [1]
UserToPMABufferCopy     0x0801012d    0x2e  Code  Gb  usb_mem.o [1]
User_Standard_Requests  0x2000c1b8    0x24  Data  Gb  usb_prop.o [1]
WWDG_IRQHandler         0x0800c19d     0x2  Code  Gb  stm32f10x_it.o [1]
Wake_up                 0x08004165    0x44  Code  Gb  TP.o [1]
Write_Memory            0x0800d861   0x120  Code  Gb  memory.o [1]
_EncodingSb_Mbtowc      0x0800ffe9    0x38  Code  Gb  xencoding_sb.o [3]
_EncodingSb_Wctomb      0x0800ffc5    0x1c  Code  Gb  xencoding_sb.o [3]
_Files                  0x2000c21c    0x20  Data  Gb  xfiles.o [3]
_GenldDefault           0x08005301   0x258  Code  Lc  xprintffull.o [3]
_IsdstStr               0x2000bfd4     0x4  Data  Gb  setlocale.o [3]
_LdtobDefault           0x08004edd   0x404  Code  Lc  xprintffull.o [3]
_LitobDefault           0x08004dc5   0x110  Code  Lc  xprintffull.o [3]
_LocaleC_lconv          0x080101d4    0x48  Data  Gb  xlocale_c.o [3]
_LocaleEncoding         0x08010a7d    0x10  Code  Gb  setlocale.o [3]
_LocaleReturnString     0x2000bfe4    0x50  Data  Lc  setlocale.o [3]
_Locale_LconvArray      0x2000bfe0     0x4  Data  Gb  setlocale.o [3]
_Locale_Profile         0x2000bfb0    0x1c  Data  Gb  setlocale.o [3]
_Locale_lconv           0x2000c038    0x48  Data  Gb  localeconv.o [3]
_Mbtowc                 0x080107e9    0x20  Code  Gb  xmbtowc.o [3]
_Printf                 0x0800453d   0x5a8  Code  Gb  xprintffull.o [3]
_Prout                  0x0801098b    0x16  Code  Gb  xprout.o [3]
_PutcharsDefault        0x08005559    0x32  Code  Lc  xprintffull.o [3]
_PutstrDefault          0x08004aed   0x2cc  Code  Lc  xprintffull.o [3]
_SNProut                0x08010865    0x1a  Code  Gb  xsnprout.o [3]
_TzoneStr               0x2000bfcc     0x4  Data  Gb  setlocale.o [3]
_Wctomb                 0x0801087f    0x1a  Code  Gb  xwctomb.o [3]
__BASEPRICONFIG         0x0800fd1b          Code  Gb  cortexm3_macro.o [1]
__DMB                   0x0800fccd          Code  Gb  cortexm3_macro.o [1]
__DSB                   0x0800fcc7          Code  Gb  cortexm3_macro.o [1]
__GetBASEPRI            0x0800fd21          Code  Gb  cortexm3_macro.o [1]
__ISB                   0x0800fcc1          Code  Gb  cortexm3_macro.o [1]
__MRS_CONTROL           0x0800fcd7          Code  Gb  cortexm3_macro.o [1]
__MRS_MSP               0x0800fcf3          Code  Gb  cortexm3_macro.o [1]
__MRS_PSP               0x0800fce7          Code  Gb  cortexm3_macro.o [1]
__MSR_CONTROL           0x0800fcdd          Code  Gb  cortexm3_macro.o [1]
__MSR_MSP               0x0800fcf9          Code  Gb  cortexm3_macro.o [1]
__MSR_PSP               0x0800fced          Code  Gb  cortexm3_macro.o [1]
__READ_FAULTMASK        0x0800fd15          Code  Gb  cortexm3_macro.o [1]
__READ_PRIMASK          0x0800fd07          Code  Gb  cortexm3_macro.o [1]
__RESETFAULTMASK        0x0800fd0d          Code  Gb  cortexm3_macro.o [1]
__RESETPRIMASK          0x0800fcff          Code  Gb  cortexm3_macro.o [1]
__REV_HalfWord          0x0800fd27          Code  Gb  cortexm3_macro.o [1]
__REV_Word              0x0800fd2b          Code  Gb  cortexm3_macro.o [1]
__SETFAULTMASK          0x0800fd11          Code  Gb  cortexm3_macro.o [1]
__SETPRIMASK            0x0800fd03          Code  Gb  cortexm3_macro.o [1]
__SEV                   0x0800fcbd          Code  Gb  cortexm3_macro.o [1]
__SVC                   0x0800fcd3          Code  Gb  cortexm3_macro.o [1]
__WFE                   0x0800fcb9          Code  Gb  cortexm3_macro.o [1]
__WFI                   0x0800fcb5          Code  Gb  cortexm3_macro.o [1]
__aeabi_assert          0x080102a7    0x42  Code  Gb  xassert.o [3]
__aeabi_cdcmple         0x08010521          Code  Gb  DblCmpLe.o [4]
__aeabi_cdrcmple        0x08010551          Code  Gb  DblCmpGe.o [4]
__aeabi_d2iz            0x080100d5          Code  Gb  DblToI32.o [4]
__aeabi_d2uiz           0x08010101          Code  Gb  DblToI32.o [4]
__aeabi_dadd            0x0800f42d          Code  Gb  DblAdd.o [4]
__aeabi_ddiv            0x0800cd45          Code  Gb  DblDiv.o [4]
__aeabi_dmul            0x0800e0e1          Code  Gb  DblMul.o [4]
__aeabi_dsub            0x0800e285          Code  Gb  DblSub.o [4]
__aeabi_i2d             0x08010581          Code  Gb  I32ToDbl.o [4]
__aeabi_ldiv0           0x08010d9d          Code  Gb  I64DivZer.o [4]
__aeabi_ldivmod         0x0800e999          Code  Gb  I64DivMod.o [4]
__aeabi_memcpy          0x0800fdad          Code  Gb  ABImemcpy.o [4]
__aeabi_memcpy4         0x0800fdc7          Code  Gb  ABImemcpy.o [4]
__aeabi_memcpy8         0x0800fdc7          Code  Gb  ABImemcpy.o [4]
__aeabi_memset          0x0800fef9          Code  Gb  ABImemset.o [4]
__aeabi_ui2d            0x08010595          Code  Gb  I32ToDbl.o [4]
__aeabi_uldivmod        0x0800e9ad          Code  Gb  I64DivMod.o [4]
__call_dtors            0x0800fe49     0x4  Code  Gb  cppinit.o [3]
__cstart_call_dtors     0x08010b8b          Code  Gb  cexit.o [4]
__cxa_atexit            0x0800fe1d    0x2c  Code  Gb  cppinit.o [3]
__cxa_finalize          0x0800fe4d    0x3c  Code  Gb  cppinit.o [3]
__data_Aldata           0x2000bf04     0x8  Data  Gb  xxmemxmalloc.o [3]
__data_GetMemChunk      0x080106a9    0x28  Code  Gb  xgetmemchunk.o [3]
__dwrite                0x08010829    0x1e  Code  Gb  dwrite.o [5]
__exit                  0x08010a55    0x14  Code  Gb  exit.o [5]
__iar_Dnorm             0x0800f6a5    0xb4  Code  Gb  xdnorm.o [3]
__iar_Dscale            0x0800ee39   0x110  Code  Gb  xdscale.o [3]
__iar_EmptyStepPoint    0x080102a5     0x2  Code  Gb  xassert.o [3]
__iar_Locksyslock       0x0800fb45    0x4c  Code  Gb  xsyslock.o [3]
__iar_Mbcurmax          0x08010d11     0xa  Code  Gb  xmbcurmax.o [3]
__iar_Memchr            0x0801007d          Code  Gb  memchr.o [4]
__iar_Memset            0x0800fef9          Code  Gb  ABImemset.o [4]
__iar_Memset_word       0x0800ff01          Code  Gb  ABImemset.o [4]
__iar_Mtxdst            0x080104f7     0x6  Code  Gb  MtxWrapper.o [3]
__iar_Mtxinit           0x080104f1     0x6  Code  Gb  MtxWrapper.o [3]
__iar_Mtxlock           0x080104fd     0x4  Code  Gb  MtxWrapper.o [3]
__iar_Mtxunlock         0x0801050b     0x6  Code  Gb  MtxWrapper.o [3]
__iar_ReportAssert      0x0800fc51    0x64  Code  Gb  xreportassert.o [3]
__iar_Stderr            0x2000c100    0x40  Data  Gb  xfiles.o [3]
__iar_Stdin             0x2000c080    0x40  Data  Gb  xfiles.o [3]
__iar_Stdout            0x2000c0c0    0x40  Data  Gb  xfiles.o [3]
__iar_Strchr            0x08010975          Code  Gb  strchr.o [4]
__iar_Tls_setup__IsdstStr
                        0x2000bfd8     0x4  Data  Gb  setlocale.o [3]
__iar_Tls_setup__Locale_Profile
                        0x2000bfdc     0x4  Data  Gb  setlocale.o [3]
__iar_Tls_setup__Locale_lconv
                        0x2000c034     0x4  Data  Gb  localeconv.o [3]
__iar_Tls_setup__TzoneStr
                        0x2000bfd0     0x4  Data  Gb  setlocale.o [3]
__iar_Unlocksyslock     0x0800fb91    0x14  Code  Gb  xsyslock.o [3]
__iar_d2uiz             0x0801010b          Code  Gb  DblToI32.o [4]
__iar_dadd              0x0800f43f          Code  Gb  DblAdd.o [4]
__iar_data_init2        0x08010849    0x1c  Code  Gb  data_init2.o [4]
__iar_dsub              0x0800e297          Code  Gb  DblSub.o [4]
__iar_dsubStart         0x0800e2a9          Code  Gb  DblSub.o [4]
__iar_packbits_init2    0x0800fa01    0x8e  Code  Gb  packbits_init2.o [4]
__iar_program_start     0x0801095d          Code  Gb  cmain.o [4]
__iar_sh_stdout         0x08010195    0x3c  Code  Gb  iarwstd.o [5]
__iar_sh_stdout_close   0x08010181    0x14  Code  Gb  iarwstd.o [5]
__iar_sh_stdout_handle  0x2000bf88     0x4  Data  Lc  iarwstd.o [5]
__iar_sh_write          0x08010809    0x20  Code  Gb  iarwrite.o [5]
__iar_ui2d              0x08010597          Code  Gb  I32ToDbl.o [4]
__iar_zero_init2        0x08010899    0x1a  Code  Gb  zero_init2.o [4]
__low_level_init        0x08010d9f     0x4  Code  Gb  low_level_init.o [3]
__vector_table          0x08000000   0x140  Data  Gb  stm32f10x_vector.o [1]
__write                 0x08010b79    0x10  Code  Gb  write.o [5]
_exit                   0x08010b89          Code  Gb  cexit.o [4]
_main                   0x0801096f          Code  Gb  cmain.o [4]
abort                   0x08010d85     0x8  Code  Gb  abort.o [3]
bDeviceState            0x2000bf70     0x4  Data  Gb  usb_pwr.o [1]
bIntPackSOF             0x2000bfac     0x1  Data  Gb  usb_istr.o [1]
bm_cnt                  0x2000bfa0     0x1  Data  Gb  PaperDetect.o [1]
bt_connect_status       0x2000bf9a     0x1  Data  Lc  BT816.o [1]
buffer                  0x20009340  0x1000  Data  Lc  spi_flash.o [1]
check_fs                0x08000be9    0x78  Code  Lc  ff.o [1]
chk_chr                 0x08000185    0x14  Code  Lc  ff.o [1]
chk_mounted             0x08000c61   0x364  Code  Lc  ff.o [1]
clearlocks              0x0800fb1d    0x26  Code  Lc  xsyslock.o [3]
clmt_clust              0x0800063f    0x2a  Code  Lc  ff.o [1]
clr_all_dot             0x2000bfa1     0x1  Data  Gb  TP.o [1]
clust2sect              0x080002e3    0x18  Code  Gb  ff.o [1]
count_in                0x2000bf5c     0x4  Data  Gb  usb_endp.o [1]
crc32                   0x08010681    0x28  Code  Gb  crc32.o [1]
crc32_tab               0x0800bc98   0x400  Data  Lc  crc32.o [1]
create_chain            0x08000585    0xba  Code  Lc  ff.o [1]
create_name             0x080009bd   0x194  Code  Lc  ff.o [1]
current_cache_block     0x2000bf40     0x4  Data  Lc  spi_flash.o [1]
current_channel         0x2000bfa3     0x1  Data  Gb  esc_p.o [1]
data_uart_init          0x0800f8b9    0x88  Code  Gb  data_uart.o [1]
debug_buffer            0x20000df0  0x3e80  Data  Gb  main.o [1]
debug_cnt               0x2000bf10     0x4  Data  Gb  main.o [1]
delay_ms                0x0800eac9    0x1a  Code  Gb  TimeBase.o [1]
dir_find                0x0800084f    0x62  Code  Lc  ff.o [1]
dir_next                0x08000719   0x136  Code  Lc  ff.o [1]
dir_read                0x080008b1    0x5c  Code  Lc  ff.o [1]
dir_register            0x0800090d    0x7e  Code  Lc  ff.o [1]
dir_remove              0x0800098b    0x30  Code  Lc  ff.o [1]
dir_sdi                 0x08000669    0xb0  Code  Lc  ff.o [1]
disk_initialize         0x0800f345    0x12  Code  Gb  diskio.o [1]
disk_ioctl              0x0800f3f1    0x3c  Code  Gb  diskio.o [1]
disk_read               0x0800f36d    0x44  Code  Gb  diskio.o [1]
disk_status             0x0800f35b    0x12  Code  Gb  diskio.o [1]
disk_write              0x0800f3b1    0x38  Code  Gb  diskio.o [1]
div                     0x08010ba5     0xe  Code  Gb  div.o [3]
dwPictureLBA            0x2000bf38     0x4  Data  Gb  res_spi_new.o [1]
ebuf                    0x2000bc40    0x50  Data  Lc  xfiles.o [3]
enter_u_disk_mode       0x0800d289    0x48  Code  Gb  main.o [1]
esc_init                0x080057b5    0x1c  Code  Gb  esc_p.o [1]
esc_p                   0x080057d5   0xd1c  Code  Gb  esc_p.o [1]
esc_p_init              0x0800558d   0x224  Code  Gb  esc_p.o [1]
esc_sts                 0x20004c70  0x36d0  Data  Gb  esc_p.o [1]
event_pend              0x0800ed33    0x2a  Code  Gb  Event.o [1]
event_post              0x0800ed19    0x1a  Code  Gb  Event.o [1]
event_proc              0x0800ed69    0xd0  Code  Gb  Event.o [1]
evtHead                 0x2000bf9b     0x1  Data  Lc  Event.o [1]
evtQueue                0x2000bd20    0x40  Data  Lc  Event.o [1]
evtTail                 0x2000bf9c     0x1  Data  Lc  Event.o [1]
exit                    0x08010d8d     0x6  Code  Gb  exit.o [3]
f_close                 0x080014c7    0x18  Code  Gb  ff.o [1]
f_lseek                 0x080014df   0x30c  Code  Gb  ff.o [1]
f_mkfs                  0x080018b5   0x69c  Code  Gb  ff.o [1]
f_mount                 0x08000ff1    0x34  Code  Gb  ff.o [1]
f_open                  0x08001025   0x1e2  Code  Gb  ff.o [1]
f_read                  0x08001207   0x204  Code  Gb  ff.o [1]
f_sync                  0x0800140b    0xbc  Code  Gb  ff.o [1]
f_unlink                0x080017eb    0xc8  Code  Gb  ff.o [1]
fatfs_sector_offset     0x2000bf48     0x4  Data  Gb  spi_flash.o [1]
fflush                  0x0800f87d    0x3c  Code  Gb  fflush.o [3]
fflushOne               0x0800f809    0x74  Code  Lc  fflush.o [3]
flash_state             0x2000bfa6     0x1  Data  Lc  spi_flash.o [1]
flasize                 0x2000bf3c     0x4  Data  Gb  spi_flash.o [1]
follow_path             0x08000b51    0x94  Code  Lc  ff.o [1]
font_data_read          0x0800bbcd    0xc8  Code  Gb  res_spi_new.o [1]
fonta_en                0x080064f0   0xd80  Data  Gb  res_spi_new.o [1]
fontb_en                0x0800a51c   0x600  Data  Gb  res_spi_new.o [1]
fputc                   0x0800f941    0x20  Code  Gb  data_uart.o [1]
free                    0x0800fba9    0x88  Code  Gb  xxmemxfree.o [3]
fs                      0x2000b250   0x230  Data  Gb  res_spi_new.o [1]
g_mass_storage_device_type
                        0x2000bfa7     0x1  Data  Gb  usb_app_config.o [1]
g_param                 0x2000bd60    0x40  Data  Gb  Terminal_Para_m.o [1]
g_usb_type              0x2000bfa8     0x1  Data  Gb  usb_app_config.o [1]
get_fat                 0x080002fb    0xf4  Code  Gb  ff.o [1]
get_fattime             0x0800f357     0x4  Code  Gb  diskio.o [1]
get_spi_flash_capacity  0x08009b69     0x6  Code  Gb  spi_flash.o [1]
hard_fault_handler_c    0x0800c09d    0xe4  Code  Gb  stm32f10x_it.o [1]
id_array                0x080102e8    0x40  Data  Gb  spi_flash.o [1]
keyStatus               0x2000bf9d     0x1  Data  Lc  KeyScan.o [1]
localeconv              0x08010a69    0x14  Code  Gb  localeconv.o [3]
main                    0x0800d2d1    0xf4  Code  Gb  main.o [1]
malloc                  0x0800f5e9    0xbc  Code  Gb  xxmemxmalloc.o [3]
max_start_col           0x2000bf8c     0x2  Data  Gb  DotFill.o [1]
mem_cmp                 0x08000165    0x20  Code  Lc  ff.o [1]
mem_cpy                 0x08000141    0x14  Code  Lc  ff.o [1]
mem_set                 0x08000155    0x10  Code  Lc  ff.o [1]
memchr                  0x0801007d          Code  Gb  memchr.o [4]
memcmp                  0x0800ff61          Code  Gb  memcmp.o [4]
memcpy                  0x08010b97     0xe  Code  Wk  BT816.o [1]
memset                  0x08010a91    0x14  Code  Wk  BT816.o [1]
move_window             0x08000199    0x74  Code  Lc  ff.o [1]
mtx                     0x2000bea4    0x10  Data  Lc  xsyslock.o [3]
mtxdst                  0x2000bf7c     0x4  Data  Lc  MtxWrapper.o [3]
mtxinit                 0x2000bf78     0x4  Data  Lc  MtxWrapper.o [3]
mtxlock                 0x2000bf80     0x4  Data  Lc  MtxWrapper.o [3]
mtxunlock               0x2000bf84     0x4  Data  Lc  MtxWrapper.o [3]
next_abi_dtor_rec       0x2000c2d0     0x4  Data  Lc  cppinit.o [3]
obuf                    0x2000bc90    0x50  Data  Lc  xfiles.o [3]
out                     0x0800fc31    0x20  Code  Lc  xreportassert.o [3]
pEpInt_IN               0x2000c258    0x1c  Data  Gb  usb_istr.o [1]
pEpInt_OUT              0x2000c274    0x1c  Data  Gb  usb_istr.o [1]
pInformation            0x2000bf60     0x4  Data  Gb  usb_init.o [1]
pProperty               0x2000bf64     0x4  Data  Gb  usb_init.o [1]
pUser_Standard_Requests
                        0x2000bf68     0x4  Data  Gb  usb_init.o [1]
p_allocate_addr         0x2000b8a8   0x190  Data  Lc  JMemory.o [1]
papercnt                0x2000bf9f     0x1  Data  Gb  PaperDetect.o [1]
param_format            0x08007ba9     0xe  Code  Gb  record_mod.o [1]
param_init              0x08007ef5     0xe  Code  Gb  record_mod.o [1]
param_mod_state         0x2000bfa2     0x1  Data  Lc  Terminal_Para_m.o [1]
param_read              0x08007bb9   0x108  Code  Gb  record_mod.o [1]
param_write             0x08007cc1   0x234  Code  Gb  record_mod.o [1]
print_head_SPI_init     0x0800f515    0x7c  Code  Lc  print_head.o [1]
print_head_init         0x0800f591    0x14  Code  Gb  print_head.o [1]
print_head_spi_send_byte
                        0x0800f5a5    0x40  Code  Gb  print_head.o [1]
printersts              0x2000bf9e     0x1  Data  Gb  PaperDetect.o [1]
printf                  0x080107c9    0x20  Code  Gb  printf.o [3]
put_fat                 0x080003ef   0x126  Code  Gb  ff.o [1]
putchar                 0x08010d05     0xc  Code  Gb  putchar.o [3]
read_resdata            0x0800b975    0x16  Code  Gb  res_spi_new.o [1]
rec_copy4kblk           0x08007351    0x62  Code  Lc  record_mod.o [1]
rec_getindex            0x080073b3    0x18  Code  Lc  record_mod.o [1]
rec_getrecspc           0x080072a9    0x3a  Code  Lc  record_mod.o [1]
rec_readsimprit         0x08007271    0x38  Code  Lc  record_mod.o [1]
rec_writesimprit        0x080072e3    0x62  Code  Lc  record_mod.o [1]
recinfo                 0x2000be10    0x2c  Data  Lc  record_mod.o [1]
recmod_flasize          0x2000bf44     0x4  Data  Gb  spi_flash.o [1]
record_count            0x08007b0d    0x96  Code  Gb  record_mod.o [1]
record_format           0x080073cd   0x2bc  Code  Gb  record_mod.o [1]
record_init             0x08007689   0x47c  Code  Gb  record_mod.o [1]
remove_chain            0x08000515    0x70  Code  Lc  ff.o [1]
res_buffer              0x2000b6a8   0x200  Data  Lc  res_spi_new.o [1]
res_init                0x0800b8f1    0x80  Code  Gb  res_spi_new.o [1]
res_loadres             0x0800b88d    0x40  Code  Lc  res_spi_new.o [1]
res_upgrade             0x0800b98d   0x23c  Code  Gb  res_spi_new.o [1]
resource_file           0x2000b480   0x228  Data  Lc  res_spi_new.o [1]
restbl                  0x08010458    0x34  Data  Gb  ThermalDetect.o [1]
ringbuffer_data_len     0x08001f79    0x44  Code  Lc  BT816.o [1]
ringbuffer_data_len     0x0800d029    0x44  Code  Lc  ringbuffer.o [1]
ringbuffer_data_len     0x0800d9bd    0x44  Code  Lc  uart.o [1]
ringbuffer_getchar      0x0800d1f3    0x64  Code  Gb  ringbuffer.o [1]
ringbuffer_init         0x0800d06d    0x60  Code  Gb  ringbuffer.o [1]
ringbuffer_put          0x0800d0cd    0xc2  Code  Gb  ringbuffer.o [1]
ringbuffer_putchar      0x0800d18f    0x64  Code  Gb  ringbuffer.o [1]
ringbuffer_reset        0x0800d261    0x22  Code  Gb  ringbuffer.o [1]
ringbuffer_status       0x08001f51    0x28  Code  Lc  BT816.o [1]
ringbuffer_status       0x0800d001    0x28  Code  Lc  ringbuffer.o [1]
ringbuffer_status       0x0800d995    0x28  Code  Lc  uart.o [1]
send_data_to_BT         0x08002815   0x154  Code  Lc  BT816.o [1]
setup_font              0x0800b8cd    0x1c  Code  Gb  res_spi_new.o [1]
setup_picture           0x0800b8e9     0x6  Code  Gb  res_spi_new.o [1]
simprit                 0x2000beb4    0x10  Data  Lc  record_mod.o [1]
snprintf                0x08010369    0x40  Code  Gb  snprintf.o [3]
spi_flash_eraseblock    0x08009715    0x44  Code  Gb  spi_flash.o [1]
spi_flash_erasesector   0x080096d1    0x44  Code  Gb  spi_flash.o [1]
spi_flash_init          0x08009525   0x184  Code  Gb  spi_flash.o [1]
spi_flash_page_write    0x0800982d    0x5c  Code  Gb  spi_flash.o [1]
spi_flash_post_write    0x08009b6f    0x6c  Code  Gb  spi_flash.o [1]
spi_flash_raddr         0x08009a4f    0x50  Code  Gb  spi_flash.o [1]
spi_flash_read          0x08009c9f    0x88  Code  Gb  spi_flash.o [1]
spi_flash_rpage         0x08009759    0x78  Code  Gb  spi_flash.o [1]
spi_flash_send_byte     0x08009a9f    0x48  Code  Gb  spi_flash.o [1]
spi_flash_valid         0x080096a9    0x22  Code  Gb  spi_flash.o [1]
spi_flash_waddr         0x08009889   0x1c6  Code  Gb  spi_flash.o [1]
spi_flash_wait_for_write_end
                        0x08009b0b    0x58  Code  Gb  spi_flash.o [1]
spi_flash_wpage         0x080097d1    0x5c  Code  Gb  spi_flash.o [1]
spi_flash_write         0x08009bdb    0xc4  Code  Gb  spi_flash.o [1]
spi_flash_write_enable  0x08009aed    0x1e  Code  Gb  spi_flash.o [1]
spp_rec_buffer          0x20008340  0x1000  Data  Gb  BT816.o [1]
spp_ringbuf             0x2000bce0    0x40  Data  Gb  BT816.o [1]
strchr                  0x08010975          Code  Gb  strchr.o [4]
strcpy                  0x08010261          Code  Gb  strcpy.o [4]
strlen                  0x08010421          Code  Gb  strlen.o [4]
sync                    0x0800020d    0xd6  Code  Lc  ff.o [1]
syslock_o               0x2000bea0     0x4  Data  Lc  xsyslock.o [3]
system_error_tip        0x0800d285     0x2  Code  Gb  main.o [1]
tp                      0x2000ba38   0x188  Data  Lc  TP.o [1]
usb_Cable_Config        0x0800f2b1     0x2  Code  Gb  usb_app_config.o [1]
usb_Get_SerialNum       0x0800f2dd    0x68  Code  Gb  usb_app_config.o [1]
usb_Interrupts_Config   0x0800f271    0x40  Code  Lc  usb_app_config.o [1]
usb_SetClock            0x0800f255    0x1c  Code  Lc  usb_app_config.o [1]
usb_device_init         0x0800f2b5    0x28  Code  Gb  usb_app_config.o [1]
v_timer_list            0x2000bed4     0x8  Data  Gb  TimeBase.o [1]
validate                0x08000fc5    0x2c  Code  Lc  ff.o [1]
wInterrupt_Mask         0x2000bf92     0x2  Data  Gb  usb_init.o [1]
wIstr                   0x2000bf98     0x2  Data  Gb  usb_istr.o [1]


[1] = E:\BT Printer\FW\src\Project\EWARMv5\Debug\Obj
[2] = command line
[3] = dl7M_tl_if.a
[4] = rt7M_tl.a
[5] = shb_l.a

  60 280 bytes of readonly  code memory
   9 283 bytes of readonly  data memory
  49 857 bytes of readwrite data memory

Errors: none
Warnings: none
